###############################################################################
#                                                                             #
# IAR ELF Linker V6.50.6.4896/W32 for ARM               03/Jan/2017  19:53:52 #
# Copyright 2007-2013 IAR Systems AB.                                         #
#                                                                             #
#    Output file  =  C:\Users\jeanphil.rey\Documents\JP\Perso\F3000\F3000git\ #
#                    V2\FW\Project\IARARM\Debug\Exe\F3000CU.out               #
#    Map file     =  C:\Users\jeanphil.rey\Documents\JP\Perso\F3000\F3000git\ #
#                    V2\FW\Project\IARARM\Debug\List\F3000CU.map              #
#    Command line =  C:\Users\jeanphil.rey\Documents\JP\Perso\F3000\F3000git\ #
#                    V2\FW\Project\IARARM\Debug\Obj\ADC.o                     #
#                    C:\Users\jeanphil.rey\Documents\JP\Perso\F3000\F3000git\ #
#                    V2\FW\Project\IARARM\Debug\Obj\CLI.o                     #
#                    C:\Users\jeanphil.rey\Documents\JP\Perso\F3000\F3000git\ #
#                    V2\FW\Project\IARARM\Debug\Obj\CU.o                      #
#                    C:\Users\jeanphil.rey\Documents\JP\Perso\F3000\F3000git\ #
#                    V2\FW\Project\IARARM\Debug\Obj\I2C.o                     #
#                    C:\Users\jeanphil.rey\Documents\JP\Perso\F3000\F3000git\ #
#                    V2\FW\Project\IARARM\Debug\Obj\PCA9952.o                 #
#                    C:\Users\jeanphil.rey\Documents\JP\Perso\F3000\F3000git\ #
#                    V2\FW\Project\IARARM\Debug\Obj\STBT.o                    #
#                    C:\Users\jeanphil.rey\Documents\JP\Perso\F3000\F3000git\ #
#                    V2\FW\Project\IARARM\Debug\Obj\UID.o                     #
#                    C:\Users\jeanphil.rey\Documents\JP\Perso\F3000\F3000git\ #
#                    V2\FW\Project\IARARM\Debug\Obj\console.o                 #
#                    C:\Users\jeanphil.rey\Documents\JP\Perso\F3000\F3000git\ #
#                    V2\FW\Project\IARARM\Debug\Obj\croutine.o                #
#                    C:\Users\jeanphil.rey\Documents\JP\Perso\F3000\F3000git\ #
#                    V2\FW\Project\IARARM\Debug\Obj\event_groups.o            #
#                    C:\Users\jeanphil.rey\Documents\JP\Perso\F3000\F3000git\ #
#                    V2\FW\Project\IARARM\Debug\Obj\gear.o                    #
#                    C:\Users\jeanphil.rey\Documents\JP\Perso\F3000\F3000git\ #
#                    V2\FW\Project\IARARM\Debug\Obj\heap_2.o                  #
#                    C:\Users\jeanphil.rey\Documents\JP\Perso\F3000\F3000git\ #
#                    V2\FW\Project\IARARM\Debug\Obj\internal_temp_sensor.o    #
#                    C:\Users\jeanphil.rey\Documents\JP\Perso\F3000\F3000git\ #
#                    V2\FW\Project\IARARM\Debug\Obj\list.o                    #
#                    C:\Users\jeanphil.rey\Documents\JP\Perso\F3000\F3000git\ #
#                    V2\FW\Project\IARARM\Debug\Obj\main.o                    #
#                    C:\Users\jeanphil.rey\Documents\JP\Perso\F3000\F3000git\ #
#                    V2\FW\Project\IARARM\Debug\Obj\misc.o                    #
#                    C:\Users\jeanphil.rey\Documents\JP\Perso\F3000\F3000git\ #
#                    V2\FW\Project\IARARM\Debug\Obj\port.o                    #
#                    C:\Users\jeanphil.rey\Documents\JP\Perso\F3000\F3000git\ #
#                    V2\FW\Project\IARARM\Debug\Obj\portasm.o                 #
#                    C:\Users\jeanphil.rey\Documents\JP\Perso\F3000\F3000git\ #
#                    V2\FW\Project\IARARM\Debug\Obj\queue.o                   #
#                    C:\Users\jeanphil.rey\Documents\JP\Perso\F3000\F3000git\ #
#                    V2\FW\Project\IARARM\Debug\Obj\serial.o                  #
#                    C:\Users\jeanphil.rey\Documents\JP\Perso\F3000\F3000git\ #
#                    V2\FW\Project\IARARM\Debug\Obj\startup_stm32f2xx.o       #
#                    C:\Users\jeanphil.rey\Documents\JP\Perso\F3000\F3000git\ #
#                    V2\FW\Project\IARARM\Debug\Obj\stm32f2xx_adc.o           #
#                    C:\Users\jeanphil.rey\Documents\JP\Perso\F3000\F3000git\ #
#                    V2\FW\Project\IARARM\Debug\Obj\stm32f2xx_dma.o           #
#                    C:\Users\jeanphil.rey\Documents\JP\Perso\F3000\F3000git\ #
#                    V2\FW\Project\IARARM\Debug\Obj\stm32f2xx_exti.o          #
#                    C:\Users\jeanphil.rey\Documents\JP\Perso\F3000\F3000git\ #
#                    V2\FW\Project\IARARM\Debug\Obj\stm32f2xx_gpio.o          #
#                    C:\Users\jeanphil.rey\Documents\JP\Perso\F3000\F3000git\ #
#                    V2\FW\Project\IARARM\Debug\Obj\stm32f2xx_i2c.o           #
#                    C:\Users\jeanphil.rey\Documents\JP\Perso\F3000\F3000git\ #
#                    V2\FW\Project\IARARM\Debug\Obj\stm32f2xx_it.o            #
#                    C:\Users\jeanphil.rey\Documents\JP\Perso\F3000\F3000git\ #
#                    V2\FW\Project\IARARM\Debug\Obj\stm32f2xx_pwr.o           #
#                    C:\Users\jeanphil.rey\Documents\JP\Perso\F3000\F3000git\ #
#                    V2\FW\Project\IARARM\Debug\Obj\stm32f2xx_rcc.o           #
#                    C:\Users\jeanphil.rey\Documents\JP\Perso\F3000\F3000git\ #
#                    V2\FW\Project\IARARM\Debug\Obj\stm32f2xx_spi.o           #
#                    C:\Users\jeanphil.rey\Documents\JP\Perso\F3000\F3000git\ #
#                    V2\FW\Project\IARARM\Debug\Obj\stm32f2xx_syscfg.o        #
#                    C:\Users\jeanphil.rey\Documents\JP\Perso\F3000\F3000git\ #
#                    V2\FW\Project\IARARM\Debug\Obj\stm32f2xx_tim.o           #
#                    C:\Users\jeanphil.rey\Documents\JP\Perso\F3000\F3000git\ #
#                    V2\FW\Project\IARARM\Debug\Obj\stm32f2xx_usart.o         #
#                    C:\Users\jeanphil.rey\Documents\JP\Perso\F3000\F3000git\ #
#                    V2\FW\Project\IARARM\Debug\Obj\strbuf.o                  #
#                    C:\Users\jeanphil.rey\Documents\JP\Perso\F3000\F3000git\ #
#                    V2\FW\Project\IARARM\Debug\Obj\system_stm32f2xx.o        #
#                    C:\Users\jeanphil.rey\Documents\JP\Perso\F3000\F3000git\ #
#                    V2\FW\Project\IARARM\Debug\Obj\tasks.o                   #
#                    C:\Users\jeanphil.rey\Documents\JP\Perso\F3000\F3000git\ #
#                    V2\FW\Project\IARARM\Debug\Obj\timer.o                   #
#                    C:\Users\jeanphil.rey\Documents\JP\Perso\F3000\F3000git\ #
#                    V2\FW\Project\IARARM\Debug\Obj\timers.o -o               #
#                    C:\Users\jeanphil.rey\Documents\JP\Perso\F3000\F3000git\ #
#                    V2\FW\Project\IARARM\Debug\Exe\F3000CU.out --redirect    #
#                    _Printf=_PrintfFull --redirect _Scanf=_ScanfFull --map   #
#                    C:\Users\jeanphil.rey\Documents\JP\Perso\F3000\F3000git\ #
#                    V2\FW\Project\IARARM\Debug\List\F3000CU.map --config     #
#                    C:\Users\jeanphil.rey\Documents\JP\Perso\F3000\F3000git\ #
#                    V2\FW\Project\IARARM\stm32f2xx_flash.icf --semihosting   #
#                    --entry __iar_program_start --vfe                        #
#                                                                             #
#                                                                             #
###############################################################################

*******************************************************************************
*** RUNTIME MODEL ATTRIBUTES
***

CppFlavor                     = *
__Heap_Handler                = Basic
__SystemLibrary               = DLib
__dlib_dynamic_initialization = normal


*******************************************************************************
*** PLACEMENT SUMMARY
***

"A1":  place at 0x08000000 { ro section .intvec };
"P1":  place in [from 0x08000000 to 0x080fffff] { ro };
"P2":  place in [from 0x20000000 to 0x20020000] { rw, block CSTACK, block HEAP };

  Section             Kind        Address    Size  Object
  -------             ----        -------    ----  ------
"A1":                                       0x184
  .intvec             ro code  0x08000000   0x184  startup_stm32f2xx.o [1]
                             - 0x08000184   0x184

"P1":                                      0x9148
  .text               ro code  0x08000184  0x10c6  xprintffull.o [3]
  .text               ro code  0x0800124a    0x20  xmbtowc.o [3]
  .text               ro code  0x0800126a    0x22  zero_init3.o [5]
  .text               ro code  0x0800128c    0x16  strchr.o [5]
  .text               ro code  0x080012a2     0xa  xsprout.o [3]
  .text               ro code  0x080012ac    0x36  strlen.o [5]
  .rodata             const    0x080012e2     0x2  CU.o [1]
  .text               ro code  0x080012e4    0x58  memchr.o [5]
  .text               ro code  0x0800133c     0xa  xmbcurmax.o [3]
  .rodata             const    0x08001346     0x2  CU.o [1]
  .text               ro code  0x08001348    0xb0  xxmemxmalloc.o [3]
  .text               ro code  0x080013f8    0x1a  xwctomb.o [3]
  .rodata             const    0x08001412     0x2  CU.o [1]
  .text               ro code  0x08001414    0x76  ABImemcpy.o [5]
  .rodata             const    0x0800148a     0x2  CU.o [1]
  .text               ro code  0x0800148c    0x80  xxmemxfree.o [3]
  .text               ro code  0x0800150c    0xee  I64DivMod.o [5]
  .rodata             const    0x080015fa     0x2  heap_2.o [1]
  .text               ro code  0x080015fc   0x1a2  DblMul.o [4]
  .text               ro code  0x0800179e    0x42  xdnorm.o [4]
  .text               ro code  0x080017e0    0x2e  DblCmpLe.o [4]
  .text               ro code  0x08001810    0x2e  DblCmpGe.o [4]
  .text               ro code  0x08001840   0x10c  xdscale.o [4]
  .text               ro code  0x0800194c    0x58  DblToI32.o [4]
  .text               ro code  0x080019a4    0x30  I32ToDbl.o [4]
  .text               ro code  0x080019d4   0x180  DblSub.o [4]
  .text               ro code  0x08001b54   0x246  DblDiv.o [4]
  .text               ro code  0x08001d9c    0x6c  localeconv.o [3]
  .text               ro code  0x08001e08     0xe  div.o [3]
  .text               ro code  0x08001e18    0x14  setlocale.o [3]
  .text               ro code  0x08001e2c    0x60  xencoding_sb.o [3]
  .text               ro code  0x08001e8c    0x2c  xgetmemchunk.o [3]
  .text               ro code  0x08001eb8     0x2  I64DivZer.o [5]
  .text               ro code  0x08001ebc    0xe8  DblAdd.o [4]
  .text               ro code  0x08001fa4     0x2  xtls.o [3]
  .text               ro code  0x08001fa8   0xc1c  stm32f2xx_tim.o [1]
  .text               ro code  0x08002bc4   0x250  main.o [1]
  .text               ro code  0x08002e14   0xb7c  tasks.o [1]
  .text               ro code  0x08003990   0x5e8  CU.o [1]
  .text               ro code  0x08003f78   0x128  PCA9952.o [1]
  .text               ro code  0x080040a0   0x5d0  I2C.o [1]
  .text               ro code  0x08004670    0x94  gear.o [1]
  .text               ro code  0x08004704    0x10  main.o [1]
  .text               ro code  0x08004714   0x18a  CLI.o [1]
  .text               ro code  0x080048a0   0x190  system_stm32f2xx.o [1]
  .text               ro code  0x08004a30    0xe8  misc.o [1]
  .text               ro code  0x08004b18   0x116  UID.o [1]
  .text               ro code  0x08004c30    0xe8  timer.o [1]
  .text               ro code  0x08004d18    0xbc  internal_temp_sensor.o [1]
  .text               ro code  0x08004dd4   0x2ec  STBT.o [1]
  .text               ro code  0x080050c0    0x34  console.o [1]
  .text               ro code  0x080050f4    0x34  sprintf.o [3]
  .text               ro code  0x08005128   0x14c  heap_2.o [1]
  .text               ro code  0x08005274    0x16  tasks.o [1]
  .text               ro code  0x0800528a    0x9e  list.o [1]
  .text               ro code  0x08005328   0x1fc  port.o [1]
  .text               ro code  0x08005524   0x298  stm32f2xx_rcc.o [1]
  .text               ro code  0x080057bc   0x56c  stm32f2xx_gpio.o [1]
  .text               ro code  0x08005d28   0x69c  stm32f2xx_usart.o [1]
  .text               ro code  0x080063c4   0x6d4  stm32f2xx_i2c.o [1]
  .text               ro code  0x08006a98   0x6bc  queue.o [1]
  .text               ro code  0x08007154   0x184  stm32f2xx_it.o [1]
  .text               ro code  0x080072d8    0x2c  strstr.o [3]
  .text               ro code  0x08007304    0x42  strcmp.o [5]
  .text               ro code  0x08007348   0x20c  ADC.o [1]
  .text               ro code  0x08007554    0x1e  I32ToFlt.o [4]
  .text               ro code  0x08007574    0xfc  FltDiv.o [4]
  .text               ro code  0x08007670    0x4e  FltToDbl.o [4]
  .text               ro code  0x080076c0    0x90  DblToFlt.o [4]
  .text               ro code  0x08007750    0x66  ABImemset.o [5]
  CODE                ro code  0x080077b8    0x88  portasm.o [1]
  .text               ro code  0x08007840    0x16  queue.o [1]
  .text               ro code  0x08007858   0xa88  stm32f2xx_dma.o [1]
  .text               ro code  0x080082e0   0x6a0  stm32f2xx_adc.o [1]
  .text               ro code  0x08008980    0xb0  packbits_init.o [5]
  .text               ro code  0x08008a30     0x6  abort.o [3]
  .text               ro code  0x08008a38    0x14  exit.o [6]
  .rodata             const    0x08008a4c    0x7c  stm32f2xx_usart.o [1]
  .rodata             const    0x08008ac8    0x78  stm32f2xx_adc.o [1]
  .rodata             const    0x08008b40    0x78  stm32f2xx_dma.o [1]
  .rodata             const    0x08008bb8    0x78  stm32f2xx_gpio.o [1]
  .rodata             const    0x08008c30    0x78  stm32f2xx_i2c.o [1]
  .rodata             const    0x08008ca8    0x78  stm32f2xx_rcc.o [1]
  .rodata             const    0x08008d20    0x78  stm32f2xx_tim.o [1]
  .rodata             const    0x08008d98    0x70  misc.o [1]
  .text               ro code  0x08008e08    0x54  serial.o [1]
  .rodata             const    0x08008e5c    0x3c  main.o [1]
  .text               ro code  0x08008e98    0x28  data_init.o [5]
  .iar.init_table     const    0x08008ec0    0x2c  - Linker created -
  .rodata             const    0x08008eec    0x18  STBT.o [1]
  .rodata             const    0x08008f04    0x18  main.o [1]
  .rodata             const    0x08008f1c    0x18  main.o [1]
  .text               ro code  0x08008f34    0x16  cmain.o [5]
  .text               ro code  0x08008f4a     0x4  low_level_init.o [3]
  .text               ro code  0x08008f4e     0x4  exit.o [3]
  .text               ro code  0x08008f54     0xa  cexit.o [5]
  .rodata             const    0x08008f60    0x14  STBT.o [1]
  .rodata             const    0x08008f74    0x14  STBT.o [1]
  .rodata             const    0x08008f88    0x14  main.o [1]
  .rodata             const    0x08008f9c    0x10  STBT.o [1]
  .rodata             const    0x08008fac    0x10  STBT.o [1]
  .rodata             const    0x08008fbc    0x10  main.o [1]
  .rodata             const    0x08008fcc    0x10  main.o [1]
  .text               ro code  0x08008fdc    0x10  startup_stm32f2xx.o [1]
  .rodata             const    0x08008fec     0xc  CU.o [1]
  .rodata             const    0x08008ff8     0xc  CU.o [1]
  .rodata             const    0x08009004     0xc  CU.o [1]
  .rodata             const    0x08009010     0xc  CU.o [1]
  .rodata             const    0x0800901c     0xc  CU.o [1]
  .rodata             const    0x08009028     0xc  STBT.o [1]
  .rodata             const    0x08009034     0xc  STBT.o [1]
  .rodata             const    0x08009040     0xc  STBT.o [1]
  .rodata             const    0x0800904c     0xc  main.o [1]
  .rodata             const    0x08009058     0xc  main.o [1]
  .text               ro code  0x08009064     0xc  cstartup_M.o [5]
  .rodata             const    0x08009070     0x8  CU.o [1]
  .rodata             const    0x08009078     0x8  CU.o [1]
  .rodata             const    0x08009080     0x8  CU.o [1]
  .rodata             const    0x08009088     0x8  CU.o [1]
  .rodata             const    0x08009090     0x8  CU.o [1]
  .rodata             const    0x08009098     0x8  CU.o [1]
  .rodata             const    0x080090a0     0x8  main.o [1]
  .rodata             const    0x080090a8     0x8  main.o [1]
  .rodata             const    0x080090b0     0x8  main.o [1]
  .rodata             const    0x080090b8     0x8  tasks.o [1]
  .rodata             const    0x080090c0     0x4  CU.o [1]
  .rodata             const    0x080090c4     0x4  CU.o [1]
  .rodata             const    0x080090c8     0x4  CU.o [1]
  .rodata             const    0x080090cc     0x4  CU.o [1]
  .rodata             const    0x080090d0     0x4  CU.o [1]
  .rodata             const    0x080090d4     0x4  CU.o [1]
  .rodata             const    0x080090d8     0x4  CU.o [1]
  .rodata             const    0x080090dc     0x4  port.o [1]
  .text               ro code  0x080090e0     0x4  startup_stm32f2xx.o [1]
  .text               ro code  0x080090e4     0x4  startup_stm32f2xx.o [1]
  .text               ro code  0x080090e8     0x4  startup_stm32f2xx.o [1]
  .text               ro code  0x080090ec     0x4  startup_stm32f2xx.o [1]
  .text               ro code  0x080090f0     0x4  startup_stm32f2xx.o [1]
  .text               ro code  0x080090f4     0x4  startup_stm32f2xx.o [1]
  .text               ro code  0x080090f8     0x4  startup_stm32f2xx.o [1]
  .text               ro code  0x080090fc     0x4  startup_stm32f2xx.o [1]
  .text               ro code  0x08009100     0x4  startup_stm32f2xx.o [1]
  .text               ro code  0x08009104     0x4  startup_stm32f2xx.o [1]
  .text               ro code  0x08009108     0x4  startup_stm32f2xx.o [1]
  .text               ro code  0x0800910c     0x4  startup_stm32f2xx.o [1]
  .text               ro code  0x08009110     0x4  startup_stm32f2xx.o [1]
  .text               ro code  0x08009114     0x4  startup_stm32f2xx.o [1]
  .text               ro code  0x08009118     0x4  startup_stm32f2xx.o [1]
  .text               ro code  0x0800911c     0x4  startup_stm32f2xx.o [1]
  .text               ro code  0x08009120     0x4  startup_stm32f2xx.o [1]
  .text               ro code  0x08009124     0x4  startup_stm32f2xx.o [1]
  .text               ro code  0x08009128     0x4  startup_stm32f2xx.o [1]
  .text               ro code  0x0800912c     0x4  startup_stm32f2xx.o [1]
  .text               ro code  0x08009130     0x4  startup_stm32f2xx.o [1]
  .text               ro code  0x08009134     0x4  startup_stm32f2xx.o [1]
  .text               ro code  0x08009138     0x4  startup_stm32f2xx.o [1]
  .text               ro code  0x0800913c     0x4  startup_stm32f2xx.o [1]
  .text               ro code  0x08009140     0x4  startup_stm32f2xx.o [1]
  .text               ro code  0x08009144     0x4  startup_stm32f2xx.o [1]
  .text               ro code  0x08009148     0x4  startup_stm32f2xx.o [1]
  .text               ro code  0x0800914c     0x4  startup_stm32f2xx.o [1]
  .text               ro code  0x08009150     0x4  startup_stm32f2xx.o [1]
  .text               ro code  0x08009154     0x4  startup_stm32f2xx.o [1]
  .text               ro code  0x08009158     0x4  startup_stm32f2xx.o [1]
  .text               ro code  0x0800915c     0x4  startup_stm32f2xx.o [1]
  .text               ro code  0x08009160     0x4  startup_stm32f2xx.o [1]
  .text               ro code  0x08009164     0x4  startup_stm32f2xx.o [1]
  .text               ro code  0x08009168     0x4  startup_stm32f2xx.o [1]
  .text               ro code  0x0800916c     0x4  startup_stm32f2xx.o [1]
  .text               ro code  0x08009170     0x4  startup_stm32f2xx.o [1]
  .text               ro code  0x08009174     0x4  startup_stm32f2xx.o [1]
  .text               ro code  0x08009178     0x4  startup_stm32f2xx.o [1]
  .text               ro code  0x0800917c     0x4  startup_stm32f2xx.o [1]
  .text               ro code  0x08009180     0x4  startup_stm32f2xx.o [1]
  .text               ro code  0x08009184     0x4  startup_stm32f2xx.o [1]
  .text               ro code  0x08009188     0x4  startup_stm32f2xx.o [1]
  .text               ro code  0x0800918c     0x4  startup_stm32f2xx.o [1]
  .text               ro code  0x08009190     0x4  startup_stm32f2xx.o [1]
  .text               ro code  0x08009194     0x4  startup_stm32f2xx.o [1]
  .text               ro code  0x08009198     0x4  startup_stm32f2xx.o [1]
  .text               ro code  0x0800919c     0x4  startup_stm32f2xx.o [1]
  .text               ro code  0x080091a0     0x4  startup_stm32f2xx.o [1]
  .text               ro code  0x080091a4     0x4  startup_stm32f2xx.o [1]
  .text               ro code  0x080091a8     0x4  startup_stm32f2xx.o [1]
  .text               ro code  0x080091ac     0x4  startup_stm32f2xx.o [1]
  .text               ro code  0x080091b0     0x4  startup_stm32f2xx.o [1]
  .text               ro code  0x080091b4     0x4  startup_stm32f2xx.o [1]
  .text               ro code  0x080091b8     0x4  startup_stm32f2xx.o [1]
  .text               ro code  0x080091bc     0x4  startup_stm32f2xx.o [1]
  .text               ro code  0x080091c0     0x4  startup_stm32f2xx.o [1]
  .text               ro code  0x080091c4     0x4  startup_stm32f2xx.o [1]
  .text               ro code  0x080091c8     0x4  startup_stm32f2xx.o [1]
  .text               ro code  0x080091cc     0x4  startup_stm32f2xx.o [1]
  .text               ro code  0x080091d0     0x4  startup_stm32f2xx.o [1]
  .text               ro code  0x080091d4     0x4  startup_stm32f2xx.o [1]
  .text               ro code  0x080091d8     0x4  startup_stm32f2xx.o [1]
  .text               ro code  0x080091dc     0x4  startup_stm32f2xx.o [1]
  .text               ro code  0x080091e0     0x4  startup_stm32f2xx.o [1]
  .text               ro code  0x080091e4     0x4  startup_stm32f2xx.o [1]
  .text               ro code  0x080091e8     0x4  startup_stm32f2xx.o [1]
  .text               ro code  0x080091ec     0x4  startup_stm32f2xx.o [1]
  .text               ro code  0x080091f0     0x4  startup_stm32f2xx.o [1]
  .text               ro code  0x080091f4     0x4  startup_stm32f2xx.o [1]
  .text               ro code  0x080091f8     0x4  startup_stm32f2xx.o [1]
  .text               ro code  0x080091fc     0x4  startup_stm32f2xx.o [1]
  .text               ro code  0x08009200     0x4  startup_stm32f2xx.o [1]
  .text               ro code  0x08009204     0x4  startup_stm32f2xx.o [1]
  .text               ro code  0x08009208     0x4  startup_stm32f2xx.o [1]
  .text               ro code  0x0800920c     0x4  startup_stm32f2xx.o [1]
  .text               ro code  0x08009210     0x4  startup_stm32f2xx.o [1]
  .text               ro code  0x08009214     0x4  startup_stm32f2xx.o [1]
  .text               ro code  0x08009218     0x4  startup_stm32f2xx.o [1]
  .text               ro code  0x0800921c     0x4  startup_stm32f2xx.o [1]
  .text               ro code  0x08009220     0x4  startup_stm32f2xx.o [1]
  .text               ro code  0x08009224     0x4  startup_stm32f2xx.o [1]
  .text               ro code  0x08009228     0x4  startup_stm32f2xx.o [1]
  .text               ro code  0x0800922c     0x4  startup_stm32f2xx.o [1]
  .text               ro code  0x08009230     0x4  startup_stm32f2xx.o [1]
  .text               ro code  0x08009234     0x4  startup_stm32f2xx.o [1]
  .text               ro code  0x08009238     0x4  startup_stm32f2xx.o [1]
  .text               ro code  0x0800923c     0x4  startup_stm32f2xx.o [1]
  .text               ro code  0x08009240     0x4  startup_stm32f2xx.o [1]
  .text               ro code  0x08009244     0x4  startup_stm32f2xx.o [1]
  .rodata             const    0x08009248     0x0  zero_init3.o [5]
  .rodata             const    0x08009248     0x0  packbits_init.o [5]
  Initializer bytes   ro data  0x08009248    0x83  <for P2 s0>
                             - 0x080092cb  0x9147

"P2", part 1 of 3:                          0x180
  P2 s0                        0x20000000   0x17d  <Init block>
    __DLIB_PERTHREAD  inited   0x20000000    0x88  localeconv.o [3]
    __DLIB_PERTHREAD  inited   0x20000088    0x74  setlocale.o [3]
    .data             inited   0x200000fc    0x10  stm32f2xx_rcc.o [1]
    .data             inited   0x2000010c    0x10  system_stm32f2xx.o [1]
    .data             inited   0x2000011c     0xc  CU.o [1]
    .data             inited   0x20000128     0xc  CU.o [1]
    .data             inited   0x20000134     0xc  CU.o [1]
    .data             inited   0x20000140     0xc  CU.o [1]
    .data             inited   0x2000014c     0x8  CU.o [1]
    .data             inited   0x20000154     0x8  CU.o [1]
    .data             inited   0x2000015c     0x8  CU.o [1]
    .data             inited   0x20000164     0x8  UID.o [1]
    .data             inited   0x2000016c     0x4  heap_2.o [1]
    .data             inited   0x20000170     0x4  internal_temp_sensor.o [1]
    .data             inited   0x20000174     0x4  port.o [1]
    .data             inited   0x20000178     0x4  system_stm32f2xx.o [1]
    .data             inited   0x2000017c     0x1  CLI.o [1]
                             - 0x2000017d   0x17d

"P2", part 2 of 3:                         0x4350
  .bss                zero     0x20000180  0x3c00  heap_2.o [1]
  .bss                zero     0x20003d80   0x1e0  CLI.o [1]
  .bss                zero     0x20003f60   0x12c  main.o [1]
  .bss                zero     0x2000408c   0x12c  tasks.o [1]
  .bss                zero     0x200041b8   0x100  CLI.o [1]
  .bss                zero     0x200042b8    0x4c  ADC.o [1]
  .bss                zero     0x20004304    0x34  STBT.o [1]
  .bss                zero     0x20004338    0x28  ADC.o [1]
  .bss                zero     0x20004360    0x14  ADC.o [1]
  .bss                zero     0x20004374    0x14  internal_temp_sensor.o [1]
  .bss                zero     0x20004388    0x14  tasks.o [1]
  .bss                zero     0x2000439c    0x14  tasks.o [1]
  .bss                zero     0x200043b0    0x14  tasks.o [1]
  .bss                zero     0x200043c4    0x14  tasks.o [1]
  .bss                zero     0x200043d8    0x14  tasks.o [1]
  .bss                zero     0x200043ec     0xc  main.o [1]
  .bss                zero     0x200043f8     0x8  heap_2.o [1]
  .bss                zero     0x20004400     0x8  heap_2.o [1]
  .bss                zero     0x20004408     0x8  main.o [1]
  .bss                zero     0x20004410     0x8  main.o [1]
  .bss                zero     0x20004418     0x8  xxmemxmalloc.o [3]
  .bss                zero     0x20004420     0x4  ADC.o [1]
  .bss                zero     0x20004424     0x4  CLI.o [1]
  .bss                zero     0x20004428     0x4  CLI.o [1]
  .bss                zero     0x2000442c     0x4  I2C.o [1]
  .bss                zero     0x20004430     0x4  I2C.o [1]
  .bss                zero     0x20004434     0x4  STBT.o [1]
  .bss                zero     0x20004438     0x4  STBT.o [1]
  .bss                zero     0x2000443c     0x4  STBT.o [1]
  .bss                zero     0x20004440     0x4  UID.o [1]
  .bss                zero     0x20004444     0x4  console.o [1]
  .bss                zero     0x20004448     0x4  heap_2.o [1]
  .bss                zero     0x2000444c     0x4  internal_temp_sensor.o [1]
  .bss                zero     0x20004450     0x4  internal_temp_sensor.o [1]
  .bss                zero     0x20004454     0x4  main.o [1]
  .bss                zero     0x20004458     0x4  main.o [1]
  .bss                zero     0x2000445c     0x4  main.o [1]
  .bss                zero     0x20004460     0x4  main.o [1]
  .bss                zero     0x20004464     0x4  port.o [1]
  .bss                zero     0x20004468     0x4  serial.o [1]
  .bss                zero     0x2000446c     0x4  stm32f2xx_it.o [1]
  .bss                zero     0x20004470     0x4  stm32f2xx_it.o [1]
  .bss                zero     0x20004474     0x4  stm32f2xx_it.o [1]
  .bss                zero     0x20004478     0x4  tasks.o [1]
  .bss                zero     0x2000447c     0x4  tasks.o [1]
  .bss                zero     0x20004480     0x4  tasks.o [1]
  .bss                zero     0x20004484     0x4  tasks.o [1]
  .bss                zero     0x20004488     0x4  tasks.o [1]
  .bss                zero     0x2000448c     0x4  tasks.o [1]
  .bss                zero     0x20004490     0x4  tasks.o [1]
  .bss                zero     0x20004494     0x4  tasks.o [1]
  .bss                zero     0x20004498     0x4  tasks.o [1]
  .bss                zero     0x2000449c     0x4  tasks.o [1]
  .bss                zero     0x200044a0     0x4  tasks.o [1]
  .bss                zero     0x200044a4     0x4  tasks.o [1]
  .bss                zero     0x200044a8     0x4  tasks.o [1]
  .bss                zero     0x200044ac     0x4  tasks.o [1]
  .bss                zero     0x200044b0     0x4  tasks.o [1]
  .bss                zero     0x200044b4     0x4  timer.o [1]
  .bss                zero     0x200044b8     0x4  timer.o [1]
  .bss                zero     0x200044bc     0x4  timer.o [1]
  .bss                zero     0x200044c0     0x4  xgetmemchunk.o [3]
  .bss                zero     0x200044c4     0x1  ADC.o [1]
  .bss                zero     0x200044c5     0x1  CLI.o [1]
  .bss                zero     0x200044c6     0x1  STBT.o [1]
  .bss                zero     0x200044c7     0x1  STBT.o [1]
  .bss                zero     0x200044c8     0x1  UID.o [1]
  .bss                zero     0x200044c9     0x1  gear.o [1]
  .bss                zero     0x200044ca     0x1  internal_temp_sensor.o [1]
  .bss                zero     0x200044cb     0x1  port.o [1]
                             - 0x200044cc  0x434c

"P2", part 3 of 3:                          0x600
  CSTACK                       0x200044d0   0x400  <Block>
    CSTACK            uninit   0x200044d0   0x400  <Block tail>
  HEAP                         0x200048d0   0x200  <Block>
    HEAP              uninit   0x200048d0   0x200  <Block tail>
                             - 0x20004ad0   0x600


*******************************************************************************
*** INIT TABLE
***

          Address     Size
          -------     ----
Zero (__iar_zero_init3)
    1 destination range, total size 0x434c:
          0x20000180  0x434c

Copy/packbits (__iar_packbits_init3)
    1 source range, total size 0x83 (34% of destination):
          0x08009248    0x83
    1 destination range, total size 0x17d:
          0x20000000   0x17d



*******************************************************************************
*** MODULE SUMMARY
***

    Module                  ro code  ro data  rw data
    ------                  -------  -------  -------
C:\Users\jeanphil.rey\Documents\JP\Perso\F3000\F3000git\V2\FW\Project\IARARM\Debug\Obj: [1]
    ADC.o                       524               141
    CLI.o                       394        1      746
    CU.o                      1 512      169       72
    I2C.o                     1 488                 8
    PCA9952.o                   296
    STBT.o                      748      132       66
    UID.o                       278        3       13
    console.o                    52                 4
    gear.o                      148                 1
    heap_2.o                    332        3   15 384
    internal_temp_sensor.o      188        1       33
    list.o                      158
    main.o                      608      208      344
    misc.o                      232      112
    port.o                      508        6        9
    portasm.o                   136
    queue.o                   1 746
    serial.o                     84                 4
    startup_stm32f2xx.o         764
    stm32f2xx_adc.o           1 696      120
    stm32f2xx_dma.o           2 696      120
    stm32f2xx_gpio.o          1 388      120
    stm32f2xx_i2c.o           1 748      120
    stm32f2xx_it.o              388                12
    stm32f2xx_rcc.o             664      126       16
    stm32f2xx_tim.o           3 100      120
    stm32f2xx_usart.o         1 692      124
    system_stm32f2xx.o          400        6       20
    tasks.o                   2 962        8      460
    timer.o                     232                12
    -------------------------------------------------
    Total:                   27 162    1 499   17 345

command line: [2]
    -------------------------------------------------
    Total:

dl7M_tlf.a: [3]
    abort.o                       6
    div.o                        14
    exit.o                        4
    localeconv.o                108       46      136
    low_level_init.o              4
    setlocale.o                  20       40      116
    sprintf.o                    52
    strstr.o                     44
    xencoding_sb.o               96
    xgetmemchunk.o               44                 4
    xmbcurmax.o                  10
    xmbtowc.o                    32
    xprintffull.o             4 294
    xsprout.o                    10
    xtls.o                        2
    xwctomb.o                    26
    xxmemxfree.o                128
    xxmemxmalloc.o              176                 8
    -------------------------------------------------
    Total:                    5 070       86      264

m7M_tl.a: [4]
    DblAdd.o                    232
    DblCmpGe.o                   46
    DblCmpLe.o                   46
    DblDiv.o                    582
    DblMul.o                    418
    DblSub.o                    384
    DblToFlt.o                  144
    DblToI32.o                   88
    FltDiv.o                    252
    FltToDbl.o                   78
    I32ToDbl.o                   48
    I32ToFlt.o                   30
    xdnorm.o                     66
    xdscale.o                   268
    -------------------------------------------------
    Total:                    2 682

rt7M_tl.a: [5]
    ABImemcpy.o                 118
    ABImemset.o                 102
    I64DivMod.o                 238
    I64DivZer.o                   2
    cexit.o                      10
    cmain.o                      22
    cstartup_M.o                 12
    data_init.o                  40
    memchr.o                     88
    packbits_init.o             176
    strchr.o                     22
    strcmp.o                     66
    strlen.o                     54
    zero_init3.o                 34
    -------------------------------------------------
    Total:                      984

shb_l.a: [6]
    exit.o                       20
    -------------------------------------------------
    Total:                       20

    Gaps                         30        2
    Linker created                        44    1 536
-----------------------------------------------------
    Grand Total:             35 948    1 631   19 145


*******************************************************************************
*** ENTRY LIST
***

Entry                      Address    Size  Type      Object
-----                      -------    ----  ----      ------
?main                   0x08008f35          Code  Gb  cmain.o [5]
ADCChannelValueMapping  0x20004360    0x14  Data  Gb  ADC.o [1]
ADCConvertedValues      0x20004338    0x28  Data  Gb  ADC.o [1]
ADCInited               0x200044c4     0x1  Data  Gb  ADC.o [1]
ADC_CallbackHandler     0x0800738b    0x36  Code  Gb  ADC.o [1]
ADC_Cmd                 0x080085ef    0x5c  Code  Gb  stm32f2xx_adc.o [1]
ADC_CommonInit          0x0800848b   0x164  Code  Gb  stm32f2xx_adc.o [1]
ADC_DMACmd              0x080088bb    0x52  Code  Gb  stm32f2xx_adc.o [1]
ADC_DMARequestAfterLastTransferCmd
                        0x0800890d    0x52  Code  Gb  stm32f2xx_adc.o [1]
ADC_IRQHandler          0x0800914d          Code  Wk  startup_stm32f2xx.o [1]
ADC_Init                0x080082e1   0x1aa  Code  Gb  stm32f2xx_adc.o [1]
ADC_LowLevelInit        0x080073c1   0x14e  Code  Gb  ADC.o [1]
ADC_RegisterCallback    0x08007349    0x42  Code  Gb  ADC.o [1]
ADC_RegularChannelConfig
                        0x08008691   0x200  Code  Gb  stm32f2xx_adc.o [1]
ADC_SoftwareStartConv   0x08008891    0x2a  Code  Gb  stm32f2xx_adc.o [1]
ADC_TempSensorVrefintCmd
                        0x0800864b    0x46  Code  Gb  stm32f2xx_adc.o [1]
ADC_cb_table            0x200042b8    0x4c  Data  Gb  ADC.o [1]
AHBPrescTable           0x2000010c    0x10  Data  Gb  system_stm32f2xx.o [1]
APBAHBPrescTable        0x200000fc    0x10  Data  Lc  stm32f2xx_rcc.o [1]
AppTaskHandle           0x20004454     0x4  Data  Gb  main.o [1]
BTCOM                   0x200044c6     0x1  Data  Gb  STBT.o [1]
BTRXedStr               0x20004304    0x34  Data  Gb  STBT.o [1]
BTRXedStrPtr            0x2000443c     0x4  Data  Gb  STBT.o [1]
BT_State                0x200044c7     0x1  Data  Gb  STBT.o [1]
BT_UART_RX_Queue        0x20004438     0x4  Data  Gb  STBT.o [1]
BT_UART_sem             0x20004434     0x4  Data  Gb  STBT.o [1]
BusFault_Handler        0x08007167     0x2  Code  Gb  stm32f2xx_it.o [1]
CAN1_RX0_IRQHandler     0x08009155          Code  Wk  startup_stm32f2xx.o [1]
CAN1_RX1_IRQHandler     0x08009159          Code  Wk  startup_stm32f2xx.o [1]
CAN1_SCE_IRQHandler     0x0800915d          Code  Wk  startup_stm32f2xx.o [1]
CAN1_TX_IRQHandler      0x08009151          Code  Wk  startup_stm32f2xx.o [1]
CAN2_RX0_IRQHandler     0x08009205          Code  Wk  startup_stm32f2xx.o [1]
CAN2_RX1_IRQHandler     0x08009209          Code  Wk  startup_stm32f2xx.o [1]
CAN2_SCE_IRQHandler     0x0800920d          Code  Wk  startup_stm32f2xx.o [1]
CAN2_TX_IRQHandler      0x08009201          Code  Wk  startup_stm32f2xx.o [1]
CLI_CmdList             0x20003d80   0x1e0  Data  Gb  CLI.o [1]
CLI_Error               0x0800488d    0x12  Code  Gb  CLI.o [1]
CLI_Init                0x08004715    0x30  Code  Gb  CLI.o [1]
CLI_Input               0x08004745    0x90  Code  Gb  CLI.o [1]
CLI_Interpreter         0x080047d5    0x80  Code  Gb  CLI.o [1]
CLI_Out                 0x20004424     0x4  Data  Gb  CLI.o [1]
CLI_Output              0x08004855    0x1e  Code  Gb  CLI.o [1]
CLI_Output_Enable       0x2000017c     0x1  Data  Gb  CLI.o [1]
CLI_RxBuf               0x200041b8   0x100  Data  Gb  CLI.o [1]
CLI_RxPtr               0x200044c5     0x1  Data  Gb  CLI.o [1]
CLI_UserInterpreter     0x20004428     0x4  Data  Gb  CLI.o [1]
COM_IRQn                0x080090c8     0x4  Data  Gb  CU.o [1]
COM_RX_AF               0x0800148a     0x2  Data  Gb  CU.o [1]
COM_RX_PIN              0x080090c4     0x4  Data  Gb  CU.o [1]
COM_RX_PIN_SOURCE       0x08001346     0x2  Data  Gb  CU.o [1]
COM_RX_PORT             0x2000015c     0x8  Data  Gb  CU.o [1]
COM_RX_PORT_CLK         0x08009088     0x8  Data  Gb  CU.o [1]
COM_TX_AF               0x08001412     0x2  Data  Gb  CU.o [1]
COM_TX_PIN              0x080090c0     0x4  Data  Gb  CU.o [1]
COM_TX_PIN_SOURCE       0x080012e2     0x2  Data  Gb  CU.o [1]
COM_TX_PORT             0x20000154     0x8  Data  Gb  CU.o [1]
COM_TX_PORT_CLK         0x08009080     0x8  Data  Gb  CU.o [1]
COM_USART               0x2000014c     0x8  Data  Gb  CU.o [1]
COM_USART_CLK           0x08009078     0x8  Data  Gb  CU.o [1]
CRYP_IRQHandler         0x08009241          Code  Wk  startup_stm32f2xx.o [1]
CSTACK$$Base            0x200044d0           --   Gb  - Linker created -
CSTACK$$Limit           0x200048d0           --   Gb  - Linker created -
CU_COMInit              0x08003a55   0x14e  Code  Gb  CU.o [1]
CU_IOInit               0x08003cd7   0x134  Code  Gb  CU.o [1]
CU_LEDInit              0x080039cb    0x5a  Code  Gb  CU.o [1]
CU_LEDOff               0x08003a3d    0x18  Code  Gb  CU.o [1]
CU_LEDOn                0x08003a25    0x18  Code  Gb  CU.o [1]
CU_ReadInputsRaw        0x08003e0b    0xee  Code  Gb  CU.o [1]
ConfigTaskHandle        0x20004458     0x4  Data  Gb  main.o [1]
ConsoleOutput           0x20004444     0x4  Data  Gb  console.o [1]
DCMI_IRQHandler         0x0800923d          Code  Wk  startup_stm32f2xx.o [1]
DMA1_Stream0_IRQHandler
                        0x08009131          Code  Wk  startup_stm32f2xx.o [1]
DMA1_Stream1_IRQHandler
                        0x08009135          Code  Wk  startup_stm32f2xx.o [1]
DMA1_Stream2_IRQHandler
                        0x08009139          Code  Wk  startup_stm32f2xx.o [1]
DMA1_Stream3_IRQHandler
                        0x0800913d          Code  Wk  startup_stm32f2xx.o [1]
DMA1_Stream4_IRQHandler
                        0x08009141          Code  Wk  startup_stm32f2xx.o [1]
DMA1_Stream5_IRQHandler
                        0x08009145          Code  Wk  startup_stm32f2xx.o [1]
DMA1_Stream6_IRQHandler
                        0x08009149          Code  Wk  startup_stm32f2xx.o [1]
DMA1_Stream7_IRQHandler
                        0x080091c1          Code  Wk  startup_stm32f2xx.o [1]
DMA2_Stream0_IRQHandler
                        0x080071b1    0x22  Code  Gb  stm32f2xx_it.o [1]
DMA2_Stream0_cb         0x0800750f    0x22  Code  Gb  ADC.o [1]
DMA2_Stream1_IRQHandler
                        0x080091e9          Code  Wk  startup_stm32f2xx.o [1]
DMA2_Stream2_IRQHandler
                        0x080091ed          Code  Wk  startup_stm32f2xx.o [1]
DMA2_Stream3_IRQHandler
                        0x080091f1          Code  Wk  startup_stm32f2xx.o [1]
DMA2_Stream4_IRQHandler
                        0x080091f5          Code  Wk  startup_stm32f2xx.o [1]
DMA2_Stream5_IRQHandler
                        0x08009215          Code  Wk  startup_stm32f2xx.o [1]
DMA2_Stream6_IRQHandler
                        0x08009219          Code  Wk  startup_stm32f2xx.o [1]
DMA2_Stream7_IRQHandler
                        0x0800921d          Code  Wk  startup_stm32f2xx.o [1]
DMA_ClearITPendingBit   0x0800812f    0xb8  Code  Gb  stm32f2xx_dma.o [1]
DMA_Cmd                 0x08007cf9    0xc4  Code  Gb  stm32f2xx_dma.o [1]
DMA_DeInit              0x08007859   0x1ea  Code  Gb  stm32f2xx_dma.o [1]
DMA_GetITStatus         0x08007f31   0x1fe  Code  Gb  stm32f2xx_dma.o [1]
DMA_ITConfig            0x08007e21    0xf6  Code  Gb  stm32f2xx_dma.o [1]
DMA_Init                0x08007a43   0x2b6  Code  Gb  stm32f2xx_dma.o [1]
DebugMon_Handler        0x0800716d     0x2  Code  Gb  stm32f2xx_it.o [1]
Delay_ms_tick           0x20004470     0x4  Data  Gb  stm32f2xx_it.o [1]
DiagnosticTaskHandle    0x20004460     0x4  Data  Gb  main.o [1]
ETH_IRQHandler          0x080091f9          Code  Wk  startup_stm32f2xx.o [1]
ETH_WKUP_IRQHandler     0x080091fd          Code  Wk  startup_stm32f2xx.o [1]
EUI64_getNXSFormat      0x08004bf1    0x3e  Code  Gb  UID.o [1]
EXTI0_IRQHandler        0x0800911d          Code  Wk  startup_stm32f2xx.o [1]
EXTI15_10_IRQHandler    0x080091a5          Code  Wk  startup_stm32f2xx.o [1]
EXTI1_IRQHandler        0x08009121          Code  Wk  startup_stm32f2xx.o [1]
EXTI2_IRQHandler        0x08009125          Code  Wk  startup_stm32f2xx.o [1]
EXTI3_IRQHandler        0x08009129          Code  Wk  startup_stm32f2xx.o [1]
EXTI4_IRQHandler        0x0800912d          Code  Wk  startup_stm32f2xx.o [1]
EXTI9_5_IRQHandler      0x08009161          Code  Wk  startup_stm32f2xx.o [1]
F3000CLIInterpreter     0x08002c5d    0x4e  Code  Gb  main.o [1]
F3000_App               0x08002c03    0x5a  Code  Gb  main.o [1]
F3000_Conf              0x08002bdf     0xc  Code  Gb  main.o [1]
F3000_Diag              0x08002beb     0xc  Code  Gb  main.o [1]
F3000_Periodic          0x08002bf7     0xc  Code  Gb  main.o [1]
FLASH_IRQHandler        0x08009115          Code  Wk  startup_stm32f2xx.o [1]
FSMC_IRQHandler         0x080091c5          Code  Wk  startup_stm32f2xx.o [1]
GPIO_CLK                0x08008fec     0xc  Data  Gb  CU.o [1]
GPIO_Init               0x080057bd   0x18a  Code  Gb  stm32f2xx_gpio.o [1]
GPIO_PIN                0x08009070     0x8  Data  Gb  CU.o [1]
GPIO_PORT               0x2000011c     0xc  Data  Gb  CU.o [1]
GPIO_PinAFConfig        0x08005b15   0x1ec  Code  Gb  stm32f2xx_gpio.o [1]
GPIO_ReadInputDataBit   0x08005947    0xf0  Code  Gb  stm32f2xx_gpio.o [1]
GPIO_ResetBits          0x08005a93    0x5c  Code  Gb  stm32f2xx_gpio.o [1]
GPIO_SetBits            0x08005a37    0x5c  Code  Gb  stm32f2xx_gpio.o [1]
HASH_RNG_IRQHandler     0x08009245          Code  Wk  startup_stm32f2xx.o [1]
HEAP$$Base              0x200048d0           --   Gb  - Linker created -
HEAP$$Limit             0x20004ad0           --   Gb  - Linker created -
HardFault_Handler       0x08007161     0x4  Code  Gb  stm32f2xx_it.o [1]
I2C1_ER_IRQHandler      0x08009185          Code  Wk  startup_stm32f2xx.o [1]
I2C1_EV_IRQHandler      0x08009181          Code  Wk  startup_stm32f2xx.o [1]
I2C2_ER_IRQHandler      0x0800918d          Code  Wk  startup_stm32f2xx.o [1]
I2C2_EV_IRQHandler      0x08009189          Code  Wk  startup_stm32f2xx.o [1]
I2C3_ER_IRQHandler      0x08009229          Code  Wk  startup_stm32f2xx.o [1]
I2C3_EV_IRQHandler      0x08009225          Code  Wk  startup_stm32f2xx.o [1]
I2C_AcknowledgeConfig   0x0800675d    0x5e  Code  Gb  stm32f2xx_i2c.o [1]
I2C_Bus_Init            0x08003ba3   0x134  Code  Gb  CU.o [1]
I2C_CLK                 0x08008ff8     0xc  Data  Gb  CU.o [1]
I2C_CheckEvent          0x08006825   0x104  Code  Gb  stm32f2xx_i2c.o [1]
I2C_Cmd                 0x080065e9    0x5e  Code  Gb  stm32f2xx_i2c.o [1]
I2C_DeInit              0x080063c5    0x80  Code  Gb  stm32f2xx_i2c.o [1]
I2C_Driver_Init         0x080040a1    0x62  Code  Gb  I2C.o [1]
I2C_GenerateSTART       0x08006647    0x5e  Code  Gb  stm32f2xx_i2c.o [1]
I2C_GenerateSTOP        0x080066a5    0x5e  Code  Gb  stm32f2xx_i2c.o [1]
I2C_GetFlagStatus       0x08006929    0xec  Code  Gb  stm32f2xx_i2c.o [1]
I2C_Init                0x08006445   0x1a4  Code  Gb  stm32f2xx_i2c.o [1]
I2C_Inited_flag         0x20004430     0x4  Data  Gb  I2C.o [1]
I2C_PERIPH              0x20000128     0xc  Data  Gb  CU.o [1]
I2C_ReceiveData         0x080067e3    0x26  Code  Gb  stm32f2xx_i2c.o [1]
I2C_SCL_AF              0x080090d0     0x4  Data  Gb  CU.o [1]
I2C_SCL_GPIO_CLK        0x08009004     0xc  Data  Gb  CU.o [1]
I2C_SCL_GPIO_PORT       0x20000134     0xc  Data  Gb  CU.o [1]
I2C_SCL_PIN             0x08009090     0x8  Data  Gb  CU.o [1]
I2C_SCL_SOURCE          0x080090cc     0x4  Data  Gb  CU.o [1]
I2C_SDA_AF              0x080090d8     0x4  Data  Gb  CU.o [1]
I2C_SDA_GPIO_CLK        0x08009010     0xc  Data  Gb  CU.o [1]
I2C_SDA_GPIO_PORT       0x20000140     0xc  Data  Gb  CU.o [1]
I2C_SDA_PIN             0x08009098     0x8  Data  Gb  CU.o [1]
I2C_SDA_SOURCE          0x080090d4     0x4  Data  Gb  CU.o [1]
I2C_SPEED               0x0800901c     0xc  Data  Gb  CU.o [1]
I2C_Send7bitAddress     0x08006703    0x5a  Code  Gb  stm32f2xx_i2c.o [1]
I2C_SendData            0x080067bb    0x28  Code  Gb  stm32f2xx_i2c.o [1]
I2C_abort_transaction   0x08004103    0xe6  Code  Gb  I2C.o [1]
I2C_read_reg            0x080041e9   0x1e0  Code  Gb  I2C.o [1]
I2C_sem                 0x2000442c     0x4  Data  Gb  I2C.o [1]
I2C_write_burst         0x080044e3   0x164  Code  Gb  I2C.o [1]
I2C_write_reg           0x080043c9   0x11a  Code  Gb  I2C.o [1]
ITS_ADCAccu             0x20004374    0x14  Data  Gb  internal_temp_sensor.o [1]
ITS_ADCAccuPtr          0x200044ca     0x1  Data  Gb  internal_temp_sensor.o [1]
ITS_Init                0x08004d19    0x1e  Code  Gb  internal_temp_sensor.o [1]
ITS_Monitor_callback    0x08004d39    0x78  Code  Gb  internal_temp_sensor.o [1]
ITS_OverTempThreshold   0x20000170     0x4  Data  Gb  internal_temp_sensor.o [1]
ITS_OverTemp_cb         0x2000444c     0x4  Data  Gb  internal_temp_sensor.o [1]
ITS_currentValue        0x20004450     0x4  Data  Gb  internal_temp_sensor.o [1]
InStream_Read           0x08008981    0x22  Code  Lc  packbits_init.o [5]
LEDs_Init               0x08003991    0x3a  Code  Gb  CU.o [1]
MemManage_Handler       0x08007165     0x2  Code  Gb  stm32f2xx_it.o [1]
NMI_Handler             0x0800715f     0x2  Code  Gb  stm32f2xx_it.o [1]
NVIC_Init               0x08004a65    0x9a  Code  Gb  misc.o [1]
NVIC_PriorityGroupConfig
                        0x08004a31    0x34  Code  Gb  misc.o [1]
NVIC_SystemReset        0x08002bc5    0x1a  Code  Lc  main.o [1]
NXS_EUI64               0x20004410     0x8  Data  Gb  main.o [1]
NXS_UID                 0x200043ec     0xc  Data  Gb  main.o [1]
OTG_FS_IRQHandler       0x08009211          Code  Wk  startup_stm32f2xx.o [1]
OTG_FS_WKUP_IRQHandler  0x080091ad          Code  Wk  startup_stm32f2xx.o [1]
OTG_HS_EP1_IN_IRQHandler
                        0x08009231          Code  Wk  startup_stm32f2xx.o [1]
OTG_HS_EP1_OUT_IRQHandler
                        0x0800922d          Code  Wk  startup_stm32f2xx.o [1]
OTG_HS_IRQHandler       0x08009239          Code  Wk  startup_stm32f2xx.o [1]
OTG_HS_WKUP_IRQHandler  0x08009235          Code  Wk  startup_stm32f2xx.o [1]
PCA9952_Init            0x08003f79    0x6e  Code  Gb  PCA9952.o [1]
PCA9952_LED_Control     0x08003fe7    0x4e  Code  Gb  PCA9952.o [1]
PCA9952_read_reg        0x08004079    0x24  Code  Gb  PCA9952.o [1]
PCA9952_write_burst     0x08004055    0x24  Code  Gb  PCA9952.o [1]
PCA9952_write_reg       0x08004035    0x20  Code  Gb  PCA9952.o [1]
PVD_IRQHandler          0x08009109          Code  Wk  startup_stm32f2xx.o [1]
PendSV_Handler          0x0800716f     0x2  Code  Gb  stm32f2xx_it.o [1]
PeriodicTaskHandle      0x2000445c     0x4  Data  Gb  main.o [1]
RCC_AHB1PeriphClockCmd  0x08005627    0x58  Code  Gb  stm32f2xx_rcc.o [1]
RCC_APB1PeriphClockCmd  0x0800567f    0x58  Code  Gb  stm32f2xx_rcc.o [1]
RCC_APB1PeriphResetCmd  0x08005739    0x58  Code  Gb  stm32f2xx_rcc.o [1]
RCC_APB2PeriphClockCmd  0x080056d7    0x58  Code  Gb  stm32f2xx_rcc.o [1]
RCC_GetClocksFreq       0x08005525   0x102  Code  Gb  stm32f2xx_rcc.o [1]
RCC_IRQHandler          0x08009119          Code  Wk  startup_stm32f2xx.o [1]
RTC_Alarm_IRQHandler    0x080091a9          Code  Wk  startup_stm32f2xx.o [1]
RTC_WKUP_IRQHandler     0x08009111          Code  Wk  startup_stm32f2xx.o [1]
Region$$Table$$Base     0x08008ec0           --   Gb  - Linker created -
Region$$Table$$Limit    0x08008eec           --   Gb  - Linker created -
Reset_Handler           0x08008fdd          Code  Wk  startup_stm32f2xx.o [1]
SDIO_IRQHandler         0x080091c9          Code  Wk  startup_stm32f2xx.o [1]
SPI1_IRQHandler         0x08009191          Code  Wk  startup_stm32f2xx.o [1]
SPI2_IRQHandler         0x08009195          Code  Wk  startup_stm32f2xx.o [1]
SPI3_IRQHandler         0x080091d1          Code  Wk  startup_stm32f2xx.o [1]
STBT_ConsoleOutput      0x08004dd5     0xc  Code  Gb  STBT.o [1]
STBT_Init               0x08004de1    0x8c  Code  Gb  STBT.o [1]
STBT_SPP_Send           0x08004eb5    0x20  Code  Gb  STBT.o [1]
STBT_Send               0x08004e6d    0x48  Code  Gb  STBT.o [1]
STBT_Task               0x08004ed9   0x196  Code  Gb  STBT.o [1]
STBT_USART_RX_Callback  0x0800506f    0x12  Code  Gb  STBT.o [1]
SVC_Handler             0x0800716b     0x2  Code  Gb  stm32f2xx_it.o [1]
SerialUART_sem          0x20004468     0x4  Data  Gb  serial.o [1]
Serial_SendString       0x08008e09    0x4a  Code  Gb  serial.o [1]
SetSysClock             0x08004995    0x68  Code  Lc  system_stm32f2xx.o [1]
SysTick_Delay_cb        0x2000446c     0x4  Data  Gb  stm32f2xx_it.o [1]
SysTick_Delay_ms        0x20004474     0x4  Data  Gb  stm32f2xx_it.o [1]
SysTick_Handler         0x08007171    0x40  Code  Gb  stm32f2xx_it.o [1]
SystemCoreClock         0x20000178     0x4  Data  Gb  system_stm32f2xx.o [1]
SystemCoreClockUpdate   0x080048e7    0xae  Code  Gb  system_stm32f2xx.o [1]
SystemInit              0x080048a1    0x46  Code  Gb  system_stm32f2xx.o [1]
TAMP_STAMP_IRQHandler   0x0800910d          Code  Wk  startup_stm32f2xx.o [1]
TIM1_BRK_TIM9_IRQHandler
                        0x08009165          Code  Wk  startup_stm32f2xx.o [1]
TIM1_CC_IRQHandler      0x08009171          Code  Wk  startup_stm32f2xx.o [1]
TIM1_TRG_COM_TIM11_IRQHandler
                        0x0800916d          Code  Wk  startup_stm32f2xx.o [1]
TIM1_UP_TIM10_IRQHandler
                        0x08009169          Code  Wk  startup_stm32f2xx.o [1]
TIM2_IRQHandler         0x080071fb    0xb4  Code  Gb  stm32f2xx_it.o [1]
TIM3_IRQHandler         0x08009179          Code  Wk  startup_stm32f2xx.o [1]
TIM4_IRQHandler         0x0800917d          Code  Wk  startup_stm32f2xx.o [1]
TIM5_IRQHandler         0x080091cd          Code  Wk  startup_stm32f2xx.o [1]
TIM6_DAC_IRQHandler     0x080091dd          Code  Wk  startup_stm32f2xx.o [1]
TIM7_IRQHandler         0x080091e1          Code  Wk  startup_stm32f2xx.o [1]
TIM8_BRK_TIM12_IRQHandler
                        0x080091b1          Code  Wk  startup_stm32f2xx.o [1]
TIM8_CC_IRQHandler      0x080091bd          Code  Wk  startup_stm32f2xx.o [1]
TIM8_TRG_COM_TIM14_IRQHandler
                        0x080091b9          Code  Wk  startup_stm32f2xx.o [1]
TIM8_UP_TIM13_IRQHandler
                        0x080091b5          Code  Wk  startup_stm32f2xx.o [1]
TIM_ClearITPendingBit   0x08002b0d    0x7e  Code  Gb  stm32f2xx_tim.o [1]
TIM_Cmd                 0x080021ad    0xb4  Code  Gb  stm32f2xx_tim.o [1]
TIM_GetITStatus         0x08002a21    0xec  Code  Gb  stm32f2xx_tim.o [1]
TIM_ITConfig            0x08002951    0xc6  Code  Gb  stm32f2xx_tim.o [1]
TIM_OC1Init             0x08002261   0x1c2  Code  Gb  stm32f2xx_tim.o [1]
TIM_OC1PreloadConfig    0x0800279d    0x96  Code  Gb  stm32f2xx_tim.o [1]
TIM_OC2Init             0x08002423   0x1ac  Code  Gb  stm32f2xx_tim.o [1]
TIM_OC2PreloadConfig    0x08002839    0x7c  Code  Gb  stm32f2xx_tim.o [1]
TIM_OC3Init             0x080025cf   0x19a  Code  Gb  stm32f2xx_tim.o [1]
TIM_OC3PreloadConfig    0x080028b5    0x6a  Code  Gb  stm32f2xx_tim.o [1]
TIM_SetCounter          0x080020f1    0x84  Code  Gb  stm32f2xx_tim.o [1]
TIM_TimeBaseInit        0x08001fa9   0x148  Code  Gb  stm32f2xx_tim.o [1]
Timer2_OC_Ch1_callback  0x200044b4     0x4  Data  Gb  timer.o [1]
Timer2_OC_Ch2_callback  0x200044b8     0x4  Data  Gb  timer.o [1]
Timer2_OC_Ch3_callback  0x200044bc     0x4  Data  Gb  timer.o [1]
UART4_IRQHandler        0x080091d5          Code  Wk  startup_stm32f2xx.o [1]
UART5_IRQHandler        0x080091d9          Code  Wk  startup_stm32f2xx.o [1]
UID                     0x20004408     0x8  Data  Gb  main.o [1]
UID_Init                0x08004b19     0xa  Code  Gb  UID.o [1]
UID_base_address        0x20004440     0x4  Data  Gb  UID.o [1]
UID_default             0x20000164     0x8  Data  Gb  UID.o [1]
UID_getNXSFormat        0x08004b7f    0x66  Code  Gb  UID.o [1]
UID_getUID              0x08004b23    0x5c  Code  Gb  UID.o [1]
UID_length              0x200044c8     0x1  Data  Gb  UID.o [1]
USART1_IRQHandler       0x08009199          Code  Wk  startup_stm32f2xx.o [1]
USART2_IRQHandler       0x0800919d          Code  Wk  startup_stm32f2xx.o [1]
USART3_IRQHandler       0x080071d3    0x28  Code  Gb  stm32f2xx_it.o [1]
USART6_IRQHandler       0x08009221          Code  Wk  startup_stm32f2xx.o [1]
USART_ClearITPendingBit
                        0x080062fb    0xaa  Code  Gb  stm32f2xx_usart.o [1]
USART_Cmd               0x08005f29    0x76  Code  Gb  stm32f2xx_usart.o [1]
USART_GetITStatus       0x080061b7   0x144  Code  Gb  stm32f2xx_usart.o [1]
USART_ITConfig          0x08006069   0x14e  Code  Gb  stm32f2xx_usart.o [1]
USART_Init              0x08005d29   0x200  Code  Gb  stm32f2xx_usart.o [1]
USART_ReceiveData       0x08005ffd    0x48  Code  Gb  stm32f2xx_usart.o [1]
USART_SendData          0x08005f9f    0x5e  Code  Gb  stm32f2xx_usart.o [1]
UsageFault_Handler      0x08007169     0x2  Code  Gb  stm32f2xx_it.o [1]
WWDG_IRQHandler         0x08009105          Code  Wk  startup_stm32f2xx.o [1]
_EncodingSb_Mbtowc      0x08001e47    0x30  Code  Gb  xencoding_sb.o [3]
_EncodingSb_Wctomb      0x08001e2d    0x1a  Code  Gb  xencoding_sb.o [3]
_GenldFull              0x08000fb9   0x248  Code  Lc  xprintffull.o [3]
_IsdstStr               0x2000008c     0x4  Data  Gb  setlocale.o [3]
_LdtobFull              0x08000bf1   0x3c2  Code  Lc  xprintffull.o [3]
_LitobFull              0x08000a93   0x10c  Code  Lc  xprintffull.o [3]
_LocaleEncoding         0x08001e19     0xe  Code  Gb  setlocale.o [3]
_LocaleReturnString     0x200000ac    0x50  Data  Lc  setlocale.o [3]
_Locale_Profile         0x20000090    0x1c  Data  Gb  setlocale.o [3]
_Locale_aeabi_lconv     0x20000050    0x38  Data  Gb  localeconv.o [3]
_Locale_lconv           0x20000000    0x50  Data  Gb  localeconv.o [3]
_Mbtowc                 0x0800124b    0x20  Code  Gb  xmbtowc.o [3]
_PrintfFull             0x08000185   0x5b6  Code  Gb  xprintffull.o [3]
_PutcharsFull           0x08001201    0x2e  Code  Lc  xprintffull.o [3]
_PutstrFull             0x08000751   0x33c  Code  Lc  xprintffull.o [3]
_SProut                 0x080012a3     0xa  Code  Gb  xsprout.o [3]
_TzoneStr               0x20000088     0x4  Data  Gb  setlocale.o [3]
_Wctomb                 0x080013f9    0x1a  Code  Gb  xwctomb.o [3]
__aeabi_cdcmple         0x080017e1          Code  Gb  DblCmpLe.o [4]
__aeabi_cdrcmple        0x08001811          Code  Gb  DblCmpGe.o [4]
__aeabi_d2f             0x080076c1          Code  Gb  DblToFlt.o [4]
__aeabi_d2iz            0x0800194d          Code  Gb  DblToI32.o [4]
__aeabi_d2uiz           0x08001979          Code  Gb  DblToI32.o [4]
__aeabi_dadd            0x08001ebd          Code  Gb  DblAdd.o [4]
__aeabi_ddiv            0x08001b55          Code  Gb  DblDiv.o [4]
__aeabi_dmul            0x080015fd          Code  Gb  DblMul.o [4]
__aeabi_dsub            0x080019d5          Code  Gb  DblSub.o [4]
__aeabi_f2d             0x08007671          Code  Gb  FltToDbl.o [4]
__aeabi_fdiv            0x08007575          Code  Gb  FltDiv.o [4]
__aeabi_i2d             0x080019a5          Code  Gb  I32ToDbl.o [4]
__aeabi_ldiv0           0x08001eb9          Code  Gb  I64DivZer.o [5]
__aeabi_memcpy          0x08001415          Code  Gb  ABImemcpy.o [5]
__aeabi_memcpy4         0x08001435          Code  Gb  ABImemcpy.o [5]
__aeabi_memcpy8         0x08001435          Code  Gb  ABImemcpy.o [5]
__aeabi_memset          0x08007751          Code  Gb  ABImemset.o [5]
__aeabi_ui2d            0x080019b9          Code  Gb  I32ToDbl.o [4]
__aeabi_ui2f            0x08007555          Code  Gb  I32ToFlt.o [4]
__aeabi_uldivmod        0x0800150d          Code  Gb  I64DivMod.o [5]
__cmain                 0x08008f35          Code  Gb  cmain.o [5]
__data_Aldata           0x20004418     0x8  Data  Gb  xxmemxmalloc.o [3]
__data_GetMemChunk      0x08001e8d    0x2c  Code  Gb  xgetmemchunk.o [3]
__exit                  0x08008a39    0x14  Code  Gb  exit.o [6]
__iar_Dnorm             0x0800179f    0x42  Code  Gb  xdnorm.o [4]
__iar_Dscale            0x08001841   0x10c  Code  Gb  xdscale.o [4]
__iar_Locale_lconv_init
                        0x08001d9d    0x3a  Code  Gb  localeconv.o [3]
__iar_Mbcurmax          0x0800133d     0xa  Code  Gb  xmbcurmax.o [3]
__iar_Memchr            0x080012e5          Code  Gb  memchr.o [5]
__iar_Memset            0x08007751          Code  Gb  ABImemset.o [5]
__iar_Memset_word       0x08007759          Code  Gb  ABImemset.o [5]
__iar_Strchr            0x0800128d          Code  Gb  strchr.o [5]
__iar_Strstr            0x080072d9    0x2c  Code  Gb  strstr.o [3]
__iar_d2uiz             0x08001985          Code  Gb  DblToI32.o [4]
__iar_dadd              0x08001ed1          Code  Gb  DblAdd.o [4]
__iar_data_init3        0x08008e99    0x28  Code  Gb  data_init.o [5]
__iar_dlib_perthread_access
                        0x08001fa5     0x2  Code  Gb  xtls.o [3]
__iar_dsub              0x080019e9          Code  Gb  DblSub.o [4]
__iar_dsubStart         0x080019fb          Code  Gb  DblSub.o [4]
__iar_packbits_init3    0x080089a3    0x8e  Code  Gb  packbits_init.o [5]
__iar_program_start     0x08009065          Code  Gb  cstartup_M.o [5]
__iar_strcmp            0x08007305          Code  Gb  strcmp.o [5]
__iar_ui2d              0x080019bd          Code  Gb  I32ToDbl.o [4]
__iar_ui2f              0x08007559          Code  Gb  I32ToFlt.o [4]
__iar_zero_init3        0x0800126b    0x22  Code  Gb  zero_init3.o [5]
__low_level_init        0x08008f4b     0x4  Code  Gb  low_level_init.o [3]
__vector_table          0x08000000          Data  Gb  startup_stm32f2xx.o [1]
_call_main              0x08008f41          Code  Gb  cmain.o [5]
_exit                   0x08008f55          Code  Gb  cexit.o [5]
_main                   0x08008f47          Code  Gb  cmain.o [5]
abort                   0x08008a31     0x6  Code  Gb  abort.o [3]
assert_failed           0x08002d6b    0x34  Code  Gb  main.o [1]
console_Init            0x080050c1    0x14  Code  Gb  console.o [1]
console_log             0x080050d5    0x16  Code  Gb  console.o [1]
div                     0x08001e09     0xe  Code  Gb  div.o [3]
exit                    0x08008f4f     0x4  Code  Gb  exit.o [3]
free                    0x0800148d    0x7a  Code  Gb  xxmemxfree.o [3]
gear_decrease           0x08004687    0x16  Code  Gb  gear.o [1]
gear_down               0x080046b9    0x1c  Code  Gb  gear.o [1]
gear_increase           0x08004671    0x16  Code  Gb  gear.o [1]
gear_isMoving           0x080046f1     0x6  Code  Gb  gear.o [1]
gear_moving             0x200044c9     0x1  Data  Gb  gear.o [1]
gear_stop               0x080046d5    0x1c  Code  Gb  gear.o [1]
gear_up                 0x0800469d    0x1c  Code  Gb  gear.o [1]
heapSTRUCT_SIZE         0x080015fa     0x2  Data  Lc  heap_2.o [1]
localeconv              0x08001dd7    0x16  Code  Gb  localeconv.o [3]
main                    0x08002cab    0xc0  Code  Gb  main.o [1]
malloc                  0x08001349    0xac  Code  Gb  xxmemxmalloc.o [3]
memchr                  0x080012e5          Code  Gb  memchr.o [5]
memcpy                  0x08007841    0x16  Code  Gb  queue.o [1]
memset                  0x08005275    0x16  Code  Gb  tasks.o [1]
pcInterruptPriorityRegisters
                        0x080090dc     0x4  Data  Lc  port.o [1]
prvAddCurrentTaskToDelayedList
                        0x080038d9    0x7e  Code  Lc  tasks.o [1]
prvAddNewTaskToReadyList
                        0x08002f67    0xc0  Code  Lc  tasks.o [1]
prvCheckTasksWaitingTermination
                        0x08003689    0x6a  Code  Lc  tasks.o [1]
prvCopyDataFromQueue    0x08007075    0x2c  Code  Lc  queue.o [1]
prvCopyDataToQueue      0x08006fe7    0x8e  Code  Lc  queue.o [1]
prvDeleteTCB            0x080036f3    0x12  Code  Lc  tasks.o [1]
prvHeapInit             0x0800522f    0x2e  Code  Lc  heap_2.o [1]
prvIdleTask             0x080035f9    0x26  Code  Lc  tasks.o [1]
prvInitialiseNewQueue   0x08006b85    0x36  Code  Lc  queue.o [1]
prvInitialiseNewTask    0x08002e93    0xd4  Code  Lc  tasks.o [1]
prvInitialiseTaskLists  0x08003629    0x58  Code  Lc  tasks.o [1]
prvIsQueueEmpty         0x0800710f    0x20  Code  Lc  queue.o [1]
prvIsQueueFull          0x0800712f    0x22  Code  Lc  queue.o [1]
prvResetNextTaskUnblockTime
                        0x08003705    0x2a  Code  Lc  tasks.o [1]
prvTaskExitError        0x08005349    0x2a  Code  Lc  port.o [1]
prvUnlockQueue          0x080070a1    0x6e  Code  Lc  queue.o [1]
pvPortMalloc            0x08005129    0xc2  Code  Gb  heap_2.o [1]
pvTaskIncrementMutexHeldCount
                        0x08003895    0x1e  Code  Gb  tasks.o [1]
pxCurrentTCB            0x20004478     0x4  Data  Gb  tasks.o [1]
pxDelayedTaskList       0x2000447c     0x4  Data  Lc  tasks.o [1]
pxOverflowDelayedTaskList
                        0x20004480     0x4  Data  Lc  tasks.o [1]
pxPortInitialiseStack   0x08005329    0x20  Code  Gb  port.o [1]
pxReadyTasksLists       0x2000408c   0x12c  Data  Lc  tasks.o [1]
scale                   0x08000ba5    0x46  Code  Lc  xprintffull.o [3]
setSysTick_Delay_Timer  0x08007155     0xa  Code  Gb  stm32f2xx_it.o [1]
sprintf                 0x080050f5    0x34  Code  Gb  sprintf.o [3]
str                     0x20003f60   0x12c  Data  Gb  main.o [1]
strchr                  0x0800128d          Code  Gb  strchr.o [5]
strcmp                  0x08007305          Code  Gb  strcmp.o [5]
strlen                  0x080012ad          Code  Gb  strlen.o [5]
strstr                  0x08004705    0x10  Code  Gb  main.o [1]
timer_init              0x08004c31    0xde  Code  Gb  timer.o [1]
ucHeap                  0x20000180  0x3c00  Data  Lc  heap_2.o [1]
ucMaxSysCallPriority    0x200044cb     0x1  Data  Lc  port.o [1]
ulMaxPRIGROUPValue      0x20004464     0x4  Data  Lc  port.o [1]
uxCriticalNesting       0x20000174     0x4  Data  Lc  port.o [1]
uxCurrentNumberOfTasks  0x20004488     0x4  Data  Lc  tasks.o [1]
uxDeletedTasksWaitingCleanUp
                        0x20004484     0x4  Data  Lc  tasks.o [1]
uxListRemove            0x08005301    0x28  Code  Gb  list.o [1]
uxPendedTicks           0x20004498     0x4  Data  Lc  tasks.o [1]
uxSchedulerSuspended    0x200044b0     0x4  Data  Lc  tasks.o [1]
uxTaskNumber            0x200044a4     0x4  Data  Lc  tasks.o [1]
uxTopReadyPriority      0x20004490     0x4  Data  Lc  tasks.o [1]
vListInitialise         0x0800528b    0x1e  Code  Gb  list.o [1]
vListInitialiseItem     0x080052a9     0x6  Code  Gb  list.o [1]
vListInsert             0x080052c7    0x3a  Code  Gb  list.o [1]
vListInsertEnd          0x080052af    0x18  Code  Gb  list.o [1]
vPortEnterCritical      0x080053fb    0x3a  Code  Gb  port.o [1]
vPortExitCritical       0x08005435    0x32  Code  Gb  port.o [1]
vPortFree               0x080051eb    0x44  Code  Gb  heap_2.o [1]
vPortSVCHandler         0x080077ff          Code  Gb  portasm.o [1]
vPortSetupTimerInterrupt
                        0x0800548f    0x1a  Code  Wk  port.o [1]
vPortStartFirstTask     0x0800781f          Code  Gb  portasm.o [1]
vPortValidateInterruptPriority
                        0x080054a9    0x4e  Code  Gb  port.o [1]
vTaskDelay              0x08003027    0x4e  Code  Gb  tasks.o [1]
vTaskMissedYield        0x080035e9     0xa  Code  Gb  tasks.o [1]
vTaskPlaceOnEventList   0x08003465    0x34  Code  Gb  tasks.o [1]
vTaskPriorityInherit    0x0800372f    0xac  Code  Gb  tasks.o [1]
vTaskSetTimeOutState    0x08003539    0x26  Code  Gb  tasks.o [1]
vTaskStartScheduler     0x0800314f    0x68  Code  Gb  tasks.o [1]
vTaskSuspend            0x08003075    0xda  Code  Gb  tasks.o [1]
vTaskSuspendAll         0x080031b7    0x10  Code  Gb  tasks.o [1]
vTaskSwitchContext      0x080033f5    0x70  Code  Gb  tasks.o [1]
xDelayedTaskList1       0x20004388    0x14  Data  Lc  tasks.o [1]
xDelayedTaskList2       0x2000439c    0x14  Data  Lc  tasks.o [1]
xEnd                    0x20004400     0x8  Data  Lc  heap_2.o [1]
xFreeBytesRemaining     0x2000016c     0x4  Data  Lc  heap_2.o [1]
xIdleTaskHandle         0x200044ac     0x4  Data  Lc  tasks.o [1]
xNextTaskUnblockTime    0x200044a8     0x4  Data  Lc  tasks.o [1]
xNumOfOverflows         0x200044a0     0x4  Data  Lc  tasks.o [1]
xPendingReadyList       0x200043b0    0x14  Data  Lc  tasks.o [1]
xPortPendSVHandler      0x080077b9          Code  Gb  portasm.o [1]
xPortStartScheduler     0x08005373    0x88  Code  Gb  port.o [1]
xPortSysTickHandler     0x08005467    0x28  Code  Gb  port.o [1]
xQueueGenericCreate     0x08006b2d    0x58  Code  Gb  queue.o [1]
xQueueGenericReceive    0x08006e33   0x1b4  Code  Gb  queue.o [1]
xQueueGenericReset      0x08006a99    0x94  Code  Gb  queue.o [1]
xQueueGenericSend       0x08006bbb   0x18a  Code  Gb  queue.o [1]
xQueueGenericSendFromISR
                        0x08006d45    0xee  Code  Gb  queue.o [1]
xSchedulerRunning       0x20004494     0x4  Data  Lc  tasks.o [1]
xStart                  0x200043f8     0x8  Data  Lc  heap_2.o [1]
xSuspendedTaskList      0x200043d8    0x14  Data  Lc  tasks.o [1]
xTaskCheckForTimeOut    0x0800355f    0x8a  Code  Gb  tasks.o [1]
xTaskCreate             0x08002e15    0x7e  Code  Gb  tasks.o [1]
xTaskIncrementTick      0x080032c9   0x12c  Code  Gb  tasks.o [1]
xTaskPriorityDisinherit
                        0x080037db    0xba  Code  Gb  tasks.o [1]
xTaskRemoveFromEventList
                        0x0800349d    0x86  Code  Gb  tasks.o [1]
xTaskResumeAll          0x080031c7   0x102  Code  Gb  tasks.o [1]
xTasksWaitingTermination
                        0x200043c4    0x14  Data  Lc  tasks.o [1]
xTickCount              0x2000448c     0x4  Data  Lc  tasks.o [1]
xYieldPending           0x2000449c     0x4  Data  Lc  tasks.o [1]


[1] = C:\Users\jeanphil.rey\Documents\JP\Perso\F3000\F3000git\V2\FW\Project\IARARM\Debug\Obj
[2] = command line
[3] = dl7M_tlf.a
[4] = m7M_tl.a
[5] = rt7M_tl.a
[6] = shb_l.a

  35 948 bytes of readonly  code memory
   1 631 bytes of readonly  data memory
  19 145 bytes of readwrite data memory

Errors: none
Warnings: none
