###############################################################################
#                                                                             #
# IAR ELF Linker V6.50.6.4896/W32 for ARM               14/Jan/2017  16:57:31 #
# Copyright 2007-2013 IAR Systems AB.                                         #
#                                                                             #
#    Output file  =  C:\Users\jeanphil.rey\Documents\JP\Perso\F3000\F3000git\ #
#                    V2\FW\Project\IARARM\Debug\Exe\F3000CU.out               #
#    Map file     =  C:\Users\jeanphil.rey\Documents\JP\Perso\F3000\F3000git\ #
#                    V2\FW\Project\IARARM\Debug\List\F3000CU.map              #
#    Command line =  C:\Users\jeanphil.rey\Documents\JP\Perso\F3000\F3000git\ #
#                    V2\FW\Project\IARARM\Debug\Obj\ADC.o                     #
#                    C:\Users\jeanphil.rey\Documents\JP\Perso\F3000\F3000git\ #
#                    V2\FW\Project\IARARM\Debug\Obj\CLI.o                     #
#                    C:\Users\jeanphil.rey\Documents\JP\Perso\F3000\F3000git\ #
#                    V2\FW\Project\IARARM\Debug\Obj\CU.o                      #
#                    C:\Users\jeanphil.rey\Documents\JP\Perso\F3000\F3000git\ #
#                    V2\FW\Project\IARARM\Debug\Obj\I2C.o                     #
#                    C:\Users\jeanphil.rey\Documents\JP\Perso\F3000\F3000git\ #
#                    V2\FW\Project\IARARM\Debug\Obj\PCA9952.o                 #
#                    C:\Users\jeanphil.rey\Documents\JP\Perso\F3000\F3000git\ #
#                    V2\FW\Project\IARARM\Debug\Obj\SEG7.o                    #
#                    C:\Users\jeanphil.rey\Documents\JP\Perso\F3000\F3000git\ #
#                    V2\FW\Project\IARARM\Debug\Obj\STBT.o                    #
#                    C:\Users\jeanphil.rey\Documents\JP\Perso\F3000\F3000git\ #
#                    V2\FW\Project\IARARM\Debug\Obj\UID.o                     #
#                    C:\Users\jeanphil.rey\Documents\JP\Perso\F3000\F3000git\ #
#                    V2\FW\Project\IARARM\Debug\Obj\console.o                 #
#                    C:\Users\jeanphil.rey\Documents\JP\Perso\F3000\F3000git\ #
#                    V2\FW\Project\IARARM\Debug\Obj\croutine.o                #
#                    C:\Users\jeanphil.rey\Documents\JP\Perso\F3000\F3000git\ #
#                    V2\FW\Project\IARARM\Debug\Obj\event_groups.o            #
#                    C:\Users\jeanphil.rey\Documents\JP\Perso\F3000\F3000git\ #
#                    V2\FW\Project\IARARM\Debug\Obj\gear.o                    #
#                    C:\Users\jeanphil.rey\Documents\JP\Perso\F3000\F3000git\ #
#                    V2\FW\Project\IARARM\Debug\Obj\heap_2.o                  #
#                    C:\Users\jeanphil.rey\Documents\JP\Perso\F3000\F3000git\ #
#                    V2\FW\Project\IARARM\Debug\Obj\internal_temp_sensor.o    #
#                    C:\Users\jeanphil.rey\Documents\JP\Perso\F3000\F3000git\ #
#                    V2\FW\Project\IARARM\Debug\Obj\ledbuffer.o               #
#                    C:\Users\jeanphil.rey\Documents\JP\Perso\F3000\F3000git\ #
#                    V2\FW\Project\IARARM\Debug\Obj\list.o                    #
#                    C:\Users\jeanphil.rey\Documents\JP\Perso\F3000\F3000git\ #
#                    V2\FW\Project\IARARM\Debug\Obj\main.o                    #
#                    C:\Users\jeanphil.rey\Documents\JP\Perso\F3000\F3000git\ #
#                    V2\FW\Project\IARARM\Debug\Obj\misc.o                    #
#                    C:\Users\jeanphil.rey\Documents\JP\Perso\F3000\F3000git\ #
#                    V2\FW\Project\IARARM\Debug\Obj\port.o                    #
#                    C:\Users\jeanphil.rey\Documents\JP\Perso\F3000\F3000git\ #
#                    V2\FW\Project\IARARM\Debug\Obj\portasm.o                 #
#                    C:\Users\jeanphil.rey\Documents\JP\Perso\F3000\F3000git\ #
#                    V2\FW\Project\IARARM\Debug\Obj\queue.o                   #
#                    C:\Users\jeanphil.rey\Documents\JP\Perso\F3000\F3000git\ #
#                    V2\FW\Project\IARARM\Debug\Obj\serial.o                  #
#                    C:\Users\jeanphil.rey\Documents\JP\Perso\F3000\F3000git\ #
#                    V2\FW\Project\IARARM\Debug\Obj\startup_stm32f2xx.o       #
#                    C:\Users\jeanphil.rey\Documents\JP\Perso\F3000\F3000git\ #
#                    V2\FW\Project\IARARM\Debug\Obj\stm32f2xx_adc.o           #
#                    C:\Users\jeanphil.rey\Documents\JP\Perso\F3000\F3000git\ #
#                    V2\FW\Project\IARARM\Debug\Obj\stm32f2xx_dma.o           #
#                    C:\Users\jeanphil.rey\Documents\JP\Perso\F3000\F3000git\ #
#                    V2\FW\Project\IARARM\Debug\Obj\stm32f2xx_exti.o          #
#                    C:\Users\jeanphil.rey\Documents\JP\Perso\F3000\F3000git\ #
#                    V2\FW\Project\IARARM\Debug\Obj\stm32f2xx_gpio.o          #
#                    C:\Users\jeanphil.rey\Documents\JP\Perso\F3000\F3000git\ #
#                    V2\FW\Project\IARARM\Debug\Obj\stm32f2xx_i2c.o           #
#                    C:\Users\jeanphil.rey\Documents\JP\Perso\F3000\F3000git\ #
#                    V2\FW\Project\IARARM\Debug\Obj\stm32f2xx_it.o            #
#                    C:\Users\jeanphil.rey\Documents\JP\Perso\F3000\F3000git\ #
#                    V2\FW\Project\IARARM\Debug\Obj\stm32f2xx_pwr.o           #
#                    C:\Users\jeanphil.rey\Documents\JP\Perso\F3000\F3000git\ #
#                    V2\FW\Project\IARARM\Debug\Obj\stm32f2xx_rcc.o           #
#                    C:\Users\jeanphil.rey\Documents\JP\Perso\F3000\F3000git\ #
#                    V2\FW\Project\IARARM\Debug\Obj\stm32f2xx_spi.o           #
#                    C:\Users\jeanphil.rey\Documents\JP\Perso\F3000\F3000git\ #
#                    V2\FW\Project\IARARM\Debug\Obj\stm32f2xx_syscfg.o        #
#                    C:\Users\jeanphil.rey\Documents\JP\Perso\F3000\F3000git\ #
#                    V2\FW\Project\IARARM\Debug\Obj\stm32f2xx_tim.o           #
#                    C:\Users\jeanphil.rey\Documents\JP\Perso\F3000\F3000git\ #
#                    V2\FW\Project\IARARM\Debug\Obj\stm32f2xx_usart.o         #
#                    C:\Users\jeanphil.rey\Documents\JP\Perso\F3000\F3000git\ #
#                    V2\FW\Project\IARARM\Debug\Obj\strbuf.o                  #
#                    C:\Users\jeanphil.rey\Documents\JP\Perso\F3000\F3000git\ #
#                    V2\FW\Project\IARARM\Debug\Obj\system_stm32f2xx.o        #
#                    C:\Users\jeanphil.rey\Documents\JP\Perso\F3000\F3000git\ #
#                    V2\FW\Project\IARARM\Debug\Obj\tasks.o                   #
#                    C:\Users\jeanphil.rey\Documents\JP\Perso\F3000\F3000git\ #
#                    V2\FW\Project\IARARM\Debug\Obj\timer.o                   #
#                    C:\Users\jeanphil.rey\Documents\JP\Perso\F3000\F3000git\ #
#                    V2\FW\Project\IARARM\Debug\Obj\timers.o -o               #
#                    C:\Users\jeanphil.rey\Documents\JP\Perso\F3000\F3000git\ #
#                    V2\FW\Project\IARARM\Debug\Exe\F3000CU.out --redirect    #
#                    _Printf=_PrintfFull --redirect _Scanf=_ScanfFull --map   #
#                    C:\Users\jeanphil.rey\Documents\JP\Perso\F3000\F3000git\ #
#                    V2\FW\Project\IARARM\Debug\List\F3000CU.map --config     #
#                    C:\Users\jeanphil.rey\Documents\JP\Perso\F3000\F3000git\ #
#                    V2\FW\Project\IARARM\stm32f2xx_flash.icf --semihosting   #
#                    --entry __iar_program_start --vfe                        #
#                                                                             #
#                                                                             #
###############################################################################

*******************************************************************************
*** RUNTIME MODEL ATTRIBUTES
***

CppFlavor                     = *
__Heap_Handler                = Basic
__SystemLibrary               = DLib
__dlib_dynamic_initialization = normal


*******************************************************************************
*** PLACEMENT SUMMARY
***

"A1":  place at 0x08000000 { ro section .intvec };
"P1":  place in [from 0x08000000 to 0x080fffff] { ro };
"P2":  place in [from 0x20000000 to 0x20020000] { rw, block CSTACK, block HEAP };

  Section             Kind        Address    Size  Object
  -------             ----        -------    ----  ------
"A1":                                       0x184
  .intvec             ro code  0x08000000   0x184  startup_stm32f2xx.o [1]
                             - 0x08000184   0x184

"P1":                                      0xa468
  .text               ro code  0x08000184  0x10c6  xprintffull.o [3]
  .text               ro code  0x0800124a    0x20  xmbtowc.o [3]
  .text               ro code  0x0800126a    0x22  zero_init3.o [5]
  .text               ro code  0x0800128c    0x16  strchr.o [5]
  .text               ro code  0x080012a2     0xa  xsprout.o [3]
  .text               ro code  0x080012ac    0x36  strlen.o [5]
  .rodata             const    0x080012e2     0x2  CU.o [1]
  .text               ro code  0x080012e4    0x58  memchr.o [5]
  .text               ro code  0x0800133c     0xa  xmbcurmax.o [3]
  .rodata             const    0x08001346     0x2  CU.o [1]
  .text               ro code  0x08001348    0xb0  xxmemxmalloc.o [3]
  .text               ro code  0x080013f8    0x1a  xwctomb.o [3]
  .rodata             const    0x08001412     0x2  CU.o [1]
  .text               ro code  0x08001414    0x76  ABImemcpy.o [5]
  .rodata             const    0x0800148a     0x2  CU.o [1]
  .text               ro code  0x0800148c    0x80  xxmemxfree.o [3]
  .text               ro code  0x0800150c    0xee  I64DivMod.o [5]
  .rodata             const    0x080015fa     0x2  heap_2.o [1]
  .text               ro code  0x080015fc   0x1a2  DblMul.o [4]
  .text               ro code  0x0800179e    0x42  xdnorm.o [4]
  .text               ro code  0x080017e0    0x2e  DblCmpLe.o [4]
  .text               ro code  0x08001810    0x2e  DblCmpGe.o [4]
  .text               ro code  0x08001840   0x10c  xdscale.o [4]
  .text               ro code  0x0800194c    0x58  DblToI32.o [4]
  .text               ro code  0x080019a4    0x30  I32ToDbl.o [4]
  .text               ro code  0x080019d4   0x180  DblSub.o [4]
  .text               ro code  0x08001b54   0x246  DblDiv.o [4]
  .text               ro code  0x08001d9c    0x6c  localeconv.o [3]
  .text               ro code  0x08001e08     0xe  div.o [3]
  .text               ro code  0x08001e18    0x14  setlocale.o [3]
  .text               ro code  0x08001e2c    0x60  xencoding_sb.o [3]
  .text               ro code  0x08001e8c    0x2c  xgetmemchunk.o [3]
  .text               ro code  0x08001eb8     0x2  I64DivZer.o [5]
  .text               ro code  0x08001ebc    0xe8  DblAdd.o [4]
  .text               ro code  0x08001fa4     0x2  xtls.o [3]
  .text               ro code  0x08001fa8   0xdec  tasks.o [1]
  .text               ro code  0x08002d94   0x14c  heap_2.o [1]
  .text               ro code  0x08002ee0    0x16  tasks.o [1]
  .text               ro code  0x08002ef6    0x9e  list.o [1]
  .text               ro code  0x08002f94   0x1fc  port.o [1]
  .text               ro code  0x08003190   0x4a4  timers.o [1]
  .text               ro code  0x08003634    0x66  ABImemset.o [5]
  CODE                ro code  0x0800369c    0x88  portasm.o [1]
  .text               ro code  0x08003724   0x788  queue.o [1]
  .text               ro code  0x08003eac    0x16  queue.o [1]
  .text               ro code  0x08003ec4   0xc1c  stm32f2xx_tim.o [1]
  .text               ro code  0x08004ae0   0x364  main.o [1]
  .text               ro code  0x08004e44    0xc4  gear.o [1]
  .text               ro code  0x08004f08   0x56c  stm32f2xx_gpio.o [1]
  .text               ro code  0x08005474   0x300  event_groups.o [1]
  .text               ro code  0x08005774   0x3a6  stm32f2xx_it.o [1]
  .text               ro code  0x08005b1c   0x168  ledbuffer.o [1]
  .text               ro code  0x08005c84    0x10  main.o [1]
  .text               ro code  0x08005c94   0x18a  CLI.o [1]
  .text               ro code  0x08005e20   0x190  system_stm32f2xx.o [1]
  .text               ro code  0x08005fb0    0xe8  misc.o [1]
  .text               ro code  0x08006098   0x116  UID.o [1]
  .text               ro code  0x080061b0   0x7cc  CU.o [1]
  .text               ro code  0x0800697c    0xe8  timer.o [1]
  .text               ro code  0x08006a64    0xbc  internal_temp_sensor.o [1]
  .text               ro code  0x08006b20   0x100  PCA9952.o [1]
  .text               ro code  0x08006c20   0x2ec  STBT.o [1]
  .text               ro code  0x08006f0c    0x34  console.o [1]
  .text               ro code  0x08006f40    0x34  sprintf.o [3]
  .text               ro code  0x08006f74   0xa88  stm32f2xx_dma.o [1]
  .text               ro code  0x080079fc   0x20c  ADC.o [1]
  .text               ro code  0x08007c08   0x69c  stm32f2xx_usart.o [1]
  .text               ro code  0x080082a4   0x1d0  stm32f2xx_exti.o [1]
  .text               ro code  0x08008474    0x2c  strstr.o [3]
  .text               ro code  0x080084a0    0x42  strcmp.o [5]
  .text               ro code  0x080084e4   0x298  stm32f2xx_rcc.o [1]
  .text               ro code  0x0800877c   0x650  stm32f2xx_i2c.o [1]
  .text               ro code  0x08008dcc   0x100  stm32f2xx_syscfg.o [1]
  .text               ro code  0x08008ecc    0x1e  I32ToFlt.o [4]
  .text               ro code  0x08008eec    0xfc  FltDiv.o [4]
  .text               ro code  0x08008fe8    0x4e  FltToDbl.o [4]
  .text               ro code  0x08009038    0x90  DblToFlt.o [4]
  .text               ro code  0x080090c8   0x3e8  I2C.o [1]
  .text               ro code  0x080094b0   0x6a0  stm32f2xx_adc.o [1]
  .text               ro code  0x08009b50    0xb0  packbits_init.o [5]
  .text               ro code  0x08009c00     0x6  abort.o [3]
  .text               ro code  0x08009c08    0x14  exit.o [6]
  .rodata             const    0x08009c1c    0x7c  stm32f2xx_syscfg.o [1]
  .rodata             const    0x08009c98    0x7c  stm32f2xx_usart.o [1]
  .rodata             const    0x08009d14    0x78  stm32f2xx_adc.o [1]
  .rodata             const    0x08009d8c    0x78  stm32f2xx_dma.o [1]
  .rodata             const    0x08009e04    0x78  stm32f2xx_exti.o [1]
  .rodata             const    0x08009e7c    0x78  stm32f2xx_gpio.o [1]
  .rodata             const    0x08009ef4    0x78  stm32f2xx_i2c.o [1]
  .rodata             const    0x08009f6c    0x78  stm32f2xx_rcc.o [1]
  .rodata             const    0x08009fe4    0x78  stm32f2xx_tim.o [1]
  .rodata             const    0x0800a05c    0x70  misc.o [1]
  .text               ro code  0x0800a0cc    0x54  serial.o [1]
  .rodata             const    0x0800a120    0x3c  main.o [1]
  .text               ro code  0x0800a15c    0x28  data_init.o [5]
  .iar.init_table     const    0x0800a184    0x2c  - Linker created -
  .rodata             const    0x0800a1b0    0x18  STBT.o [1]
  .rodata             const    0x0800a1c8    0x18  main.o [1]
  .rodata             const    0x0800a1e0    0x18  main.o [1]
  .rodata             const    0x0800a1f8    0x18  main.o [1]
  .text               ro code  0x0800a210    0x16  cmain.o [5]
  .text               ro code  0x0800a226     0x4  low_level_init.o [3]
  .text               ro code  0x0800a22a     0x4  exit.o [3]
  .text               ro code  0x0800a230     0xa  cexit.o [5]
  .rodata             const    0x0800a23c    0x14  STBT.o [1]
  .rodata             const    0x0800a250    0x14  STBT.o [1]
  .rodata             const    0x0800a264    0x14  main.o [1]
  .rodata             const    0x0800a278    0x10  STBT.o [1]
  .rodata             const    0x0800a288    0x10  STBT.o [1]
  .rodata             const    0x0800a298    0x10  main.o [1]
  .rodata             const    0x0800a2a8    0x10  main.o [1]
  .rodata             const    0x0800a2b8    0x10  main.o [1]
  .text               ro code  0x0800a2c8    0x10  startup_stm32f2xx.o [1]
  .rodata             const    0x0800a2d8     0xc  CU.o [1]
  .rodata             const    0x0800a2e4     0xc  CU.o [1]
  .rodata             const    0x0800a2f0     0xc  CU.o [1]
  .rodata             const    0x0800a2fc     0xc  CU.o [1]
  .rodata             const    0x0800a308     0xc  CU.o [1]
  .rodata             const    0x0800a314     0xc  STBT.o [1]
  .rodata             const    0x0800a320     0xc  STBT.o [1]
  .rodata             const    0x0800a32c     0xc  STBT.o [1]
  .rodata             const    0x0800a338     0xc  main.o [1]
  .rodata             const    0x0800a344     0xc  main.o [1]
  .rodata             const    0x0800a350     0xc  main.o [1]
  .rodata             const    0x0800a35c     0xc  main.o [1]
  .rodata             const    0x0800a368     0xc  main.o [1]
  .text               ro code  0x0800a374     0xc  cstartup_M.o [5]
  .rodata             const    0x0800a380     0x8  CU.o [1]
  .rodata             const    0x0800a388     0x8  CU.o [1]
  .rodata             const    0x0800a390     0x8  CU.o [1]
  .rodata             const    0x0800a398     0x8  CU.o [1]
  .rodata             const    0x0800a3a0     0x8  CU.o [1]
  .rodata             const    0x0800a3a8     0x8  CU.o [1]
  .rodata             const    0x0800a3b0     0x8  main.o [1]
  .rodata             const    0x0800a3b8     0x8  main.o [1]
  .rodata             const    0x0800a3c0     0x8  main.o [1]
  .rodata             const    0x0800a3c8     0x8  tasks.o [1]
  .rodata             const    0x0800a3d0     0x8  timers.o [1]
  .rodata             const    0x0800a3d8     0x8  timers.o [1]
  .rodata             const    0x0800a3e0     0x4  CU.o [1]
  .rodata             const    0x0800a3e4     0x4  CU.o [1]
  .rodata             const    0x0800a3e8     0x4  CU.o [1]
  .rodata             const    0x0800a3ec     0x4  CU.o [1]
  .rodata             const    0x0800a3f0     0x4  CU.o [1]
  .rodata             const    0x0800a3f4     0x4  CU.o [1]
  .rodata             const    0x0800a3f8     0x4  CU.o [1]
  .rodata             const    0x0800a3fc     0x4  port.o [1]
  .text               ro code  0x0800a400     0x4  startup_stm32f2xx.o [1]
  .text               ro code  0x0800a404     0x4  startup_stm32f2xx.o [1]
  .text               ro code  0x0800a408     0x4  startup_stm32f2xx.o [1]
  .text               ro code  0x0800a40c     0x4  startup_stm32f2xx.o [1]
  .text               ro code  0x0800a410     0x4  startup_stm32f2xx.o [1]
  .text               ro code  0x0800a414     0x4  startup_stm32f2xx.o [1]
  .text               ro code  0x0800a418     0x4  startup_stm32f2xx.o [1]
  .text               ro code  0x0800a41c     0x4  startup_stm32f2xx.o [1]
  .text               ro code  0x0800a420     0x4  startup_stm32f2xx.o [1]
  .text               ro code  0x0800a424     0x4  startup_stm32f2xx.o [1]
  .text               ro code  0x0800a428     0x4  startup_stm32f2xx.o [1]
  .text               ro code  0x0800a42c     0x4  startup_stm32f2xx.o [1]
  .text               ro code  0x0800a430     0x4  startup_stm32f2xx.o [1]
  .text               ro code  0x0800a434     0x4  startup_stm32f2xx.o [1]
  .text               ro code  0x0800a438     0x4  startup_stm32f2xx.o [1]
  .text               ro code  0x0800a43c     0x4  startup_stm32f2xx.o [1]
  .text               ro code  0x0800a440     0x4  startup_stm32f2xx.o [1]
  .text               ro code  0x0800a444     0x4  startup_stm32f2xx.o [1]
  .text               ro code  0x0800a448     0x4  startup_stm32f2xx.o [1]
  .text               ro code  0x0800a44c     0x4  startup_stm32f2xx.o [1]
  .text               ro code  0x0800a450     0x4  startup_stm32f2xx.o [1]
  .text               ro code  0x0800a454     0x4  startup_stm32f2xx.o [1]
  .text               ro code  0x0800a458     0x4  startup_stm32f2xx.o [1]
  .text               ro code  0x0800a45c     0x4  startup_stm32f2xx.o [1]
  .text               ro code  0x0800a460     0x4  startup_stm32f2xx.o [1]
  .text               ro code  0x0800a464     0x4  startup_stm32f2xx.o [1]
  .text               ro code  0x0800a468     0x4  startup_stm32f2xx.o [1]
  .text               ro code  0x0800a46c     0x4  startup_stm32f2xx.o [1]
  .text               ro code  0x0800a470     0x4  startup_stm32f2xx.o [1]
  .text               ro code  0x0800a474     0x4  startup_stm32f2xx.o [1]
  .text               ro code  0x0800a478     0x4  startup_stm32f2xx.o [1]
  .text               ro code  0x0800a47c     0x4  startup_stm32f2xx.o [1]
  .text               ro code  0x0800a480     0x4  startup_stm32f2xx.o [1]
  .text               ro code  0x0800a484     0x4  startup_stm32f2xx.o [1]
  .text               ro code  0x0800a488     0x4  startup_stm32f2xx.o [1]
  .text               ro code  0x0800a48c     0x4  startup_stm32f2xx.o [1]
  .text               ro code  0x0800a490     0x4  startup_stm32f2xx.o [1]
  .text               ro code  0x0800a494     0x4  startup_stm32f2xx.o [1]
  .text               ro code  0x0800a498     0x4  startup_stm32f2xx.o [1]
  .text               ro code  0x0800a49c     0x4  startup_stm32f2xx.o [1]
  .text               ro code  0x0800a4a0     0x4  startup_stm32f2xx.o [1]
  .text               ro code  0x0800a4a4     0x4  startup_stm32f2xx.o [1]
  .text               ro code  0x0800a4a8     0x4  startup_stm32f2xx.o [1]
  .text               ro code  0x0800a4ac     0x4  startup_stm32f2xx.o [1]
  .text               ro code  0x0800a4b0     0x4  startup_stm32f2xx.o [1]
  .text               ro code  0x0800a4b4     0x4  startup_stm32f2xx.o [1]
  .text               ro code  0x0800a4b8     0x4  startup_stm32f2xx.o [1]
  .text               ro code  0x0800a4bc     0x4  startup_stm32f2xx.o [1]
  .text               ro code  0x0800a4c0     0x4  startup_stm32f2xx.o [1]
  .text               ro code  0x0800a4c4     0x4  startup_stm32f2xx.o [1]
  .text               ro code  0x0800a4c8     0x4  startup_stm32f2xx.o [1]
  .text               ro code  0x0800a4cc     0x4  startup_stm32f2xx.o [1]
  .text               ro code  0x0800a4d0     0x4  startup_stm32f2xx.o [1]
  .text               ro code  0x0800a4d4     0x4  startup_stm32f2xx.o [1]
  .text               ro code  0x0800a4d8     0x4  startup_stm32f2xx.o [1]
  .text               ro code  0x0800a4dc     0x4  startup_stm32f2xx.o [1]
  .text               ro code  0x0800a4e0     0x4  startup_stm32f2xx.o [1]
  .text               ro code  0x0800a4e4     0x4  startup_stm32f2xx.o [1]
  .text               ro code  0x0800a4e8     0x4  startup_stm32f2xx.o [1]
  .text               ro code  0x0800a4ec     0x4  startup_stm32f2xx.o [1]
  .text               ro code  0x0800a4f0     0x4  startup_stm32f2xx.o [1]
  .text               ro code  0x0800a4f4     0x4  startup_stm32f2xx.o [1]
  .text               ro code  0x0800a4f8     0x4  startup_stm32f2xx.o [1]
  .text               ro code  0x0800a4fc     0x4  startup_stm32f2xx.o [1]
  .text               ro code  0x0800a500     0x4  startup_stm32f2xx.o [1]
  .text               ro code  0x0800a504     0x4  startup_stm32f2xx.o [1]
  .text               ro code  0x0800a508     0x4  startup_stm32f2xx.o [1]
  .text               ro code  0x0800a50c     0x4  startup_stm32f2xx.o [1]
  .text               ro code  0x0800a510     0x4  startup_stm32f2xx.o [1]
  .text               ro code  0x0800a514     0x4  startup_stm32f2xx.o [1]
  .text               ro code  0x0800a518     0x4  startup_stm32f2xx.o [1]
  .text               ro code  0x0800a51c     0x4  startup_stm32f2xx.o [1]
  .text               ro code  0x0800a520     0x4  startup_stm32f2xx.o [1]
  .text               ro code  0x0800a524     0x4  startup_stm32f2xx.o [1]
  .text               ro code  0x0800a528     0x4  startup_stm32f2xx.o [1]
  .text               ro code  0x0800a52c     0x4  startup_stm32f2xx.o [1]
  .text               ro code  0x0800a530     0x4  startup_stm32f2xx.o [1]
  .text               ro code  0x0800a534     0x4  startup_stm32f2xx.o [1]
  .text               ro code  0x0800a538     0x4  startup_stm32f2xx.o [1]
  .text               ro code  0x0800a53c     0x4  startup_stm32f2xx.o [1]
  .text               ro code  0x0800a540     0x4  startup_stm32f2xx.o [1]
  .text               ro code  0x0800a544     0x4  startup_stm32f2xx.o [1]
  .text               ro code  0x0800a548     0x4  startup_stm32f2xx.o [1]
  .text               ro code  0x0800a54c     0x4  startup_stm32f2xx.o [1]
  .text               ro code  0x0800a550     0x4  startup_stm32f2xx.o [1]
  .text               ro code  0x0800a554     0x4  startup_stm32f2xx.o [1]
  .text               ro code  0x0800a558     0x4  startup_stm32f2xx.o [1]
  .text               ro code  0x0800a55c     0x4  startup_stm32f2xx.o [1]
  .text               ro code  0x0800a560     0x4  startup_stm32f2xx.o [1]
  .text               ro code  0x0800a564     0x4  startup_stm32f2xx.o [1]
  .rodata             const    0x0800a568     0x0  zero_init3.o [5]
  .rodata             const    0x0800a568     0x0  packbits_init.o [5]
  Initializer bytes   ro data  0x0800a568    0x84  <for P2 s0>
                             - 0x0800a5ec  0xa468

"P2", part 1 of 3:                          0x180
  P2 s0                        0x20000000   0x17e  <Init block>
    __DLIB_PERTHREAD  inited   0x20000000    0x88  localeconv.o [3]
    __DLIB_PERTHREAD  inited   0x20000088    0x74  setlocale.o [3]
    .data             inited   0x200000fc    0x10  stm32f2xx_rcc.o [1]
    .data             inited   0x2000010c    0x10  system_stm32f2xx.o [1]
    .data             inited   0x2000011c     0xc  CU.o [1]
    .data             inited   0x20000128     0xc  CU.o [1]
    .data             inited   0x20000134     0xc  CU.o [1]
    .data             inited   0x20000140     0xc  CU.o [1]
    .data             inited   0x2000014c     0x8  CU.o [1]
    .data             inited   0x20000154     0x8  CU.o [1]
    .data             inited   0x2000015c     0x8  CU.o [1]
    .data             inited   0x20000164     0x8  UID.o [1]
    .data             inited   0x2000016c     0x4  heap_2.o [1]
    .data             inited   0x20000170     0x4  internal_temp_sensor.o [1]
    .data             inited   0x20000174     0x4  port.o [1]
    .data             inited   0x20000178     0x4  system_stm32f2xx.o [1]
    .data             inited   0x2000017c     0x1  CLI.o [1]
    .data             inited   0x2000017d     0x1  gear.o [1]
                             - 0x2000017e   0x17e

"P2", part 2 of 3:                         0x4630
  .bss                zero     0x20000180  0x3c00  heap_2.o [1]
  .bss                zero     0x20003d80   0x248  stm32f2xx_it.o [1]
  .bss                zero     0x20003fc8   0x1e0  CLI.o [1]
  .bss                zero     0x200041a8   0x12c  main.o [1]
  .bss                zero     0x200042d4   0x12c  tasks.o [1]
  .bss                zero     0x20004400   0x100  CLI.o [1]
  .bss                zero     0x20004500    0x4c  ADC.o [1]
  .bss                zero     0x2000454c    0x40  queue.o [1]
  .bss                zero     0x2000458c    0x34  STBT.o [1]
  .bss                zero     0x200045c0    0x28  ADC.o [1]
  .bss                zero     0x200045e8    0x14  ADC.o [1]
  .bss                zero     0x200045fc    0x14  internal_temp_sensor.o [1]
  .bss                zero     0x20004610    0x14  tasks.o [1]
  .bss                zero     0x20004624    0x14  tasks.o [1]
  .bss                zero     0x20004638    0x14  tasks.o [1]
  .bss                zero     0x2000464c    0x14  tasks.o [1]
  .bss                zero     0x20004660    0x14  tasks.o [1]
  .bss                zero     0x20004674    0x14  timers.o [1]
  .bss                zero     0x20004688    0x14  timers.o [1]
  .bss                zero     0x2000469c     0xc  main.o [1]
  .bss                zero     0x200046a8     0x8  heap_2.o [1]
  .bss                zero     0x200046b0     0x8  heap_2.o [1]
  .bss                zero     0x200046b8     0x8  ledbuffer.o [1]
  .bss                zero     0x200046c0     0x8  ledbuffer.o [1]
  .bss                zero     0x200046c8     0x8  main.o [1]
  .bss                zero     0x200046d0     0x8  main.o [1]
  .bss                zero     0x200046d8     0x8  xxmemxmalloc.o [3]
  .bss                zero     0x200046e0     0x4  ADC.o [1]
  .bss                zero     0x200046e4     0x4  CLI.o [1]
  .bss                zero     0x200046e8     0x4  CLI.o [1]
  .bss                zero     0x200046ec     0x4  I2C.o [1]
  .bss                zero     0x200046f0     0x4  I2C.o [1]
  .bss                zero     0x200046f4     0x4  STBT.o [1]
  .bss                zero     0x200046f8     0x4  STBT.o [1]
  .bss                zero     0x200046fc     0x4  STBT.o [1]
  .bss                zero     0x20004700     0x4  UID.o [1]
  .bss                zero     0x20004704     0x4  console.o [1]
  .bss                zero     0x20004708     0x4  heap_2.o [1]
  .bss                zero     0x2000470c     0x4  internal_temp_sensor.o [1]
  .bss                zero     0x20004710     0x4  internal_temp_sensor.o [1]
  .bss                zero     0x20004714     0x4  main.o [1]
  .bss                zero     0x20004718     0x4  main.o [1]
  .bss                zero     0x2000471c     0x4  main.o [1]
  .bss                zero     0x20004720     0x4  main.o [1]
  .bss                zero     0x20004724     0x4  main.o [1]
  .bss                zero     0x20004728     0x4  port.o [1]
  .bss                zero     0x2000472c     0x4  serial.o [1]
  .bss                zero     0x20004730     0x4  stm32f2xx_it.o [1]
  .bss                zero     0x20004734     0x4  stm32f2xx_it.o [1]
  .bss                zero     0x20004738     0x4  stm32f2xx_it.o [1]
  .bss                zero     0x2000473c     0x4  stm32f2xx_it.o [1]
  .bss                zero     0x20004740     0x4  tasks.o [1]
  .bss                zero     0x20004744     0x4  tasks.o [1]
  .bss                zero     0x20004748     0x4  tasks.o [1]
  .bss                zero     0x2000474c     0x4  tasks.o [1]
  .bss                zero     0x20004750     0x4  tasks.o [1]
  .bss                zero     0x20004754     0x4  tasks.o [1]
  .bss                zero     0x20004758     0x4  tasks.o [1]
  .bss                zero     0x2000475c     0x4  tasks.o [1]
  .bss                zero     0x20004760     0x4  tasks.o [1]
  .bss                zero     0x20004764     0x4  tasks.o [1]
  .bss                zero     0x20004768     0x4  tasks.o [1]
  .bss                zero     0x2000476c     0x4  tasks.o [1]
  .bss                zero     0x20004770     0x4  tasks.o [1]
  .bss                zero     0x20004774     0x4  tasks.o [1]
  .bss                zero     0x20004778     0x4  tasks.o [1]
  .bss                zero     0x2000477c     0x4  timer.o [1]
  .bss                zero     0x20004780     0x4  timer.o [1]
  .bss                zero     0x20004784     0x4  timer.o [1]
  .bss                zero     0x20004788     0x4  timers.o [1]
  .bss                zero     0x2000478c     0x4  timers.o [1]
  .bss                zero     0x20004790     0x4  timers.o [1]
  .bss                zero     0x20004794     0x4  timers.o [1]
  .bss                zero     0x20004798     0x4  timers.o [1]
  .bss                zero     0x2000479c     0x4  xgetmemchunk.o [3]
  .bss                zero     0x200047a0     0x1  ADC.o [1]
  .bss                zero     0x200047a1     0x1  CLI.o [1]
  .bss                zero     0x200047a2     0x1  PCA9952.o [1]
  .bss                zero     0x200047a3     0x1  STBT.o [1]
  .bss                zero     0x200047a4     0x1  STBT.o [1]
  .bss                zero     0x200047a5     0x1  UID.o [1]
  .bss                zero     0x200047a6     0x1  gear.o [1]
  .bss                zero     0x200047a7     0x1  internal_temp_sensor.o [1]
  .bss                zero     0x200047a8     0x1  port.o [1]
                             - 0x200047a9  0x4629

"P2", part 3 of 3:                          0x600
  CSTACK                       0x200047b0   0x400  <Block>
    CSTACK            uninit   0x200047b0   0x400  <Block tail>
  HEAP                         0x20004bb0   0x200  <Block>
    HEAP              uninit   0x20004bb0   0x200  <Block tail>
                             - 0x20004db0   0x600


*******************************************************************************
*** INIT TABLE
***

          Address     Size
          -------     ----
Zero (__iar_zero_init3)
    1 destination range, total size 0x4629:
          0x20000180  0x4629

Copy/packbits (__iar_packbits_init3)
    1 source range, total size 0x84 (34% of destination):
          0x0800a568    0x84
    1 destination range, total size 0x17e:
          0x20000000   0x17e



*******************************************************************************
*** MODULE SUMMARY
***

    Module                  ro code  ro data  rw data
    ------                  -------  -------  -------
C:\Users\jeanphil.rey\Documents\JP\Perso\F3000\F3000git\V2\FW\Project\IARARM\Debug\Obj: [1]
    ADC.o                       524               141
    CLI.o                       394               746
    CU.o                      1 996      169       72
    I2C.o                     1 000                 8
    PCA9952.o                   256                 1
    STBT.o                      748      132       66
    UID.o                       278        2       13
    console.o                    52                 4
    event_groups.o              768
    gear.o                      196        1        2
    heap_2.o                    332        4   15 384
    internal_temp_sensor.o      188        1       33
    ledbuffer.o                 360                16
    list.o                      158
    main.o                      884      284      348
    misc.o                      232      112
    port.o                      508        5        9
    portasm.o                   136
    queue.o                   1 950                64
    serial.o                     84                 4
    startup_stm32f2xx.o         764
    stm32f2xx_adc.o           1 696      120
    stm32f2xx_dma.o           2 696      120
    stm32f2xx_exti.o            464      120
    stm32f2xx_gpio.o          1 388      120
    stm32f2xx_i2c.o           1 616      120
    stm32f2xx_it.o              934               600
    stm32f2xx_rcc.o             664      125       16
    stm32f2xx_syscfg.o          256      124
    stm32f2xx_tim.o           3 100      120
    stm32f2xx_usart.o         1 692      124
    system_stm32f2xx.o          400        8       20
    tasks.o                   3 586        8      460
    timer.o                     232                12
    timers.o                  1 188       16       60
    -------------------------------------------------
    Total:                   31 720    1 835   18 079

command line: [2]
    -------------------------------------------------
    Total:

dl7M_tlf.a: [3]
    abort.o                       6
    div.o                        14
    exit.o                        4
    localeconv.o                108       46      136
    low_level_init.o              4
    setlocale.o                  20       41      116
    sprintf.o                    52
    strstr.o                     44
    xencoding_sb.o               96
    xgetmemchunk.o               44                 4
    xmbcurmax.o                  10
    xmbtowc.o                    32
    xprintffull.o             4 294
    xsprout.o                    10
    xtls.o                        2
    xwctomb.o                    26
    xxmemxfree.o                128
    xxmemxmalloc.o              176                 8
    -------------------------------------------------
    Total:                    5 070       87      264

m7M_tl.a: [4]
    DblAdd.o                    232
    DblCmpGe.o                   46
    DblCmpLe.o                   46
    DblDiv.o                    582
    DblMul.o                    418
    DblSub.o                    384
    DblToFlt.o                  144
    DblToI32.o                   88
    FltDiv.o                    252
    FltToDbl.o                   78
    I32ToDbl.o                   48
    I32ToFlt.o                   30
    xdnorm.o                     66
    xdscale.o                   268
    -------------------------------------------------
    Total:                    2 682

rt7M_tl.a: [5]
    ABImemcpy.o                 118
    ABImemset.o                 102
    I64DivMod.o                 238
    I64DivZer.o                   2
    cexit.o                      10
    cmain.o                      22
    cstartup_M.o                 12
    data_init.o                  40
    memchr.o                     88
    packbits_init.o             176
    strchr.o                     22
    strcmp.o                     66
    strlen.o                     54
    zero_init3.o                 34
    -------------------------------------------------
    Total:                      984

shb_l.a: [6]
    exit.o                       20
    -------------------------------------------------
    Total:                       20

    Gaps                         32        2
    Linker created                        44    1 536
-----------------------------------------------------
    Grand Total:             40 508    1 968   19 879


*******************************************************************************
*** ENTRY LIST
***

Entry                      Address    Size  Type      Object
-----                      -------    ----  ----      ------
?main                   0x0800a211          Code  Gb  cmain.o [5]
ADCChannelValueMapping  0x200045e8    0x14  Data  Gb  ADC.o [1]
ADCConvertedValues      0x200045c0    0x28  Data  Gb  ADC.o [1]
ADCInited               0x200047a0     0x1  Data  Gb  ADC.o [1]
ADC_CallbackHandler     0x08007a3f    0x36  Code  Gb  ADC.o [1]
ADC_Cmd                 0x080097bf    0x5c  Code  Gb  stm32f2xx_adc.o [1]
ADC_CommonInit          0x0800965b   0x164  Code  Gb  stm32f2xx_adc.o [1]
ADC_DMACmd              0x08009a8b    0x52  Code  Gb  stm32f2xx_adc.o [1]
ADC_DMARequestAfterLastTransferCmd
                        0x08009add    0x52  Code  Gb  stm32f2xx_adc.o [1]
ADC_IRQHandler          0x0800a46d          Code  Wk  startup_stm32f2xx.o [1]
ADC_Init                0x080094b1   0x1aa  Code  Gb  stm32f2xx_adc.o [1]
ADC_LowLevelInit        0x08007a75   0x14e  Code  Gb  ADC.o [1]
ADC_RegisterCallback    0x080079fd    0x42  Code  Gb  ADC.o [1]
ADC_RegularChannelConfig
                        0x08009861   0x200  Code  Gb  stm32f2xx_adc.o [1]
ADC_SoftwareStartConv   0x08009a61    0x2a  Code  Gb  stm32f2xx_adc.o [1]
ADC_TempSensorVrefintCmd
                        0x0800981b    0x46  Code  Gb  stm32f2xx_adc.o [1]
ADC_cb_table            0x20004500    0x4c  Data  Gb  ADC.o [1]
AHBPrescTable           0x2000010c    0x10  Data  Gb  system_stm32f2xx.o [1]
APBAHBPrescTable        0x200000fc    0x10  Data  Lc  stm32f2xx_rcc.o [1]
AppTaskHandle           0x20004714     0x4  Data  Gb  main.o [1]
BTCOM                   0x200047a3     0x1  Data  Gb  STBT.o [1]
BTRXedStr               0x2000458c    0x34  Data  Gb  STBT.o [1]
BTRXedStrPtr            0x200046fc     0x4  Data  Gb  STBT.o [1]
BT_State                0x200047a4     0x1  Data  Gb  STBT.o [1]
BT_UART_RX_Queue        0x200046f8     0x4  Data  Gb  STBT.o [1]
BT_UART_sem             0x200046f4     0x4  Data  Gb  STBT.o [1]
BusFault_Handler        0x0800592f     0x2  Code  Gb  stm32f2xx_it.o [1]
CAN1_RX0_IRQHandler     0x0800a475          Code  Wk  startup_stm32f2xx.o [1]
CAN1_RX1_IRQHandler     0x0800a479          Code  Wk  startup_stm32f2xx.o [1]
CAN1_SCE_IRQHandler     0x0800a47d          Code  Wk  startup_stm32f2xx.o [1]
CAN1_TX_IRQHandler      0x0800a471          Code  Wk  startup_stm32f2xx.o [1]
CAN2_RX0_IRQHandler     0x0800a525          Code  Wk  startup_stm32f2xx.o [1]
CAN2_RX1_IRQHandler     0x0800a529          Code  Wk  startup_stm32f2xx.o [1]
CAN2_SCE_IRQHandler     0x0800a52d          Code  Wk  startup_stm32f2xx.o [1]
CAN2_TX_IRQHandler      0x0800a521          Code  Wk  startup_stm32f2xx.o [1]
CLI_CmdList             0x20003fc8   0x1e0  Data  Gb  CLI.o [1]
CLI_Error               0x08005e0d    0x12  Code  Gb  CLI.o [1]
CLI_Init                0x08005c95    0x30  Code  Gb  CLI.o [1]
CLI_Input               0x08005cc5    0x90  Code  Gb  CLI.o [1]
CLI_Interpreter         0x08005d55    0x80  Code  Gb  CLI.o [1]
CLI_Out                 0x200046e4     0x4  Data  Gb  CLI.o [1]
CLI_Output              0x08005dd5    0x1e  Code  Gb  CLI.o [1]
CLI_Output_Enable       0x2000017c     0x1  Data  Gb  CLI.o [1]
CLI_RxBuf               0x20004400   0x100  Data  Gb  CLI.o [1]
CLI_RxPtr               0x200047a1     0x1  Data  Gb  CLI.o [1]
CLI_UserInterpreter     0x200046e8     0x4  Data  Gb  CLI.o [1]
COM_IRQn                0x0800a3e8     0x4  Data  Gb  CU.o [1]
COM_RX_AF               0x0800148a     0x2  Data  Gb  CU.o [1]
COM_RX_PIN              0x0800a3e4     0x4  Data  Gb  CU.o [1]
COM_RX_PIN_SOURCE       0x08001346     0x2  Data  Gb  CU.o [1]
COM_RX_PORT             0x2000015c     0x8  Data  Gb  CU.o [1]
COM_RX_PORT_CLK         0x0800a398     0x8  Data  Gb  CU.o [1]
COM_TX_AF               0x08001412     0x2  Data  Gb  CU.o [1]
COM_TX_PIN              0x0800a3e0     0x4  Data  Gb  CU.o [1]
COM_TX_PIN_SOURCE       0x080012e2     0x2  Data  Gb  CU.o [1]
COM_TX_PORT             0x20000154     0x8  Data  Gb  CU.o [1]
COM_TX_PORT_CLK         0x0800a390     0x8  Data  Gb  CU.o [1]
COM_USART               0x2000014c     0x8  Data  Gb  CU.o [1]
COM_USART_CLK           0x0800a388     0x8  Data  Gb  CU.o [1]
CRYP_IRQHandler         0x0800a561          Code  Wk  startup_stm32f2xx.o [1]
CSTACK$$Base            0x200047b0           --   Gb  - Linker created -
CSTACK$$Limit           0x20004bb0           --   Gb  - Linker created -
CU_COMInit              0x08006275   0x14e  Code  Gb  CU.o [1]
CU_IOInit               0x08006515   0x3e6  Code  Gb  CU.o [1]
CU_Inputs_EventGroup    0x20004724     0x4  Data  Gb  main.o [1]
CU_LEDInit              0x080061eb    0x5a  Code  Gb  CU.o [1]
CU_LEDOff               0x0800625d    0x18  Code  Gb  CU.o [1]
CU_LEDOn                0x08006245    0x18  Code  Gb  CU.o [1]
ConfigTaskHandle        0x20004718     0x4  Data  Gb  main.o [1]
ConsoleOutput           0x20004704     0x4  Data  Gb  console.o [1]
DCMI_IRQHandler         0x0800a55d          Code  Wk  startup_stm32f2xx.o [1]
DMA1_Stream0_IRQHandler
                        0x0800a451          Code  Wk  startup_stm32f2xx.o [1]
DMA1_Stream1_IRQHandler
                        0x0800a455          Code  Wk  startup_stm32f2xx.o [1]
DMA1_Stream2_IRQHandler
                        0x0800a459          Code  Wk  startup_stm32f2xx.o [1]
DMA1_Stream3_IRQHandler
                        0x0800a45d          Code  Wk  startup_stm32f2xx.o [1]
DMA1_Stream4_IRQHandler
                        0x0800a461          Code  Wk  startup_stm32f2xx.o [1]
DMA1_Stream5_IRQHandler
                        0x0800a465          Code  Wk  startup_stm32f2xx.o [1]
DMA1_Stream6_IRQHandler
                        0x0800a469          Code  Wk  startup_stm32f2xx.o [1]
DMA1_Stream7_IRQHandler
                        0x0800a4e1          Code  Wk  startup_stm32f2xx.o [1]
DMA2_Stream0_IRQHandler
                        0x0800597d    0x22  Code  Gb  stm32f2xx_it.o [1]
DMA2_Stream0_cb         0x08007bc3    0x22  Code  Gb  ADC.o [1]
DMA2_Stream1_IRQHandler
                        0x0800a509          Code  Wk  startup_stm32f2xx.o [1]
DMA2_Stream2_IRQHandler
                        0x0800a50d          Code  Wk  startup_stm32f2xx.o [1]
DMA2_Stream3_IRQHandler
                        0x0800a511          Code  Wk  startup_stm32f2xx.o [1]
DMA2_Stream4_IRQHandler
                        0x0800a515          Code  Wk  startup_stm32f2xx.o [1]
DMA2_Stream5_IRQHandler
                        0x0800a535          Code  Wk  startup_stm32f2xx.o [1]
DMA2_Stream6_IRQHandler
                        0x0800a539          Code  Wk  startup_stm32f2xx.o [1]
DMA2_Stream7_IRQHandler
                        0x0800a53d          Code  Wk  startup_stm32f2xx.o [1]
DMA_ClearITPendingBit   0x0800784b    0xb8  Code  Gb  stm32f2xx_dma.o [1]
DMA_Cmd                 0x08007415    0xc4  Code  Gb  stm32f2xx_dma.o [1]
DMA_DeInit              0x08006f75   0x1ea  Code  Gb  stm32f2xx_dma.o [1]
DMA_GetITStatus         0x0800764d   0x1fe  Code  Gb  stm32f2xx_dma.o [1]
DMA_ITConfig            0x0800753d    0xf6  Code  Gb  stm32f2xx_dma.o [1]
DMA_Init                0x0800715f   0x2b6  Code  Gb  stm32f2xx_dma.o [1]
Debounce                0x08005829    0x44  Code  Gb  stm32f2xx_it.o [1]
DebouncerAddInput       0x08005799    0x90  Code  Gb  stm32f2xx_it.o [1]
DebouncerEventGroup     0x2000473c     0x4  Data  Gb  stm32f2xx_it.o [1]
DebouncerHandle         0x0800586d    0xae  Code  Gb  stm32f2xx_it.o [1]
DebouncerInit           0x08005775    0x24  Code  Gb  stm32f2xx_it.o [1]
DebugMon_Handler        0x08005935     0x2  Code  Gb  stm32f2xx_it.o [1]
Delay_ms_tick           0x20004734     0x4  Data  Gb  stm32f2xx_it.o [1]
DiagnosticTaskHandle    0x20004720     0x4  Data  Gb  main.o [1]
ETH_IRQHandler          0x0800a519          Code  Wk  startup_stm32f2xx.o [1]
ETH_WKUP_IRQHandler     0x0800a51d          Code  Wk  startup_stm32f2xx.o [1]
EUI64_getNXSFormat      0x08006171    0x3e  Code  Gb  UID.o [1]
EXTI0_IRQHandler        0x0800a43d          Code  Wk  startup_stm32f2xx.o [1]
EXTI15_10_IRQHandler    0x08005a7b    0x54  Code  Gb  stm32f2xx_it.o [1]
EXTI1_IRQHandler        0x0800a441          Code  Wk  startup_stm32f2xx.o [1]
EXTI2_IRQHandler        0x0800a445          Code  Wk  startup_stm32f2xx.o [1]
EXTI3_IRQHandler        0x0800a449          Code  Wk  startup_stm32f2xx.o [1]
EXTI4_IRQHandler        0x0800a44d          Code  Wk  startup_stm32f2xx.o [1]
EXTI9_5_IRQHandler      0x08005b05    0x16  Code  Gb  stm32f2xx_it.o [1]
EXTI_ClearITPendingBit  0x0800843b    0x20  Code  Gb  stm32f2xx_exti.o [1]
EXTI_GetITStatus        0x0800838b    0xb0  Code  Gb  stm32f2xx_exti.o [1]
EXTI_Init               0x080082a5    0xe6  Code  Gb  stm32f2xx_exti.o [1]
ExtInterrupts           0x20003d80   0x248  Data  Gb  stm32f2xx_it.o [1]
F3000CLIInterpreter     0x08004c05    0xb6  Code  Gb  main.o [1]
F3000_App               0x08004b53    0xb2  Code  Gb  main.o [1]
F3000_Conf              0x08004afb     0xc  Code  Gb  main.o [1]
F3000_Diag              0x08004b07    0x1c  Code  Gb  main.o [1]
F3000_Periodic          0x08004b23    0x30  Code  Gb  main.o [1]
FLASH_IRQHandler        0x0800a435          Code  Wk  startup_stm32f2xx.o [1]
FSMC_IRQHandler         0x0800a4e5          Code  Wk  startup_stm32f2xx.o [1]
GPIO_CLK                0x0800a2d8     0xc  Data  Gb  CU.o [1]
GPIO_Init               0x08004f09   0x18a  Code  Gb  stm32f2xx_gpio.o [1]
GPIO_PIN                0x0800a380     0x8  Data  Gb  CU.o [1]
GPIO_PORT               0x2000011c     0xc  Data  Gb  CU.o [1]
GPIO_PinAFConfig        0x08005261   0x1ec  Code  Gb  stm32f2xx_gpio.o [1]
GPIO_ReadInputDataBit   0x08005093    0xf0  Code  Gb  stm32f2xx_gpio.o [1]
GPIO_ResetBits          0x080051df    0x5c  Code  Gb  stm32f2xx_gpio.o [1]
GPIO_SetBits            0x08005183    0x5c  Code  Gb  stm32f2xx_gpio.o [1]
HASH_RNG_IRQHandler     0x0800a565          Code  Wk  startup_stm32f2xx.o [1]
HEAP$$Base              0x20004bb0           --   Gb  - Linker created -
HEAP$$Limit             0x20004db0           --   Gb  - Linker created -
HardFault_Handler       0x08005929     0x4  Code  Gb  stm32f2xx_it.o [1]
I2C1_ER_IRQHandler      0x0800a4a5          Code  Wk  startup_stm32f2xx.o [1]
I2C1_EV_IRQHandler      0x0800a4a1          Code  Wk  startup_stm32f2xx.o [1]
I2C2_ER_IRQHandler      0x0800a4ad          Code  Wk  startup_stm32f2xx.o [1]
I2C2_EV_IRQHandler      0x0800a4a9          Code  Wk  startup_stm32f2xx.o [1]
I2C3_ER_IRQHandler      0x0800a549          Code  Wk  startup_stm32f2xx.o [1]
I2C3_EV_IRQHandler      0x0800a545          Code  Wk  startup_stm32f2xx.o [1]
I2CInUse                0x200047a2     0x1  Data  Gb  PCA9952.o [1]
I2C_Bus_Init            0x080063c3   0x152  Code  Gb  CU.o [1]
I2C_CLK                 0x0800a2e4     0xc  Data  Gb  CU.o [1]
I2C_CheckEvent          0x08008b59   0x104  Code  Gb  stm32f2xx_i2c.o [1]
I2C_Cmd                 0x080089a1    0x5e  Code  Gb  stm32f2xx_i2c.o [1]
I2C_DeInit              0x0800877d    0x80  Code  Gb  stm32f2xx_i2c.o [1]
I2C_Driver_Init         0x080090c9    0x62  Code  Gb  I2C.o [1]
I2C_GenerateSTART       0x080089ff    0x5e  Code  Gb  stm32f2xx_i2c.o [1]
I2C_GenerateSTOP        0x08008a5d    0x5e  Code  Gb  stm32f2xx_i2c.o [1]
I2C_GetFlagStatus       0x08008c5d    0xec  Code  Gb  stm32f2xx_i2c.o [1]
I2C_Init                0x080087fd   0x1a4  Code  Gb  stm32f2xx_i2c.o [1]
I2C_Inited_flag         0x200046f0     0x4  Data  Gb  I2C.o [1]
I2C_PERIPH              0x20000128     0xc  Data  Gb  CU.o [1]
I2C_SCL_AF              0x0800a3f0     0x4  Data  Gb  CU.o [1]
I2C_SCL_GPIO_CLK        0x0800a2f0     0xc  Data  Gb  CU.o [1]
I2C_SCL_GPIO_PORT       0x20000134     0xc  Data  Gb  CU.o [1]
I2C_SCL_PIN             0x0800a3a0     0x8  Data  Gb  CU.o [1]
I2C_SCL_SOURCE          0x0800a3ec     0x4  Data  Gb  CU.o [1]
I2C_SDA_AF              0x0800a3f8     0x4  Data  Gb  CU.o [1]
I2C_SDA_GPIO_CLK        0x0800a2fc     0xc  Data  Gb  CU.o [1]
I2C_SDA_GPIO_PORT       0x20000140     0xc  Data  Gb  CU.o [1]
I2C_SDA_PIN             0x0800a3a8     0x8  Data  Gb  CU.o [1]
I2C_SDA_SOURCE          0x0800a3f4     0x4  Data  Gb  CU.o [1]
I2C_SPEED               0x0800a308     0xc  Data  Gb  CU.o [1]
I2C_Send7bitAddress     0x08008abb    0x5a  Code  Gb  stm32f2xx_i2c.o [1]
I2C_SendData            0x08008b15    0x28  Code  Gb  stm32f2xx_i2c.o [1]
I2C_abort_transaction   0x0800912b    0xe6  Code  Gb  I2C.o [1]
I2C_sem                 0x200046ec     0x4  Data  Gb  I2C.o [1]
I2C_write_burst         0x0800932b   0x164  Code  Gb  I2C.o [1]
I2C_write_reg           0x08009211   0x11a  Code  Gb  I2C.o [1]
ITS_ADCAccu             0x200045fc    0x14  Data  Gb  internal_temp_sensor.o [1]
ITS_ADCAccuPtr          0x200047a7     0x1  Data  Gb  internal_temp_sensor.o [1]
ITS_Init                0x08006a65    0x1e  Code  Gb  internal_temp_sensor.o [1]
ITS_Monitor_callback    0x08006a85    0x78  Code  Gb  internal_temp_sensor.o [1]
ITS_OverTempThreshold   0x20000170     0x4  Data  Gb  internal_temp_sensor.o [1]
ITS_OverTemp_cb         0x2000470c     0x4  Data  Gb  internal_temp_sensor.o [1]
ITS_currentValue        0x20004710     0x4  Data  Gb  internal_temp_sensor.o [1]
InStream_Read           0x08009b51    0x22  Code  Lc  packbits_init.o [5]
LEDbuffer               0x200046b8     0x8  Data  Gb  ledbuffer.o [1]
LEDbuffer_MaskReset     0x08005b9b    0x34  Code  Gb  ledbuffer.o [1]
LEDbuffer_MaskSet       0x08005b69    0x32  Code  Gb  ledbuffer.o [1]
LEDbuffer_ResetBit      0x08005c25    0x56  Code  Gb  ledbuffer.o [1]
LEDbuffer_SetBit        0x08005bcf    0x56  Code  Gb  ledbuffer.o [1]
LEDbuffer_last          0x200046c0     0x8  Data  Gb  ledbuffer.o [1]
LEDbuffer_refresh       0x08005b1d    0x4c  Code  Gb  ledbuffer.o [1]
LEDs_Init               0x080061b1    0x3a  Code  Gb  CU.o [1]
MemManage_Handler       0x0800592d     0x2  Code  Gb  stm32f2xx_it.o [1]
NMI_Handler             0x08005925     0x2  Code  Gb  stm32f2xx_it.o [1]
NVIC_Init               0x08005fe5    0x9a  Code  Gb  misc.o [1]
NVIC_PriorityGroupConfig
                        0x08005fb1    0x34  Code  Gb  misc.o [1]
NVIC_SystemReset        0x08004ae1    0x1a  Code  Lc  main.o [1]
NXS_EUI64               0x200046d0     0x8  Data  Gb  main.o [1]
NXS_UID                 0x2000469c     0xc  Data  Gb  main.o [1]
OTG_FS_IRQHandler       0x0800a531          Code  Wk  startup_stm32f2xx.o [1]
OTG_FS_WKUP_IRQHandler  0x0800a4cd          Code  Wk  startup_stm32f2xx.o [1]
OTG_HS_EP1_IN_IRQHandler
                        0x0800a551          Code  Wk  startup_stm32f2xx.o [1]
OTG_HS_EP1_OUT_IRQHandler
                        0x0800a54d          Code  Wk  startup_stm32f2xx.o [1]
OTG_HS_IRQHandler       0x0800a559          Code  Wk  startup_stm32f2xx.o [1]
OTG_HS_WKUP_IRQHandler  0x0800a555          Code  Wk  startup_stm32f2xx.o [1]
PCA9952_Init            0x08006b21    0x5e  Code  Gb  PCA9952.o [1]
PCA9952_LED_Control     0x08006b7f    0x56  Code  Gb  PCA9952.o [1]
PCA9952_write_burst     0x08006bf5    0x24  Code  Gb  PCA9952.o [1]
PCA9952_write_reg       0x08006bd5    0x20  Code  Gb  PCA9952.o [1]
PVD_IRQHandler          0x0800a429          Code  Wk  startup_stm32f2xx.o [1]
PendSV_Handler          0x08005937     0x2  Code  Gb  stm32f2xx_it.o [1]
PeriodicTaskHandle      0x2000471c     0x4  Data  Gb  main.o [1]
RCC_AHB1PeriphClockCmd  0x080085e7    0x58  Code  Gb  stm32f2xx_rcc.o [1]
RCC_APB1PeriphClockCmd  0x0800863f    0x58  Code  Gb  stm32f2xx_rcc.o [1]
RCC_APB1PeriphResetCmd  0x080086f9    0x58  Code  Gb  stm32f2xx_rcc.o [1]
RCC_APB2PeriphClockCmd  0x08008697    0x58  Code  Gb  stm32f2xx_rcc.o [1]
RCC_GetClocksFreq       0x080084e5   0x102  Code  Gb  stm32f2xx_rcc.o [1]
RCC_IRQHandler          0x0800a439          Code  Wk  startup_stm32f2xx.o [1]
RTC_Alarm_IRQHandler    0x0800a4c9          Code  Wk  startup_stm32f2xx.o [1]
RTC_WKUP_IRQHandler     0x0800a431          Code  Wk  startup_stm32f2xx.o [1]
Region$$Table$$Base     0x0800a184           --   Gb  - Linker created -
Region$$Table$$Limit    0x0800a1b0           --   Gb  - Linker created -
Reset_Handler           0x0800a2c9          Code  Wk  startup_stm32f2xx.o [1]
SDIO_IRQHandler         0x0800a4e9          Code  Wk  startup_stm32f2xx.o [1]
SPI1_IRQHandler         0x0800a4b1          Code  Wk  startup_stm32f2xx.o [1]
SPI2_IRQHandler         0x0800a4b5          Code  Wk  startup_stm32f2xx.o [1]
SPI3_IRQHandler         0x0800a4f1          Code  Wk  startup_stm32f2xx.o [1]
STBT_ConsoleOutput      0x08006c21     0xc  Code  Gb  STBT.o [1]
STBT_Init               0x08006c2d    0x8c  Code  Gb  STBT.o [1]
STBT_SPP_Send           0x08006d01    0x20  Code  Gb  STBT.o [1]
STBT_Send               0x08006cb9    0x48  Code  Gb  STBT.o [1]
STBT_Task               0x08006d25   0x196  Code  Gb  STBT.o [1]
STBT_USART_RX_Callback  0x08006ebb    0x12  Code  Gb  STBT.o [1]
SVC_Handler             0x08005933     0x2  Code  Gb  stm32f2xx_it.o [1]
SYSCFG_EXTILineConfig   0x08008dcd    0xf8  Code  Gb  stm32f2xx_syscfg.o [1]
SerialUART_sem          0x2000472c     0x4  Data  Gb  serial.o [1]
Serial_SendString       0x0800a0cd    0x4a  Code  Gb  serial.o [1]
SetSysClock             0x08005f15    0x68  Code  Lc  system_stm32f2xx.o [1]
SysTick_Delay_cb        0x20004730     0x4  Data  Gb  stm32f2xx_it.o [1]
SysTick_Delay_ms        0x20004738     0x4  Data  Gb  stm32f2xx_it.o [1]
SysTick_Handler         0x08005939    0x44  Code  Gb  stm32f2xx_it.o [1]
SystemCoreClock         0x20000178     0x4  Data  Gb  system_stm32f2xx.o [1]
SystemCoreClockUpdate   0x08005e67    0xae  Code  Gb  system_stm32f2xx.o [1]
SystemInit              0x08005e21    0x46  Code  Gb  system_stm32f2xx.o [1]
TAMP_STAMP_IRQHandler   0x0800a42d          Code  Wk  startup_stm32f2xx.o [1]
TIM1_BRK_TIM9_IRQHandler
                        0x0800a485          Code  Wk  startup_stm32f2xx.o [1]
TIM1_CC_IRQHandler      0x0800a491          Code  Wk  startup_stm32f2xx.o [1]
TIM1_TRG_COM_TIM11_IRQHandler
                        0x0800a48d          Code  Wk  startup_stm32f2xx.o [1]
TIM1_UP_TIM10_IRQHandler
                        0x0800a489          Code  Wk  startup_stm32f2xx.o [1]
TIM2_IRQHandler         0x080059c7    0xb4  Code  Gb  stm32f2xx_it.o [1]
TIM3_IRQHandler         0x0800a499          Code  Wk  startup_stm32f2xx.o [1]
TIM4_IRQHandler         0x0800a49d          Code  Wk  startup_stm32f2xx.o [1]
TIM5_IRQHandler         0x0800a4ed          Code  Wk  startup_stm32f2xx.o [1]
TIM6_DAC_IRQHandler     0x0800a4fd          Code  Wk  startup_stm32f2xx.o [1]
TIM7_IRQHandler         0x0800a501          Code  Wk  startup_stm32f2xx.o [1]
TIM8_BRK_TIM12_IRQHandler
                        0x0800a4d1          Code  Wk  startup_stm32f2xx.o [1]
TIM8_CC_IRQHandler      0x0800a4dd          Code  Wk  startup_stm32f2xx.o [1]
TIM8_TRG_COM_TIM14_IRQHandler
                        0x0800a4d9          Code  Wk  startup_stm32f2xx.o [1]
TIM8_UP_TIM13_IRQHandler
                        0x0800a4d5          Code  Wk  startup_stm32f2xx.o [1]
TIM_ClearITPendingBit   0x08004a29    0x7e  Code  Gb  stm32f2xx_tim.o [1]
TIM_Cmd                 0x080040c9    0xb4  Code  Gb  stm32f2xx_tim.o [1]
TIM_GetITStatus         0x0800493d    0xec  Code  Gb  stm32f2xx_tim.o [1]
TIM_ITConfig            0x0800486d    0xc6  Code  Gb  stm32f2xx_tim.o [1]
TIM_OC1Init             0x0800417d   0x1c2  Code  Gb  stm32f2xx_tim.o [1]
TIM_OC1PreloadConfig    0x080046b9    0x96  Code  Gb  stm32f2xx_tim.o [1]
TIM_OC2Init             0x0800433f   0x1ac  Code  Gb  stm32f2xx_tim.o [1]
TIM_OC2PreloadConfig    0x08004755    0x7c  Code  Gb  stm32f2xx_tim.o [1]
TIM_OC3Init             0x080044eb   0x19a  Code  Gb  stm32f2xx_tim.o [1]
TIM_OC3PreloadConfig    0x080047d1    0x6a  Code  Gb  stm32f2xx_tim.o [1]
TIM_SetCounter          0x0800400d    0x84  Code  Gb  stm32f2xx_tim.o [1]
TIM_TimeBaseInit        0x08003ec5   0x148  Code  Gb  stm32f2xx_tim.o [1]
Timer2_OC_Ch1_callback  0x2000477c     0x4  Data  Gb  timer.o [1]
Timer2_OC_Ch2_callback  0x20004780     0x4  Data  Gb  timer.o [1]
Timer2_OC_Ch3_callback  0x20004784     0x4  Data  Gb  timer.o [1]
UART4_IRQHandler        0x0800a4f5          Code  Wk  startup_stm32f2xx.o [1]
UART5_IRQHandler        0x0800a4f9          Code  Wk  startup_stm32f2xx.o [1]
UID                     0x200046c8     0x8  Data  Gb  main.o [1]
UID_Init                0x08006099     0xa  Code  Gb  UID.o [1]
UID_base_address        0x20004700     0x4  Data  Gb  UID.o [1]
UID_default             0x20000164     0x8  Data  Gb  UID.o [1]
UID_getNXSFormat        0x080060ff    0x66  Code  Gb  UID.o [1]
UID_getUID              0x080060a3    0x5c  Code  Gb  UID.o [1]
UID_length              0x200047a5     0x1  Data  Gb  UID.o [1]
USART1_IRQHandler       0x0800a4b9          Code  Wk  startup_stm32f2xx.o [1]
USART2_IRQHandler       0x0800a4bd          Code  Wk  startup_stm32f2xx.o [1]
USART3_IRQHandler       0x0800599f    0x28  Code  Gb  stm32f2xx_it.o [1]
USART6_IRQHandler       0x0800a541          Code  Wk  startup_stm32f2xx.o [1]
USART_ClearITPendingBit
                        0x080081db    0xaa  Code  Gb  stm32f2xx_usart.o [1]
USART_Cmd               0x08007e09    0x76  Code  Gb  stm32f2xx_usart.o [1]
USART_GetITStatus       0x08008097   0x144  Code  Gb  stm32f2xx_usart.o [1]
USART_ITConfig          0x08007f49   0x14e  Code  Gb  stm32f2xx_usart.o [1]
USART_Init              0x08007c09   0x200  Code  Gb  stm32f2xx_usart.o [1]
USART_ReceiveData       0x08007edd    0x48  Code  Gb  stm32f2xx_usart.o [1]
USART_SendData          0x08007e7f    0x5e  Code  Gb  stm32f2xx_usart.o [1]
UsageFault_Handler      0x08005931     0x2  Code  Gb  stm32f2xx_it.o [1]
WWDG_IRQHandler         0x0800a425          Code  Wk  startup_stm32f2xx.o [1]
_EncodingSb_Mbtowc      0x08001e47    0x30  Code  Gb  xencoding_sb.o [3]
_EncodingSb_Wctomb      0x08001e2d    0x1a  Code  Gb  xencoding_sb.o [3]
_GenldFull              0x08000fb9   0x248  Code  Lc  xprintffull.o [3]
_IsdstStr               0x2000008c     0x4  Data  Gb  setlocale.o [3]
_LdtobFull              0x08000bf1   0x3c2  Code  Lc  xprintffull.o [3]
_LitobFull              0x08000a93   0x10c  Code  Lc  xprintffull.o [3]
_LocaleEncoding         0x08001e19     0xe  Code  Gb  setlocale.o [3]
_LocaleReturnString     0x200000ac    0x50  Data  Lc  setlocale.o [3]
_Locale_Profile         0x20000090    0x1c  Data  Gb  setlocale.o [3]
_Locale_aeabi_lconv     0x20000050    0x38  Data  Gb  localeconv.o [3]
_Locale_lconv           0x20000000    0x50  Data  Gb  localeconv.o [3]
_Mbtowc                 0x0800124b    0x20  Code  Gb  xmbtowc.o [3]
_PrintfFull             0x08000185   0x5b6  Code  Gb  xprintffull.o [3]
_PutcharsFull           0x08001201    0x2e  Code  Lc  xprintffull.o [3]
_PutstrFull             0x08000751   0x33c  Code  Lc  xprintffull.o [3]
_SProut                 0x080012a3     0xa  Code  Gb  xsprout.o [3]
_TzoneStr               0x20000088     0x4  Data  Gb  setlocale.o [3]
_Wctomb                 0x080013f9    0x1a  Code  Gb  xwctomb.o [3]
__aeabi_cdcmple         0x080017e1          Code  Gb  DblCmpLe.o [4]
__aeabi_cdrcmple        0x08001811          Code  Gb  DblCmpGe.o [4]
__aeabi_d2f             0x08009039          Code  Gb  DblToFlt.o [4]
__aeabi_d2iz            0x0800194d          Code  Gb  DblToI32.o [4]
__aeabi_d2uiz           0x08001979          Code  Gb  DblToI32.o [4]
__aeabi_dadd            0x08001ebd          Code  Gb  DblAdd.o [4]
__aeabi_ddiv            0x08001b55          Code  Gb  DblDiv.o [4]
__aeabi_dmul            0x080015fd          Code  Gb  DblMul.o [4]
__aeabi_dsub            0x080019d5          Code  Gb  DblSub.o [4]
__aeabi_f2d             0x08008fe9          Code  Gb  FltToDbl.o [4]
__aeabi_fdiv            0x08008eed          Code  Gb  FltDiv.o [4]
__aeabi_i2d             0x080019a5          Code  Gb  I32ToDbl.o [4]
__aeabi_ldiv0           0x08001eb9          Code  Gb  I64DivZer.o [5]
__aeabi_memcpy          0x08001415          Code  Gb  ABImemcpy.o [5]
__aeabi_memcpy4         0x08001435          Code  Gb  ABImemcpy.o [5]
__aeabi_memcpy8         0x08001435          Code  Gb  ABImemcpy.o [5]
__aeabi_memset          0x08003635          Code  Gb  ABImemset.o [5]
__aeabi_ui2d            0x080019b9          Code  Gb  I32ToDbl.o [4]
__aeabi_ui2f            0x08008ecd          Code  Gb  I32ToFlt.o [4]
__aeabi_uldivmod        0x0800150d          Code  Gb  I64DivMod.o [5]
__cmain                 0x0800a211          Code  Gb  cmain.o [5]
__data_Aldata           0x200046d8     0x8  Data  Gb  xxmemxmalloc.o [3]
__data_GetMemChunk      0x08001e8d    0x2c  Code  Gb  xgetmemchunk.o [3]
__exit                  0x08009c09    0x14  Code  Gb  exit.o [6]
__iar_Dnorm             0x0800179f    0x42  Code  Gb  xdnorm.o [4]
__iar_Dscale            0x08001841   0x10c  Code  Gb  xdscale.o [4]
__iar_Locale_lconv_init
                        0x08001d9d    0x3a  Code  Gb  localeconv.o [3]
__iar_Mbcurmax          0x0800133d     0xa  Code  Gb  xmbcurmax.o [3]
__iar_Memchr            0x080012e5          Code  Gb  memchr.o [5]
__iar_Memset            0x08003635          Code  Gb  ABImemset.o [5]
__iar_Memset_word       0x0800363d          Code  Gb  ABImemset.o [5]
__iar_Strchr            0x0800128d          Code  Gb  strchr.o [5]
__iar_Strstr            0x08008475    0x2c  Code  Gb  strstr.o [3]
__iar_d2uiz             0x08001985          Code  Gb  DblToI32.o [4]
__iar_dadd              0x08001ed1          Code  Gb  DblAdd.o [4]
__iar_data_init3        0x0800a15d    0x28  Code  Gb  data_init.o [5]
__iar_dlib_perthread_access
                        0x08001fa5     0x2  Code  Gb  xtls.o [3]
__iar_dsub              0x080019e9          Code  Gb  DblSub.o [4]
__iar_dsubStart         0x080019fb          Code  Gb  DblSub.o [4]
__iar_packbits_init3    0x08009b73    0x8e  Code  Gb  packbits_init.o [5]
__iar_program_start     0x0800a375          Code  Gb  cstartup_M.o [5]
__iar_strcmp            0x080084a1          Code  Gb  strcmp.o [5]
__iar_ui2d              0x080019bd          Code  Gb  I32ToDbl.o [4]
__iar_ui2f              0x08008ed1          Code  Gb  I32ToFlt.o [4]
__iar_zero_init3        0x0800126b    0x22  Code  Gb  zero_init3.o [5]
__low_level_init        0x0800a227     0x4  Code  Gb  low_level_init.o [3]
__vector_table          0x08000000          Data  Gb  startup_stm32f2xx.o [1]
_call_main              0x0800a21d          Code  Gb  cmain.o [5]
_exit                   0x0800a231          Code  Gb  cexit.o [5]
_main                   0x0800a223          Code  Gb  cmain.o [5]
abort                   0x08009c01     0x6  Code  Gb  abort.o [3]
assert_failed           0x08004d7b    0x34  Code  Gb  main.o [1]
console_Init            0x08006f0d    0x14  Code  Gb  console.o [1]
console_log             0x08006f21    0x16  Code  Gb  console.o [1]
div                     0x08001e09     0xe  Code  Gb  div.o [3]
exit                    0x0800a22b     0x4  Code  Gb  exit.o [3]
free                    0x0800148d    0x7a  Code  Gb  xxmemxfree.o [3]
gear_current_pos        0x2000017d     0x1  Data  Gb  gear.o [1]
gear_decrease           0x08004e75    0x16  Code  Gb  gear.o [1]
gear_down               0x08004ea9    0x1e  Code  Gb  gear.o [1]
gear_getPosition        0x08004ee7     0x6  Code  Gb  gear.o [1]
gear_increase           0x08004e45    0x30  Code  Gb  gear.o [1]
gear_isMoving           0x08004eed     0x6  Code  Gb  gear.o [1]
gear_moving             0x200047a6     0x1  Data  Gb  gear.o [1]
gear_stop               0x08004ec9    0x1e  Code  Gb  gear.o [1]
gear_up                 0x08004e8b    0x1e  Code  Gb  gear.o [1]
heapSTRUCT_SIZE         0x080015fa     0x2  Data  Lc  heap_2.o [1]
localeconv              0x08001dd7    0x16  Code  Gb  localeconv.o [3]
main                    0x08004cbb    0xc0  Code  Gb  main.o [1]
malloc                  0x08001349    0xac  Code  Gb  xxmemxmalloc.o [3]
memchr                  0x080012e5          Code  Gb  memchr.o [5]
memcpy                  0x08003ead    0x16  Code  Gb  queue.o [1]
memset                  0x08002ee1    0x16  Code  Gb  tasks.o [1]
pcInterruptPriorityRegisters
                        0x0800a3fc     0x4  Data  Lc  port.o [1]
prvAddCurrentTaskToDelayedList
                        0x08002cd5    0x7e  Code  Lc  tasks.o [1]
prvAddNewTaskToReadyList
                        0x080020fb    0xc0  Code  Lc  tasks.o [1]
prvCheckForValidListAndQueue
                        0x0800358f    0x4c  Code  Lc  timers.o [1]
prvCheckTasksWaitingTermination
                        0x08002a37    0x6a  Code  Lc  tasks.o [1]
prvCopyDataFromQueue    0x08003d55    0x2c  Code  Lc  queue.o [1]
prvCopyDataToQueue      0x08003cc7    0x8e  Code  Lc  queue.o [1]
prvDeleteTCB            0x08002aa1    0x12  Code  Lc  tasks.o [1]
prvGetNextExpireTime    0x0800334f    0x32  Code  Lc  timers.o [1]
prvHeapInit             0x08002e9b    0x2e  Code  Lc  heap_2.o [1]
prvIdleTask             0x080029a5    0x26  Code  Lc  tasks.o [1]
prvInitialiseNewQueue   0x08003811    0x36  Code  Lc  queue.o [1]
prvInitialiseNewTask    0x08002027    0xd4  Code  Lc  tasks.o [1]
prvInitialiseTaskLists  0x080029dd    0x5a  Code  Lc  tasks.o [1]
prvInsertTimerInActiveList
                        0x080033ad    0x50  Code  Lc  timers.o [1]
prvIsQueueEmpty         0x08003def    0x20  Code  Lc  queue.o [1]
prvIsQueueFull          0x08003e0f    0x22  Code  Lc  queue.o [1]
prvProcessExpiredTimer  0x08003261    0x5c  Code  Lc  timers.o [1]
prvProcessReceivedCommands
                        0x080033fd   0x102  Code  Lc  timers.o [1]
prvProcessTimerOrBlockTask
                        0x080032d7    0x78  Code  Lc  timers.o [1]
prvResetNextTaskUnblockTime
                        0x08002ab3    0x2a  Code  Lc  tasks.o [1]
prvSampleTimeNow        0x08003381    0x2c  Code  Lc  timers.o [1]
prvSwitchTimerLists     0x080034ff    0x90  Code  Lc  timers.o [1]
prvTaskExitError        0x08002fb5    0x2a  Code  Lc  port.o [1]
prvTaskIsTaskSuspended  0x080022e3    0x3e  Code  Lc  tasks.o [1]
prvTestWaitCondition    0x0800572b    0x24  Code  Lc  event_groups.o [1]
prvTimerTask            0x080032bd    0x1a  Code  Lc  timers.o [1]
prvUnlockQueue          0x08003d81    0x6e  Code  Lc  queue.o [1]
pvPortMalloc            0x08002d95    0xc2  Code  Gb  heap_2.o [1]
pvTaskIncrementMutexHeldCount
                        0x08002c8f    0x1e  Code  Gb  tasks.o [1]
pxCurrentTCB            0x20004740     0x4  Data  Gb  tasks.o [1]
pxCurrentTimerList      0x20004788     0x4  Data  Lc  timers.o [1]
pxDelayedTaskList       0x20004744     0x4  Data  Lc  tasks.o [1]
pxOverflowDelayedTaskList
                        0x20004748     0x4  Data  Lc  tasks.o [1]
pxOverflowTimerList     0x2000478c     0x4  Data  Lc  timers.o [1]
pxPortInitialiseStack   0x08002f95    0x20  Code  Gb  port.o [1]
pxReadyTasksLists       0x200042d4   0x12c  Data  Lc  tasks.o [1]
scale                   0x08000ba5    0x46  Code  Lc  xprintffull.o [3]
setSysTick_Delay_Timer  0x0800591b     0xa  Code  Gb  stm32f2xx_it.o [1]
sprintf                 0x08006f41    0x34  Code  Gb  sprintf.o [3]
str                     0x200041a8   0x12c  Data  Gb  main.o [1]
strchr                  0x0800128d          Code  Gb  strchr.o [5]
strcmp                  0x080084a1          Code  Gb  strcmp.o [5]
strlen                  0x080012ad          Code  Gb  strlen.o [5]
strstr                  0x08005c85    0x10  Code  Gb  main.o [1]
timer_init              0x0800697d    0xde  Code  Gb  timer.o [1]
ucHeap                  0x20000180  0x3c00  Data  Lc  heap_2.o [1]
ucMaxSysCallPriority    0x200047a8     0x1  Data  Lc  port.o [1]
ulMaxPRIGROUPValue      0x20004728     0x4  Data  Lc  port.o [1]
uxCriticalNesting       0x20000174     0x4  Data  Lc  port.o [1]
uxCurrentNumberOfTasks  0x20004750     0x4  Data  Lc  tasks.o [1]
uxDeletedTasksWaitingCleanUp
                        0x2000474c     0x4  Data  Lc  tasks.o [1]
uxListRemove            0x08002f6d    0x28  Code  Gb  list.o [1]
uxPendedTicks           0x20004760     0x4  Data  Lc  tasks.o [1]
uxSchedulerSuspended    0x20004778     0x4  Data  Lc  tasks.o [1]
uxTaskNumber            0x2000476c     0x4  Data  Lc  tasks.o [1]
uxTaskResetEventItemValue
                        0x08002c6f    0x20  Code  Gb  tasks.o [1]
uxTopReadyPriority      0x20004758     0x4  Data  Lc  tasks.o [1]
vEventGroupSetBitsCallback
                        0x08005719    0x10  Code  Gb  event_groups.o [1]
vListInitialise         0x08002ef7    0x1e  Code  Gb  list.o [1]
vListInitialiseItem     0x08002f15     0x6  Code  Gb  list.o [1]
vListInsert             0x08002f33    0x3a  Code  Gb  list.o [1]
vListInsertEnd          0x08002f1b    0x18  Code  Gb  list.o [1]
vPortEnterCritical      0x08003067    0x3a  Code  Gb  port.o [1]
vPortExitCritical       0x080030a1    0x32  Code  Gb  port.o [1]
vPortFree               0x08002e57    0x44  Code  Gb  heap_2.o [1]
vPortSVCHandler         0x080036e3          Code  Gb  portasm.o [1]
vPortSetupTimerInterrupt
                        0x080030fb    0x1a  Code  Wk  port.o [1]
vPortStartFirstTask     0x08003703          Code  Gb  portasm.o [1]
vPortValidateInterruptPriority
                        0x08003115    0x4e  Code  Gb  port.o [1]
vQueueAddToRegistry     0x08003e31    0x28  Code  Gb  queue.o [1]
vQueueWaitForMessageRestricted
                        0x08003e61    0x4c  Code  Gb  queue.o [1]
vTaskDelay              0x080021bb    0x4e  Code  Gb  tasks.o [1]
vTaskMissedYield        0x0800299b     0xa  Code  Gb  tasks.o [1]
vTaskPlaceOnEventList   0x080026d5    0x34  Code  Gb  tasks.o [1]
vTaskPlaceOnEventListRestricted
                        0x08002763    0x40  Code  Gb  tasks.o [1]
vTaskPlaceOnUnorderedEventList
                        0x08002709    0x5a  Code  Gb  tasks.o [1]
vTaskPriorityInherit    0x08002b09    0xac  Code  Gb  tasks.o [1]
vTaskResume             0x08002321    0x8a  Code  Gb  tasks.o [1]
vTaskSetTimeOutState    0x080028e5    0x26  Code  Gb  tasks.o [1]
vTaskStartScheduler     0x080023ab    0x72  Code  Gb  tasks.o [1]
vTaskSuspend            0x08002209    0xda  Code  Gb  tasks.o [1]
vTaskSuspendAll         0x0800241d    0x10  Code  Gb  tasks.o [1]
vTaskSwitchContext      0x08002665    0x70  Code  Gb  tasks.o [1]
xActiveTimerList1       0x20004674    0x14  Data  Lc  timers.o [1]
xActiveTimerList2       0x20004688    0x14  Data  Lc  timers.o [1]
xDelayedTaskList1       0x20004610    0x14  Data  Lc  tasks.o [1]
xDelayedTaskList2       0x20004624    0x14  Data  Lc  tasks.o [1]
xEnd                    0x200046b0     0x8  Data  Lc  heap_2.o [1]
xEventGroupClearBits    0x080055d7    0x48  Code  Gb  event_groups.o [1]
xEventGroupCreate       0x08005475    0x1c  Code  Gb  event_groups.o [1]
xEventGroupGetBitsFromISR
                        0x0800561f    0x20  Code  Gb  event_groups.o [1]
xEventGroupSetBits      0x0800563f    0xda  Code  Gb  event_groups.o [1]
xEventGroupSetBitsFromISR
                        0x0800574f    0x1a  Code  Gb  event_groups.o [1]
xEventGroupWaitBits     0x08005491   0x146  Code  Gb  event_groups.o [1]
xFreeBytesRemaining     0x2000016c     0x4  Data  Lc  heap_2.o [1]
xIdleTaskHandle         0x20004774     0x4  Data  Lc  tasks.o [1]
xNextTaskUnblockTime    0x20004770     0x4  Data  Lc  tasks.o [1]
xNumOfOverflows         0x20004768     0x4  Data  Lc  tasks.o [1]
xPendingReadyList       0x20004638    0x14  Data  Lc  tasks.o [1]
xPortPendSVHandler      0x0800369d          Code  Gb  portasm.o [1]
xPortStartScheduler     0x08002fdf    0x88  Code  Gb  port.o [1]
xPortSysTickHandler     0x080030d3    0x28  Code  Gb  port.o [1]
xQueueGenericCreate     0x080037b9    0x58  Code  Gb  queue.o [1]
xQueueGenericReceive    0x08003ae9   0x1de  Code  Gb  queue.o [1]
xQueueGenericReset      0x08003725    0x94  Code  Gb  queue.o [1]
xQueueGenericSend       0x08003847   0x1b4  Code  Gb  queue.o [1]
xQueueGenericSendFromISR
                        0x080039fb    0xee  Code  Gb  queue.o [1]
xQueueRegistry          0x2000454c    0x40  Data  Gb  queue.o [1]
xSchedulerRunning       0x2000475c     0x4  Data  Lc  tasks.o [1]
xStart                  0x200046a8     0x8  Data  Lc  heap_2.o [1]
xSuspendedTaskList      0x20004660    0x14  Data  Lc  tasks.o [1]
xTaskCheckForTimeOut    0x08002911    0x8a  Code  Gb  tasks.o [1]
xTaskCreate             0x08001fa9    0x7e  Code  Gb  tasks.o [1]
xTaskGetSchedulerState  0x08002add    0x26  Code  Gb  tasks.o [1]
xTaskGetTickCount       0x0800252f     0xa  Code  Gb  tasks.o [1]
xTaskIncrementTick      0x08002539   0x12c  Code  Gb  tasks.o [1]
xTaskPriorityDisinherit
                        0x08002bb5    0xba  Code  Gb  tasks.o [1]
xTaskRemoveFromEventList
                        0x080027b9    0x8c  Code  Gb  tasks.o [1]
xTaskRemoveFromUnorderedEventList
                        0x08002849    0x9a  Code  Gb  tasks.o [1]
xTaskResumeAll          0x0800242d   0x102  Code  Gb  tasks.o [1]
xTasksWaitingTermination
                        0x2000464c    0x14  Data  Lc  tasks.o [1]
xTickCount              0x20004754     0x4  Data  Lc  tasks.o [1]
xTimerCreateTimerTask   0x08003191    0x48  Code  Gb  timers.o [1]
xTimerGenericCommand    0x080031d9    0x88  Code  Gb  timers.o [1]
xTimerPendFunctionCallFromISR
                        0x080035db    0x30  Code  Gb  timers.o [1]
xTimerQueue             0x20004790     0x4  Data  Lc  timers.o [1]
xTimerTaskHandle        0x20004794     0x4  Data  Lc  timers.o [1]
xYieldPending           0x20004764     0x4  Data  Lc  tasks.o [1]


[1] = C:\Users\jeanphil.rey\Documents\JP\Perso\F3000\F3000git\V2\FW\Project\IARARM\Debug\Obj
[2] = command line
[3] = dl7M_tlf.a
[4] = m7M_tl.a
[5] = rt7M_tl.a
[6] = shb_l.a

  40 508 bytes of readonly  code memory
   1 968 bytes of readonly  data memory
  19 879 bytes of readwrite data memory

Errors: none
Warnings: none
