###############################################################################
#                                                                             #
# IAR ELF Linker V6.50.6.4896/W32 for ARM               07/Jan/2017  16:00:05 #
# Copyright 2007-2013 IAR Systems AB.                                         #
#                                                                             #
#    Output file  =  C:\Users\jeanphil.rey\Documents\JP\Perso\F3000\F3000git\ #
#                    V2\FW\Project\IARARM\Debug\Exe\F3000CU.out               #
#    Map file     =  C:\Users\jeanphil.rey\Documents\JP\Perso\F3000\F3000git\ #
#                    V2\FW\Project\IARARM\Debug\List\F3000CU.map              #
#    Command line =  C:\Users\jeanphil.rey\Documents\JP\Perso\F3000\F3000git\ #
#                    V2\FW\Project\IARARM\Debug\Obj\ADC.o                     #
#                    C:\Users\jeanphil.rey\Documents\JP\Perso\F3000\F3000git\ #
#                    V2\FW\Project\IARARM\Debug\Obj\CLI.o                     #
#                    C:\Users\jeanphil.rey\Documents\JP\Perso\F3000\F3000git\ #
#                    V2\FW\Project\IARARM\Debug\Obj\CU.o                      #
#                    C:\Users\jeanphil.rey\Documents\JP\Perso\F3000\F3000git\ #
#                    V2\FW\Project\IARARM\Debug\Obj\I2C.o                     #
#                    C:\Users\jeanphil.rey\Documents\JP\Perso\F3000\F3000git\ #
#                    V2\FW\Project\IARARM\Debug\Obj\PCA9952.o                 #
#                    C:\Users\jeanphil.rey\Documents\JP\Perso\F3000\F3000git\ #
#                    V2\FW\Project\IARARM\Debug\Obj\SEG7.o                    #
#                    C:\Users\jeanphil.rey\Documents\JP\Perso\F3000\F3000git\ #
#                    V2\FW\Project\IARARM\Debug\Obj\STBT.o                    #
#                    C:\Users\jeanphil.rey\Documents\JP\Perso\F3000\F3000git\ #
#                    V2\FW\Project\IARARM\Debug\Obj\UID.o                     #
#                    C:\Users\jeanphil.rey\Documents\JP\Perso\F3000\F3000git\ #
#                    V2\FW\Project\IARARM\Debug\Obj\console.o                 #
#                    C:\Users\jeanphil.rey\Documents\JP\Perso\F3000\F3000git\ #
#                    V2\FW\Project\IARARM\Debug\Obj\croutine.o                #
#                    C:\Users\jeanphil.rey\Documents\JP\Perso\F3000\F3000git\ #
#                    V2\FW\Project\IARARM\Debug\Obj\event_groups.o            #
#                    C:\Users\jeanphil.rey\Documents\JP\Perso\F3000\F3000git\ #
#                    V2\FW\Project\IARARM\Debug\Obj\gear.o                    #
#                    C:\Users\jeanphil.rey\Documents\JP\Perso\F3000\F3000git\ #
#                    V2\FW\Project\IARARM\Debug\Obj\heap_2.o                  #
#                    C:\Users\jeanphil.rey\Documents\JP\Perso\F3000\F3000git\ #
#                    V2\FW\Project\IARARM\Debug\Obj\internal_temp_sensor.o    #
#                    C:\Users\jeanphil.rey\Documents\JP\Perso\F3000\F3000git\ #
#                    V2\FW\Project\IARARM\Debug\Obj\ledbuffer.o               #
#                    C:\Users\jeanphil.rey\Documents\JP\Perso\F3000\F3000git\ #
#                    V2\FW\Project\IARARM\Debug\Obj\list.o                    #
#                    C:\Users\jeanphil.rey\Documents\JP\Perso\F3000\F3000git\ #
#                    V2\FW\Project\IARARM\Debug\Obj\main.o                    #
#                    C:\Users\jeanphil.rey\Documents\JP\Perso\F3000\F3000git\ #
#                    V2\FW\Project\IARARM\Debug\Obj\misc.o                    #
#                    C:\Users\jeanphil.rey\Documents\JP\Perso\F3000\F3000git\ #
#                    V2\FW\Project\IARARM\Debug\Obj\port.o                    #
#                    C:\Users\jeanphil.rey\Documents\JP\Perso\F3000\F3000git\ #
#                    V2\FW\Project\IARARM\Debug\Obj\portasm.o                 #
#                    C:\Users\jeanphil.rey\Documents\JP\Perso\F3000\F3000git\ #
#                    V2\FW\Project\IARARM\Debug\Obj\queue.o                   #
#                    C:\Users\jeanphil.rey\Documents\JP\Perso\F3000\F3000git\ #
#                    V2\FW\Project\IARARM\Debug\Obj\serial.o                  #
#                    C:\Users\jeanphil.rey\Documents\JP\Perso\F3000\F3000git\ #
#                    V2\FW\Project\IARARM\Debug\Obj\startup_stm32f2xx.o       #
#                    C:\Users\jeanphil.rey\Documents\JP\Perso\F3000\F3000git\ #
#                    V2\FW\Project\IARARM\Debug\Obj\stm32f2xx_adc.o           #
#                    C:\Users\jeanphil.rey\Documents\JP\Perso\F3000\F3000git\ #
#                    V2\FW\Project\IARARM\Debug\Obj\stm32f2xx_dma.o           #
#                    C:\Users\jeanphil.rey\Documents\JP\Perso\F3000\F3000git\ #
#                    V2\FW\Project\IARARM\Debug\Obj\stm32f2xx_exti.o          #
#                    C:\Users\jeanphil.rey\Documents\JP\Perso\F3000\F3000git\ #
#                    V2\FW\Project\IARARM\Debug\Obj\stm32f2xx_gpio.o          #
#                    C:\Users\jeanphil.rey\Documents\JP\Perso\F3000\F3000git\ #
#                    V2\FW\Project\IARARM\Debug\Obj\stm32f2xx_i2c.o           #
#                    C:\Users\jeanphil.rey\Documents\JP\Perso\F3000\F3000git\ #
#                    V2\FW\Project\IARARM\Debug\Obj\stm32f2xx_it.o            #
#                    C:\Users\jeanphil.rey\Documents\JP\Perso\F3000\F3000git\ #
#                    V2\FW\Project\IARARM\Debug\Obj\stm32f2xx_pwr.o           #
#                    C:\Users\jeanphil.rey\Documents\JP\Perso\F3000\F3000git\ #
#                    V2\FW\Project\IARARM\Debug\Obj\stm32f2xx_rcc.o           #
#                    C:\Users\jeanphil.rey\Documents\JP\Perso\F3000\F3000git\ #
#                    V2\FW\Project\IARARM\Debug\Obj\stm32f2xx_spi.o           #
#                    C:\Users\jeanphil.rey\Documents\JP\Perso\F3000\F3000git\ #
#                    V2\FW\Project\IARARM\Debug\Obj\stm32f2xx_syscfg.o        #
#                    C:\Users\jeanphil.rey\Documents\JP\Perso\F3000\F3000git\ #
#                    V2\FW\Project\IARARM\Debug\Obj\stm32f2xx_tim.o           #
#                    C:\Users\jeanphil.rey\Documents\JP\Perso\F3000\F3000git\ #
#                    V2\FW\Project\IARARM\Debug\Obj\stm32f2xx_usart.o         #
#                    C:\Users\jeanphil.rey\Documents\JP\Perso\F3000\F3000git\ #
#                    V2\FW\Project\IARARM\Debug\Obj\strbuf.o                  #
#                    C:\Users\jeanphil.rey\Documents\JP\Perso\F3000\F3000git\ #
#                    V2\FW\Project\IARARM\Debug\Obj\system_stm32f2xx.o        #
#                    C:\Users\jeanphil.rey\Documents\JP\Perso\F3000\F3000git\ #
#                    V2\FW\Project\IARARM\Debug\Obj\tasks.o                   #
#                    C:\Users\jeanphil.rey\Documents\JP\Perso\F3000\F3000git\ #
#                    V2\FW\Project\IARARM\Debug\Obj\timer.o                   #
#                    C:\Users\jeanphil.rey\Documents\JP\Perso\F3000\F3000git\ #
#                    V2\FW\Project\IARARM\Debug\Obj\timers.o -o               #
#                    C:\Users\jeanphil.rey\Documents\JP\Perso\F3000\F3000git\ #
#                    V2\FW\Project\IARARM\Debug\Exe\F3000CU.out --redirect    #
#                    _Printf=_PrintfFull --redirect _Scanf=_ScanfFull --map   #
#                    C:\Users\jeanphil.rey\Documents\JP\Perso\F3000\F3000git\ #
#                    V2\FW\Project\IARARM\Debug\List\F3000CU.map --config     #
#                    C:\Users\jeanphil.rey\Documents\JP\Perso\F3000\F3000git\ #
#                    V2\FW\Project\IARARM\stm32f2xx_flash.icf --semihosting   #
#                    --entry __iar_program_start --vfe                        #
#                                                                             #
#                                                                             #
###############################################################################

*******************************************************************************
*** RUNTIME MODEL ATTRIBUTES
***

CppFlavor                     = *
__Heap_Handler                = Basic
__SystemLibrary               = DLib
__dlib_dynamic_initialization = normal


*******************************************************************************
*** PLACEMENT SUMMARY
***

"A1":  place at 0x08000000 { ro section .intvec };
"P1":  place in [from 0x08000000 to 0x080fffff] { ro };
"P2":  place in [from 0x20000000 to 0x20020000] { rw, block CSTACK, block HEAP };

  Section             Kind        Address    Size  Object
  -------             ----        -------    ----  ------
"A1":                                       0x184
  .intvec             ro code  0x08000000   0x184  startup_stm32f2xx.o [1]
                             - 0x08000184   0x184

"P1":                                      0x953c
  .text               ro code  0x08000184  0x10c6  xprintffull.o [3]
  .text               ro code  0x0800124a    0x20  xmbtowc.o [3]
  .text               ro code  0x0800126a    0x22  zero_init3.o [5]
  .text               ro code  0x0800128c    0x16  strchr.o [5]
  .text               ro code  0x080012a2     0xa  xsprout.o [3]
  .text               ro code  0x080012ac    0x36  strlen.o [5]
  .rodata             const    0x080012e2     0x2  CU.o [1]
  .text               ro code  0x080012e4    0x58  memchr.o [5]
  .text               ro code  0x0800133c     0xa  xmbcurmax.o [3]
  .rodata             const    0x08001346     0x2  CU.o [1]
  .text               ro code  0x08001348    0xb0  xxmemxmalloc.o [3]
  .text               ro code  0x080013f8    0x1a  xwctomb.o [3]
  .rodata             const    0x08001412     0x2  CU.o [1]
  .text               ro code  0x08001414    0x76  ABImemcpy.o [5]
  .rodata             const    0x0800148a     0x2  CU.o [1]
  .text               ro code  0x0800148c    0x80  xxmemxfree.o [3]
  .text               ro code  0x0800150c    0xee  I64DivMod.o [5]
  .rodata             const    0x080015fa     0x2  heap_2.o [1]
  .text               ro code  0x080015fc   0x1a2  DblMul.o [4]
  .text               ro code  0x0800179e    0x42  xdnorm.o [4]
  .text               ro code  0x080017e0    0x2e  DblCmpLe.o [4]
  .text               ro code  0x08001810    0x2e  DblCmpGe.o [4]
  .text               ro code  0x08001840   0x10c  xdscale.o [4]
  .text               ro code  0x0800194c    0x58  DblToI32.o [4]
  .text               ro code  0x080019a4    0x30  I32ToDbl.o [4]
  .text               ro code  0x080019d4   0x180  DblSub.o [4]
  .text               ro code  0x08001b54   0x246  DblDiv.o [4]
  .text               ro code  0x08001d9c    0x6c  localeconv.o [3]
  .text               ro code  0x08001e08     0xe  div.o [3]
  .text               ro code  0x08001e18    0x14  setlocale.o [3]
  .text               ro code  0x08001e2c    0x60  xencoding_sb.o [3]
  .text               ro code  0x08001e8c    0x2c  xgetmemchunk.o [3]
  .text               ro code  0x08001eb8     0x2  I64DivZer.o [5]
  .text               ro code  0x08001ebc    0xe8  DblAdd.o [4]
  .text               ro code  0x08001fa4     0x2  xtls.o [3]
  .text               ro code  0x08001fa8   0xc1c  stm32f2xx_tim.o [1]
  .text               ro code  0x08002bc4   0x320  main.o [1]
  .text               ro code  0x08002ee4   0xb7c  tasks.o [1]
  .text               ro code  0x08003a60    0x1c  event_groups.o [1]
  .text               ro code  0x08003a7c   0x56c  stm32f2xx_gpio.o [1]
  .text               ro code  0x08003fe8   0x168  ledbuffer.o [1]
  .text               ro code  0x08004150    0x9e  SEG7.o [1]
  .text               ro code  0x080041ee    0x10  main.o [1]
  .text               ro code  0x08004200   0x18a  CLI.o [1]
  .text               ro code  0x0800438c    0x9c  gear.o [1]
  .text               ro code  0x08004428   0x190  system_stm32f2xx.o [1]
  .text               ro code  0x080045b8    0xe8  misc.o [1]
  .text               ro code  0x080046a0   0x116  UID.o [1]
  .text               ro code  0x080047b8   0x684  CU.o [1]
  .text               ro code  0x08004e3c    0xe8  timer.o [1]
  .text               ro code  0x08004f24    0xbc  internal_temp_sensor.o [1]
  .text               ro code  0x08004fe0   0x13c  PCA9952.o [1]
  .text               ro code  0x0800511c   0x2ec  STBT.o [1]
  .text               ro code  0x08005408    0x34  console.o [1]
  .text               ro code  0x0800543c    0x34  sprintf.o [3]
  .text               ro code  0x08005470   0x14c  heap_2.o [1]
  .text               ro code  0x080055bc    0x16  tasks.o [1]
  .text               ro code  0x080055d2    0x9e  list.o [1]
  .text               ro code  0x08005670   0x1fc  port.o [1]
  .text               ro code  0x0800586c    0x2c  strstr.o [3]
  .text               ro code  0x08005898    0x42  strcmp.o [5]
  .text               ro code  0x080058dc   0x184  stm32f2xx_it.o [1]
  .text               ro code  0x08005a60   0x298  stm32f2xx_rcc.o [1]
  .text               ro code  0x08005cf8   0x69c  stm32f2xx_usart.o [1]
  .text               ro code  0x08006394   0x6d4  stm32f2xx_i2c.o [1]
  .text               ro code  0x08006a68   0x20c  ADC.o [1]
  .text               ro code  0x08006c74    0x1e  I32ToFlt.o [4]
  .text               ro code  0x08006c94    0xfc  FltDiv.o [4]
  .text               ro code  0x08006d90    0x4e  FltToDbl.o [4]
  .text               ro code  0x08006de0    0x90  DblToFlt.o [4]
  .text               ro code  0x08006e70   0x5d0  I2C.o [1]
  .text               ro code  0x08007440   0x6bc  queue.o [1]
  .text               ro code  0x08007afc    0x66  ABImemset.o [5]
  CODE                ro code  0x08007b64    0x88  portasm.o [1]
  .text               ro code  0x08007bec   0xa88  stm32f2xx_dma.o [1]
  .text               ro code  0x08008674   0x6a0  stm32f2xx_adc.o [1]
  .text               ro code  0x08008d14    0x16  queue.o [1]
  .text               ro code  0x08008d2a    0xb0  packbits_init.o [5]
  .text               ro code  0x08008dda     0x6  abort.o [3]
  .text               ro code  0x08008de0    0x14  exit.o [6]
  .rodata             const    0x08008df4    0x7c  stm32f2xx_usart.o [1]
  .rodata             const    0x08008e70    0x78  stm32f2xx_adc.o [1]
  .rodata             const    0x08008ee8    0x78  stm32f2xx_dma.o [1]
  .rodata             const    0x08008f60    0x78  stm32f2xx_gpio.o [1]
  .rodata             const    0x08008fd8    0x78  stm32f2xx_i2c.o [1]
  .rodata             const    0x08009050    0x78  stm32f2xx_rcc.o [1]
  .rodata             const    0x080090c8    0x78  stm32f2xx_tim.o [1]
  .rodata             const    0x08009140    0x70  misc.o [1]
  .text               ro code  0x080091b0    0x54  serial.o [1]
  .rodata             const    0x08009204    0x3c  main.o [1]
  .text               ro code  0x08009240    0x28  data_init.o [5]
  .iar.init_table     const    0x08009268    0x2c  - Linker created -
  .rodata             const    0x08009294    0x18  STBT.o [1]
  .rodata             const    0x080092ac    0x18  main.o [1]
  .rodata             const    0x080092c4    0x18  main.o [1]
  .rodata             const    0x080092dc    0x18  main.o [1]
  .text               ro code  0x080092f4    0x16  cmain.o [5]
  .text               ro code  0x0800930a     0x4  low_level_init.o [3]
  .text               ro code  0x0800930e     0x4  exit.o [3]
  .text               ro code  0x08009314     0xa  cexit.o [5]
  .rodata             const    0x08009320    0x14  STBT.o [1]
  .rodata             const    0x08009334    0x14  STBT.o [1]
  .rodata             const    0x08009348    0x14  main.o [1]
  .rodata             const    0x0800935c    0x10  STBT.o [1]
  .rodata             const    0x0800936c    0x10  STBT.o [1]
  .rodata             const    0x0800937c    0x10  main.o [1]
  .rodata             const    0x0800938c    0x10  main.o [1]
  .rodata             const    0x0800939c    0x10  main.o [1]
  .text               ro code  0x080093ac    0x10  startup_stm32f2xx.o [1]
  .rodata             const    0x080093bc     0xc  CU.o [1]
  .rodata             const    0x080093c8     0xc  CU.o [1]
  .rodata             const    0x080093d4     0xc  CU.o [1]
  .rodata             const    0x080093e0     0xc  CU.o [1]
  .rodata             const    0x080093ec     0xc  CU.o [1]
  .rodata             const    0x080093f8     0xc  STBT.o [1]
  .rodata             const    0x08009404     0xc  STBT.o [1]
  .rodata             const    0x08009410     0xc  STBT.o [1]
  .rodata             const    0x0800941c     0xc  main.o [1]
  .rodata             const    0x08009428     0xc  main.o [1]
  .rodata             const    0x08009434     0xc  main.o [1]
  .rodata             const    0x08009440     0xc  main.o [1]
  .rodata             const    0x0800944c     0xc  main.o [1]
  .text               ro code  0x08009458     0xc  cstartup_M.o [5]
  .rodata             const    0x08009464     0x8  CU.o [1]
  .rodata             const    0x0800946c     0x8  CU.o [1]
  .rodata             const    0x08009474     0x8  CU.o [1]
  .rodata             const    0x0800947c     0x8  CU.o [1]
  .rodata             const    0x08009484     0x8  CU.o [1]
  .rodata             const    0x0800948c     0x8  CU.o [1]
  .rodata             const    0x08009494     0x8  main.o [1]
  .rodata             const    0x0800949c     0x8  main.o [1]
  .rodata             const    0x080094a4     0x8  main.o [1]
  .rodata             const    0x080094ac     0x8  tasks.o [1]
  .rodata             const    0x080094b4     0x4  CU.o [1]
  .rodata             const    0x080094b8     0x4  CU.o [1]
  .rodata             const    0x080094bc     0x4  CU.o [1]
  .rodata             const    0x080094c0     0x4  CU.o [1]
  .rodata             const    0x080094c4     0x4  CU.o [1]
  .rodata             const    0x080094c8     0x4  CU.o [1]
  .rodata             const    0x080094cc     0x4  CU.o [1]
  .rodata             const    0x080094d0     0x4  port.o [1]
  .text               ro code  0x080094d4     0x4  startup_stm32f2xx.o [1]
  .text               ro code  0x080094d8     0x4  startup_stm32f2xx.o [1]
  .text               ro code  0x080094dc     0x4  startup_stm32f2xx.o [1]
  .text               ro code  0x080094e0     0x4  startup_stm32f2xx.o [1]
  .text               ro code  0x080094e4     0x4  startup_stm32f2xx.o [1]
  .text               ro code  0x080094e8     0x4  startup_stm32f2xx.o [1]
  .text               ro code  0x080094ec     0x4  startup_stm32f2xx.o [1]
  .text               ro code  0x080094f0     0x4  startup_stm32f2xx.o [1]
  .text               ro code  0x080094f4     0x4  startup_stm32f2xx.o [1]
  .text               ro code  0x080094f8     0x4  startup_stm32f2xx.o [1]
  .text               ro code  0x080094fc     0x4  startup_stm32f2xx.o [1]
  .text               ro code  0x08009500     0x4  startup_stm32f2xx.o [1]
  .text               ro code  0x08009504     0x4  startup_stm32f2xx.o [1]
  .text               ro code  0x08009508     0x4  startup_stm32f2xx.o [1]
  .text               ro code  0x0800950c     0x4  startup_stm32f2xx.o [1]
  .text               ro code  0x08009510     0x4  startup_stm32f2xx.o [1]
  .text               ro code  0x08009514     0x4  startup_stm32f2xx.o [1]
  .text               ro code  0x08009518     0x4  startup_stm32f2xx.o [1]
  .text               ro code  0x0800951c     0x4  startup_stm32f2xx.o [1]
  .text               ro code  0x08009520     0x4  startup_stm32f2xx.o [1]
  .text               ro code  0x08009524     0x4  startup_stm32f2xx.o [1]
  .text               ro code  0x08009528     0x4  startup_stm32f2xx.o [1]
  .text               ro code  0x0800952c     0x4  startup_stm32f2xx.o [1]
  .text               ro code  0x08009530     0x4  startup_stm32f2xx.o [1]
  .text               ro code  0x08009534     0x4  startup_stm32f2xx.o [1]
  .text               ro code  0x08009538     0x4  startup_stm32f2xx.o [1]
  .text               ro code  0x0800953c     0x4  startup_stm32f2xx.o [1]
  .text               ro code  0x08009540     0x4  startup_stm32f2xx.o [1]
  .text               ro code  0x08009544     0x4  startup_stm32f2xx.o [1]
  .text               ro code  0x08009548     0x4  startup_stm32f2xx.o [1]
  .text               ro code  0x0800954c     0x4  startup_stm32f2xx.o [1]
  .text               ro code  0x08009550     0x4  startup_stm32f2xx.o [1]
  .text               ro code  0x08009554     0x4  startup_stm32f2xx.o [1]
  .text               ro code  0x08009558     0x4  startup_stm32f2xx.o [1]
  .text               ro code  0x0800955c     0x4  startup_stm32f2xx.o [1]
  .text               ro code  0x08009560     0x4  startup_stm32f2xx.o [1]
  .text               ro code  0x08009564     0x4  startup_stm32f2xx.o [1]
  .text               ro code  0x08009568     0x4  startup_stm32f2xx.o [1]
  .text               ro code  0x0800956c     0x4  startup_stm32f2xx.o [1]
  .text               ro code  0x08009570     0x4  startup_stm32f2xx.o [1]
  .text               ro code  0x08009574     0x4  startup_stm32f2xx.o [1]
  .text               ro code  0x08009578     0x4  startup_stm32f2xx.o [1]
  .text               ro code  0x0800957c     0x4  startup_stm32f2xx.o [1]
  .text               ro code  0x08009580     0x4  startup_stm32f2xx.o [1]
  .text               ro code  0x08009584     0x4  startup_stm32f2xx.o [1]
  .text               ro code  0x08009588     0x4  startup_stm32f2xx.o [1]
  .text               ro code  0x0800958c     0x4  startup_stm32f2xx.o [1]
  .text               ro code  0x08009590     0x4  startup_stm32f2xx.o [1]
  .text               ro code  0x08009594     0x4  startup_stm32f2xx.o [1]
  .text               ro code  0x08009598     0x4  startup_stm32f2xx.o [1]
  .text               ro code  0x0800959c     0x4  startup_stm32f2xx.o [1]
  .text               ro code  0x080095a0     0x4  startup_stm32f2xx.o [1]
  .text               ro code  0x080095a4     0x4  startup_stm32f2xx.o [1]
  .text               ro code  0x080095a8     0x4  startup_stm32f2xx.o [1]
  .text               ro code  0x080095ac     0x4  startup_stm32f2xx.o [1]
  .text               ro code  0x080095b0     0x4  startup_stm32f2xx.o [1]
  .text               ro code  0x080095b4     0x4  startup_stm32f2xx.o [1]
  .text               ro code  0x080095b8     0x4  startup_stm32f2xx.o [1]
  .text               ro code  0x080095bc     0x4  startup_stm32f2xx.o [1]
  .text               ro code  0x080095c0     0x4  startup_stm32f2xx.o [1]
  .text               ro code  0x080095c4     0x4  startup_stm32f2xx.o [1]
  .text               ro code  0x080095c8     0x4  startup_stm32f2xx.o [1]
  .text               ro code  0x080095cc     0x4  startup_stm32f2xx.o [1]
  .text               ro code  0x080095d0     0x4  startup_stm32f2xx.o [1]
  .text               ro code  0x080095d4     0x4  startup_stm32f2xx.o [1]
  .text               ro code  0x080095d8     0x4  startup_stm32f2xx.o [1]
  .text               ro code  0x080095dc     0x4  startup_stm32f2xx.o [1]
  .text               ro code  0x080095e0     0x4  startup_stm32f2xx.o [1]
  .text               ro code  0x080095e4     0x4  startup_stm32f2xx.o [1]
  .text               ro code  0x080095e8     0x4  startup_stm32f2xx.o [1]
  .text               ro code  0x080095ec     0x4  startup_stm32f2xx.o [1]
  .text               ro code  0x080095f0     0x4  startup_stm32f2xx.o [1]
  .text               ro code  0x080095f4     0x4  startup_stm32f2xx.o [1]
  .text               ro code  0x080095f8     0x4  startup_stm32f2xx.o [1]
  .text               ro code  0x080095fc     0x4  startup_stm32f2xx.o [1]
  .text               ro code  0x08009600     0x4  startup_stm32f2xx.o [1]
  .text               ro code  0x08009604     0x4  startup_stm32f2xx.o [1]
  .text               ro code  0x08009608     0x4  startup_stm32f2xx.o [1]
  .text               ro code  0x0800960c     0x4  startup_stm32f2xx.o [1]
  .text               ro code  0x08009610     0x4  startup_stm32f2xx.o [1]
  .text               ro code  0x08009614     0x4  startup_stm32f2xx.o [1]
  .text               ro code  0x08009618     0x4  startup_stm32f2xx.o [1]
  .text               ro code  0x0800961c     0x4  startup_stm32f2xx.o [1]
  .text               ro code  0x08009620     0x4  startup_stm32f2xx.o [1]
  .text               ro code  0x08009624     0x4  startup_stm32f2xx.o [1]
  .text               ro code  0x08009628     0x4  startup_stm32f2xx.o [1]
  .text               ro code  0x0800962c     0x4  startup_stm32f2xx.o [1]
  .text               ro code  0x08009630     0x4  startup_stm32f2xx.o [1]
  .text               ro code  0x08009634     0x4  startup_stm32f2xx.o [1]
  .text               ro code  0x08009638     0x4  startup_stm32f2xx.o [1]
  .rodata             const    0x0800963c     0x0  zero_init3.o [5]
  .rodata             const    0x0800963c     0x0  packbits_init.o [5]
  Initializer bytes   ro data  0x0800963c    0x83  <for P2 s0>
                             - 0x080096bf  0x953b

"P2", part 1 of 3:                          0x180
  P2 s0                        0x20000000   0x17d  <Init block>
    __DLIB_PERTHREAD  inited   0x20000000    0x88  localeconv.o [3]
    __DLIB_PERTHREAD  inited   0x20000088    0x74  setlocale.o [3]
    .data             inited   0x200000fc    0x10  stm32f2xx_rcc.o [1]
    .data             inited   0x2000010c    0x10  system_stm32f2xx.o [1]
    .data             inited   0x2000011c     0xc  CU.o [1]
    .data             inited   0x20000128     0xc  CU.o [1]
    .data             inited   0x20000134     0xc  CU.o [1]
    .data             inited   0x20000140     0xc  CU.o [1]
    .data             inited   0x2000014c     0x8  CU.o [1]
    .data             inited   0x20000154     0x8  CU.o [1]
    .data             inited   0x2000015c     0x8  CU.o [1]
    .data             inited   0x20000164     0x8  UID.o [1]
    .data             inited   0x2000016c     0x4  heap_2.o [1]
    .data             inited   0x20000170     0x4  internal_temp_sensor.o [1]
    .data             inited   0x20000174     0x4  port.o [1]
    .data             inited   0x20000178     0x4  system_stm32f2xx.o [1]
    .data             inited   0x2000017c     0x1  CLI.o [1]
                             - 0x2000017d   0x17d

"P2", part 2 of 3:                         0x4368
  .bss                zero     0x20000180  0x3c00  heap_2.o [1]
  .bss                zero     0x20003d80   0x1e0  CLI.o [1]
  .bss                zero     0x20003f60   0x12c  main.o [1]
  .bss                zero     0x2000408c   0x12c  tasks.o [1]
  .bss                zero     0x200041b8   0x100  CLI.o [1]
  .bss                zero     0x200042b8    0x4c  ADC.o [1]
  .bss                zero     0x20004304    0x34  STBT.o [1]
  .bss                zero     0x20004338    0x28  ADC.o [1]
  .bss                zero     0x20004360    0x14  ADC.o [1]
  .bss                zero     0x20004374    0x14  internal_temp_sensor.o [1]
  .bss                zero     0x20004388    0x14  tasks.o [1]
  .bss                zero     0x2000439c    0x14  tasks.o [1]
  .bss                zero     0x200043b0    0x14  tasks.o [1]
  .bss                zero     0x200043c4    0x14  tasks.o [1]
  .bss                zero     0x200043d8    0x14  tasks.o [1]
  .bss                zero     0x200043ec     0xc  main.o [1]
  .bss                zero     0x200043f8     0x8  heap_2.o [1]
  .bss                zero     0x20004400     0x8  heap_2.o [1]
  .bss                zero     0x20004408     0x8  ledbuffer.o [1]
  .bss                zero     0x20004410     0x8  ledbuffer.o [1]
  .bss                zero     0x20004418     0x8  main.o [1]
  .bss                zero     0x20004420     0x8  main.o [1]
  .bss                zero     0x20004428     0x8  xxmemxmalloc.o [3]
  .bss                zero     0x20004430     0x4  ADC.o [1]
  .bss                zero     0x20004434     0x4  CLI.o [1]
  .bss                zero     0x20004438     0x4  CLI.o [1]
  .bss                zero     0x2000443c     0x4  I2C.o [1]
  .bss                zero     0x20004440     0x4  I2C.o [1]
  .bss                zero     0x20004444     0x4  STBT.o [1]
  .bss                zero     0x20004448     0x4  STBT.o [1]
  .bss                zero     0x2000444c     0x4  STBT.o [1]
  .bss                zero     0x20004450     0x4  UID.o [1]
  .bss                zero     0x20004454     0x4  console.o [1]
  .bss                zero     0x20004458     0x4  heap_2.o [1]
  .bss                zero     0x2000445c     0x4  internal_temp_sensor.o [1]
  .bss                zero     0x20004460     0x4  internal_temp_sensor.o [1]
  .bss                zero     0x20004464     0x4  main.o [1]
  .bss                zero     0x20004468     0x4  main.o [1]
  .bss                zero     0x2000446c     0x4  main.o [1]
  .bss                zero     0x20004470     0x4  main.o [1]
  .bss                zero     0x20004474     0x4  main.o [1]
  .bss                zero     0x20004478     0x4  port.o [1]
  .bss                zero     0x2000447c     0x4  serial.o [1]
  .bss                zero     0x20004480     0x4  stm32f2xx_it.o [1]
  .bss                zero     0x20004484     0x4  stm32f2xx_it.o [1]
  .bss                zero     0x20004488     0x4  stm32f2xx_it.o [1]
  .bss                zero     0x2000448c     0x4  tasks.o [1]
  .bss                zero     0x20004490     0x4  tasks.o [1]
  .bss                zero     0x20004494     0x4  tasks.o [1]
  .bss                zero     0x20004498     0x4  tasks.o [1]
  .bss                zero     0x2000449c     0x4  tasks.o [1]
  .bss                zero     0x200044a0     0x4  tasks.o [1]
  .bss                zero     0x200044a4     0x4  tasks.o [1]
  .bss                zero     0x200044a8     0x4  tasks.o [1]
  .bss                zero     0x200044ac     0x4  tasks.o [1]
  .bss                zero     0x200044b0     0x4  tasks.o [1]
  .bss                zero     0x200044b4     0x4  tasks.o [1]
  .bss                zero     0x200044b8     0x4  tasks.o [1]
  .bss                zero     0x200044bc     0x4  tasks.o [1]
  .bss                zero     0x200044c0     0x4  tasks.o [1]
  .bss                zero     0x200044c4     0x4  tasks.o [1]
  .bss                zero     0x200044c8     0x4  timer.o [1]
  .bss                zero     0x200044cc     0x4  timer.o [1]
  .bss                zero     0x200044d0     0x4  timer.o [1]
  .bss                zero     0x200044d4     0x4  xgetmemchunk.o [3]
  .bss                zero     0x200044d8     0x1  ADC.o [1]
  .bss                zero     0x200044d9     0x1  CLI.o [1]
  .bss                zero     0x200044da     0x1  PCA9952.o [1]
  .bss                zero     0x200044db     0x1  STBT.o [1]
  .bss                zero     0x200044dc     0x1  STBT.o [1]
  .bss                zero     0x200044dd     0x1  UID.o [1]
  .bss                zero     0x200044de     0x1  gear.o [1]
  .bss                zero     0x200044df     0x1  internal_temp_sensor.o [1]
  .bss                zero     0x200044e0     0x1  port.o [1]
                             - 0x200044e1  0x4361

"P2", part 3 of 3:                          0x600
  CSTACK                       0x200044e8   0x400  <Block>
    CSTACK            uninit   0x200044e8   0x400  <Block tail>
  HEAP                         0x200048e8   0x200  <Block>
    HEAP              uninit   0x200048e8   0x200  <Block tail>
                             - 0x20004ae8   0x600


*******************************************************************************
*** INIT TABLE
***

          Address     Size
          -------     ----
Zero (__iar_zero_init3)
    1 destination range, total size 0x4361:
          0x20000180  0x4361

Copy/packbits (__iar_packbits_init3)
    1 source range, total size 0x83 (34% of destination):
          0x0800963c    0x83
    1 destination range, total size 0x17d:
          0x20000000   0x17d



*******************************************************************************
*** MODULE SUMMARY
***

    Module                  ro code  ro data  rw data
    ------                  -------  -------  -------
C:\Users\jeanphil.rey\Documents\JP\Perso\F3000\F3000git\V2\FW\Project\IARARM\Debug\Obj: [1]
    ADC.o                       524               141
    CLI.o                       394        1      746
    CU.o                      1 668      169       72
    I2C.o                     1 488                 8
    PCA9952.o                   316                 1
    SEG7.o                      158
    STBT.o                      748      132       66
    UID.o                       278        3       13
    console.o                    52                 4
    event_groups.o               28
    gear.o                      156                 1
    heap_2.o                    332        3   15 384
    internal_temp_sensor.o      188        1       33
    ledbuffer.o                 360                16
    list.o                      158
    main.o                      816      284      348
    misc.o                      232      112
    port.o                      508        6        9
    portasm.o                   136
    queue.o                   1 746
    serial.o                     84                 4
    startup_stm32f2xx.o         764
    stm32f2xx_adc.o           1 696      120
    stm32f2xx_dma.o           2 696      120
    stm32f2xx_gpio.o          1 388      120
    stm32f2xx_i2c.o           1 748      120
    stm32f2xx_it.o              388                12
    stm32f2xx_rcc.o             664      126       16
    stm32f2xx_tim.o           3 100      120
    stm32f2xx_usart.o         1 692      124
    system_stm32f2xx.o          400        6       20
    tasks.o                   2 962        8      460
    timer.o                     232                12
    -------------------------------------------------
    Total:                   28 100    1 575   17 366

command line: [2]
    -------------------------------------------------
    Total:

dl7M_tlf.a: [3]
    abort.o                       6
    div.o                        14
    exit.o                        4
    localeconv.o                108       46      136
    low_level_init.o              4
    setlocale.o                  20       40      116
    sprintf.o                    52
    strstr.o                     44
    xencoding_sb.o               96
    xgetmemchunk.o               44                 4
    xmbcurmax.o                  10
    xmbtowc.o                    32
    xprintffull.o             4 294
    xsprout.o                    10
    xtls.o                        2
    xwctomb.o                    26
    xxmemxfree.o                128
    xxmemxmalloc.o              176                 8
    -------------------------------------------------
    Total:                    5 070       86      264

m7M_tl.a: [4]
    DblAdd.o                    232
    DblCmpGe.o                   46
    DblCmpLe.o                   46
    DblDiv.o                    582
    DblMul.o                    418
    DblSub.o                    384
    DblToFlt.o                  144
    DblToI32.o                   88
    FltDiv.o                    252
    FltToDbl.o                   78
    I32ToDbl.o                   48
    I32ToFlt.o                   30
    xdnorm.o                     66
    xdscale.o                   268
    -------------------------------------------------
    Total:                    2 682

rt7M_tl.a: [5]
    ABImemcpy.o                 118
    ABImemset.o                 102
    I64DivMod.o                 238
    I64DivZer.o                   2
    cexit.o                      10
    cmain.o                      22
    cstartup_M.o                 12
    data_init.o                  40
    memchr.o                     88
    packbits_init.o             176
    strchr.o                     22
    strcmp.o                     66
    strlen.o                     54
    zero_init3.o                 34
    -------------------------------------------------
    Total:                      984

shb_l.a: [6]
    exit.o                       20
    -------------------------------------------------
    Total:                       20

    Gaps                         28        2
    Linker created                        44    1 536
-----------------------------------------------------
    Grand Total:             36 884    1 707   19 166


*******************************************************************************
*** ENTRY LIST
***

Entry                      Address    Size  Type      Object
-----                      -------    ----  ----      ------
?main                   0x080092f5          Code  Gb  cmain.o [5]
ADCChannelValueMapping  0x20004360    0x14  Data  Gb  ADC.o [1]
ADCConvertedValues      0x20004338    0x28  Data  Gb  ADC.o [1]
ADCInited               0x200044d8     0x1  Data  Gb  ADC.o [1]
ADC_CallbackHandler     0x08006aab    0x36  Code  Gb  ADC.o [1]
ADC_Cmd                 0x08008983    0x5c  Code  Gb  stm32f2xx_adc.o [1]
ADC_CommonInit          0x0800881f   0x164  Code  Gb  stm32f2xx_adc.o [1]
ADC_DMACmd              0x08008c4f    0x52  Code  Gb  stm32f2xx_adc.o [1]
ADC_DMARequestAfterLastTransferCmd
                        0x08008ca1    0x52  Code  Gb  stm32f2xx_adc.o [1]
ADC_IRQHandler          0x08009541          Code  Wk  startup_stm32f2xx.o [1]
ADC_Init                0x08008675   0x1aa  Code  Gb  stm32f2xx_adc.o [1]
ADC_LowLevelInit        0x08006ae1   0x14e  Code  Gb  ADC.o [1]
ADC_RegisterCallback    0x08006a69    0x42  Code  Gb  ADC.o [1]
ADC_RegularChannelConfig
                        0x08008a25   0x200  Code  Gb  stm32f2xx_adc.o [1]
ADC_SoftwareStartConv   0x08008c25    0x2a  Code  Gb  stm32f2xx_adc.o [1]
ADC_TempSensorVrefintCmd
                        0x080089df    0x46  Code  Gb  stm32f2xx_adc.o [1]
ADC_cb_table            0x200042b8    0x4c  Data  Gb  ADC.o [1]
AHBPrescTable           0x2000010c    0x10  Data  Gb  system_stm32f2xx.o [1]
APBAHBPrescTable        0x200000fc    0x10  Data  Lc  stm32f2xx_rcc.o [1]
AppTaskHandle           0x20004464     0x4  Data  Gb  main.o [1]
BTCOM                   0x200044db     0x1  Data  Gb  STBT.o [1]
BTRXedStr               0x20004304    0x34  Data  Gb  STBT.o [1]
BTRXedStrPtr            0x2000444c     0x4  Data  Gb  STBT.o [1]
BT_State                0x200044dc     0x1  Data  Gb  STBT.o [1]
BT_UART_RX_Queue        0x20004448     0x4  Data  Gb  STBT.o [1]
BT_UART_sem             0x20004444     0x4  Data  Gb  STBT.o [1]
BusFault_Handler        0x080058ef     0x2  Code  Gb  stm32f2xx_it.o [1]
CAN1_RX0_IRQHandler     0x08009549          Code  Wk  startup_stm32f2xx.o [1]
CAN1_RX1_IRQHandler     0x0800954d          Code  Wk  startup_stm32f2xx.o [1]
CAN1_SCE_IRQHandler     0x08009551          Code  Wk  startup_stm32f2xx.o [1]
CAN1_TX_IRQHandler      0x08009545          Code  Wk  startup_stm32f2xx.o [1]
CAN2_RX0_IRQHandler     0x080095f9          Code  Wk  startup_stm32f2xx.o [1]
CAN2_RX1_IRQHandler     0x080095fd          Code  Wk  startup_stm32f2xx.o [1]
CAN2_SCE_IRQHandler     0x08009601          Code  Wk  startup_stm32f2xx.o [1]
CAN2_TX_IRQHandler      0x080095f5          Code  Wk  startup_stm32f2xx.o [1]
CLI_CmdList             0x20003d80   0x1e0  Data  Gb  CLI.o [1]
CLI_Error               0x08004379    0x12  Code  Gb  CLI.o [1]
CLI_Init                0x08004201    0x30  Code  Gb  CLI.o [1]
CLI_Input               0x08004231    0x90  Code  Gb  CLI.o [1]
CLI_Interpreter         0x080042c1    0x80  Code  Gb  CLI.o [1]
CLI_Out                 0x20004434     0x4  Data  Gb  CLI.o [1]
CLI_Output              0x08004341    0x1e  Code  Gb  CLI.o [1]
CLI_Output_Enable       0x2000017c     0x1  Data  Gb  CLI.o [1]
CLI_RxBuf               0x200041b8   0x100  Data  Gb  CLI.o [1]
CLI_RxPtr               0x200044d9     0x1  Data  Gb  CLI.o [1]
CLI_UserInterpreter     0x20004438     0x4  Data  Gb  CLI.o [1]
COM_IRQn                0x080094bc     0x4  Data  Gb  CU.o [1]
COM_RX_AF               0x0800148a     0x2  Data  Gb  CU.o [1]
COM_RX_PIN              0x080094b8     0x4  Data  Gb  CU.o [1]
COM_RX_PIN_SOURCE       0x08001346     0x2  Data  Gb  CU.o [1]
COM_RX_PORT             0x2000015c     0x8  Data  Gb  CU.o [1]
COM_RX_PORT_CLK         0x0800947c     0x8  Data  Gb  CU.o [1]
COM_TX_AF               0x08001412     0x2  Data  Gb  CU.o [1]
COM_TX_PIN              0x080094b4     0x4  Data  Gb  CU.o [1]
COM_TX_PIN_SOURCE       0x080012e2     0x2  Data  Gb  CU.o [1]
COM_TX_PORT             0x20000154     0x8  Data  Gb  CU.o [1]
COM_TX_PORT_CLK         0x08009474     0x8  Data  Gb  CU.o [1]
COM_USART               0x2000014c     0x8  Data  Gb  CU.o [1]
COM_USART_CLK           0x0800946c     0x8  Data  Gb  CU.o [1]
CRYP_IRQHandler         0x08009635          Code  Wk  startup_stm32f2xx.o [1]
CSTACK$$Base            0x200044e8           --   Gb  - Linker created -
CSTACK$$Limit           0x200048e8           --   Gb  - Linker created -
CU_COMInit              0x0800487d   0x14e  Code  Gb  CU.o [1]
CU_IOInit               0x08004b1d   0x2a0  Code  Gb  CU.o [1]
CU_LEDInit              0x080047f3    0x5a  Code  Gb  CU.o [1]
CU_LEDOff               0x08004865    0x18  Code  Gb  CU.o [1]
CU_LEDOn                0x0800484d    0x18  Code  Gb  CU.o [1]
ConfigTaskHandle        0x20004468     0x4  Data  Gb  main.o [1]
ConsoleOutput           0x20004454     0x4  Data  Gb  console.o [1]
DCMI_IRQHandler         0x08009631          Code  Wk  startup_stm32f2xx.o [1]
DMA1_Stream0_IRQHandler
                        0x08009525          Code  Wk  startup_stm32f2xx.o [1]
DMA1_Stream1_IRQHandler
                        0x08009529          Code  Wk  startup_stm32f2xx.o [1]
DMA1_Stream2_IRQHandler
                        0x0800952d          Code  Wk  startup_stm32f2xx.o [1]
DMA1_Stream3_IRQHandler
                        0x08009531          Code  Wk  startup_stm32f2xx.o [1]
DMA1_Stream4_IRQHandler
                        0x08009535          Code  Wk  startup_stm32f2xx.o [1]
DMA1_Stream5_IRQHandler
                        0x08009539          Code  Wk  startup_stm32f2xx.o [1]
DMA1_Stream6_IRQHandler
                        0x0800953d          Code  Wk  startup_stm32f2xx.o [1]
DMA1_Stream7_IRQHandler
                        0x080095b5          Code  Wk  startup_stm32f2xx.o [1]
DMA2_Stream0_IRQHandler
                        0x08005939    0x22  Code  Gb  stm32f2xx_it.o [1]
DMA2_Stream0_cb         0x08006c2f    0x22  Code  Gb  ADC.o [1]
DMA2_Stream1_IRQHandler
                        0x080095dd          Code  Wk  startup_stm32f2xx.o [1]
DMA2_Stream2_IRQHandler
                        0x080095e1          Code  Wk  startup_stm32f2xx.o [1]
DMA2_Stream3_IRQHandler
                        0x080095e5          Code  Wk  startup_stm32f2xx.o [1]
DMA2_Stream4_IRQHandler
                        0x080095e9          Code  Wk  startup_stm32f2xx.o [1]
DMA2_Stream5_IRQHandler
                        0x08009609          Code  Wk  startup_stm32f2xx.o [1]
DMA2_Stream6_IRQHandler
                        0x0800960d          Code  Wk  startup_stm32f2xx.o [1]
DMA2_Stream7_IRQHandler
                        0x08009611          Code  Wk  startup_stm32f2xx.o [1]
DMA_ClearITPendingBit   0x080084c3    0xb8  Code  Gb  stm32f2xx_dma.o [1]
DMA_Cmd                 0x0800808d    0xc4  Code  Gb  stm32f2xx_dma.o [1]
DMA_DeInit              0x08007bed   0x1ea  Code  Gb  stm32f2xx_dma.o [1]
DMA_GetITStatus         0x080082c5   0x1fe  Code  Gb  stm32f2xx_dma.o [1]
DMA_ITConfig            0x080081b5    0xf6  Code  Gb  stm32f2xx_dma.o [1]
DMA_Init                0x08007dd7   0x2b6  Code  Gb  stm32f2xx_dma.o [1]
DebugMon_Handler        0x080058f5     0x2  Code  Gb  stm32f2xx_it.o [1]
Delay_ms_tick           0x20004484     0x4  Data  Gb  stm32f2xx_it.o [1]
DiagnosticTaskHandle    0x20004470     0x4  Data  Gb  main.o [1]
ETH_IRQHandler          0x080095ed          Code  Wk  startup_stm32f2xx.o [1]
ETH_WKUP_IRQHandler     0x080095f1          Code  Wk  startup_stm32f2xx.o [1]
EUI64_getNXSFormat      0x08004779    0x3e  Code  Gb  UID.o [1]
EXTI0_IRQHandler        0x08009511          Code  Wk  startup_stm32f2xx.o [1]
EXTI15_10_IRQHandler    0x08009599          Code  Wk  startup_stm32f2xx.o [1]
EXTI1_IRQHandler        0x08009515          Code  Wk  startup_stm32f2xx.o [1]
EXTI2_IRQHandler        0x08009519          Code  Wk  startup_stm32f2xx.o [1]
EXTI3_IRQHandler        0x0800951d          Code  Wk  startup_stm32f2xx.o [1]
EXTI4_IRQHandler        0x08009521          Code  Wk  startup_stm32f2xx.o [1]
EXTI9_5_IRQHandler      0x08009555          Code  Wk  startup_stm32f2xx.o [1]
F3000CLIInterpreter     0x08002ca9    0xb6  Code  Gb  main.o [1]
F3000_App               0x08002c03    0xa6  Code  Gb  main.o [1]
F3000_Conf              0x08002bdf     0xc  Code  Gb  main.o [1]
F3000_Diag              0x08002beb     0xc  Code  Gb  main.o [1]
F3000_Periodic          0x08002bf7     0xc  Code  Gb  main.o [1]
FLASH_IRQHandler        0x08009509          Code  Wk  startup_stm32f2xx.o [1]
FSMC_IRQHandler         0x080095b9          Code  Wk  startup_stm32f2xx.o [1]
GPIO_CLK                0x080093bc     0xc  Data  Gb  CU.o [1]
GPIO_Init               0x08003a7d   0x18a  Code  Gb  stm32f2xx_gpio.o [1]
GPIO_PIN                0x08009464     0x8  Data  Gb  CU.o [1]
GPIO_PORT               0x2000011c     0xc  Data  Gb  CU.o [1]
GPIO_PinAFConfig        0x08003dd5   0x1ec  Code  Gb  stm32f2xx_gpio.o [1]
GPIO_ReadInputDataBit   0x08003c07    0xf0  Code  Gb  stm32f2xx_gpio.o [1]
GPIO_ResetBits          0x08003d53    0x5c  Code  Gb  stm32f2xx_gpio.o [1]
GPIO_SetBits            0x08003cf7    0x5c  Code  Gb  stm32f2xx_gpio.o [1]
Gear_EventGroup         0x20004474     0x4  Data  Gb  main.o [1]
HASH_RNG_IRQHandler     0x08009639          Code  Wk  startup_stm32f2xx.o [1]
HEAP$$Base              0x200048e8           --   Gb  - Linker created -
HEAP$$Limit             0x20004ae8           --   Gb  - Linker created -
HardFault_Handler       0x080058e9     0x4  Code  Gb  stm32f2xx_it.o [1]
I2C1_ER_IRQHandler      0x08009579          Code  Wk  startup_stm32f2xx.o [1]
I2C1_EV_IRQHandler      0x08009575          Code  Wk  startup_stm32f2xx.o [1]
I2C2_ER_IRQHandler      0x08009581          Code  Wk  startup_stm32f2xx.o [1]
I2C2_EV_IRQHandler      0x0800957d          Code  Wk  startup_stm32f2xx.o [1]
I2C3_ER_IRQHandler      0x0800961d          Code  Wk  startup_stm32f2xx.o [1]
I2C3_EV_IRQHandler      0x08009619          Code  Wk  startup_stm32f2xx.o [1]
I2CInUse                0x200044da     0x1  Data  Gb  PCA9952.o [1]
I2C_AcknowledgeConfig   0x0800672d    0x5e  Code  Gb  stm32f2xx_i2c.o [1]
I2C_Bus_Init            0x080049cb   0x152  Code  Gb  CU.o [1]
I2C_CLK                 0x080093c8     0xc  Data  Gb  CU.o [1]
I2C_CheckEvent          0x080067f5   0x104  Code  Gb  stm32f2xx_i2c.o [1]
I2C_Cmd                 0x080065b9    0x5e  Code  Gb  stm32f2xx_i2c.o [1]
I2C_DeInit              0x08006395    0x80  Code  Gb  stm32f2xx_i2c.o [1]
I2C_Driver_Init         0x08006e71    0x62  Code  Gb  I2C.o [1]
I2C_GenerateSTART       0x08006617    0x5e  Code  Gb  stm32f2xx_i2c.o [1]
I2C_GenerateSTOP        0x08006675    0x5e  Code  Gb  stm32f2xx_i2c.o [1]
I2C_GetFlagStatus       0x080068f9    0xec  Code  Gb  stm32f2xx_i2c.o [1]
I2C_Init                0x08006415   0x1a4  Code  Gb  stm32f2xx_i2c.o [1]
I2C_Inited_flag         0x20004440     0x4  Data  Gb  I2C.o [1]
I2C_PERIPH              0x20000128     0xc  Data  Gb  CU.o [1]
I2C_ReceiveData         0x080067b3    0x26  Code  Gb  stm32f2xx_i2c.o [1]
I2C_SCL_AF              0x080094c4     0x4  Data  Gb  CU.o [1]
I2C_SCL_GPIO_CLK        0x080093d4     0xc  Data  Gb  CU.o [1]
I2C_SCL_GPIO_PORT       0x20000134     0xc  Data  Gb  CU.o [1]
I2C_SCL_PIN             0x08009484     0x8  Data  Gb  CU.o [1]
I2C_SCL_SOURCE          0x080094c0     0x4  Data  Gb  CU.o [1]
I2C_SDA_AF              0x080094cc     0x4  Data  Gb  CU.o [1]
I2C_SDA_GPIO_CLK        0x080093e0     0xc  Data  Gb  CU.o [1]
I2C_SDA_GPIO_PORT       0x20000140     0xc  Data  Gb  CU.o [1]
I2C_SDA_PIN             0x0800948c     0x8  Data  Gb  CU.o [1]
I2C_SDA_SOURCE          0x080094c8     0x4  Data  Gb  CU.o [1]
I2C_SPEED               0x080093ec     0xc  Data  Gb  CU.o [1]
I2C_Send7bitAddress     0x080066d3    0x5a  Code  Gb  stm32f2xx_i2c.o [1]
I2C_SendData            0x0800678b    0x28  Code  Gb  stm32f2xx_i2c.o [1]
I2C_abort_transaction   0x08006ed3    0xe6  Code  Gb  I2C.o [1]
I2C_read_reg            0x08006fb9   0x1e0  Code  Gb  I2C.o [1]
I2C_sem                 0x2000443c     0x4  Data  Gb  I2C.o [1]
I2C_write_burst         0x080072b3   0x164  Code  Gb  I2C.o [1]
I2C_write_reg           0x08007199   0x11a  Code  Gb  I2C.o [1]
ITS_ADCAccu             0x20004374    0x14  Data  Gb  internal_temp_sensor.o [1]
ITS_ADCAccuPtr          0x200044df     0x1  Data  Gb  internal_temp_sensor.o [1]
ITS_Init                0x08004f25    0x1e  Code  Gb  internal_temp_sensor.o [1]
ITS_Monitor_callback    0x08004f45    0x78  Code  Gb  internal_temp_sensor.o [1]
ITS_OverTempThreshold   0x20000170     0x4  Data  Gb  internal_temp_sensor.o [1]
ITS_OverTemp_cb         0x2000445c     0x4  Data  Gb  internal_temp_sensor.o [1]
ITS_currentValue        0x20004460     0x4  Data  Gb  internal_temp_sensor.o [1]
InStream_Read           0x08008d2b    0x22  Code  Lc  packbits_init.o [5]
LEDbuffer               0x20004408     0x8  Data  Gb  ledbuffer.o [1]
LEDbuffer_MaskReset     0x08004067    0x34  Code  Gb  ledbuffer.o [1]
LEDbuffer_MaskSet       0x08004035    0x32  Code  Gb  ledbuffer.o [1]
LEDbuffer_ResetBit      0x080040f1    0x56  Code  Gb  ledbuffer.o [1]
LEDbuffer_SetBit        0x0800409b    0x56  Code  Gb  ledbuffer.o [1]
LEDbuffer_last          0x20004410     0x8  Data  Gb  ledbuffer.o [1]
LEDbuffer_refresh       0x08003fe9    0x4c  Code  Gb  ledbuffer.o [1]
LEDs_Init               0x080047b9    0x3a  Code  Gb  CU.o [1]
MemManage_Handler       0x080058ed     0x2  Code  Gb  stm32f2xx_it.o [1]
NMI_Handler             0x080058e7     0x2  Code  Gb  stm32f2xx_it.o [1]
NVIC_Init               0x080045ed    0x9a  Code  Gb  misc.o [1]
NVIC_PriorityGroupConfig
                        0x080045b9    0x34  Code  Gb  misc.o [1]
NVIC_SystemReset        0x08002bc5    0x1a  Code  Lc  main.o [1]
NXS_EUI64               0x20004420     0x8  Data  Gb  main.o [1]
NXS_UID                 0x200043ec     0xc  Data  Gb  main.o [1]
OTG_FS_IRQHandler       0x08009605          Code  Wk  startup_stm32f2xx.o [1]
OTG_FS_WKUP_IRQHandler  0x080095a1          Code  Wk  startup_stm32f2xx.o [1]
OTG_HS_EP1_IN_IRQHandler
                        0x08009625          Code  Wk  startup_stm32f2xx.o [1]
OTG_HS_EP1_OUT_IRQHandler
                        0x08009621          Code  Wk  startup_stm32f2xx.o [1]
OTG_HS_IRQHandler       0x0800962d          Code  Wk  startup_stm32f2xx.o [1]
OTG_HS_WKUP_IRQHandler  0x08009629          Code  Wk  startup_stm32f2xx.o [1]
PCA9952_Init            0x08004fe1    0x74  Code  Gb  PCA9952.o [1]
PCA9952_LED_Control     0x08005055    0x56  Code  Gb  PCA9952.o [1]
PCA9952_read_reg        0x080050ef    0x24  Code  Gb  PCA9952.o [1]
PCA9952_write_burst     0x080050cb    0x24  Code  Gb  PCA9952.o [1]
PCA9952_write_reg       0x080050ab    0x20  Code  Gb  PCA9952.o [1]
PVD_IRQHandler          0x080094fd          Code  Wk  startup_stm32f2xx.o [1]
PendSV_Handler          0x080058f7     0x2  Code  Gb  stm32f2xx_it.o [1]
PeriodicTaskHandle      0x2000446c     0x4  Data  Gb  main.o [1]
RCC_AHB1PeriphClockCmd  0x08005b63    0x58  Code  Gb  stm32f2xx_rcc.o [1]
RCC_APB1PeriphClockCmd  0x08005bbb    0x58  Code  Gb  stm32f2xx_rcc.o [1]
RCC_APB1PeriphResetCmd  0x08005c75    0x58  Code  Gb  stm32f2xx_rcc.o [1]
RCC_APB2PeriphClockCmd  0x08005c13    0x58  Code  Gb  stm32f2xx_rcc.o [1]
RCC_GetClocksFreq       0x08005a61   0x102  Code  Gb  stm32f2xx_rcc.o [1]
RCC_IRQHandler          0x0800950d          Code  Wk  startup_stm32f2xx.o [1]
RTC_Alarm_IRQHandler    0x0800959d          Code  Wk  startup_stm32f2xx.o [1]
RTC_WKUP_IRQHandler     0x08009505          Code  Wk  startup_stm32f2xx.o [1]
Region$$Table$$Base     0x08009268           --   Gb  - Linker created -
Region$$Table$$Limit    0x08009294           --   Gb  - Linker created -
Reset_Handler           0x080093ad          Code  Wk  startup_stm32f2xx.o [1]
SDIO_IRQHandler         0x080095bd          Code  Wk  startup_stm32f2xx.o [1]
SEG7_Set                0x08004151    0x9e  Code  Gb  SEG7.o [1]
SPI1_IRQHandler         0x08009585          Code  Wk  startup_stm32f2xx.o [1]
SPI2_IRQHandler         0x08009589          Code  Wk  startup_stm32f2xx.o [1]
SPI3_IRQHandler         0x080095c5          Code  Wk  startup_stm32f2xx.o [1]
STBT_ConsoleOutput      0x0800511d     0xc  Code  Gb  STBT.o [1]
STBT_Init               0x08005129    0x8c  Code  Gb  STBT.o [1]
STBT_SPP_Send           0x080051fd    0x20  Code  Gb  STBT.o [1]
STBT_Send               0x080051b5    0x48  Code  Gb  STBT.o [1]
STBT_Task               0x08005221   0x196  Code  Gb  STBT.o [1]
STBT_USART_RX_Callback  0x080053b7    0x12  Code  Gb  STBT.o [1]
SVC_Handler             0x080058f3     0x2  Code  Gb  stm32f2xx_it.o [1]
SerialUART_sem          0x2000447c     0x4  Data  Gb  serial.o [1]
Serial_SendString       0x080091b1    0x4a  Code  Gb  serial.o [1]
SetSysClock             0x0800451d    0x68  Code  Lc  system_stm32f2xx.o [1]
SysTick_Delay_cb        0x20004480     0x4  Data  Gb  stm32f2xx_it.o [1]
SysTick_Delay_ms        0x20004488     0x4  Data  Gb  stm32f2xx_it.o [1]
SysTick_Handler         0x080058f9    0x40  Code  Gb  stm32f2xx_it.o [1]
SystemCoreClock         0x20000178     0x4  Data  Gb  system_stm32f2xx.o [1]
SystemCoreClockUpdate   0x0800446f    0xae  Code  Gb  system_stm32f2xx.o [1]
SystemInit              0x08004429    0x46  Code  Gb  system_stm32f2xx.o [1]
TAMP_STAMP_IRQHandler   0x08009501          Code  Wk  startup_stm32f2xx.o [1]
TIM1_BRK_TIM9_IRQHandler
                        0x08009559          Code  Wk  startup_stm32f2xx.o [1]
TIM1_CC_IRQHandler      0x08009565          Code  Wk  startup_stm32f2xx.o [1]
TIM1_TRG_COM_TIM11_IRQHandler
                        0x08009561          Code  Wk  startup_stm32f2xx.o [1]
TIM1_UP_TIM10_IRQHandler
                        0x0800955d          Code  Wk  startup_stm32f2xx.o [1]
TIM2_IRQHandler         0x08005983    0xb4  Code  Gb  stm32f2xx_it.o [1]
TIM3_IRQHandler         0x0800956d          Code  Wk  startup_stm32f2xx.o [1]
TIM4_IRQHandler         0x08009571          Code  Wk  startup_stm32f2xx.o [1]
TIM5_IRQHandler         0x080095c1          Code  Wk  startup_stm32f2xx.o [1]
TIM6_DAC_IRQHandler     0x080095d1          Code  Wk  startup_stm32f2xx.o [1]
TIM7_IRQHandler         0x080095d5          Code  Wk  startup_stm32f2xx.o [1]
TIM8_BRK_TIM12_IRQHandler
                        0x080095a5          Code  Wk  startup_stm32f2xx.o [1]
TIM8_CC_IRQHandler      0x080095b1          Code  Wk  startup_stm32f2xx.o [1]
TIM8_TRG_COM_TIM14_IRQHandler
                        0x080095ad          Code  Wk  startup_stm32f2xx.o [1]
TIM8_UP_TIM13_IRQHandler
                        0x080095a9          Code  Wk  startup_stm32f2xx.o [1]
TIM_ClearITPendingBit   0x08002b0d    0x7e  Code  Gb  stm32f2xx_tim.o [1]
TIM_Cmd                 0x080021ad    0xb4  Code  Gb  stm32f2xx_tim.o [1]
TIM_GetITStatus         0x08002a21    0xec  Code  Gb  stm32f2xx_tim.o [1]
TIM_ITConfig            0x08002951    0xc6  Code  Gb  stm32f2xx_tim.o [1]
TIM_OC1Init             0x08002261   0x1c2  Code  Gb  stm32f2xx_tim.o [1]
TIM_OC1PreloadConfig    0x0800279d    0x96  Code  Gb  stm32f2xx_tim.o [1]
TIM_OC2Init             0x08002423   0x1ac  Code  Gb  stm32f2xx_tim.o [1]
TIM_OC2PreloadConfig    0x08002839    0x7c  Code  Gb  stm32f2xx_tim.o [1]
TIM_OC3Init             0x080025cf   0x19a  Code  Gb  stm32f2xx_tim.o [1]
TIM_OC3PreloadConfig    0x080028b5    0x6a  Code  Gb  stm32f2xx_tim.o [1]
TIM_SetCounter          0x080020f1    0x84  Code  Gb  stm32f2xx_tim.o [1]
TIM_TimeBaseInit        0x08001fa9   0x148  Code  Gb  stm32f2xx_tim.o [1]
Timer2_OC_Ch1_callback  0x200044c8     0x4  Data  Gb  timer.o [1]
Timer2_OC_Ch2_callback  0x200044cc     0x4  Data  Gb  timer.o [1]
Timer2_OC_Ch3_callback  0x200044d0     0x4  Data  Gb  timer.o [1]
UART4_IRQHandler        0x080095c9          Code  Wk  startup_stm32f2xx.o [1]
UART5_IRQHandler        0x080095cd          Code  Wk  startup_stm32f2xx.o [1]
UID                     0x20004418     0x8  Data  Gb  main.o [1]
UID_Init                0x080046a1     0xa  Code  Gb  UID.o [1]
UID_base_address        0x20004450     0x4  Data  Gb  UID.o [1]
UID_default             0x20000164     0x8  Data  Gb  UID.o [1]
UID_getNXSFormat        0x08004707    0x66  Code  Gb  UID.o [1]
UID_getUID              0x080046ab    0x5c  Code  Gb  UID.o [1]
UID_length              0x200044dd     0x1  Data  Gb  UID.o [1]
USART1_IRQHandler       0x0800958d          Code  Wk  startup_stm32f2xx.o [1]
USART2_IRQHandler       0x08009591          Code  Wk  startup_stm32f2xx.o [1]
USART3_IRQHandler       0x0800595b    0x28  Code  Gb  stm32f2xx_it.o [1]
USART6_IRQHandler       0x08009615          Code  Wk  startup_stm32f2xx.o [1]
USART_ClearITPendingBit
                        0x080062cb    0xaa  Code  Gb  stm32f2xx_usart.o [1]
USART_Cmd               0x08005ef9    0x76  Code  Gb  stm32f2xx_usart.o [1]
USART_GetITStatus       0x08006187   0x144  Code  Gb  stm32f2xx_usart.o [1]
USART_ITConfig          0x08006039   0x14e  Code  Gb  stm32f2xx_usart.o [1]
USART_Init              0x08005cf9   0x200  Code  Gb  stm32f2xx_usart.o [1]
USART_ReceiveData       0x08005fcd    0x48  Code  Gb  stm32f2xx_usart.o [1]
USART_SendData          0x08005f6f    0x5e  Code  Gb  stm32f2xx_usart.o [1]
UsageFault_Handler      0x080058f1     0x2  Code  Gb  stm32f2xx_it.o [1]
WWDG_IRQHandler         0x080094f9          Code  Wk  startup_stm32f2xx.o [1]
_EncodingSb_Mbtowc      0x08001e47    0x30  Code  Gb  xencoding_sb.o [3]
_EncodingSb_Wctomb      0x08001e2d    0x1a  Code  Gb  xencoding_sb.o [3]
_GenldFull              0x08000fb9   0x248  Code  Lc  xprintffull.o [3]
_IsdstStr               0x2000008c     0x4  Data  Gb  setlocale.o [3]
_LdtobFull              0x08000bf1   0x3c2  Code  Lc  xprintffull.o [3]
_LitobFull              0x08000a93   0x10c  Code  Lc  xprintffull.o [3]
_LocaleEncoding         0x08001e19     0xe  Code  Gb  setlocale.o [3]
_LocaleReturnString     0x200000ac    0x50  Data  Lc  setlocale.o [3]
_Locale_Profile         0x20000090    0x1c  Data  Gb  setlocale.o [3]
_Locale_aeabi_lconv     0x20000050    0x38  Data  Gb  localeconv.o [3]
_Locale_lconv           0x20000000    0x50  Data  Gb  localeconv.o [3]
_Mbtowc                 0x0800124b    0x20  Code  Gb  xmbtowc.o [3]
_PrintfFull             0x08000185   0x5b6  Code  Gb  xprintffull.o [3]
_PutcharsFull           0x08001201    0x2e  Code  Lc  xprintffull.o [3]
_PutstrFull             0x08000751   0x33c  Code  Lc  xprintffull.o [3]
_SProut                 0x080012a3     0xa  Code  Gb  xsprout.o [3]
_TzoneStr               0x20000088     0x4  Data  Gb  setlocale.o [3]
_Wctomb                 0x080013f9    0x1a  Code  Gb  xwctomb.o [3]
__aeabi_cdcmple         0x080017e1          Code  Gb  DblCmpLe.o [4]
__aeabi_cdrcmple        0x08001811          Code  Gb  DblCmpGe.o [4]
__aeabi_d2f             0x08006de1          Code  Gb  DblToFlt.o [4]
__aeabi_d2iz            0x0800194d          Code  Gb  DblToI32.o [4]
__aeabi_d2uiz           0x08001979          Code  Gb  DblToI32.o [4]
__aeabi_dadd            0x08001ebd          Code  Gb  DblAdd.o [4]
__aeabi_ddiv            0x08001b55          Code  Gb  DblDiv.o [4]
__aeabi_dmul            0x080015fd          Code  Gb  DblMul.o [4]
__aeabi_dsub            0x080019d5          Code  Gb  DblSub.o [4]
__aeabi_f2d             0x08006d91          Code  Gb  FltToDbl.o [4]
__aeabi_fdiv            0x08006c95          Code  Gb  FltDiv.o [4]
__aeabi_i2d             0x080019a5          Code  Gb  I32ToDbl.o [4]
__aeabi_ldiv0           0x08001eb9          Code  Gb  I64DivZer.o [5]
__aeabi_memcpy          0x08001415          Code  Gb  ABImemcpy.o [5]
__aeabi_memcpy4         0x08001435          Code  Gb  ABImemcpy.o [5]
__aeabi_memcpy8         0x08001435          Code  Gb  ABImemcpy.o [5]
__aeabi_memset          0x08007afd          Code  Gb  ABImemset.o [5]
__aeabi_ui2d            0x080019b9          Code  Gb  I32ToDbl.o [4]
__aeabi_ui2f            0x08006c75          Code  Gb  I32ToFlt.o [4]
__aeabi_uldivmod        0x0800150d          Code  Gb  I64DivMod.o [5]
__cmain                 0x080092f5          Code  Gb  cmain.o [5]
__data_Aldata           0x20004428     0x8  Data  Gb  xxmemxmalloc.o [3]
__data_GetMemChunk      0x08001e8d    0x2c  Code  Gb  xgetmemchunk.o [3]
__exit                  0x08008de1    0x14  Code  Gb  exit.o [6]
__iar_Dnorm             0x0800179f    0x42  Code  Gb  xdnorm.o [4]
__iar_Dscale            0x08001841   0x10c  Code  Gb  xdscale.o [4]
__iar_Locale_lconv_init
                        0x08001d9d    0x3a  Code  Gb  localeconv.o [3]
__iar_Mbcurmax          0x0800133d     0xa  Code  Gb  xmbcurmax.o [3]
__iar_Memchr            0x080012e5          Code  Gb  memchr.o [5]
__iar_Memset            0x08007afd          Code  Gb  ABImemset.o [5]
__iar_Memset_word       0x08007b05          Code  Gb  ABImemset.o [5]
__iar_Strchr            0x0800128d          Code  Gb  strchr.o [5]
__iar_Strstr            0x0800586d    0x2c  Code  Gb  strstr.o [3]
__iar_d2uiz             0x08001985          Code  Gb  DblToI32.o [4]
__iar_dadd              0x08001ed1          Code  Gb  DblAdd.o [4]
__iar_data_init3        0x08009241    0x28  Code  Gb  data_init.o [5]
__iar_dlib_perthread_access
                        0x08001fa5     0x2  Code  Gb  xtls.o [3]
__iar_dsub              0x080019e9          Code  Gb  DblSub.o [4]
__iar_dsubStart         0x080019fb          Code  Gb  DblSub.o [4]
__iar_packbits_init3    0x08008d4d    0x8e  Code  Gb  packbits_init.o [5]
__iar_program_start     0x08009459          Code  Gb  cstartup_M.o [5]
__iar_strcmp            0x08005899          Code  Gb  strcmp.o [5]
__iar_ui2d              0x080019bd          Code  Gb  I32ToDbl.o [4]
__iar_ui2f              0x08006c79          Code  Gb  I32ToFlt.o [4]
__iar_zero_init3        0x0800126b    0x22  Code  Gb  zero_init3.o [5]
__low_level_init        0x0800930b     0x4  Code  Gb  low_level_init.o [3]
__vector_table          0x08000000          Data  Gb  startup_stm32f2xx.o [1]
_call_main              0x08009301          Code  Gb  cmain.o [5]
_exit                   0x08009315          Code  Gb  cexit.o [5]
_main                   0x08009307          Code  Gb  cmain.o [5]
abort                   0x08008ddb     0x6  Code  Gb  abort.o [3]
assert_failed           0x08002e1f    0x34  Code  Gb  main.o [1]
console_Init            0x08005409    0x14  Code  Gb  console.o [1]
console_log             0x0800541d    0x16  Code  Gb  console.o [1]
div                     0x08001e09     0xe  Code  Gb  div.o [3]
exit                    0x0800930f     0x4  Code  Gb  exit.o [3]
free                    0x0800148d    0x7a  Code  Gb  xxmemxfree.o [3]
gear_decrease           0x080043a3    0x16  Code  Gb  gear.o [1]
gear_down               0x080043d7    0x1e  Code  Gb  gear.o [1]
gear_increase           0x0800438d    0x16  Code  Gb  gear.o [1]
gear_isMoving           0x08004413     0x6  Code  Gb  gear.o [1]
gear_moving             0x200044de     0x1  Data  Gb  gear.o [1]
gear_stop               0x080043f5    0x1e  Code  Gb  gear.o [1]
gear_up                 0x080043b9    0x1e  Code  Gb  gear.o [1]
heapSTRUCT_SIZE         0x080015fa     0x2  Data  Lc  heap_2.o [1]
localeconv              0x08001dd7    0x16  Code  Gb  localeconv.o [3]
main                    0x08002d5f    0xc0  Code  Gb  main.o [1]
malloc                  0x08001349    0xac  Code  Gb  xxmemxmalloc.o [3]
memchr                  0x080012e5          Code  Gb  memchr.o [5]
memcpy                  0x08008d15    0x16  Code  Gb  queue.o [1]
memset                  0x080055bd    0x16  Code  Gb  tasks.o [1]
pcInterruptPriorityRegisters
                        0x080094d0     0x4  Data  Lc  port.o [1]
prvAddCurrentTaskToDelayedList
                        0x080039a9    0x7e  Code  Lc  tasks.o [1]
prvAddNewTaskToReadyList
                        0x08003037    0xc0  Code  Lc  tasks.o [1]
prvCheckTasksWaitingTermination
                        0x08003759    0x6a  Code  Lc  tasks.o [1]
prvCopyDataFromQueue    0x08007a1d    0x2c  Code  Lc  queue.o [1]
prvCopyDataToQueue      0x0800798f    0x8e  Code  Lc  queue.o [1]
prvDeleteTCB            0x080037c3    0x12  Code  Lc  tasks.o [1]
prvHeapInit             0x08005577    0x2e  Code  Lc  heap_2.o [1]
prvIdleTask             0x080036c9    0x26  Code  Lc  tasks.o [1]
prvInitialiseNewQueue   0x0800752d    0x36  Code  Lc  queue.o [1]
prvInitialiseNewTask    0x08002f63    0xd4  Code  Lc  tasks.o [1]
prvInitialiseTaskLists  0x080036f9    0x58  Code  Lc  tasks.o [1]
prvIsQueueEmpty         0x08007ab7    0x20  Code  Lc  queue.o [1]
prvIsQueueFull          0x08007ad7    0x22  Code  Lc  queue.o [1]
prvResetNextTaskUnblockTime
                        0x080037d5    0x2a  Code  Lc  tasks.o [1]
prvTaskExitError        0x08005691    0x2a  Code  Lc  port.o [1]
prvUnlockQueue          0x08007a49    0x6e  Code  Lc  queue.o [1]
pvPortMalloc            0x08005471    0xc2  Code  Gb  heap_2.o [1]
pvTaskIncrementMutexHeldCount
                        0x08003965    0x1e  Code  Gb  tasks.o [1]
pxCurrentTCB            0x2000448c     0x4  Data  Gb  tasks.o [1]
pxDelayedTaskList       0x20004490     0x4  Data  Lc  tasks.o [1]
pxOverflowDelayedTaskList
                        0x20004494     0x4  Data  Lc  tasks.o [1]
pxPortInitialiseStack   0x08005671    0x20  Code  Gb  port.o [1]
pxReadyTasksLists       0x2000408c   0x12c  Data  Lc  tasks.o [1]
scale                   0x08000ba5    0x46  Code  Lc  xprintffull.o [3]
setSysTick_Delay_Timer  0x080058dd     0xa  Code  Gb  stm32f2xx_it.o [1]
sprintf                 0x0800543d    0x34  Code  Gb  sprintf.o [3]
str                     0x20003f60   0x12c  Data  Gb  main.o [1]
strchr                  0x0800128d          Code  Gb  strchr.o [5]
strcmp                  0x08005899          Code  Gb  strcmp.o [5]
strlen                  0x080012ad          Code  Gb  strlen.o [5]
strstr                  0x080041ef    0x10  Code  Gb  main.o [1]
timer_init              0x08004e3d    0xde  Code  Gb  timer.o [1]
ucHeap                  0x20000180  0x3c00  Data  Lc  heap_2.o [1]
ucMaxSysCallPriority    0x200044e0     0x1  Data  Lc  port.o [1]
ulMaxPRIGROUPValue      0x20004478     0x4  Data  Lc  port.o [1]
uxCriticalNesting       0x20000174     0x4  Data  Lc  port.o [1]
uxCurrentNumberOfTasks  0x2000449c     0x4  Data  Lc  tasks.o [1]
uxDeletedTasksWaitingCleanUp
                        0x20004498     0x4  Data  Lc  tasks.o [1]
uxListRemove            0x08005649    0x28  Code  Gb  list.o [1]
uxPendedTicks           0x200044ac     0x4  Data  Lc  tasks.o [1]
uxSchedulerSuspended    0x200044c4     0x4  Data  Lc  tasks.o [1]
uxTaskNumber            0x200044b8     0x4  Data  Lc  tasks.o [1]
uxTopReadyPriority      0x200044a4     0x4  Data  Lc  tasks.o [1]
vListInitialise         0x080055d3    0x1e  Code  Gb  list.o [1]
vListInitialiseItem     0x080055f1     0x6  Code  Gb  list.o [1]
vListInsert             0x0800560f    0x3a  Code  Gb  list.o [1]
vListInsertEnd          0x080055f7    0x18  Code  Gb  list.o [1]
vPortEnterCritical      0x08005743    0x3a  Code  Gb  port.o [1]
vPortExitCritical       0x0800577d    0x32  Code  Gb  port.o [1]
vPortFree               0x08005533    0x44  Code  Gb  heap_2.o [1]
vPortSVCHandler         0x08007bab          Code  Gb  portasm.o [1]
vPortSetupTimerInterrupt
                        0x080057d7    0x1a  Code  Wk  port.o [1]
vPortStartFirstTask     0x08007bcb          Code  Gb  portasm.o [1]
vPortValidateInterruptPriority
                        0x080057f1    0x4e  Code  Gb  port.o [1]
vTaskDelay              0x080030f7    0x4e  Code  Gb  tasks.o [1]
vTaskMissedYield        0x080036b9     0xa  Code  Gb  tasks.o [1]
vTaskPlaceOnEventList   0x08003535    0x34  Code  Gb  tasks.o [1]
vTaskPriorityInherit    0x080037ff    0xac  Code  Gb  tasks.o [1]
vTaskSetTimeOutState    0x08003609    0x26  Code  Gb  tasks.o [1]
vTaskStartScheduler     0x0800321f    0x68  Code  Gb  tasks.o [1]
vTaskSuspend            0x08003145    0xda  Code  Gb  tasks.o [1]
vTaskSuspendAll         0x08003287    0x10  Code  Gb  tasks.o [1]
vTaskSwitchContext      0x080034c5    0x70  Code  Gb  tasks.o [1]
xDelayedTaskList1       0x20004388    0x14  Data  Lc  tasks.o [1]
xDelayedTaskList2       0x2000439c    0x14  Data  Lc  tasks.o [1]
xEnd                    0x20004400     0x8  Data  Lc  heap_2.o [1]
xEventGroupCreate       0x08003a61    0x1c  Code  Gb  event_groups.o [1]
xFreeBytesRemaining     0x2000016c     0x4  Data  Lc  heap_2.o [1]
xIdleTaskHandle         0x200044c0     0x4  Data  Lc  tasks.o [1]
xNextTaskUnblockTime    0x200044bc     0x4  Data  Lc  tasks.o [1]
xNumOfOverflows         0x200044b4     0x4  Data  Lc  tasks.o [1]
xPendingReadyList       0x200043b0    0x14  Data  Lc  tasks.o [1]
xPortPendSVHandler      0x08007b65          Code  Gb  portasm.o [1]
xPortStartScheduler     0x080056bb    0x88  Code  Gb  port.o [1]
xPortSysTickHandler     0x080057af    0x28  Code  Gb  port.o [1]
xQueueGenericCreate     0x080074d5    0x58  Code  Gb  queue.o [1]
xQueueGenericReceive    0x080077db   0x1b4  Code  Gb  queue.o [1]
xQueueGenericReset      0x08007441    0x94  Code  Gb  queue.o [1]
xQueueGenericSend       0x08007563   0x18a  Code  Gb  queue.o [1]
xQueueGenericSendFromISR
                        0x080076ed    0xee  Code  Gb  queue.o [1]
xSchedulerRunning       0x200044a8     0x4  Data  Lc  tasks.o [1]
xStart                  0x200043f8     0x8  Data  Lc  heap_2.o [1]
xSuspendedTaskList      0x200043d8    0x14  Data  Lc  tasks.o [1]
xTaskCheckForTimeOut    0x0800362f    0x8a  Code  Gb  tasks.o [1]
xTaskCreate             0x08002ee5    0x7e  Code  Gb  tasks.o [1]
xTaskIncrementTick      0x08003399   0x12c  Code  Gb  tasks.o [1]
xTaskPriorityDisinherit
                        0x080038ab    0xba  Code  Gb  tasks.o [1]
xTaskRemoveFromEventList
                        0x0800356d    0x86  Code  Gb  tasks.o [1]
xTaskResumeAll          0x08003297   0x102  Code  Gb  tasks.o [1]
xTasksWaitingTermination
                        0x200043c4    0x14  Data  Lc  tasks.o [1]
xTickCount              0x200044a0     0x4  Data  Lc  tasks.o [1]
xYieldPending           0x200044b0     0x4  Data  Lc  tasks.o [1]


[1] = C:\Users\jeanphil.rey\Documents\JP\Perso\F3000\F3000git\V2\FW\Project\IARARM\Debug\Obj
[2] = command line
[3] = dl7M_tlf.a
[4] = m7M_tl.a
[5] = rt7M_tl.a
[6] = shb_l.a

  36 884 bytes of readonly  code memory
   1 707 bytes of readonly  data memory
  19 166 bytes of readwrite data memory

Errors: none
Warnings: none
