###############################################################################
#                                                                             #
# IAR ELF Linker V6.50.6.4896/W32 for ARM               29/Dec/2016  15:12:07 #
# Copyright 2007-2013 IAR Systems AB.                                         #
#                                                                             #
#    Output file  =  C:\Users\jeanphil.rey\Documents\JP\Perso\F3000\F3000git\ #
#                    V2\FW\Project\IARARM\Debug\Exe\F3000CU.out               #
#    Map file     =  C:\Users\jeanphil.rey\Documents\JP\Perso\F3000\F3000git\ #
#                    V2\FW\Project\IARARM\Debug\List\F3000CU.map              #
#    Command line =  C:\Users\jeanphil.rey\Documents\JP\Perso\F3000\F3000git\ #
#                    V2\FW\Project\IARARM\Debug\Obj\ADC.o                     #
#                    C:\Users\jeanphil.rey\Documents\JP\Perso\F3000\F3000git\ #
#                    V2\FW\Project\IARARM\Debug\Obj\CLI.o                     #
#                    C:\Users\jeanphil.rey\Documents\JP\Perso\F3000\F3000git\ #
#                    V2\FW\Project\IARARM\Debug\Obj\CU.o                      #
#                    C:\Users\jeanphil.rey\Documents\JP\Perso\F3000\F3000git\ #
#                    V2\FW\Project\IARARM\Debug\Obj\I2C.o                     #
#                    C:\Users\jeanphil.rey\Documents\JP\Perso\F3000\F3000git\ #
#                    V2\FW\Project\IARARM\Debug\Obj\UID.o                     #
#                    C:\Users\jeanphil.rey\Documents\JP\Perso\F3000\F3000git\ #
#                    V2\FW\Project\IARARM\Debug\Obj\console.o                 #
#                    C:\Users\jeanphil.rey\Documents\JP\Perso\F3000\F3000git\ #
#                    V2\FW\Project\IARARM\Debug\Obj\croutine.o                #
#                    C:\Users\jeanphil.rey\Documents\JP\Perso\F3000\F3000git\ #
#                    V2\FW\Project\IARARM\Debug\Obj\event_groups.o            #
#                    C:\Users\jeanphil.rey\Documents\JP\Perso\F3000\F3000git\ #
#                    V2\FW\Project\IARARM\Debug\Obj\heap_2.o                  #
#                    C:\Users\jeanphil.rey\Documents\JP\Perso\F3000\F3000git\ #
#                    V2\FW\Project\IARARM\Debug\Obj\internal_temp_sensor.o    #
#                    C:\Users\jeanphil.rey\Documents\JP\Perso\F3000\F3000git\ #
#                    V2\FW\Project\IARARM\Debug\Obj\list.o                    #
#                    C:\Users\jeanphil.rey\Documents\JP\Perso\F3000\F3000git\ #
#                    V2\FW\Project\IARARM\Debug\Obj\main.o                    #
#                    C:\Users\jeanphil.rey\Documents\JP\Perso\F3000\F3000git\ #
#                    V2\FW\Project\IARARM\Debug\Obj\misc.o                    #
#                    C:\Users\jeanphil.rey\Documents\JP\Perso\F3000\F3000git\ #
#                    V2\FW\Project\IARARM\Debug\Obj\port.o                    #
#                    C:\Users\jeanphil.rey\Documents\JP\Perso\F3000\F3000git\ #
#                    V2\FW\Project\IARARM\Debug\Obj\portasm.o                 #
#                    C:\Users\jeanphil.rey\Documents\JP\Perso\F3000\F3000git\ #
#                    V2\FW\Project\IARARM\Debug\Obj\queue.o                   #
#                    C:\Users\jeanphil.rey\Documents\JP\Perso\F3000\F3000git\ #
#                    V2\FW\Project\IARARM\Debug\Obj\serial.o                  #
#                    C:\Users\jeanphil.rey\Documents\JP\Perso\F3000\F3000git\ #
#                    V2\FW\Project\IARARM\Debug\Obj\startup_stm32f2xx.o       #
#                    C:\Users\jeanphil.rey\Documents\JP\Perso\F3000\F3000git\ #
#                    V2\FW\Project\IARARM\Debug\Obj\stm32f2xx_adc.o           #
#                    C:\Users\jeanphil.rey\Documents\JP\Perso\F3000\F3000git\ #
#                    V2\FW\Project\IARARM\Debug\Obj\stm32f2xx_dma.o           #
#                    C:\Users\jeanphil.rey\Documents\JP\Perso\F3000\F3000git\ #
#                    V2\FW\Project\IARARM\Debug\Obj\stm32f2xx_exti.o          #
#                    C:\Users\jeanphil.rey\Documents\JP\Perso\F3000\F3000git\ #
#                    V2\FW\Project\IARARM\Debug\Obj\stm32f2xx_gpio.o          #
#                    C:\Users\jeanphil.rey\Documents\JP\Perso\F3000\F3000git\ #
#                    V2\FW\Project\IARARM\Debug\Obj\stm32f2xx_i2c.o           #
#                    C:\Users\jeanphil.rey\Documents\JP\Perso\F3000\F3000git\ #
#                    V2\FW\Project\IARARM\Debug\Obj\stm32f2xx_it.o            #
#                    C:\Users\jeanphil.rey\Documents\JP\Perso\F3000\F3000git\ #
#                    V2\FW\Project\IARARM\Debug\Obj\stm32f2xx_pwr.o           #
#                    C:\Users\jeanphil.rey\Documents\JP\Perso\F3000\F3000git\ #
#                    V2\FW\Project\IARARM\Debug\Obj\stm32f2xx_rcc.o           #
#                    C:\Users\jeanphil.rey\Documents\JP\Perso\F3000\F3000git\ #
#                    V2\FW\Project\IARARM\Debug\Obj\stm32f2xx_spi.o           #
#                    C:\Users\jeanphil.rey\Documents\JP\Perso\F3000\F3000git\ #
#                    V2\FW\Project\IARARM\Debug\Obj\stm32f2xx_syscfg.o        #
#                    C:\Users\jeanphil.rey\Documents\JP\Perso\F3000\F3000git\ #
#                    V2\FW\Project\IARARM\Debug\Obj\stm32f2xx_tim.o           #
#                    C:\Users\jeanphil.rey\Documents\JP\Perso\F3000\F3000git\ #
#                    V2\FW\Project\IARARM\Debug\Obj\stm32f2xx_usart.o         #
#                    C:\Users\jeanphil.rey\Documents\JP\Perso\F3000\F3000git\ #
#                    V2\FW\Project\IARARM\Debug\Obj\strbuf.o                  #
#                    C:\Users\jeanphil.rey\Documents\JP\Perso\F3000\F3000git\ #
#                    V2\FW\Project\IARARM\Debug\Obj\system_stm32f2xx.o        #
#                    C:\Users\jeanphil.rey\Documents\JP\Perso\F3000\F3000git\ #
#                    V2\FW\Project\IARARM\Debug\Obj\tasks.o                   #
#                    C:\Users\jeanphil.rey\Documents\JP\Perso\F3000\F3000git\ #
#                    V2\FW\Project\IARARM\Debug\Obj\timer.o                   #
#                    C:\Users\jeanphil.rey\Documents\JP\Perso\F3000\F3000git\ #
#                    V2\FW\Project\IARARM\Debug\Obj\timers.o -o               #
#                    C:\Users\jeanphil.rey\Documents\JP\Perso\F3000\F3000git\ #
#                    V2\FW\Project\IARARM\Debug\Exe\F3000CU.out --redirect    #
#                    _Printf=_PrintfFull --redirect _Scanf=_ScanfFull --map   #
#                    C:\Users\jeanphil.rey\Documents\JP\Perso\F3000\F3000git\ #
#                    V2\FW\Project\IARARM\Debug\List\F3000CU.map --config     #
#                    C:\Users\jeanphil.rey\Documents\JP\Perso\F3000\F3000git\ #
#                    V2\FW\Project\IARARM\stm32f2xx_flash.icf --semihosting   #
#                    --entry __iar_program_start --vfe                        #
#                                                                             #
#                                                                             #
###############################################################################

*******************************************************************************
*** RUNTIME MODEL ATTRIBUTES
***

CppFlavor                     = *
__Heap_Handler                = Basic
__SystemLibrary               = DLib
__dlib_dynamic_initialization = normal


*******************************************************************************
*** PLACEMENT SUMMARY
***

"A1":  place at 0x08000000 { ro section .intvec };
"P1":  place in [from 0x08000000 to 0x080fffff] { ro };
"P2":  place in [from 0x20000000 to 0x20020000] { rw, block CSTACK, block HEAP };

  Section             Kind        Address    Size  Object
  -------             ----        -------    ----  ------
"A1":                                       0x184
  .intvec             ro code  0x08000000   0x184  startup_stm32f2xx.o [1]
                             - 0x08000184   0x184

"P1":                                      0x4e5c
  .text               ro code  0x08000184  0x10c6  xprintffull.o [3]
  .text               ro code  0x0800124a    0x20  xmbtowc.o [3]
  .text               ro code  0x0800126a    0x22  zero_init3.o [5]
  .text               ro code  0x0800128c    0x16  strchr.o [5]
  .text               ro code  0x080012a2     0xa  xsprout.o [3]
  .text               ro code  0x080012ac    0x36  strlen.o [5]
  .rodata             const    0x080012e2     0x2  heap_2.o [1]
  .text               ro code  0x080012e4    0x58  memchr.o [5]
  .text               ro code  0x0800133c     0xa  xmbcurmax.o [3]
  .text               ro code  0x08001348    0xb0  xxmemxmalloc.o [3]
  .text               ro code  0x080013f8    0x1a  xwctomb.o [3]
  .text               ro code  0x08001414    0x76  ABImemcpy.o [5]
  .text               ro code  0x0800148c    0x80  xxmemxfree.o [3]
  .text               ro code  0x0800150c    0xee  I64DivMod.o [5]
  .text               ro code  0x080015fc   0x1a2  DblMul.o [4]
  .text               ro code  0x0800179e    0x42  xdnorm.o [4]
  .text               ro code  0x080017e0    0x2e  DblCmpLe.o [4]
  .text               ro code  0x08001810    0x2e  DblCmpGe.o [4]
  .text               ro code  0x08001840   0x10c  xdscale.o [4]
  .text               ro code  0x0800194c    0x58  DblToI32.o [4]
  .text               ro code  0x080019a4    0x30  I32ToDbl.o [4]
  .text               ro code  0x080019d4   0x180  DblSub.o [4]
  .text               ro code  0x08001b54   0x246  DblDiv.o [4]
  .text               ro code  0x08001d9c    0x6c  localeconv.o [3]
  .text               ro code  0x08001e08     0xe  div.o [3]
  .text               ro code  0x08001e18    0x14  setlocale.o [3]
  .text               ro code  0x08001e2c    0x60  xencoding_sb.o [3]
  .text               ro code  0x08001e8c    0x2c  xgetmemchunk.o [3]
  .text               ro code  0x08001eb8     0x2  I64DivZer.o [5]
  .text               ro code  0x08001ebc    0xe8  DblAdd.o [4]
  .text               ro code  0x08001fa4     0x2  xtls.o [3]
  .text               ro code  0x08001fa8   0xa88  stm32f2xx_dma.o [1]
  .text               ro code  0x08002a30    0xec  main.o [1]
  .text               ro code  0x08002b1c    0xc8  CU.o [1]
  .text               ro code  0x08002be4   0x7a4  tasks.o [1]
  .text               ro code  0x08003388   0x190  system_stm32f2xx.o [1]
  .text               ro code  0x08003518    0xe8  misc.o [1]
  .text               ro code  0x08003600   0x116  UID.o [1]
  .text               ro code  0x08003718    0xbc  internal_temp_sensor.o [1]
  .text               ro code  0x080037d4    0x1c  console.o [1]
  .text               ro code  0x080037f0    0x34  sprintf.o [3]
  .text               ro code  0x08003824    0xc4  stm32f2xx_rcc.o [1]
  .text               ro code  0x080038e8   0x1b4  stm32f2xx_gpio.o [1]
  .text               ro code  0x08003a9c   0x14c  heap_2.o [1]
  .text               ro code  0x08003be8    0x16  tasks.o [1]
  .text               ro code  0x08003bfe    0x9e  list.o [1]
  .text               ro code  0x08003c9c   0x1a4  port.o [1]
  .text               ro code  0x08003e40   0x20c  ADC.o [1]
  .text               ro code  0x0800404c    0x1e  I32ToFlt.o [4]
  .text               ro code  0x0800406c    0xfc  FltDiv.o [4]
  .text               ro code  0x08004168    0x4e  FltToDbl.o [4]
  .text               ro code  0x080041b8    0x90  DblToFlt.o [4]
  .text               ro code  0x08004248    0x66  ABImemset.o [5]
  CODE                ro code  0x080042b0    0x88  portasm.o [1]
  .text               ro code  0x08004338   0x6a0  stm32f2xx_adc.o [1]
  .text               ro code  0x080049d8    0xb0  packbits_init.o [5]
  .text               ro code  0x08004a88     0x6  abort.o [3]
  .text               ro code  0x08004a90    0x14  exit.o [6]
  .rodata             const    0x08004aa4    0x78  stm32f2xx_adc.o [1]
  .rodata             const    0x08004b1c    0x78  stm32f2xx_dma.o [1]
  .rodata             const    0x08004b94    0x78  stm32f2xx_gpio.o [1]
  .rodata             const    0x08004c0c    0x78  stm32f2xx_rcc.o [1]
  .rodata             const    0x08004c84    0x70  misc.o [1]
  .text               ro code  0x08004cf4    0x68  stm32f2xx_it.o [1]
  .text               ro code  0x08004d5c    0x28  data_init.o [5]
  .iar.init_table     const    0x08004d84    0x2c  - Linker created -
  .rodata             const    0x08004db0    0x18  main.o [1]
  .text               ro code  0x08004dc8    0x16  cmain.o [5]
  .text               ro code  0x08004dde     0x4  low_level_init.o [3]
  .text               ro code  0x08004de2     0x4  exit.o [3]
  .text               ro code  0x08004de8     0xa  cexit.o [5]
  .text               ro code  0x08004df4    0x10  startup_stm32f2xx.o [1]
  .rodata             const    0x08004e04     0xc  CU.o [1]
  .rodata             const    0x08004e10     0xc  main.o [1]
  .text               ro code  0x08004e1c     0xc  cstartup_M.o [5]
  .rodata             const    0x08004e28     0x8  CU.o [1]
  .rodata             const    0x08004e30     0x8  main.o [1]
  .rodata             const    0x08004e38     0x8  tasks.o [1]
  .text               ro code  0x08004e40     0x4  startup_stm32f2xx.o [1]
  .text               ro code  0x08004e44     0x4  startup_stm32f2xx.o [1]
  .text               ro code  0x08004e48     0x4  startup_stm32f2xx.o [1]
  .text               ro code  0x08004e4c     0x4  startup_stm32f2xx.o [1]
  .text               ro code  0x08004e50     0x4  startup_stm32f2xx.o [1]
  .text               ro code  0x08004e54     0x4  startup_stm32f2xx.o [1]
  .text               ro code  0x08004e58     0x4  startup_stm32f2xx.o [1]
  .text               ro code  0x08004e5c     0x4  startup_stm32f2xx.o [1]
  .text               ro code  0x08004e60     0x4  startup_stm32f2xx.o [1]
  .text               ro code  0x08004e64     0x4  startup_stm32f2xx.o [1]
  .text               ro code  0x08004e68     0x4  startup_stm32f2xx.o [1]
  .text               ro code  0x08004e6c     0x4  startup_stm32f2xx.o [1]
  .text               ro code  0x08004e70     0x4  startup_stm32f2xx.o [1]
  .text               ro code  0x08004e74     0x4  startup_stm32f2xx.o [1]
  .text               ro code  0x08004e78     0x4  startup_stm32f2xx.o [1]
  .text               ro code  0x08004e7c     0x4  startup_stm32f2xx.o [1]
  .text               ro code  0x08004e80     0x4  startup_stm32f2xx.o [1]
  .text               ro code  0x08004e84     0x4  startup_stm32f2xx.o [1]
  .text               ro code  0x08004e88     0x4  startup_stm32f2xx.o [1]
  .text               ro code  0x08004e8c     0x4  startup_stm32f2xx.o [1]
  .text               ro code  0x08004e90     0x4  startup_stm32f2xx.o [1]
  .text               ro code  0x08004e94     0x4  startup_stm32f2xx.o [1]
  .text               ro code  0x08004e98     0x4  startup_stm32f2xx.o [1]
  .text               ro code  0x08004e9c     0x4  startup_stm32f2xx.o [1]
  .text               ro code  0x08004ea0     0x4  startup_stm32f2xx.o [1]
  .text               ro code  0x08004ea4     0x4  startup_stm32f2xx.o [1]
  .text               ro code  0x08004ea8     0x4  startup_stm32f2xx.o [1]
  .text               ro code  0x08004eac     0x4  startup_stm32f2xx.o [1]
  .text               ro code  0x08004eb0     0x4  startup_stm32f2xx.o [1]
  .text               ro code  0x08004eb4     0x4  startup_stm32f2xx.o [1]
  .text               ro code  0x08004eb8     0x4  startup_stm32f2xx.o [1]
  .text               ro code  0x08004ebc     0x4  startup_stm32f2xx.o [1]
  .text               ro code  0x08004ec0     0x4  startup_stm32f2xx.o [1]
  .text               ro code  0x08004ec4     0x4  startup_stm32f2xx.o [1]
  .text               ro code  0x08004ec8     0x4  startup_stm32f2xx.o [1]
  .text               ro code  0x08004ecc     0x4  startup_stm32f2xx.o [1]
  .text               ro code  0x08004ed0     0x4  startup_stm32f2xx.o [1]
  .text               ro code  0x08004ed4     0x4  startup_stm32f2xx.o [1]
  .text               ro code  0x08004ed8     0x4  startup_stm32f2xx.o [1]
  .text               ro code  0x08004edc     0x4  startup_stm32f2xx.o [1]
  .text               ro code  0x08004ee0     0x4  startup_stm32f2xx.o [1]
  .text               ro code  0x08004ee4     0x4  startup_stm32f2xx.o [1]
  .text               ro code  0x08004ee8     0x4  startup_stm32f2xx.o [1]
  .text               ro code  0x08004eec     0x4  startup_stm32f2xx.o [1]
  .text               ro code  0x08004ef0     0x4  startup_stm32f2xx.o [1]
  .text               ro code  0x08004ef4     0x4  startup_stm32f2xx.o [1]
  .text               ro code  0x08004ef8     0x4  startup_stm32f2xx.o [1]
  .text               ro code  0x08004efc     0x4  startup_stm32f2xx.o [1]
  .text               ro code  0x08004f00     0x4  startup_stm32f2xx.o [1]
  .text               ro code  0x08004f04     0x4  startup_stm32f2xx.o [1]
  .text               ro code  0x08004f08     0x4  startup_stm32f2xx.o [1]
  .text               ro code  0x08004f0c     0x4  startup_stm32f2xx.o [1]
  .text               ro code  0x08004f10     0x4  startup_stm32f2xx.o [1]
  .text               ro code  0x08004f14     0x4  startup_stm32f2xx.o [1]
  .text               ro code  0x08004f18     0x4  startup_stm32f2xx.o [1]
  .text               ro code  0x08004f1c     0x4  startup_stm32f2xx.o [1]
  .text               ro code  0x08004f20     0x4  startup_stm32f2xx.o [1]
  .text               ro code  0x08004f24     0x4  startup_stm32f2xx.o [1]
  .text               ro code  0x08004f28     0x4  startup_stm32f2xx.o [1]
  .text               ro code  0x08004f2c     0x4  startup_stm32f2xx.o [1]
  .text               ro code  0x08004f30     0x4  startup_stm32f2xx.o [1]
  .text               ro code  0x08004f34     0x4  startup_stm32f2xx.o [1]
  .text               ro code  0x08004f38     0x4  startup_stm32f2xx.o [1]
  .text               ro code  0x08004f3c     0x4  startup_stm32f2xx.o [1]
  .text               ro code  0x08004f40     0x4  startup_stm32f2xx.o [1]
  .text               ro code  0x08004f44     0x4  startup_stm32f2xx.o [1]
  .text               ro code  0x08004f48     0x4  startup_stm32f2xx.o [1]
  .text               ro code  0x08004f4c     0x4  startup_stm32f2xx.o [1]
  .text               ro code  0x08004f50     0x4  startup_stm32f2xx.o [1]
  .text               ro code  0x08004f54     0x4  startup_stm32f2xx.o [1]
  .text               ro code  0x08004f58     0x4  startup_stm32f2xx.o [1]
  .text               ro code  0x08004f5c     0x4  startup_stm32f2xx.o [1]
  .text               ro code  0x08004f60     0x4  startup_stm32f2xx.o [1]
  .text               ro code  0x08004f64     0x4  startup_stm32f2xx.o [1]
  .text               ro code  0x08004f68     0x4  startup_stm32f2xx.o [1]
  .text               ro code  0x08004f6c     0x4  startup_stm32f2xx.o [1]
  .text               ro code  0x08004f70     0x4  startup_stm32f2xx.o [1]
  .text               ro code  0x08004f74     0x4  startup_stm32f2xx.o [1]
  .text               ro code  0x08004f78     0x4  startup_stm32f2xx.o [1]
  .text               ro code  0x08004f7c     0x4  startup_stm32f2xx.o [1]
  .text               ro code  0x08004f80     0x4  startup_stm32f2xx.o [1]
  .text               ro code  0x08004f84     0x4  startup_stm32f2xx.o [1]
  .text               ro code  0x08004f88     0x4  startup_stm32f2xx.o [1]
  .text               ro code  0x08004f8c     0x4  startup_stm32f2xx.o [1]
  .text               ro code  0x08004f90     0x4  startup_stm32f2xx.o [1]
  .text               ro code  0x08004f94     0x4  startup_stm32f2xx.o [1]
  .text               ro code  0x08004f98     0x4  startup_stm32f2xx.o [1]
  .text               ro code  0x08004f9c     0x4  startup_stm32f2xx.o [1]
  .text               ro code  0x08004fa0     0x4  startup_stm32f2xx.o [1]
  .text               ro code  0x08004fa4     0x4  startup_stm32f2xx.o [1]
  .rodata             const    0x08004fa8     0x0  zero_init3.o [5]
  .rodata             const    0x08004fa8     0x0  packbits_init.o [5]
  Initializer bytes   ro data  0x08004fa8    0x37  <for P2 s0>
                             - 0x08004fdf  0x4e5b

"P2", part 1 of 3:                          0x130
  P2 s0                        0x20000000   0x130  <Init block>
    __DLIB_PERTHREAD  inited   0x20000000    0x88  localeconv.o [3]
    __DLIB_PERTHREAD  inited   0x20000088    0x74  setlocale.o [3]
    .data             inited   0x200000fc    0x10  system_stm32f2xx.o [1]
    .data             inited   0x2000010c     0xc  CU.o [1]
    .data             inited   0x20000118     0x8  UID.o [1]
    .data             inited   0x20000120     0x4  heap_2.o [1]
    .data             inited   0x20000124     0x4  internal_temp_sensor.o [1]
    .data             inited   0x20000128     0x4  port.o [1]
    .data             inited   0x2000012c     0x4  system_stm32f2xx.o [1]
                             - 0x20000130   0x130

"P2", part 2 of 3:                         0x3ff8
  .bss                zero     0x20000130  0x3c00  heap_2.o [1]
  .bss                zero     0x20003d30   0x12c  main.o [1]
  .bss                zero     0x20003e5c   0x12c  tasks.o [1]
  .bss                zero     0x20003f88    0x4c  ADC.o [1]
  .bss                zero     0x20003fd4    0x28  ADC.o [1]
  .bss                zero     0x20003ffc    0x14  ADC.o [1]
  .bss                zero     0x20004010    0x14  internal_temp_sensor.o [1]
  .bss                zero     0x20004024    0x14  tasks.o [1]
  .bss                zero     0x20004038    0x14  tasks.o [1]
  .bss                zero     0x2000404c    0x14  tasks.o [1]
  .bss                zero     0x20004060    0x14  tasks.o [1]
  .bss                zero     0x20004074    0x14  tasks.o [1]
  .bss                zero     0x20004088     0xc  main.o [1]
  .bss                zero     0x20004094     0x8  heap_2.o [1]
  .bss                zero     0x2000409c     0x8  heap_2.o [1]
  .bss                zero     0x200040a4     0x8  main.o [1]
  .bss                zero     0x200040ac     0x8  main.o [1]
  .bss                zero     0x200040b4     0x8  xxmemxmalloc.o [3]
  .bss                zero     0x200040bc     0x4  ADC.o [1]
  .bss                zero     0x200040c0     0x4  UID.o [1]
  .bss                zero     0x200040c4     0x4  console.o [1]
  .bss                zero     0x200040c8     0x4  heap_2.o [1]
  .bss                zero     0x200040cc     0x4  internal_temp_sensor.o [1]
  .bss                zero     0x200040d0     0x4  internal_temp_sensor.o [1]
  .bss                zero     0x200040d4     0x4  port.o [1]
  .bss                zero     0x200040d8     0x4  stm32f2xx_it.o [1]
  .bss                zero     0x200040dc     0x4  stm32f2xx_it.o [1]
  .bss                zero     0x200040e0     0x4  tasks.o [1]
  .bss                zero     0x200040e4     0x4  tasks.o [1]
  .bss                zero     0x200040e8     0x4  tasks.o [1]
  .bss                zero     0x200040ec     0x4  tasks.o [1]
  .bss                zero     0x200040f0     0x4  tasks.o [1]
  .bss                zero     0x200040f4     0x4  tasks.o [1]
  .bss                zero     0x200040f8     0x4  tasks.o [1]
  .bss                zero     0x200040fc     0x4  tasks.o [1]
  .bss                zero     0x20004100     0x4  tasks.o [1]
  .bss                zero     0x20004104     0x4  tasks.o [1]
  .bss                zero     0x20004108     0x4  tasks.o [1]
  .bss                zero     0x2000410c     0x4  tasks.o [1]
  .bss                zero     0x20004110     0x4  tasks.o [1]
  .bss                zero     0x20004114     0x4  tasks.o [1]
  .bss                zero     0x20004118     0x4  tasks.o [1]
  .bss                zero     0x2000411c     0x4  xgetmemchunk.o [3]
  .bss                zero     0x20004120     0x1  ADC.o [1]
  .bss                zero     0x20004121     0x1  UID.o [1]
  .bss                zero     0x20004122     0x1  internal_temp_sensor.o [1]
  .bss                zero     0x20004123     0x1  port.o [1]
                             - 0x20004124  0x3ff4

"P2", part 3 of 3:                          0x600
  CSTACK                       0x20004128   0x400  <Block>
    CSTACK            uninit   0x20004128   0x400  <Block tail>
  HEAP                         0x20004528   0x200  <Block>
    HEAP              uninit   0x20004528   0x200  <Block tail>
                             - 0x20004728   0x600


*******************************************************************************
*** INIT TABLE
***

          Address     Size
          -------     ----
Zero (__iar_zero_init3)
    1 destination range, total size 0x3ff4:
          0x20000130  0x3ff4

Copy/packbits (__iar_packbits_init3)
    1 source range, total size 0x37 (18% of destination):
          0x08004fa8    0x37
    1 destination range, total size 0x130:
          0x20000000   0x130



*******************************************************************************
*** MODULE SUMMARY
***

    Module                  ro code  ro data  rw data
    ------                  -------  -------  -------
C:\Users\jeanphil.rey\Documents\JP\Perso\F3000\F3000git\V2\FW\Project\IARARM\Debug\Obj: [1]
    ADC.o                       524               141
    CU.o                        200       22       12
    UID.o                       278        2       13
    console.o                    28                 4
    heap_2.o                    332        2   15 384
    internal_temp_sensor.o      188        1       33
    list.o                      158
    main.o                      236       44      328
    misc.o                      232      112
    port.o                      420        1        9
    portasm.o                   136
    startup_stm32f2xx.o         764
    stm32f2xx_adc.o           1 696      120
    stm32f2xx_dma.o           2 696      120
    stm32f2xx_gpio.o            436      120
    stm32f2xx_it.o              104                 8
    stm32f2xx_rcc.o             196      120
    system_stm32f2xx.o          400        4       20
    tasks.o                   1 978        8      460
    -------------------------------------------------
    Total:                   11 002      676   16 412

command line: [2]
    -------------------------------------------------
    Total:

dl7M_tlf.a: [3]
    abort.o                       6
    div.o                        14
    exit.o                        4
    localeconv.o                108       24      136
    low_level_init.o              4
    setlocale.o                  20       21      116
    sprintf.o                    52
    xencoding_sb.o               96
    xgetmemchunk.o               44                 4
    xmbcurmax.o                  10
    xmbtowc.o                    32
    xprintffull.o             4 294
    xsprout.o                    10
    xtls.o                        2
    xwctomb.o                    26
    xxmemxfree.o                128
    xxmemxmalloc.o              176                 8
    -------------------------------------------------
    Total:                    5 026       45      264

m7M_tl.a: [4]
    DblAdd.o                    232
    DblCmpGe.o                   46
    DblCmpLe.o                   46
    DblDiv.o                    582
    DblMul.o                    418
    DblSub.o                    384
    DblToFlt.o                  144
    DblToI32.o                   88
    FltDiv.o                    252
    FltToDbl.o                   78
    I32ToDbl.o                   48
    I32ToFlt.o                   30
    xdnorm.o                     66
    xdscale.o                   268
    -------------------------------------------------
    Total:                    2 682

rt7M_tl.a: [5]
    ABImemcpy.o                 118
    ABImemset.o                 102
    I64DivMod.o                 238
    I64DivZer.o                   2
    cexit.o                      10
    cmain.o                      22
    cstartup_M.o                 12
    data_init.o                  40
    memchr.o                     88
    packbits_init.o             176
    strchr.o                     22
    strlen.o                     54
    zero_init3.o                 34
    -------------------------------------------------
    Total:                      918

shb_l.a: [6]
    exit.o                       20
    -------------------------------------------------
    Total:                       20

    Gaps                         34
    Linker created                        44    1 536
-----------------------------------------------------
    Grand Total:             19 682      765   18 212


*******************************************************************************
*** ENTRY LIST
***

Entry                      Address    Size  Type      Object
-----                      -------    ----  ----      ------
?main                   0x08004dc9          Code  Gb  cmain.o [5]
ADCChannelValueMapping  0x20003ffc    0x14  Data  Gb  ADC.o [1]
ADCConvertedValues      0x20003fd4    0x28  Data  Gb  ADC.o [1]
ADCInited               0x20004120     0x1  Data  Gb  ADC.o [1]
ADC_CallbackHandler     0x08003e83    0x36  Code  Gb  ADC.o [1]
ADC_Cmd                 0x08004647    0x5c  Code  Gb  stm32f2xx_adc.o [1]
ADC_CommonInit          0x080044e3   0x164  Code  Gb  stm32f2xx_adc.o [1]
ADC_DMACmd              0x08004913    0x52  Code  Gb  stm32f2xx_adc.o [1]
ADC_DMARequestAfterLastTransferCmd
                        0x08004965    0x52  Code  Gb  stm32f2xx_adc.o [1]
ADC_IRQHandler          0x08004ead          Code  Wk  startup_stm32f2xx.o [1]
ADC_Init                0x08004339   0x1aa  Code  Gb  stm32f2xx_adc.o [1]
ADC_LowLevelInit        0x08003eb9   0x14e  Code  Gb  ADC.o [1]
ADC_RegisterCallback    0x08003e41    0x42  Code  Gb  ADC.o [1]
ADC_RegularChannelConfig
                        0x080046e9   0x200  Code  Gb  stm32f2xx_adc.o [1]
ADC_SoftwareStartConv   0x080048e9    0x2a  Code  Gb  stm32f2xx_adc.o [1]
ADC_TempSensorVrefintCmd
                        0x080046a3    0x46  Code  Gb  stm32f2xx_adc.o [1]
ADC_cb_table            0x20003f88    0x4c  Data  Gb  ADC.o [1]
AHBPrescTable           0x200000fc    0x10  Data  Gb  system_stm32f2xx.o [1]
BusFault_Handler        0x08004cff     0x2  Code  Gb  stm32f2xx_it.o [1]
CAN1_RX0_IRQHandler     0x08004eb5          Code  Wk  startup_stm32f2xx.o [1]
CAN1_RX1_IRQHandler     0x08004eb9          Code  Wk  startup_stm32f2xx.o [1]
CAN1_SCE_IRQHandler     0x08004ebd          Code  Wk  startup_stm32f2xx.o [1]
CAN1_TX_IRQHandler      0x08004eb1          Code  Wk  startup_stm32f2xx.o [1]
CAN2_RX0_IRQHandler     0x08004f65          Code  Wk  startup_stm32f2xx.o [1]
CAN2_RX1_IRQHandler     0x08004f69          Code  Wk  startup_stm32f2xx.o [1]
CAN2_SCE_IRQHandler     0x08004f6d          Code  Wk  startup_stm32f2xx.o [1]
CAN2_TX_IRQHandler      0x08004f61          Code  Wk  startup_stm32f2xx.o [1]
CRYP_IRQHandler         0x08004fa1          Code  Wk  startup_stm32f2xx.o [1]
CSTACK$$Base            0x20004128           --   Gb  - Linker created -
CSTACK$$Limit           0x20004528           --   Gb  - Linker created -
CU_LEDInit              0x08002b57    0x5a  Code  Gb  CU.o [1]
CU_LEDOff               0x08002bc5    0x14  Code  Gb  CU.o [1]
CU_LEDOn                0x08002bb1    0x14  Code  Gb  CU.o [1]
ConsoleOutput           0x200040c4     0x4  Data  Gb  console.o [1]
DCMI_IRQHandler         0x08004f9d          Code  Wk  startup_stm32f2xx.o [1]
DMA1_Stream0_IRQHandler
                        0x08004e91          Code  Wk  startup_stm32f2xx.o [1]
DMA1_Stream1_IRQHandler
                        0x08004e95          Code  Wk  startup_stm32f2xx.o [1]
DMA1_Stream2_IRQHandler
                        0x08004e99          Code  Wk  startup_stm32f2xx.o [1]
DMA1_Stream3_IRQHandler
                        0x08004e9d          Code  Wk  startup_stm32f2xx.o [1]
DMA1_Stream4_IRQHandler
                        0x08004ea1          Code  Wk  startup_stm32f2xx.o [1]
DMA1_Stream5_IRQHandler
                        0x08004ea5          Code  Wk  startup_stm32f2xx.o [1]
DMA1_Stream6_IRQHandler
                        0x08004ea9          Code  Wk  startup_stm32f2xx.o [1]
DMA1_Stream7_IRQHandler
                        0x08004f21          Code  Wk  startup_stm32f2xx.o [1]
DMA2_Stream0_IRQHandler
                        0x08004d25    0x22  Code  Gb  stm32f2xx_it.o [1]
DMA2_Stream0_cb         0x08004007    0x22  Code  Gb  ADC.o [1]
DMA2_Stream1_IRQHandler
                        0x08004f49          Code  Wk  startup_stm32f2xx.o [1]
DMA2_Stream2_IRQHandler
                        0x08004f4d          Code  Wk  startup_stm32f2xx.o [1]
DMA2_Stream3_IRQHandler
                        0x08004f51          Code  Wk  startup_stm32f2xx.o [1]
DMA2_Stream4_IRQHandler
                        0x08004f55          Code  Wk  startup_stm32f2xx.o [1]
DMA2_Stream5_IRQHandler
                        0x08004f75          Code  Wk  startup_stm32f2xx.o [1]
DMA2_Stream6_IRQHandler
                        0x08004f79          Code  Wk  startup_stm32f2xx.o [1]
DMA2_Stream7_IRQHandler
                        0x08004f7d          Code  Wk  startup_stm32f2xx.o [1]
DMA_ClearITPendingBit   0x0800287f    0xb8  Code  Gb  stm32f2xx_dma.o [1]
DMA_Cmd                 0x08002449    0xc4  Code  Gb  stm32f2xx_dma.o [1]
DMA_DeInit              0x08001fa9   0x1ea  Code  Gb  stm32f2xx_dma.o [1]
DMA_GetITStatus         0x08002681   0x1fe  Code  Gb  stm32f2xx_dma.o [1]
DMA_ITConfig            0x08002571    0xf6  Code  Gb  stm32f2xx_dma.o [1]
DMA_Init                0x08002193   0x2b6  Code  Gb  stm32f2xx_dma.o [1]
DebugMon_Handler        0x08004d05     0x2  Code  Gb  stm32f2xx_it.o [1]
Delay_ms_tick           0x200040d8     0x4  Data  Gb  stm32f2xx_it.o [1]
ETH_IRQHandler          0x08004f59          Code  Wk  startup_stm32f2xx.o [1]
ETH_WKUP_IRQHandler     0x08004f5d          Code  Wk  startup_stm32f2xx.o [1]
EUI64_getNXSFormat      0x080036d9    0x3e  Code  Gb  UID.o [1]
EXTI0_IRQHandler        0x08004e7d          Code  Wk  startup_stm32f2xx.o [1]
EXTI15_10_IRQHandler    0x08004f05          Code  Wk  startup_stm32f2xx.o [1]
EXTI1_IRQHandler        0x08004e81          Code  Wk  startup_stm32f2xx.o [1]
EXTI2_IRQHandler        0x08004e85          Code  Wk  startup_stm32f2xx.o [1]
EXTI3_IRQHandler        0x08004e89          Code  Wk  startup_stm32f2xx.o [1]
EXTI4_IRQHandler        0x08004e8d          Code  Wk  startup_stm32f2xx.o [1]
EXTI9_5_IRQHandler      0x08004ec1          Code  Wk  startup_stm32f2xx.o [1]
FLASH_IRQHandler        0x08004e75          Code  Wk  startup_stm32f2xx.o [1]
FSMC_IRQHandler         0x08004f25          Code  Wk  startup_stm32f2xx.o [1]
GPIO_CLK                0x08004e04     0xc  Data  Gb  CU.o [1]
GPIO_Init               0x080038e9   0x18a  Code  Gb  stm32f2xx_gpio.o [1]
GPIO_PIN                0x08004e28     0x8  Data  Gb  CU.o [1]
GPIO_PORT               0x2000010c     0xc  Data  Gb  CU.o [1]
HASH_RNG_IRQHandler     0x08004fa5          Code  Wk  startup_stm32f2xx.o [1]
HEAP$$Base              0x20004528           --   Gb  - Linker created -
HEAP$$Limit             0x20004728           --   Gb  - Linker created -
HardFault_Handler       0x08004cf9     0x4  Code  Gb  stm32f2xx_it.o [1]
I2C1_ER_IRQHandler      0x08004ee5          Code  Wk  startup_stm32f2xx.o [1]
I2C1_EV_IRQHandler      0x08004ee1          Code  Wk  startup_stm32f2xx.o [1]
I2C2_ER_IRQHandler      0x08004eed          Code  Wk  startup_stm32f2xx.o [1]
I2C2_EV_IRQHandler      0x08004ee9          Code  Wk  startup_stm32f2xx.o [1]
I2C3_ER_IRQHandler      0x08004f89          Code  Wk  startup_stm32f2xx.o [1]
I2C3_EV_IRQHandler      0x08004f85          Code  Wk  startup_stm32f2xx.o [1]
ITS_ADCAccu             0x20004010    0x14  Data  Gb  internal_temp_sensor.o [1]
ITS_ADCAccuPtr          0x20004122     0x1  Data  Gb  internal_temp_sensor.o [1]
ITS_Init                0x08003719    0x1e  Code  Gb  internal_temp_sensor.o [1]
ITS_Monitor_callback    0x08003739    0x78  Code  Gb  internal_temp_sensor.o [1]
ITS_OverTempThreshold   0x20000124     0x4  Data  Gb  internal_temp_sensor.o [1]
ITS_OverTemp_cb         0x200040cc     0x4  Data  Gb  internal_temp_sensor.o [1]
ITS_currentValue        0x200040d0     0x4  Data  Gb  internal_temp_sensor.o [1]
InStream_Read           0x080049d9    0x22  Code  Lc  packbits_init.o [5]
LEDs_Init               0x08002b1d    0x3a  Code  Gb  CU.o [1]
MemManage_Handler       0x08004cfd     0x2  Code  Gb  stm32f2xx_it.o [1]
NMI_Handler             0x08004cf5     0x2  Code  Gb  stm32f2xx_it.o [1]
NVIC_Init               0x0800354d    0x9a  Code  Gb  misc.o [1]
NVIC_PriorityGroupConfig
                        0x08003519    0x34  Code  Gb  misc.o [1]
NXS_EUI64               0x200040ac     0x8  Data  Gb  main.o [1]
NXS_UID                 0x20004088     0xc  Data  Gb  main.o [1]
OTG_FS_IRQHandler       0x08004f71          Code  Wk  startup_stm32f2xx.o [1]
OTG_FS_WKUP_IRQHandler  0x08004f0d          Code  Wk  startup_stm32f2xx.o [1]
OTG_HS_EP1_IN_IRQHandler
                        0x08004f91          Code  Wk  startup_stm32f2xx.o [1]
OTG_HS_EP1_OUT_IRQHandler
                        0x08004f8d          Code  Wk  startup_stm32f2xx.o [1]
OTG_HS_IRQHandler       0x08004f99          Code  Wk  startup_stm32f2xx.o [1]
OTG_HS_WKUP_IRQHandler  0x08004f95          Code  Wk  startup_stm32f2xx.o [1]
PVD_IRQHandler          0x08004e69          Code  Wk  startup_stm32f2xx.o [1]
PendSV_Handler          0x08004d07     0x2  Code  Gb  stm32f2xx_it.o [1]
RCC_AHB1PeriphClockCmd  0x08003825    0x58  Code  Gb  stm32f2xx_rcc.o [1]
RCC_APB2PeriphClockCmd  0x0800387d    0x58  Code  Gb  stm32f2xx_rcc.o [1]
RCC_IRQHandler          0x08004e79          Code  Wk  startup_stm32f2xx.o [1]
RTC_Alarm_IRQHandler    0x08004f09          Code  Wk  startup_stm32f2xx.o [1]
RTC_WKUP_IRQHandler     0x08004e71          Code  Wk  startup_stm32f2xx.o [1]
Region$$Table$$Base     0x08004d84           --   Gb  - Linker created -
Region$$Table$$Limit    0x08004db0           --   Gb  - Linker created -
Reset_Handler           0x08004df5          Code  Wk  startup_stm32f2xx.o [1]
SDIO_IRQHandler         0x08004f29          Code  Wk  startup_stm32f2xx.o [1]
SPI1_IRQHandler         0x08004ef1          Code  Wk  startup_stm32f2xx.o [1]
SPI2_IRQHandler         0x08004ef5          Code  Wk  startup_stm32f2xx.o [1]
SPI3_IRQHandler         0x08004f31          Code  Wk  startup_stm32f2xx.o [1]
SVC_Handler             0x08004d03     0x2  Code  Gb  stm32f2xx_it.o [1]
SetSysClock             0x0800347d    0x68  Code  Lc  system_stm32f2xx.o [1]
SysTick_Handler         0x08004d09    0x1c  Code  Gb  stm32f2xx_it.o [1]
SystemCoreClock         0x2000012c     0x4  Data  Gb  system_stm32f2xx.o [1]
SystemCoreClockUpdate   0x080033cf    0xae  Code  Gb  system_stm32f2xx.o [1]
SystemInit              0x08003389    0x46  Code  Gb  system_stm32f2xx.o [1]
TAMP_STAMP_IRQHandler   0x08004e6d          Code  Wk  startup_stm32f2xx.o [1]
TIM1_BRK_TIM9_IRQHandler
                        0x08004ec5          Code  Wk  startup_stm32f2xx.o [1]
TIM1_CC_IRQHandler      0x08004ed1          Code  Wk  startup_stm32f2xx.o [1]
TIM1_TRG_COM_TIM11_IRQHandler
                        0x08004ecd          Code  Wk  startup_stm32f2xx.o [1]
TIM1_UP_TIM10_IRQHandler
                        0x08004ec9          Code  Wk  startup_stm32f2xx.o [1]
TIM2_IRQHandler         0x08004ed5          Code  Wk  startup_stm32f2xx.o [1]
TIM3_IRQHandler         0x08004ed9          Code  Wk  startup_stm32f2xx.o [1]
TIM4_IRQHandler         0x08004edd          Code  Wk  startup_stm32f2xx.o [1]
TIM5_IRQHandler         0x08004f2d          Code  Wk  startup_stm32f2xx.o [1]
TIM6_DAC_IRQHandler     0x08004f3d          Code  Wk  startup_stm32f2xx.o [1]
TIM7_IRQHandler         0x08004f41          Code  Wk  startup_stm32f2xx.o [1]
TIM8_BRK_TIM12_IRQHandler
                        0x08004f11          Code  Wk  startup_stm32f2xx.o [1]
TIM8_CC_IRQHandler      0x08004f1d          Code  Wk  startup_stm32f2xx.o [1]
TIM8_TRG_COM_TIM14_IRQHandler
                        0x08004f19          Code  Wk  startup_stm32f2xx.o [1]
TIM8_UP_TIM13_IRQHandler
                        0x08004f15          Code  Wk  startup_stm32f2xx.o [1]
Tick_Delta_t_timer      0x200040dc     0x4  Data  Gb  stm32f2xx_it.o [1]
ToggleLed1              0x08002a31    0x42  Code  Gb  main.o [1]
UART4_IRQHandler        0x08004f35          Code  Wk  startup_stm32f2xx.o [1]
UART5_IRQHandler        0x08004f39          Code  Wk  startup_stm32f2xx.o [1]
UID                     0x200040a4     0x8  Data  Gb  main.o [1]
UID_Init                0x08003601     0xa  Code  Gb  UID.o [1]
UID_base_address        0x200040c0     0x4  Data  Gb  UID.o [1]
UID_default             0x20000118     0x8  Data  Gb  UID.o [1]
UID_getNXSFormat        0x08003667    0x66  Code  Gb  UID.o [1]
UID_getUID              0x0800360b    0x5c  Code  Gb  UID.o [1]
UID_length              0x20004121     0x1  Data  Gb  UID.o [1]
USART1_IRQHandler       0x08004ef9          Code  Wk  startup_stm32f2xx.o [1]
USART2_IRQHandler       0x08004efd          Code  Wk  startup_stm32f2xx.o [1]
USART3_IRQHandler       0x08004f01          Code  Wk  startup_stm32f2xx.o [1]
USART6_IRQHandler       0x08004f81          Code  Wk  startup_stm32f2xx.o [1]
UsageFault_Handler      0x08004d01     0x2  Code  Gb  stm32f2xx_it.o [1]
WWDG_IRQHandler         0x08004e65          Code  Wk  startup_stm32f2xx.o [1]
_EncodingSb_Mbtowc      0x08001e47    0x30  Code  Gb  xencoding_sb.o [3]
_EncodingSb_Wctomb      0x08001e2d    0x1a  Code  Gb  xencoding_sb.o [3]
_GenldFull              0x08000fb9   0x248  Code  Lc  xprintffull.o [3]
_IsdstStr               0x2000008c     0x4  Data  Gb  setlocale.o [3]
_LdtobFull              0x08000bf1   0x3c2  Code  Lc  xprintffull.o [3]
_LitobFull              0x08000a93   0x10c  Code  Lc  xprintffull.o [3]
_LocaleEncoding         0x08001e19     0xe  Code  Gb  setlocale.o [3]
_LocaleReturnString     0x200000ac    0x50  Data  Lc  setlocale.o [3]
_Locale_Profile         0x20000090    0x1c  Data  Gb  setlocale.o [3]
_Locale_aeabi_lconv     0x20000050    0x38  Data  Gb  localeconv.o [3]
_Locale_lconv           0x20000000    0x50  Data  Gb  localeconv.o [3]
_Mbtowc                 0x0800124b    0x20  Code  Gb  xmbtowc.o [3]
_PrintfFull             0x08000185   0x5b6  Code  Gb  xprintffull.o [3]
_PutcharsFull           0x08001201    0x2e  Code  Lc  xprintffull.o [3]
_PutstrFull             0x08000751   0x33c  Code  Lc  xprintffull.o [3]
_SProut                 0x080012a3     0xa  Code  Gb  xsprout.o [3]
_TzoneStr               0x20000088     0x4  Data  Gb  setlocale.o [3]
_Wctomb                 0x080013f9    0x1a  Code  Gb  xwctomb.o [3]
__aeabi_cdcmple         0x080017e1          Code  Gb  DblCmpLe.o [4]
__aeabi_cdrcmple        0x08001811          Code  Gb  DblCmpGe.o [4]
__aeabi_d2f             0x080041b9          Code  Gb  DblToFlt.o [4]
__aeabi_d2iz            0x0800194d          Code  Gb  DblToI32.o [4]
__aeabi_d2uiz           0x08001979          Code  Gb  DblToI32.o [4]
__aeabi_dadd            0x08001ebd          Code  Gb  DblAdd.o [4]
__aeabi_ddiv            0x08001b55          Code  Gb  DblDiv.o [4]
__aeabi_dmul            0x080015fd          Code  Gb  DblMul.o [4]
__aeabi_dsub            0x080019d5          Code  Gb  DblSub.o [4]
__aeabi_f2d             0x08004169          Code  Gb  FltToDbl.o [4]
__aeabi_fdiv            0x0800406d          Code  Gb  FltDiv.o [4]
__aeabi_i2d             0x080019a5          Code  Gb  I32ToDbl.o [4]
__aeabi_ldiv0           0x08001eb9          Code  Gb  I64DivZer.o [5]
__aeabi_memcpy          0x08001415          Code  Gb  ABImemcpy.o [5]
__aeabi_memcpy4         0x08001435          Code  Gb  ABImemcpy.o [5]
__aeabi_memcpy8         0x08001435          Code  Gb  ABImemcpy.o [5]
__aeabi_memset          0x08004249          Code  Gb  ABImemset.o [5]
__aeabi_ui2d            0x080019b9          Code  Gb  I32ToDbl.o [4]
__aeabi_ui2f            0x0800404d          Code  Gb  I32ToFlt.o [4]
__aeabi_uldivmod        0x0800150d          Code  Gb  I64DivMod.o [5]
__cmain                 0x08004dc9          Code  Gb  cmain.o [5]
__data_Aldata           0x200040b4     0x8  Data  Gb  xxmemxmalloc.o [3]
__data_GetMemChunk      0x08001e8d    0x2c  Code  Gb  xgetmemchunk.o [3]
__exit                  0x08004a91    0x14  Code  Gb  exit.o [6]
__iar_Dnorm             0x0800179f    0x42  Code  Gb  xdnorm.o [4]
__iar_Dscale            0x08001841   0x10c  Code  Gb  xdscale.o [4]
__iar_Locale_lconv_init
                        0x08001d9d    0x3a  Code  Gb  localeconv.o [3]
__iar_Mbcurmax          0x0800133d     0xa  Code  Gb  xmbcurmax.o [3]
__iar_Memchr            0x080012e5          Code  Gb  memchr.o [5]
__iar_Memset            0x08004249          Code  Gb  ABImemset.o [5]
__iar_Memset_word       0x08004251          Code  Gb  ABImemset.o [5]
__iar_Strchr            0x0800128d          Code  Gb  strchr.o [5]
__iar_d2uiz             0x08001985          Code  Gb  DblToI32.o [4]
__iar_dadd              0x08001ed1          Code  Gb  DblAdd.o [4]
__iar_data_init3        0x08004d5d    0x28  Code  Gb  data_init.o [5]
__iar_dlib_perthread_access
                        0x08001fa5     0x2  Code  Gb  xtls.o [3]
__iar_dsub              0x080019e9          Code  Gb  DblSub.o [4]
__iar_dsubStart         0x080019fb          Code  Gb  DblSub.o [4]
__iar_packbits_init3    0x080049fb    0x8e  Code  Gb  packbits_init.o [5]
__iar_program_start     0x08004e1d          Code  Gb  cstartup_M.o [5]
__iar_ui2d              0x080019bd          Code  Gb  I32ToDbl.o [4]
__iar_ui2f              0x08004051          Code  Gb  I32ToFlt.o [4]
__iar_zero_init3        0x0800126b    0x22  Code  Gb  zero_init3.o [5]
__low_level_init        0x08004ddf     0x4  Code  Gb  low_level_init.o [3]
__vector_table          0x08000000          Data  Gb  startup_stm32f2xx.o [1]
_call_main              0x08004dd5          Code  Gb  cmain.o [5]
_exit                   0x08004de9          Code  Gb  cexit.o [5]
_main                   0x08004ddb          Code  Gb  cmain.o [5]
abort                   0x08004a89     0x6  Code  Gb  abort.o [3]
assert_failed           0x08002ac3    0x34  Code  Gb  main.o [1]
console_log             0x080037d5    0x16  Code  Gb  console.o [1]
div                     0x08001e09     0xe  Code  Gb  div.o [3]
exit                    0x08004de3     0x4  Code  Gb  exit.o [3]
free                    0x0800148d    0x7a  Code  Gb  xxmemxfree.o [3]
heapSTRUCT_SIZE         0x080012e2     0x2  Data  Lc  heap_2.o [1]
localeconv              0x08001dd7    0x16  Code  Gb  localeconv.o [3]
main                    0x08002a73    0x50  Code  Gb  main.o [1]
malloc                  0x08001349    0xac  Code  Gb  xxmemxmalloc.o [3]
memchr                  0x080012e5          Code  Gb  memchr.o [5]
memset                  0x08003be9    0x16  Code  Gb  tasks.o [1]
prvAddCurrentTaskToDelayedList
                        0x080032d1    0x7e  Code  Lc  tasks.o [1]
prvAddNewTaskToReadyList
                        0x08002d37    0xc0  Code  Lc  tasks.o [1]
prvCheckTasksWaitingTermination
                        0x08003209    0x6a  Code  Lc  tasks.o [1]
prvDeleteTCB            0x08003273    0x12  Code  Lc  tasks.o [1]
prvHeapInit             0x08003ba3    0x2e  Code  Lc  heap_2.o [1]
prvIdleTask             0x08003179    0x26  Code  Lc  tasks.o [1]
prvInitialiseNewTask    0x08002c63    0xd4  Code  Lc  tasks.o [1]
prvInitialiseTaskLists  0x080031a5    0x56  Code  Lc  tasks.o [1]
prvResetNextTaskUnblockTime
                        0x08003285    0x2a  Code  Lc  tasks.o [1]
prvTaskExitError        0x08003cbd    0x2a  Code  Lc  port.o [1]
pvPortMalloc            0x08003a9d    0xc2  Code  Gb  heap_2.o [1]
pxCurrentTCB            0x200040e0     0x4  Data  Gb  tasks.o [1]
pxDelayedTaskList       0x200040e4     0x4  Data  Lc  tasks.o [1]
pxOverflowDelayedTaskList
                        0x200040e8     0x4  Data  Lc  tasks.o [1]
pxPortInitialiseStack   0x08003c9d    0x20  Code  Gb  port.o [1]
pxReadyTasksLists       0x20003e5c   0x12c  Data  Lc  tasks.o [1]
scale                   0x08000ba5    0x46  Code  Lc  xprintffull.o [3]
sprintf                 0x080037f1    0x34  Code  Gb  sprintf.o [3]
str                     0x20003d30   0x12c  Data  Gb  main.o [1]
strchr                  0x0800128d          Code  Gb  strchr.o [5]
strlen                  0x080012ad          Code  Gb  strlen.o [5]
ucHeap                  0x20000130  0x3c00  Data  Lc  heap_2.o [1]
ucMaxSysCallPriority    0x20004123     0x1  Data  Lc  port.o [1]
ulMaxPRIGROUPValue      0x200040d4     0x4  Data  Lc  port.o [1]
uxCriticalNesting       0x20000128     0x4  Data  Lc  port.o [1]
uxCurrentNumberOfTasks  0x200040f0     0x4  Data  Lc  tasks.o [1]
uxDeletedTasksWaitingCleanUp
                        0x200040ec     0x4  Data  Lc  tasks.o [1]
uxListRemove            0x08003c75    0x28  Code  Gb  list.o [1]
uxPendedTicks           0x20004100     0x4  Data  Lc  tasks.o [1]
uxSchedulerSuspended    0x20004118     0x4  Data  Lc  tasks.o [1]
uxTaskNumber            0x2000410c     0x4  Data  Lc  tasks.o [1]
uxTopReadyPriority      0x200040f8     0x4  Data  Lc  tasks.o [1]
vListInitialise         0x08003bff    0x1e  Code  Gb  list.o [1]
vListInitialiseItem     0x08003c1d     0x6  Code  Gb  list.o [1]
vListInsert             0x08003c3b    0x3a  Code  Gb  list.o [1]
vListInsertEnd          0x08003c23    0x18  Code  Gb  list.o [1]
vPortEnterCritical      0x08003d6f    0x3a  Code  Gb  port.o [1]
vPortExitCritical       0x08003da9    0x32  Code  Gb  port.o [1]
vPortFree               0x08003b5f    0x44  Code  Gb  heap_2.o [1]
vPortSVCHandler         0x080042f7          Code  Gb  portasm.o [1]
vPortSetupTimerInterrupt
                        0x08003e03    0x1a  Code  Wk  port.o [1]
vPortStartFirstTask     0x08004317          Code  Gb  portasm.o [1]
vTaskDelay              0x08002df7    0x4e  Code  Gb  tasks.o [1]
vTaskStartScheduler     0x08002e45    0x68  Code  Gb  tasks.o [1]
vTaskSuspendAll         0x08002ead    0x10  Code  Gb  tasks.o [1]
vTaskSwitchContext      0x080030eb    0x70  Code  Gb  tasks.o [1]
xDelayedTaskList1       0x20004024    0x14  Data  Lc  tasks.o [1]
xDelayedTaskList2       0x20004038    0x14  Data  Lc  tasks.o [1]
xEnd                    0x2000409c     0x8  Data  Lc  heap_2.o [1]
xFreeBytesRemaining     0x20000120     0x4  Data  Lc  heap_2.o [1]
xIdleTaskHandle         0x20004114     0x4  Data  Lc  tasks.o [1]
xNextTaskUnblockTime    0x20004110     0x4  Data  Lc  tasks.o [1]
xNumOfOverflows         0x20004108     0x4  Data  Lc  tasks.o [1]
xPendingReadyList       0x2000404c    0x14  Data  Lc  tasks.o [1]
xPortPendSVHandler      0x080042b1          Code  Gb  portasm.o [1]
xPortStartScheduler     0x08003ce7    0x88  Code  Gb  port.o [1]
xPortSysTickHandler     0x08003ddb    0x28  Code  Gb  port.o [1]
xSchedulerRunning       0x200040fc     0x4  Data  Lc  tasks.o [1]
xStart                  0x20004094     0x8  Data  Lc  heap_2.o [1]
xSuspendedTaskList      0x20004074    0x14  Data  Lc  tasks.o [1]
xTaskCreate             0x08002be5    0x7e  Code  Gb  tasks.o [1]
xTaskIncrementTick      0x08002fbf   0x12c  Code  Gb  tasks.o [1]
xTaskResumeAll          0x08002ebd   0x102  Code  Gb  tasks.o [1]
xTasksWaitingTermination
                        0x20004060    0x14  Data  Lc  tasks.o [1]
xTickCount              0x200040f4     0x4  Data  Lc  tasks.o [1]
xYieldPending           0x20004104     0x4  Data  Lc  tasks.o [1]


[1] = C:\Users\jeanphil.rey\Documents\JP\Perso\F3000\F3000git\V2\FW\Project\IARARM\Debug\Obj
[2] = command line
[3] = dl7M_tlf.a
[4] = m7M_tl.a
[5] = rt7M_tl.a
[6] = shb_l.a

  19 682 bytes of readonly  code memory
     765 bytes of readonly  data memory
  18 212 bytes of readwrite data memory

Errors: none
Warnings: none
