###############################################################################
#                                                                             #
# IAR ELF Linker V6.50.6.4896/W32 for ARM               30/Dec/2016  17:17:19 #
# Copyright 2007-2013 IAR Systems AB.                                         #
#                                                                             #
#    Output file  =  C:\Users\jeanphil.rey\Documents\JP\Perso\F3000\F3000git\ #
#                    V2\FW\Project\IARARM\Debug\Exe\F3000CU.out               #
#    Map file     =  C:\Users\jeanphil.rey\Documents\JP\Perso\F3000\F3000git\ #
#                    V2\FW\Project\IARARM\Debug\List\F3000CU.map              #
#    Command line =  C:\Users\jeanphil.rey\Documents\JP\Perso\F3000\F3000git\ #
#                    V2\FW\Project\IARARM\Debug\Obj\ADC.o                     #
#                    C:\Users\jeanphil.rey\Documents\JP\Perso\F3000\F3000git\ #
#                    V2\FW\Project\IARARM\Debug\Obj\CLI.o                     #
#                    C:\Users\jeanphil.rey\Documents\JP\Perso\F3000\F3000git\ #
#                    V2\FW\Project\IARARM\Debug\Obj\CU.o                      #
#                    C:\Users\jeanphil.rey\Documents\JP\Perso\F3000\F3000git\ #
#                    V2\FW\Project\IARARM\Debug\Obj\I2C.o                     #
#                    C:\Users\jeanphil.rey\Documents\JP\Perso\F3000\F3000git\ #
#                    V2\FW\Project\IARARM\Debug\Obj\PCA9952.o                 #
#                    C:\Users\jeanphil.rey\Documents\JP\Perso\F3000\F3000git\ #
#                    V2\FW\Project\IARARM\Debug\Obj\UID.o                     #
#                    C:\Users\jeanphil.rey\Documents\JP\Perso\F3000\F3000git\ #
#                    V2\FW\Project\IARARM\Debug\Obj\console.o                 #
#                    C:\Users\jeanphil.rey\Documents\JP\Perso\F3000\F3000git\ #
#                    V2\FW\Project\IARARM\Debug\Obj\croutine.o                #
#                    C:\Users\jeanphil.rey\Documents\JP\Perso\F3000\F3000git\ #
#                    V2\FW\Project\IARARM\Debug\Obj\event_groups.o            #
#                    C:\Users\jeanphil.rey\Documents\JP\Perso\F3000\F3000git\ #
#                    V2\FW\Project\IARARM\Debug\Obj\gear.o                    #
#                    C:\Users\jeanphil.rey\Documents\JP\Perso\F3000\F3000git\ #
#                    V2\FW\Project\IARARM\Debug\Obj\heap_2.o                  #
#                    C:\Users\jeanphil.rey\Documents\JP\Perso\F3000\F3000git\ #
#                    V2\FW\Project\IARARM\Debug\Obj\internal_temp_sensor.o    #
#                    C:\Users\jeanphil.rey\Documents\JP\Perso\F3000\F3000git\ #
#                    V2\FW\Project\IARARM\Debug\Obj\list.o                    #
#                    C:\Users\jeanphil.rey\Documents\JP\Perso\F3000\F3000git\ #
#                    V2\FW\Project\IARARM\Debug\Obj\main.o                    #
#                    C:\Users\jeanphil.rey\Documents\JP\Perso\F3000\F3000git\ #
#                    V2\FW\Project\IARARM\Debug\Obj\misc.o                    #
#                    C:\Users\jeanphil.rey\Documents\JP\Perso\F3000\F3000git\ #
#                    V2\FW\Project\IARARM\Debug\Obj\port.o                    #
#                    C:\Users\jeanphil.rey\Documents\JP\Perso\F3000\F3000git\ #
#                    V2\FW\Project\IARARM\Debug\Obj\portasm.o                 #
#                    C:\Users\jeanphil.rey\Documents\JP\Perso\F3000\F3000git\ #
#                    V2\FW\Project\IARARM\Debug\Obj\queue.o                   #
#                    C:\Users\jeanphil.rey\Documents\JP\Perso\F3000\F3000git\ #
#                    V2\FW\Project\IARARM\Debug\Obj\serial.o                  #
#                    C:\Users\jeanphil.rey\Documents\JP\Perso\F3000\F3000git\ #
#                    V2\FW\Project\IARARM\Debug\Obj\startup_stm32f2xx.o       #
#                    C:\Users\jeanphil.rey\Documents\JP\Perso\F3000\F3000git\ #
#                    V2\FW\Project\IARARM\Debug\Obj\stm32f2xx_adc.o           #
#                    C:\Users\jeanphil.rey\Documents\JP\Perso\F3000\F3000git\ #
#                    V2\FW\Project\IARARM\Debug\Obj\stm32f2xx_dma.o           #
#                    C:\Users\jeanphil.rey\Documents\JP\Perso\F3000\F3000git\ #
#                    V2\FW\Project\IARARM\Debug\Obj\stm32f2xx_exti.o          #
#                    C:\Users\jeanphil.rey\Documents\JP\Perso\F3000\F3000git\ #
#                    V2\FW\Project\IARARM\Debug\Obj\stm32f2xx_gpio.o          #
#                    C:\Users\jeanphil.rey\Documents\JP\Perso\F3000\F3000git\ #
#                    V2\FW\Project\IARARM\Debug\Obj\stm32f2xx_i2c.o           #
#                    C:\Users\jeanphil.rey\Documents\JP\Perso\F3000\F3000git\ #
#                    V2\FW\Project\IARARM\Debug\Obj\stm32f2xx_it.o            #
#                    C:\Users\jeanphil.rey\Documents\JP\Perso\F3000\F3000git\ #
#                    V2\FW\Project\IARARM\Debug\Obj\stm32f2xx_pwr.o           #
#                    C:\Users\jeanphil.rey\Documents\JP\Perso\F3000\F3000git\ #
#                    V2\FW\Project\IARARM\Debug\Obj\stm32f2xx_rcc.o           #
#                    C:\Users\jeanphil.rey\Documents\JP\Perso\F3000\F3000git\ #
#                    V2\FW\Project\IARARM\Debug\Obj\stm32f2xx_spi.o           #
#                    C:\Users\jeanphil.rey\Documents\JP\Perso\F3000\F3000git\ #
#                    V2\FW\Project\IARARM\Debug\Obj\stm32f2xx_syscfg.o        #
#                    C:\Users\jeanphil.rey\Documents\JP\Perso\F3000\F3000git\ #
#                    V2\FW\Project\IARARM\Debug\Obj\stm32f2xx_tim.o           #
#                    C:\Users\jeanphil.rey\Documents\JP\Perso\F3000\F3000git\ #
#                    V2\FW\Project\IARARM\Debug\Obj\stm32f2xx_usart.o         #
#                    C:\Users\jeanphil.rey\Documents\JP\Perso\F3000\F3000git\ #
#                    V2\FW\Project\IARARM\Debug\Obj\strbuf.o                  #
#                    C:\Users\jeanphil.rey\Documents\JP\Perso\F3000\F3000git\ #
#                    V2\FW\Project\IARARM\Debug\Obj\system_stm32f2xx.o        #
#                    C:\Users\jeanphil.rey\Documents\JP\Perso\F3000\F3000git\ #
#                    V2\FW\Project\IARARM\Debug\Obj\tasks.o                   #
#                    C:\Users\jeanphil.rey\Documents\JP\Perso\F3000\F3000git\ #
#                    V2\FW\Project\IARARM\Debug\Obj\timer.o                   #
#                    C:\Users\jeanphil.rey\Documents\JP\Perso\F3000\F3000git\ #
#                    V2\FW\Project\IARARM\Debug\Obj\timers.o -o               #
#                    C:\Users\jeanphil.rey\Documents\JP\Perso\F3000\F3000git\ #
#                    V2\FW\Project\IARARM\Debug\Exe\F3000CU.out --redirect    #
#                    _Printf=_PrintfFull --redirect _Scanf=_ScanfFull --map   #
#                    C:\Users\jeanphil.rey\Documents\JP\Perso\F3000\F3000git\ #
#                    V2\FW\Project\IARARM\Debug\List\F3000CU.map --config     #
#                    C:\Users\jeanphil.rey\Documents\JP\Perso\F3000\F3000git\ #
#                    V2\FW\Project\IARARM\stm32f2xx_flash.icf --semihosting   #
#                    --entry __iar_program_start --vfe                        #
#                                                                             #
#                                                                             #
###############################################################################

*******************************************************************************
*** RUNTIME MODEL ATTRIBUTES
***

CppFlavor                     = *
__Heap_Handler                = Basic
__SystemLibrary               = DLib
__dlib_dynamic_initialization = normal


*******************************************************************************
*** PLACEMENT SUMMARY
***

"A1":  place at 0x08000000 { ro section .intvec };
"P1":  place in [from 0x08000000 to 0x080fffff] { ro };
"P2":  place in [from 0x20000000 to 0x20020000] { rw, block CSTACK, block HEAP };

  Section             Kind        Address    Size  Object
  -------             ----        -------    ----  ------
"A1":                                       0x184
  .intvec             ro code  0x08000000   0x184  startup_stm32f2xx.o [1]
                             - 0x08000184   0x184

"P1":                                      0x7fe4
  .text               ro code  0x08000184  0x10c6  xprintffull.o [3]
  .text               ro code  0x0800124a    0x20  xmbtowc.o [3]
  .text               ro code  0x0800126a    0x22  zero_init3.o [5]
  .text               ro code  0x0800128c    0x16  strchr.o [5]
  .text               ro code  0x080012a2     0xa  xsprout.o [3]
  .text               ro code  0x080012ac    0x36  strlen.o [5]
  .rodata             const    0x080012e2     0x2  heap_2.o [1]
  .text               ro code  0x080012e4    0x58  memchr.o [5]
  .text               ro code  0x0800133c     0xa  xmbcurmax.o [3]
  .text               ro code  0x08001348    0xb0  xxmemxmalloc.o [3]
  .text               ro code  0x080013f8    0x1a  xwctomb.o [3]
  .text               ro code  0x08001414    0x76  ABImemcpy.o [5]
  .text               ro code  0x0800148c    0x80  xxmemxfree.o [3]
  .text               ro code  0x0800150c    0xee  I64DivMod.o [5]
  .text               ro code  0x080015fc   0x1a2  DblMul.o [4]
  .text               ro code  0x0800179e    0x42  xdnorm.o [4]
  .text               ro code  0x080017e0    0x2e  DblCmpLe.o [4]
  .text               ro code  0x08001810    0x2e  DblCmpGe.o [4]
  .text               ro code  0x08001840   0x10c  xdscale.o [4]
  .text               ro code  0x0800194c    0x58  DblToI32.o [4]
  .text               ro code  0x080019a4    0x30  I32ToDbl.o [4]
  .text               ro code  0x080019d4   0x180  DblSub.o [4]
  .text               ro code  0x08001b54   0x246  DblDiv.o [4]
  .text               ro code  0x08001d9c    0x6c  localeconv.o [3]
  .text               ro code  0x08001e08     0xe  div.o [3]
  .text               ro code  0x08001e18    0x14  setlocale.o [3]
  .text               ro code  0x08001e2c    0x60  xencoding_sb.o [3]
  .text               ro code  0x08001e8c    0x2c  xgetmemchunk.o [3]
  .text               ro code  0x08001eb8     0x2  I64DivZer.o [5]
  .text               ro code  0x08001ebc    0xe8  DblAdd.o [4]
  .text               ro code  0x08001fa4     0x2  xtls.o [3]
  .text               ro code  0x08001fa8   0xc1c  stm32f2xx_tim.o [1]
  .text               ro code  0x08002bc4   0x1a8  main.o [1]
  .text               ro code  0x08002d6c   0xb7c  tasks.o [1]
  .text               ro code  0x080038e8   0x464  CU.o [1]
  .text               ro code  0x08003d4c   0x128  PCA9952.o [1]
  .text               ro code  0x08003e74   0x5d0  I2C.o [1]
  .text               ro code  0x08004444    0x94  gear.o [1]
  .text               ro code  0x080044d8   0x190  system_stm32f2xx.o [1]
  .text               ro code  0x08004668    0xe8  misc.o [1]
  .text               ro code  0x08004750   0x116  UID.o [1]
  .text               ro code  0x08004868    0xe8  timer.o [1]
  .text               ro code  0x08004950    0xbc  internal_temp_sensor.o [1]
  .text               ro code  0x08004a0c    0x1c  console.o [1]
  .text               ro code  0x08004a28    0x34  sprintf.o [3]
  .text               ro code  0x08004a5c   0x14c  heap_2.o [1]
  .text               ro code  0x08004ba8    0x16  tasks.o [1]
  .text               ro code  0x08004bbe    0x9e  list.o [1]
  .text               ro code  0x08004c5c   0x1a4  port.o [1]
  .text               ro code  0x08004e00   0x298  stm32f2xx_rcc.o [1]
  .text               ro code  0x08005098   0x56c  stm32f2xx_gpio.o [1]
  .text               ro code  0x08005604   0x6d4  stm32f2xx_i2c.o [1]
  .text               ro code  0x08005cd8   0x5d0  queue.o [1]
  .text               ro code  0x080062a8   0x158  stm32f2xx_it.o [1]
  .text               ro code  0x08006400   0x20c  ADC.o [1]
  .text               ro code  0x0800660c    0x1e  I32ToFlt.o [4]
  .text               ro code  0x0800662c    0xfc  FltDiv.o [4]
  .text               ro code  0x08006728    0x4e  FltToDbl.o [4]
  .text               ro code  0x08006778    0x90  DblToFlt.o [4]
  .text               ro code  0x08006808    0x66  ABImemset.o [5]
  CODE                ro code  0x08006870    0x88  portasm.o [1]
  .text               ro code  0x080068f8    0x16  queue.o [1]
  .text               ro code  0x08006910   0xa88  stm32f2xx_dma.o [1]
  .text               ro code  0x08007398   0x6a0  stm32f2xx_adc.o [1]
  .text               ro code  0x08007a38    0xb0  packbits_init.o [5]
  .text               ro code  0x08007ae8     0x6  abort.o [3]
  .text               ro code  0x08007af0    0x14  exit.o [6]
  .rodata             const    0x08007b04    0x78  stm32f2xx_adc.o [1]
  .rodata             const    0x08007b7c    0x78  stm32f2xx_dma.o [1]
  .rodata             const    0x08007bf4    0x78  stm32f2xx_gpio.o [1]
  .rodata             const    0x08007c6c    0x78  stm32f2xx_i2c.o [1]
  .rodata             const    0x08007ce4    0x78  stm32f2xx_rcc.o [1]
  .rodata             const    0x08007d5c    0x78  stm32f2xx_tim.o [1]
  .rodata             const    0x08007dd4    0x70  misc.o [1]
  .text               ro code  0x08007e44    0x28  data_init.o [5]
  .iar.init_table     const    0x08007e6c    0x2c  - Linker created -
  .rodata             const    0x08007e98    0x18  main.o [1]
  .text               ro code  0x08007eb0    0x16  cmain.o [5]
  .text               ro code  0x08007ec6     0x4  low_level_init.o [3]
  .text               ro code  0x08007eca     0x4  exit.o [3]
  .text               ro code  0x08007ed0     0xa  cexit.o [5]
  .rodata             const    0x08007edc    0x10  main.o [1]
  .text               ro code  0x08007eec    0x10  startup_stm32f2xx.o [1]
  .rodata             const    0x08007efc     0xc  CU.o [1]
  .rodata             const    0x08007f08     0xc  CU.o [1]
  .rodata             const    0x08007f14     0xc  CU.o [1]
  .rodata             const    0x08007f20     0xc  CU.o [1]
  .rodata             const    0x08007f2c     0xc  CU.o [1]
  .rodata             const    0x08007f38     0xc  main.o [1]
  .rodata             const    0x08007f44     0xc  main.o [1]
  .text               ro code  0x08007f50     0xc  cstartup_M.o [5]
  .rodata             const    0x08007f5c     0x8  CU.o [1]
  .rodata             const    0x08007f64     0x8  CU.o [1]
  .rodata             const    0x08007f6c     0x8  CU.o [1]
  .rodata             const    0x08007f74     0x8  main.o [1]
  .rodata             const    0x08007f7c     0x8  tasks.o [1]
  .rodata             const    0x08007f84     0x4  CU.o [1]
  .rodata             const    0x08007f88     0x4  CU.o [1]
  .rodata             const    0x08007f8c     0x4  CU.o [1]
  .rodata             const    0x08007f90     0x4  CU.o [1]
  .text               ro code  0x08007f94     0x4  startup_stm32f2xx.o [1]
  .text               ro code  0x08007f98     0x4  startup_stm32f2xx.o [1]
  .text               ro code  0x08007f9c     0x4  startup_stm32f2xx.o [1]
  .text               ro code  0x08007fa0     0x4  startup_stm32f2xx.o [1]
  .text               ro code  0x08007fa4     0x4  startup_stm32f2xx.o [1]
  .text               ro code  0x08007fa8     0x4  startup_stm32f2xx.o [1]
  .text               ro code  0x08007fac     0x4  startup_stm32f2xx.o [1]
  .text               ro code  0x08007fb0     0x4  startup_stm32f2xx.o [1]
  .text               ro code  0x08007fb4     0x4  startup_stm32f2xx.o [1]
  .text               ro code  0x08007fb8     0x4  startup_stm32f2xx.o [1]
  .text               ro code  0x08007fbc     0x4  startup_stm32f2xx.o [1]
  .text               ro code  0x08007fc0     0x4  startup_stm32f2xx.o [1]
  .text               ro code  0x08007fc4     0x4  startup_stm32f2xx.o [1]
  .text               ro code  0x08007fc8     0x4  startup_stm32f2xx.o [1]
  .text               ro code  0x08007fcc     0x4  startup_stm32f2xx.o [1]
  .text               ro code  0x08007fd0     0x4  startup_stm32f2xx.o [1]
  .text               ro code  0x08007fd4     0x4  startup_stm32f2xx.o [1]
  .text               ro code  0x08007fd8     0x4  startup_stm32f2xx.o [1]
  .text               ro code  0x08007fdc     0x4  startup_stm32f2xx.o [1]
  .text               ro code  0x08007fe0     0x4  startup_stm32f2xx.o [1]
  .text               ro code  0x08007fe4     0x4  startup_stm32f2xx.o [1]
  .text               ro code  0x08007fe8     0x4  startup_stm32f2xx.o [1]
  .text               ro code  0x08007fec     0x4  startup_stm32f2xx.o [1]
  .text               ro code  0x08007ff0     0x4  startup_stm32f2xx.o [1]
  .text               ro code  0x08007ff4     0x4  startup_stm32f2xx.o [1]
  .text               ro code  0x08007ff8     0x4  startup_stm32f2xx.o [1]
  .text               ro code  0x08007ffc     0x4  startup_stm32f2xx.o [1]
  .text               ro code  0x08008000     0x4  startup_stm32f2xx.o [1]
  .text               ro code  0x08008004     0x4  startup_stm32f2xx.o [1]
  .text               ro code  0x08008008     0x4  startup_stm32f2xx.o [1]
  .text               ro code  0x0800800c     0x4  startup_stm32f2xx.o [1]
  .text               ro code  0x08008010     0x4  startup_stm32f2xx.o [1]
  .text               ro code  0x08008014     0x4  startup_stm32f2xx.o [1]
  .text               ro code  0x08008018     0x4  startup_stm32f2xx.o [1]
  .text               ro code  0x0800801c     0x4  startup_stm32f2xx.o [1]
  .text               ro code  0x08008020     0x4  startup_stm32f2xx.o [1]
  .text               ro code  0x08008024     0x4  startup_stm32f2xx.o [1]
  .text               ro code  0x08008028     0x4  startup_stm32f2xx.o [1]
  .text               ro code  0x0800802c     0x4  startup_stm32f2xx.o [1]
  .text               ro code  0x08008030     0x4  startup_stm32f2xx.o [1]
  .text               ro code  0x08008034     0x4  startup_stm32f2xx.o [1]
  .text               ro code  0x08008038     0x4  startup_stm32f2xx.o [1]
  .text               ro code  0x0800803c     0x4  startup_stm32f2xx.o [1]
  .text               ro code  0x08008040     0x4  startup_stm32f2xx.o [1]
  .text               ro code  0x08008044     0x4  startup_stm32f2xx.o [1]
  .text               ro code  0x08008048     0x4  startup_stm32f2xx.o [1]
  .text               ro code  0x0800804c     0x4  startup_stm32f2xx.o [1]
  .text               ro code  0x08008050     0x4  startup_stm32f2xx.o [1]
  .text               ro code  0x08008054     0x4  startup_stm32f2xx.o [1]
  .text               ro code  0x08008058     0x4  startup_stm32f2xx.o [1]
  .text               ro code  0x0800805c     0x4  startup_stm32f2xx.o [1]
  .text               ro code  0x08008060     0x4  startup_stm32f2xx.o [1]
  .text               ro code  0x08008064     0x4  startup_stm32f2xx.o [1]
  .text               ro code  0x08008068     0x4  startup_stm32f2xx.o [1]
  .text               ro code  0x0800806c     0x4  startup_stm32f2xx.o [1]
  .text               ro code  0x08008070     0x4  startup_stm32f2xx.o [1]
  .text               ro code  0x08008074     0x4  startup_stm32f2xx.o [1]
  .text               ro code  0x08008078     0x4  startup_stm32f2xx.o [1]
  .text               ro code  0x0800807c     0x4  startup_stm32f2xx.o [1]
  .text               ro code  0x08008080     0x4  startup_stm32f2xx.o [1]
  .text               ro code  0x08008084     0x4  startup_stm32f2xx.o [1]
  .text               ro code  0x08008088     0x4  startup_stm32f2xx.o [1]
  .text               ro code  0x0800808c     0x4  startup_stm32f2xx.o [1]
  .text               ro code  0x08008090     0x4  startup_stm32f2xx.o [1]
  .text               ro code  0x08008094     0x4  startup_stm32f2xx.o [1]
  .text               ro code  0x08008098     0x4  startup_stm32f2xx.o [1]
  .text               ro code  0x0800809c     0x4  startup_stm32f2xx.o [1]
  .text               ro code  0x080080a0     0x4  startup_stm32f2xx.o [1]
  .text               ro code  0x080080a4     0x4  startup_stm32f2xx.o [1]
  .text               ro code  0x080080a8     0x4  startup_stm32f2xx.o [1]
  .text               ro code  0x080080ac     0x4  startup_stm32f2xx.o [1]
  .text               ro code  0x080080b0     0x4  startup_stm32f2xx.o [1]
  .text               ro code  0x080080b4     0x4  startup_stm32f2xx.o [1]
  .text               ro code  0x080080b8     0x4  startup_stm32f2xx.o [1]
  .text               ro code  0x080080bc     0x4  startup_stm32f2xx.o [1]
  .text               ro code  0x080080c0     0x4  startup_stm32f2xx.o [1]
  .text               ro code  0x080080c4     0x4  startup_stm32f2xx.o [1]
  .text               ro code  0x080080c8     0x4  startup_stm32f2xx.o [1]
  .text               ro code  0x080080cc     0x4  startup_stm32f2xx.o [1]
  .text               ro code  0x080080d0     0x4  startup_stm32f2xx.o [1]
  .text               ro code  0x080080d4     0x4  startup_stm32f2xx.o [1]
  .text               ro code  0x080080d8     0x4  startup_stm32f2xx.o [1]
  .text               ro code  0x080080dc     0x4  startup_stm32f2xx.o [1]
  .text               ro code  0x080080e0     0x4  startup_stm32f2xx.o [1]
  .text               ro code  0x080080e4     0x4  startup_stm32f2xx.o [1]
  .text               ro code  0x080080e8     0x4  startup_stm32f2xx.o [1]
  .text               ro code  0x080080ec     0x4  startup_stm32f2xx.o [1]
  .text               ro code  0x080080f0     0x4  startup_stm32f2xx.o [1]
  .text               ro code  0x080080f4     0x4  startup_stm32f2xx.o [1]
  .text               ro code  0x080080f8     0x4  startup_stm32f2xx.o [1]
  .rodata             const    0x080080fc     0x0  zero_init3.o [5]
  .rodata             const    0x080080fc     0x0  packbits_init.o [5]
  Initializer bytes   ro data  0x080080fc    0x6a  <for P2 s0>
                             - 0x08008166  0x7fe2

"P2", part 1 of 3:                          0x164
  P2 s0                        0x20000000   0x164  <Init block>
    __DLIB_PERTHREAD  inited   0x20000000    0x88  localeconv.o [3]
    __DLIB_PERTHREAD  inited   0x20000088    0x74  setlocale.o [3]
    .data             inited   0x200000fc    0x10  stm32f2xx_rcc.o [1]
    .data             inited   0x2000010c    0x10  system_stm32f2xx.o [1]
    .data             inited   0x2000011c     0xc  CU.o [1]
    .data             inited   0x20000128     0xc  CU.o [1]
    .data             inited   0x20000134     0xc  CU.o [1]
    .data             inited   0x20000140     0xc  CU.o [1]
    .data             inited   0x2000014c     0x8  UID.o [1]
    .data             inited   0x20000154     0x4  heap_2.o [1]
    .data             inited   0x20000158     0x4  internal_temp_sensor.o [1]
    .data             inited   0x2000015c     0x4  port.o [1]
    .data             inited   0x20000160     0x4  system_stm32f2xx.o [1]
                             - 0x20000164   0x164

"P2", part 2 of 3:                         0x4024
  .bss                zero     0x20000164  0x3c00  heap_2.o [1]
  .bss                zero     0x20003d64   0x12c  main.o [1]
  .bss                zero     0x20003e90   0x12c  tasks.o [1]
  .bss                zero     0x20003fbc    0x4c  ADC.o [1]
  .bss                zero     0x20004008    0x28  ADC.o [1]
  .bss                zero     0x20004030    0x14  ADC.o [1]
  .bss                zero     0x20004044    0x14  internal_temp_sensor.o [1]
  .bss                zero     0x20004058    0x14  tasks.o [1]
  .bss                zero     0x2000406c    0x14  tasks.o [1]
  .bss                zero     0x20004080    0x14  tasks.o [1]
  .bss                zero     0x20004094    0x14  tasks.o [1]
  .bss                zero     0x200040a8    0x14  tasks.o [1]
  .bss                zero     0x200040bc     0xc  main.o [1]
  .bss                zero     0x200040c8     0x8  heap_2.o [1]
  .bss                zero     0x200040d0     0x8  heap_2.o [1]
  .bss                zero     0x200040d8     0x8  main.o [1]
  .bss                zero     0x200040e0     0x8  main.o [1]
  .bss                zero     0x200040e8     0x8  xxmemxmalloc.o [3]
  .bss                zero     0x200040f0     0x4  ADC.o [1]
  .bss                zero     0x200040f4     0x4  I2C.o [1]
  .bss                zero     0x200040f8     0x4  I2C.o [1]
  .bss                zero     0x200040fc     0x4  UID.o [1]
  .bss                zero     0x20004100     0x4  console.o [1]
  .bss                zero     0x20004104     0x4  heap_2.o [1]
  .bss                zero     0x20004108     0x4  internal_temp_sensor.o [1]
  .bss                zero     0x2000410c     0x4  internal_temp_sensor.o [1]
  .bss                zero     0x20004110     0x4  main.o [1]
  .bss                zero     0x20004114     0x4  main.o [1]
  .bss                zero     0x20004118     0x4  main.o [1]
  .bss                zero     0x2000411c     0x4  main.o [1]
  .bss                zero     0x20004120     0x4  port.o [1]
  .bss                zero     0x20004124     0x4  stm32f2xx_it.o [1]
  .bss                zero     0x20004128     0x4  stm32f2xx_it.o [1]
  .bss                zero     0x2000412c     0x4  stm32f2xx_it.o [1]
  .bss                zero     0x20004130     0x4  tasks.o [1]
  .bss                zero     0x20004134     0x4  tasks.o [1]
  .bss                zero     0x20004138     0x4  tasks.o [1]
  .bss                zero     0x2000413c     0x4  tasks.o [1]
  .bss                zero     0x20004140     0x4  tasks.o [1]
  .bss                zero     0x20004144     0x4  tasks.o [1]
  .bss                zero     0x20004148     0x4  tasks.o [1]
  .bss                zero     0x2000414c     0x4  tasks.o [1]
  .bss                zero     0x20004150     0x4  tasks.o [1]
  .bss                zero     0x20004154     0x4  tasks.o [1]
  .bss                zero     0x20004158     0x4  tasks.o [1]
  .bss                zero     0x2000415c     0x4  tasks.o [1]
  .bss                zero     0x20004160     0x4  tasks.o [1]
  .bss                zero     0x20004164     0x4  tasks.o [1]
  .bss                zero     0x20004168     0x4  tasks.o [1]
  .bss                zero     0x2000416c     0x4  timer.o [1]
  .bss                zero     0x20004170     0x4  timer.o [1]
  .bss                zero     0x20004174     0x4  timer.o [1]
  .bss                zero     0x20004178     0x4  xgetmemchunk.o [3]
  .bss                zero     0x2000417c     0x1  ADC.o [1]
  .bss                zero     0x2000417d     0x1  UID.o [1]
  .bss                zero     0x2000417e     0x1  gear.o [1]
  .bss                zero     0x2000417f     0x1  internal_temp_sensor.o [1]
  .bss                zero     0x20004180     0x1  port.o [1]
                             - 0x20004181  0x401d

"P2", part 3 of 3:                          0x600
  CSTACK                       0x20004188   0x400  <Block>
    CSTACK            uninit   0x20004188   0x400  <Block tail>
  HEAP                         0x20004588   0x200  <Block>
    HEAP              uninit   0x20004588   0x200  <Block tail>
                             - 0x20004788   0x600


*******************************************************************************
*** INIT TABLE
***

          Address     Size
          -------     ----
Zero (__iar_zero_init3)
    1 destination range, total size 0x401d:
          0x20000164  0x401d

Copy/packbits (__iar_packbits_init3)
    1 source range, total size 0x6a (29% of destination):
          0x080080fc    0x6a
    1 destination range, total size 0x164:
          0x20000000   0x164



*******************************************************************************
*** MODULE SUMMARY
***

    Module                  ro code  ro data  rw data
    ------                  -------  -------  -------
C:\Users\jeanphil.rey\Documents\JP\Perso\F3000\F3000git\V2\FW\Project\IARARM\Debug\Obj: [1]
    ADC.o                       524               141
    CU.o                      1 124      114       48
    I2C.o                     1 488                 8
    PCA9952.o                   296
    UID.o                       278        3       13
    console.o                    28                 4
    gear.o                      148                 1
    heap_2.o                    332        3   15 384
    internal_temp_sensor.o      188        1       33
    list.o                      158
    main.o                      424       72      344
    misc.o                      232      112
    port.o                      420        1        9
    portasm.o                   136
    queue.o                   1 510
    startup_stm32f2xx.o         764
    stm32f2xx_adc.o           1 696      120
    stm32f2xx_dma.o           2 696      120
    stm32f2xx_gpio.o          1 388      120
    stm32f2xx_i2c.o           1 748      120
    stm32f2xx_it.o              344                12
    stm32f2xx_rcc.o             664      124       16
    stm32f2xx_tim.o           3 100      120
    system_stm32f2xx.o          400        7       20
    tasks.o                   2 962        8      460
    timer.o                     232                12
    -------------------------------------------------
    Total:                   23 280    1 045   16 505

command line: [2]
    -------------------------------------------------
    Total:

dl7M_tlf.a: [3]
    abort.o                       6
    div.o                        14
    exit.o                        4
    localeconv.o                108       40      136
    low_level_init.o              4
    setlocale.o                  20       35      116
    sprintf.o                    52
    xencoding_sb.o               96
    xgetmemchunk.o               44                 4
    xmbcurmax.o                  10
    xmbtowc.o                    32
    xprintffull.o             4 294
    xsprout.o                    10
    xtls.o                        2
    xwctomb.o                    26
    xxmemxfree.o                128
    xxmemxmalloc.o              176                 8
    -------------------------------------------------
    Total:                    5 026       75      264

m7M_tl.a: [4]
    DblAdd.o                    232
    DblCmpGe.o                   46
    DblCmpLe.o                   46
    DblDiv.o                    582
    DblMul.o                    418
    DblSub.o                    384
    DblToFlt.o                  144
    DblToI32.o                   88
    FltDiv.o                    252
    FltToDbl.o                   78
    I32ToDbl.o                   48
    I32ToFlt.o                   30
    xdnorm.o                     66
    xdscale.o                   268
    -------------------------------------------------
    Total:                    2 682

rt7M_tl.a: [5]
    ABImemcpy.o                 118
    ABImemset.o                 102
    I64DivMod.o                 238
    I64DivZer.o                   2
    cexit.o                      10
    cmain.o                      22
    cstartup_M.o                 12
    data_init.o                  40
    memchr.o                     88
    packbits_init.o             176
    strchr.o                     22
    strlen.o                     54
    zero_init3.o                 34
    -------------------------------------------------
    Total:                      918

shb_l.a: [6]
    exit.o                       20
    -------------------------------------------------
    Total:                       20

    Gaps                         34        2
    Linker created                        44    1 536
-----------------------------------------------------
    Grand Total:             31 960    1 166   18 305


*******************************************************************************
*** ENTRY LIST
***

Entry                      Address    Size  Type      Object
-----                      -------    ----  ----      ------
?main                   0x08007eb1          Code  Gb  cmain.o [5]
ADCChannelValueMapping  0x20004030    0x14  Data  Gb  ADC.o [1]
ADCConvertedValues      0x20004008    0x28  Data  Gb  ADC.o [1]
ADCInited               0x2000417c     0x1  Data  Gb  ADC.o [1]
ADC_CallbackHandler     0x08006443    0x36  Code  Gb  ADC.o [1]
ADC_Cmd                 0x080076a7    0x5c  Code  Gb  stm32f2xx_adc.o [1]
ADC_CommonInit          0x08007543   0x164  Code  Gb  stm32f2xx_adc.o [1]
ADC_DMACmd              0x08007973    0x52  Code  Gb  stm32f2xx_adc.o [1]
ADC_DMARequestAfterLastTransferCmd
                        0x080079c5    0x52  Code  Gb  stm32f2xx_adc.o [1]
ADC_IRQHandler          0x08008001          Code  Wk  startup_stm32f2xx.o [1]
ADC_Init                0x08007399   0x1aa  Code  Gb  stm32f2xx_adc.o [1]
ADC_LowLevelInit        0x08006479   0x14e  Code  Gb  ADC.o [1]
ADC_RegisterCallback    0x08006401    0x42  Code  Gb  ADC.o [1]
ADC_RegularChannelConfig
                        0x08007749   0x200  Code  Gb  stm32f2xx_adc.o [1]
ADC_SoftwareStartConv   0x08007949    0x2a  Code  Gb  stm32f2xx_adc.o [1]
ADC_TempSensorVrefintCmd
                        0x08007703    0x46  Code  Gb  stm32f2xx_adc.o [1]
ADC_cb_table            0x20003fbc    0x4c  Data  Gb  ADC.o [1]
AHBPrescTable           0x2000010c    0x10  Data  Gb  system_stm32f2xx.o [1]
APBAHBPrescTable        0x200000fc    0x10  Data  Lc  stm32f2xx_rcc.o [1]
AppTaskHandle           0x20004110     0x4  Data  Gb  main.o [1]
BusFault_Handler        0x080062bb     0x2  Code  Gb  stm32f2xx_it.o [1]
CAN1_RX0_IRQHandler     0x08008009          Code  Wk  startup_stm32f2xx.o [1]
CAN1_RX1_IRQHandler     0x0800800d          Code  Wk  startup_stm32f2xx.o [1]
CAN1_SCE_IRQHandler     0x08008011          Code  Wk  startup_stm32f2xx.o [1]
CAN1_TX_IRQHandler      0x08008005          Code  Wk  startup_stm32f2xx.o [1]
CAN2_RX0_IRQHandler     0x080080b9          Code  Wk  startup_stm32f2xx.o [1]
CAN2_RX1_IRQHandler     0x080080bd          Code  Wk  startup_stm32f2xx.o [1]
CAN2_SCE_IRQHandler     0x080080c1          Code  Wk  startup_stm32f2xx.o [1]
CAN2_TX_IRQHandler      0x080080b5          Code  Wk  startup_stm32f2xx.o [1]
CRYP_IRQHandler         0x080080f5          Code  Wk  startup_stm32f2xx.o [1]
CSTACK$$Base            0x20004188           --   Gb  - Linker created -
CSTACK$$Limit           0x20004588           --   Gb  - Linker created -
CU_IOInit               0x08003ae1   0x134  Code  Gb  CU.o [1]
CU_LEDInit              0x08003923    0x5a  Code  Gb  CU.o [1]
CU_LEDOff               0x08003995    0x18  Code  Gb  CU.o [1]
CU_LEDOn                0x0800397d    0x18  Code  Gb  CU.o [1]
CU_ReadInputsRaw        0x08003c15    0xee  Code  Gb  CU.o [1]
ConfigTaskHandle        0x20004114     0x4  Data  Gb  main.o [1]
ConsoleOutput           0x20004100     0x4  Data  Gb  console.o [1]
DCMI_IRQHandler         0x080080f1          Code  Wk  startup_stm32f2xx.o [1]
DMA1_Stream0_IRQHandler
                        0x08007fe5          Code  Wk  startup_stm32f2xx.o [1]
DMA1_Stream1_IRQHandler
                        0x08007fe9          Code  Wk  startup_stm32f2xx.o [1]
DMA1_Stream2_IRQHandler
                        0x08007fed          Code  Wk  startup_stm32f2xx.o [1]
DMA1_Stream3_IRQHandler
                        0x08007ff1          Code  Wk  startup_stm32f2xx.o [1]
DMA1_Stream4_IRQHandler
                        0x08007ff5          Code  Wk  startup_stm32f2xx.o [1]
DMA1_Stream5_IRQHandler
                        0x08007ff9          Code  Wk  startup_stm32f2xx.o [1]
DMA1_Stream6_IRQHandler
                        0x08007ffd          Code  Wk  startup_stm32f2xx.o [1]
DMA1_Stream7_IRQHandler
                        0x08008075          Code  Wk  startup_stm32f2xx.o [1]
DMA2_Stream0_IRQHandler
                        0x08006305    0x22  Code  Gb  stm32f2xx_it.o [1]
DMA2_Stream0_cb         0x080065c7    0x22  Code  Gb  ADC.o [1]
DMA2_Stream1_IRQHandler
                        0x0800809d          Code  Wk  startup_stm32f2xx.o [1]
DMA2_Stream2_IRQHandler
                        0x080080a1          Code  Wk  startup_stm32f2xx.o [1]
DMA2_Stream3_IRQHandler
                        0x080080a5          Code  Wk  startup_stm32f2xx.o [1]
DMA2_Stream4_IRQHandler
                        0x080080a9          Code  Wk  startup_stm32f2xx.o [1]
DMA2_Stream5_IRQHandler
                        0x080080c9          Code  Wk  startup_stm32f2xx.o [1]
DMA2_Stream6_IRQHandler
                        0x080080cd          Code  Wk  startup_stm32f2xx.o [1]
DMA2_Stream7_IRQHandler
                        0x080080d1          Code  Wk  startup_stm32f2xx.o [1]
DMA_ClearITPendingBit   0x080071e7    0xb8  Code  Gb  stm32f2xx_dma.o [1]
DMA_Cmd                 0x08006db1    0xc4  Code  Gb  stm32f2xx_dma.o [1]
DMA_DeInit              0x08006911   0x1ea  Code  Gb  stm32f2xx_dma.o [1]
DMA_GetITStatus         0x08006fe9   0x1fe  Code  Gb  stm32f2xx_dma.o [1]
DMA_ITConfig            0x08006ed9    0xf6  Code  Gb  stm32f2xx_dma.o [1]
DMA_Init                0x08006afb   0x2b6  Code  Gb  stm32f2xx_dma.o [1]
DebugMon_Handler        0x080062c1     0x2  Code  Gb  stm32f2xx_it.o [1]
Delay_ms_tick           0x20004128     0x4  Data  Gb  stm32f2xx_it.o [1]
DiagnosticTaskHandle    0x2000411c     0x4  Data  Gb  main.o [1]
ETH_IRQHandler          0x080080ad          Code  Wk  startup_stm32f2xx.o [1]
ETH_WKUP_IRQHandler     0x080080b1          Code  Wk  startup_stm32f2xx.o [1]
EUI64_getNXSFormat      0x08004829    0x3e  Code  Gb  UID.o [1]
EXTI0_IRQHandler        0x08007fd1          Code  Wk  startup_stm32f2xx.o [1]
EXTI15_10_IRQHandler    0x08008059          Code  Wk  startup_stm32f2xx.o [1]
EXTI1_IRQHandler        0x08007fd5          Code  Wk  startup_stm32f2xx.o [1]
EXTI2_IRQHandler        0x08007fd9          Code  Wk  startup_stm32f2xx.o [1]
EXTI3_IRQHandler        0x08007fdd          Code  Wk  startup_stm32f2xx.o [1]
EXTI4_IRQHandler        0x08007fe1          Code  Wk  startup_stm32f2xx.o [1]
EXTI9_5_IRQHandler      0x08008015          Code  Wk  startup_stm32f2xx.o [1]
F3000_App               0x08002be9    0x5a  Code  Gb  main.o [1]
F3000_Conf              0x08002bc5     0xc  Code  Gb  main.o [1]
F3000_Diag              0x08002bd1     0xc  Code  Gb  main.o [1]
F3000_Periodic          0x08002bdd     0xc  Code  Gb  main.o [1]
FLASH_IRQHandler        0x08007fc9          Code  Wk  startup_stm32f2xx.o [1]
FSMC_IRQHandler         0x08008079          Code  Wk  startup_stm32f2xx.o [1]
GPIO_CLK                0x08007efc     0xc  Data  Gb  CU.o [1]
GPIO_Init               0x08005099   0x18a  Code  Gb  stm32f2xx_gpio.o [1]
GPIO_PIN                0x08007f5c     0x8  Data  Gb  CU.o [1]
GPIO_PORT               0x2000011c     0xc  Data  Gb  CU.o [1]
GPIO_PinAFConfig        0x080053f1   0x1ec  Code  Gb  stm32f2xx_gpio.o [1]
GPIO_ReadInputDataBit   0x08005223    0xf0  Code  Gb  stm32f2xx_gpio.o [1]
GPIO_ResetBits          0x0800536f    0x5c  Code  Gb  stm32f2xx_gpio.o [1]
GPIO_SetBits            0x08005313    0x5c  Code  Gb  stm32f2xx_gpio.o [1]
HASH_RNG_IRQHandler     0x080080f9          Code  Wk  startup_stm32f2xx.o [1]
HEAP$$Base              0x20004588           --   Gb  - Linker created -
HEAP$$Limit             0x20004788           --   Gb  - Linker created -
HardFault_Handler       0x080062b5     0x4  Code  Gb  stm32f2xx_it.o [1]
I2C1_ER_IRQHandler      0x08008039          Code  Wk  startup_stm32f2xx.o [1]
I2C1_EV_IRQHandler      0x08008035          Code  Wk  startup_stm32f2xx.o [1]
I2C2_ER_IRQHandler      0x08008041          Code  Wk  startup_stm32f2xx.o [1]
I2C2_EV_IRQHandler      0x0800803d          Code  Wk  startup_stm32f2xx.o [1]
I2C3_ER_IRQHandler      0x080080dd          Code  Wk  startup_stm32f2xx.o [1]
I2C3_EV_IRQHandler      0x080080d9          Code  Wk  startup_stm32f2xx.o [1]
I2C_AcknowledgeConfig   0x0800599d    0x5e  Code  Gb  stm32f2xx_i2c.o [1]
I2C_Bus_Init            0x080039ad   0x134  Code  Gb  CU.o [1]
I2C_CLK                 0x08007f08     0xc  Data  Gb  CU.o [1]
I2C_CheckEvent          0x08005a65   0x104  Code  Gb  stm32f2xx_i2c.o [1]
I2C_Cmd                 0x08005829    0x5e  Code  Gb  stm32f2xx_i2c.o [1]
I2C_DeInit              0x08005605    0x80  Code  Gb  stm32f2xx_i2c.o [1]
I2C_Driver_Init         0x08003e75    0x62  Code  Gb  I2C.o [1]
I2C_GenerateSTART       0x08005887    0x5e  Code  Gb  stm32f2xx_i2c.o [1]
I2C_GenerateSTOP        0x080058e5    0x5e  Code  Gb  stm32f2xx_i2c.o [1]
I2C_GetFlagStatus       0x08005b69    0xec  Code  Gb  stm32f2xx_i2c.o [1]
I2C_Init                0x08005685   0x1a4  Code  Gb  stm32f2xx_i2c.o [1]
I2C_Inited_flag         0x200040f8     0x4  Data  Gb  I2C.o [1]
I2C_PERIPH              0x20000128     0xc  Data  Gb  CU.o [1]
I2C_ReceiveData         0x08005a23    0x26  Code  Gb  stm32f2xx_i2c.o [1]
I2C_SCL_AF              0x08007f88     0x4  Data  Gb  CU.o [1]
I2C_SCL_GPIO_CLK        0x08007f14     0xc  Data  Gb  CU.o [1]
I2C_SCL_GPIO_PORT       0x20000134     0xc  Data  Gb  CU.o [1]
I2C_SCL_PIN             0x08007f64     0x8  Data  Gb  CU.o [1]
I2C_SCL_SOURCE          0x08007f84     0x4  Data  Gb  CU.o [1]
I2C_SDA_AF              0x08007f90     0x4  Data  Gb  CU.o [1]
I2C_SDA_GPIO_CLK        0x08007f20     0xc  Data  Gb  CU.o [1]
I2C_SDA_GPIO_PORT       0x20000140     0xc  Data  Gb  CU.o [1]
I2C_SDA_PIN             0x08007f6c     0x8  Data  Gb  CU.o [1]
I2C_SDA_SOURCE          0x08007f8c     0x4  Data  Gb  CU.o [1]
I2C_SPEED               0x08007f2c     0xc  Data  Gb  CU.o [1]
I2C_Send7bitAddress     0x08005943    0x5a  Code  Gb  stm32f2xx_i2c.o [1]
I2C_SendData            0x080059fb    0x28  Code  Gb  stm32f2xx_i2c.o [1]
I2C_abort_transaction   0x08003ed7    0xe6  Code  Gb  I2C.o [1]
I2C_read_reg            0x08003fbd   0x1e0  Code  Gb  I2C.o [1]
I2C_sem                 0x200040f4     0x4  Data  Gb  I2C.o [1]
I2C_write_burst         0x080042b7   0x164  Code  Gb  I2C.o [1]
I2C_write_reg           0x0800419d   0x11a  Code  Gb  I2C.o [1]
ITS_ADCAccu             0x20004044    0x14  Data  Gb  internal_temp_sensor.o [1]
ITS_ADCAccuPtr          0x2000417f     0x1  Data  Gb  internal_temp_sensor.o [1]
ITS_Init                0x08004951    0x1e  Code  Gb  internal_temp_sensor.o [1]
ITS_Monitor_callback    0x08004971    0x78  Code  Gb  internal_temp_sensor.o [1]
ITS_OverTempThreshold   0x20000158     0x4  Data  Gb  internal_temp_sensor.o [1]
ITS_OverTemp_cb         0x20004108     0x4  Data  Gb  internal_temp_sensor.o [1]
ITS_currentValue        0x2000410c     0x4  Data  Gb  internal_temp_sensor.o [1]
InStream_Read           0x08007a39    0x22  Code  Lc  packbits_init.o [5]
LEDs_Init               0x080038e9    0x3a  Code  Gb  CU.o [1]
MemManage_Handler       0x080062b9     0x2  Code  Gb  stm32f2xx_it.o [1]
NMI_Handler             0x080062b3     0x2  Code  Gb  stm32f2xx_it.o [1]
NVIC_Init               0x0800469d    0x9a  Code  Gb  misc.o [1]
NVIC_PriorityGroupConfig
                        0x08004669    0x34  Code  Gb  misc.o [1]
NXS_EUI64               0x200040e0     0x8  Data  Gb  main.o [1]
NXS_UID                 0x200040bc     0xc  Data  Gb  main.o [1]
OTG_FS_IRQHandler       0x080080c5          Code  Wk  startup_stm32f2xx.o [1]
OTG_FS_WKUP_IRQHandler  0x08008061          Code  Wk  startup_stm32f2xx.o [1]
OTG_HS_EP1_IN_IRQHandler
                        0x080080e5          Code  Wk  startup_stm32f2xx.o [1]
OTG_HS_EP1_OUT_IRQHandler
                        0x080080e1          Code  Wk  startup_stm32f2xx.o [1]
OTG_HS_IRQHandler       0x080080ed          Code  Wk  startup_stm32f2xx.o [1]
OTG_HS_WKUP_IRQHandler  0x080080e9          Code  Wk  startup_stm32f2xx.o [1]
PCA9952_Init            0x08003d4d    0x6e  Code  Gb  PCA9952.o [1]
PCA9952_LED_Control     0x08003dbb    0x4e  Code  Gb  PCA9952.o [1]
PCA9952_read_reg        0x08003e4d    0x24  Code  Gb  PCA9952.o [1]
PCA9952_write_burst     0x08003e29    0x24  Code  Gb  PCA9952.o [1]
PCA9952_write_reg       0x08003e09    0x20  Code  Gb  PCA9952.o [1]
PVD_IRQHandler          0x08007fbd          Code  Wk  startup_stm32f2xx.o [1]
PendSV_Handler          0x080062c3     0x2  Code  Gb  stm32f2xx_it.o [1]
PeriodicTaskHandle      0x20004118     0x4  Data  Gb  main.o [1]
RCC_AHB1PeriphClockCmd  0x08004f03    0x58  Code  Gb  stm32f2xx_rcc.o [1]
RCC_APB1PeriphClockCmd  0x08004f5b    0x58  Code  Gb  stm32f2xx_rcc.o [1]
RCC_APB1PeriphResetCmd  0x08005015    0x58  Code  Gb  stm32f2xx_rcc.o [1]
RCC_APB2PeriphClockCmd  0x08004fb3    0x58  Code  Gb  stm32f2xx_rcc.o [1]
RCC_GetClocksFreq       0x08004e01   0x102  Code  Gb  stm32f2xx_rcc.o [1]
RCC_IRQHandler          0x08007fcd          Code  Wk  startup_stm32f2xx.o [1]
RTC_Alarm_IRQHandler    0x0800805d          Code  Wk  startup_stm32f2xx.o [1]
RTC_WKUP_IRQHandler     0x08007fc5          Code  Wk  startup_stm32f2xx.o [1]
Region$$Table$$Base     0x08007e6c           --   Gb  - Linker created -
Region$$Table$$Limit    0x08007e98           --   Gb  - Linker created -
Reset_Handler           0x08007eed          Code  Wk  startup_stm32f2xx.o [1]
SDIO_IRQHandler         0x0800807d          Code  Wk  startup_stm32f2xx.o [1]
SPI1_IRQHandler         0x08008045          Code  Wk  startup_stm32f2xx.o [1]
SPI2_IRQHandler         0x08008049          Code  Wk  startup_stm32f2xx.o [1]
SPI3_IRQHandler         0x08008085          Code  Wk  startup_stm32f2xx.o [1]
SVC_Handler             0x080062bf     0x2  Code  Gb  stm32f2xx_it.o [1]
SetSysClock             0x080045cd    0x68  Code  Lc  system_stm32f2xx.o [1]
SysTick_Delay_cb        0x20004124     0x4  Data  Gb  stm32f2xx_it.o [1]
SysTick_Delay_ms        0x2000412c     0x4  Data  Gb  stm32f2xx_it.o [1]
SysTick_Handler         0x080062c5    0x40  Code  Gb  stm32f2xx_it.o [1]
SystemCoreClock         0x20000160     0x4  Data  Gb  system_stm32f2xx.o [1]
SystemCoreClockUpdate   0x0800451f    0xae  Code  Gb  system_stm32f2xx.o [1]
SystemInit              0x080044d9    0x46  Code  Gb  system_stm32f2xx.o [1]
TAMP_STAMP_IRQHandler   0x08007fc1          Code  Wk  startup_stm32f2xx.o [1]
TIM1_BRK_TIM9_IRQHandler
                        0x08008019          Code  Wk  startup_stm32f2xx.o [1]
TIM1_CC_IRQHandler      0x08008025          Code  Wk  startup_stm32f2xx.o [1]
TIM1_TRG_COM_TIM11_IRQHandler
                        0x08008021          Code  Wk  startup_stm32f2xx.o [1]
TIM1_UP_TIM10_IRQHandler
                        0x0800801d          Code  Wk  startup_stm32f2xx.o [1]
TIM2_IRQHandler         0x08006327    0xb4  Code  Gb  stm32f2xx_it.o [1]
TIM3_IRQHandler         0x0800802d          Code  Wk  startup_stm32f2xx.o [1]
TIM4_IRQHandler         0x08008031          Code  Wk  startup_stm32f2xx.o [1]
TIM5_IRQHandler         0x08008081          Code  Wk  startup_stm32f2xx.o [1]
TIM6_DAC_IRQHandler     0x08008091          Code  Wk  startup_stm32f2xx.o [1]
TIM7_IRQHandler         0x08008095          Code  Wk  startup_stm32f2xx.o [1]
TIM8_BRK_TIM12_IRQHandler
                        0x08008065          Code  Wk  startup_stm32f2xx.o [1]
TIM8_CC_IRQHandler      0x08008071          Code  Wk  startup_stm32f2xx.o [1]
TIM8_TRG_COM_TIM14_IRQHandler
                        0x0800806d          Code  Wk  startup_stm32f2xx.o [1]
TIM8_UP_TIM13_IRQHandler
                        0x08008069          Code  Wk  startup_stm32f2xx.o [1]
TIM_ClearITPendingBit   0x08002b0d    0x7e  Code  Gb  stm32f2xx_tim.o [1]
TIM_Cmd                 0x080021ad    0xb4  Code  Gb  stm32f2xx_tim.o [1]
TIM_GetITStatus         0x08002a21    0xec  Code  Gb  stm32f2xx_tim.o [1]
TIM_ITConfig            0x08002951    0xc6  Code  Gb  stm32f2xx_tim.o [1]
TIM_OC1Init             0x08002261   0x1c2  Code  Gb  stm32f2xx_tim.o [1]
TIM_OC1PreloadConfig    0x0800279d    0x96  Code  Gb  stm32f2xx_tim.o [1]
TIM_OC2Init             0x08002423   0x1ac  Code  Gb  stm32f2xx_tim.o [1]
TIM_OC2PreloadConfig    0x08002839    0x7c  Code  Gb  stm32f2xx_tim.o [1]
TIM_OC3Init             0x080025cf   0x19a  Code  Gb  stm32f2xx_tim.o [1]
TIM_OC3PreloadConfig    0x080028b5    0x6a  Code  Gb  stm32f2xx_tim.o [1]
TIM_SetCounter          0x080020f1    0x84  Code  Gb  stm32f2xx_tim.o [1]
TIM_TimeBaseInit        0x08001fa9   0x148  Code  Gb  stm32f2xx_tim.o [1]
Timer2_OC_Ch1_callback  0x2000416c     0x4  Data  Gb  timer.o [1]
Timer2_OC_Ch2_callback  0x20004170     0x4  Data  Gb  timer.o [1]
Timer2_OC_Ch3_callback  0x20004174     0x4  Data  Gb  timer.o [1]
UART4_IRQHandler        0x08008089          Code  Wk  startup_stm32f2xx.o [1]
UART5_IRQHandler        0x0800808d          Code  Wk  startup_stm32f2xx.o [1]
UID                     0x200040d8     0x8  Data  Gb  main.o [1]
UID_Init                0x08004751     0xa  Code  Gb  UID.o [1]
UID_base_address        0x200040fc     0x4  Data  Gb  UID.o [1]
UID_default             0x2000014c     0x8  Data  Gb  UID.o [1]
UID_getNXSFormat        0x080047b7    0x66  Code  Gb  UID.o [1]
UID_getUID              0x0800475b    0x5c  Code  Gb  UID.o [1]
UID_length              0x2000417d     0x1  Data  Gb  UID.o [1]
USART1_IRQHandler       0x0800804d          Code  Wk  startup_stm32f2xx.o [1]
USART2_IRQHandler       0x08008051          Code  Wk  startup_stm32f2xx.o [1]
USART3_IRQHandler       0x08008055          Code  Wk  startup_stm32f2xx.o [1]
USART6_IRQHandler       0x080080d5          Code  Wk  startup_stm32f2xx.o [1]
UsageFault_Handler      0x080062bd     0x2  Code  Gb  stm32f2xx_it.o [1]
WWDG_IRQHandler         0x08007fb9          Code  Wk  startup_stm32f2xx.o [1]
_EncodingSb_Mbtowc      0x08001e47    0x30  Code  Gb  xencoding_sb.o [3]
_EncodingSb_Wctomb      0x08001e2d    0x1a  Code  Gb  xencoding_sb.o [3]
_GenldFull              0x08000fb9   0x248  Code  Lc  xprintffull.o [3]
_IsdstStr               0x2000008c     0x4  Data  Gb  setlocale.o [3]
_LdtobFull              0x08000bf1   0x3c2  Code  Lc  xprintffull.o [3]
_LitobFull              0x08000a93   0x10c  Code  Lc  xprintffull.o [3]
_LocaleEncoding         0x08001e19     0xe  Code  Gb  setlocale.o [3]
_LocaleReturnString     0x200000ac    0x50  Data  Lc  setlocale.o [3]
_Locale_Profile         0x20000090    0x1c  Data  Gb  setlocale.o [3]
_Locale_aeabi_lconv     0x20000050    0x38  Data  Gb  localeconv.o [3]
_Locale_lconv           0x20000000    0x50  Data  Gb  localeconv.o [3]
_Mbtowc                 0x0800124b    0x20  Code  Gb  xmbtowc.o [3]
_PrintfFull             0x08000185   0x5b6  Code  Gb  xprintffull.o [3]
_PutcharsFull           0x08001201    0x2e  Code  Lc  xprintffull.o [3]
_PutstrFull             0x08000751   0x33c  Code  Lc  xprintffull.o [3]
_SProut                 0x080012a3     0xa  Code  Gb  xsprout.o [3]
_TzoneStr               0x20000088     0x4  Data  Gb  setlocale.o [3]
_Wctomb                 0x080013f9    0x1a  Code  Gb  xwctomb.o [3]
__aeabi_cdcmple         0x080017e1          Code  Gb  DblCmpLe.o [4]
__aeabi_cdrcmple        0x08001811          Code  Gb  DblCmpGe.o [4]
__aeabi_d2f             0x08006779          Code  Gb  DblToFlt.o [4]
__aeabi_d2iz            0x0800194d          Code  Gb  DblToI32.o [4]
__aeabi_d2uiz           0x08001979          Code  Gb  DblToI32.o [4]
__aeabi_dadd            0x08001ebd          Code  Gb  DblAdd.o [4]
__aeabi_ddiv            0x08001b55          Code  Gb  DblDiv.o [4]
__aeabi_dmul            0x080015fd          Code  Gb  DblMul.o [4]
__aeabi_dsub            0x080019d5          Code  Gb  DblSub.o [4]
__aeabi_f2d             0x08006729          Code  Gb  FltToDbl.o [4]
__aeabi_fdiv            0x0800662d          Code  Gb  FltDiv.o [4]
__aeabi_i2d             0x080019a5          Code  Gb  I32ToDbl.o [4]
__aeabi_ldiv0           0x08001eb9          Code  Gb  I64DivZer.o [5]
__aeabi_memcpy          0x08001415          Code  Gb  ABImemcpy.o [5]
__aeabi_memcpy4         0x08001435          Code  Gb  ABImemcpy.o [5]
__aeabi_memcpy8         0x08001435          Code  Gb  ABImemcpy.o [5]
__aeabi_memset          0x08006809          Code  Gb  ABImemset.o [5]
__aeabi_ui2d            0x080019b9          Code  Gb  I32ToDbl.o [4]
__aeabi_ui2f            0x0800660d          Code  Gb  I32ToFlt.o [4]
__aeabi_uldivmod        0x0800150d          Code  Gb  I64DivMod.o [5]
__cmain                 0x08007eb1          Code  Gb  cmain.o [5]
__data_Aldata           0x200040e8     0x8  Data  Gb  xxmemxmalloc.o [3]
__data_GetMemChunk      0x08001e8d    0x2c  Code  Gb  xgetmemchunk.o [3]
__exit                  0x08007af1    0x14  Code  Gb  exit.o [6]
__iar_Dnorm             0x0800179f    0x42  Code  Gb  xdnorm.o [4]
__iar_Dscale            0x08001841   0x10c  Code  Gb  xdscale.o [4]
__iar_Locale_lconv_init
                        0x08001d9d    0x3a  Code  Gb  localeconv.o [3]
__iar_Mbcurmax          0x0800133d     0xa  Code  Gb  xmbcurmax.o [3]
__iar_Memchr            0x080012e5          Code  Gb  memchr.o [5]
__iar_Memset            0x08006809          Code  Gb  ABImemset.o [5]
__iar_Memset_word       0x08006811          Code  Gb  ABImemset.o [5]
__iar_Strchr            0x0800128d          Code  Gb  strchr.o [5]
__iar_d2uiz             0x08001985          Code  Gb  DblToI32.o [4]
__iar_dadd              0x08001ed1          Code  Gb  DblAdd.o [4]
__iar_data_init3        0x08007e45    0x28  Code  Gb  data_init.o [5]
__iar_dlib_perthread_access
                        0x08001fa5     0x2  Code  Gb  xtls.o [3]
__iar_dsub              0x080019e9          Code  Gb  DblSub.o [4]
__iar_dsubStart         0x080019fb          Code  Gb  DblSub.o [4]
__iar_packbits_init3    0x08007a5b    0x8e  Code  Gb  packbits_init.o [5]
__iar_program_start     0x08007f51          Code  Gb  cstartup_M.o [5]
__iar_ui2d              0x080019bd          Code  Gb  I32ToDbl.o [4]
__iar_ui2f              0x08006611          Code  Gb  I32ToFlt.o [4]
__iar_zero_init3        0x0800126b    0x22  Code  Gb  zero_init3.o [5]
__low_level_init        0x08007ec7     0x4  Code  Gb  low_level_init.o [3]
__vector_table          0x08000000          Data  Gb  startup_stm32f2xx.o [1]
_call_main              0x08007ebd          Code  Gb  cmain.o [5]
_exit                   0x08007ed1          Code  Gb  cexit.o [5]
_main                   0x08007ec3          Code  Gb  cmain.o [5]
abort                   0x08007ae9     0x6  Code  Gb  abort.o [3]
assert_failed           0x08002cef    0x34  Code  Gb  main.o [1]
console_log             0x08004a0d    0x16  Code  Gb  console.o [1]
div                     0x08001e09     0xe  Code  Gb  div.o [3]
exit                    0x08007ecb     0x4  Code  Gb  exit.o [3]
free                    0x0800148d    0x7a  Code  Gb  xxmemxfree.o [3]
gear_decrease           0x0800445b    0x16  Code  Gb  gear.o [1]
gear_down               0x0800448d    0x1c  Code  Gb  gear.o [1]
gear_increase           0x08004445    0x16  Code  Gb  gear.o [1]
gear_isMoving           0x080044c5     0x6  Code  Gb  gear.o [1]
gear_moving             0x2000417e     0x1  Data  Gb  gear.o [1]
gear_stop               0x080044a9    0x1c  Code  Gb  gear.o [1]
gear_up                 0x08004471    0x1c  Code  Gb  gear.o [1]
heapSTRUCT_SIZE         0x080012e2     0x2  Data  Lc  heap_2.o [1]
localeconv              0x08001dd7    0x16  Code  Gb  localeconv.o [3]
main                    0x08002c43    0xac  Code  Gb  main.o [1]
malloc                  0x08001349    0xac  Code  Gb  xxmemxmalloc.o [3]
memchr                  0x080012e5          Code  Gb  memchr.o [5]
memcpy                  0x080068f9    0x16  Code  Gb  queue.o [1]
memset                  0x08004ba9    0x16  Code  Gb  tasks.o [1]
prvAddCurrentTaskToDelayedList
                        0x08003831    0x7e  Code  Lc  tasks.o [1]
prvAddNewTaskToReadyList
                        0x08002ebf    0xc0  Code  Lc  tasks.o [1]
prvCheckTasksWaitingTermination
                        0x080035e1    0x6a  Code  Lc  tasks.o [1]
prvCopyDataFromQueue    0x080061c7    0x2c  Code  Lc  queue.o [1]
prvCopyDataToQueue      0x08006139    0x8e  Code  Lc  queue.o [1]
prvDeleteTCB            0x0800364b    0x12  Code  Lc  tasks.o [1]
prvHeapInit             0x08004b63    0x2e  Code  Lc  heap_2.o [1]
prvIdleTask             0x08003551    0x26  Code  Lc  tasks.o [1]
prvInitialiseNewQueue   0x08005dc5    0x36  Code  Lc  queue.o [1]
prvInitialiseNewTask    0x08002deb    0xd4  Code  Lc  tasks.o [1]
prvInitialiseTaskLists  0x08003581    0x58  Code  Lc  tasks.o [1]
prvIsQueueEmpty         0x08006261    0x20  Code  Lc  queue.o [1]
prvIsQueueFull          0x08006281    0x22  Code  Lc  queue.o [1]
prvResetNextTaskUnblockTime
                        0x0800365d    0x2a  Code  Lc  tasks.o [1]
prvTaskExitError        0x08004c7d    0x2a  Code  Lc  port.o [1]
prvUnlockQueue          0x080061f3    0x6e  Code  Lc  queue.o [1]
pvPortMalloc            0x08004a5d    0xc2  Code  Gb  heap_2.o [1]
pvTaskIncrementMutexHeldCount
                        0x080037ed    0x1e  Code  Gb  tasks.o [1]
pxCurrentTCB            0x20004130     0x4  Data  Gb  tasks.o [1]
pxDelayedTaskList       0x20004134     0x4  Data  Lc  tasks.o [1]
pxOverflowDelayedTaskList
                        0x20004138     0x4  Data  Lc  tasks.o [1]
pxPortInitialiseStack   0x08004c5d    0x20  Code  Gb  port.o [1]
pxReadyTasksLists       0x20003e90   0x12c  Data  Lc  tasks.o [1]
scale                   0x08000ba5    0x46  Code  Lc  xprintffull.o [3]
setSysTick_Delay_Timer  0x080062a9     0xa  Code  Gb  stm32f2xx_it.o [1]
sprintf                 0x08004a29    0x34  Code  Gb  sprintf.o [3]
str                     0x20003d64   0x12c  Data  Gb  main.o [1]
strchr                  0x0800128d          Code  Gb  strchr.o [5]
strlen                  0x080012ad          Code  Gb  strlen.o [5]
timer_init              0x08004869    0xde  Code  Gb  timer.o [1]
ucHeap                  0x20000164  0x3c00  Data  Lc  heap_2.o [1]
ucMaxSysCallPriority    0x20004180     0x1  Data  Lc  port.o [1]
ulMaxPRIGROUPValue      0x20004120     0x4  Data  Lc  port.o [1]
uxCriticalNesting       0x2000015c     0x4  Data  Lc  port.o [1]
uxCurrentNumberOfTasks  0x20004140     0x4  Data  Lc  tasks.o [1]
uxDeletedTasksWaitingCleanUp
                        0x2000413c     0x4  Data  Lc  tasks.o [1]
uxListRemove            0x08004c35    0x28  Code  Gb  list.o [1]
uxPendedTicks           0x20004150     0x4  Data  Lc  tasks.o [1]
uxSchedulerSuspended    0x20004168     0x4  Data  Lc  tasks.o [1]
uxTaskNumber            0x2000415c     0x4  Data  Lc  tasks.o [1]
uxTopReadyPriority      0x20004148     0x4  Data  Lc  tasks.o [1]
vListInitialise         0x08004bbf    0x1e  Code  Gb  list.o [1]
vListInitialiseItem     0x08004bdd     0x6  Code  Gb  list.o [1]
vListInsert             0x08004bfb    0x3a  Code  Gb  list.o [1]
vListInsertEnd          0x08004be3    0x18  Code  Gb  list.o [1]
vPortEnterCritical      0x08004d2f    0x3a  Code  Gb  port.o [1]
vPortExitCritical       0x08004d69    0x32  Code  Gb  port.o [1]
vPortFree               0x08004b1f    0x44  Code  Gb  heap_2.o [1]
vPortSVCHandler         0x080068b7          Code  Gb  portasm.o [1]
vPortSetupTimerInterrupt
                        0x08004dc3    0x1a  Code  Wk  port.o [1]
vPortStartFirstTask     0x080068d7          Code  Gb  portasm.o [1]
vTaskDelay              0x08002f7f    0x4e  Code  Gb  tasks.o [1]
vTaskMissedYield        0x08003541     0xa  Code  Gb  tasks.o [1]
vTaskPlaceOnEventList   0x080033bd    0x34  Code  Gb  tasks.o [1]
vTaskPriorityInherit    0x08003687    0xac  Code  Gb  tasks.o [1]
vTaskSetTimeOutState    0x08003491    0x26  Code  Gb  tasks.o [1]
vTaskStartScheduler     0x080030a7    0x68  Code  Gb  tasks.o [1]
vTaskSuspend            0x08002fcd    0xda  Code  Gb  tasks.o [1]
vTaskSuspendAll         0x0800310f    0x10  Code  Gb  tasks.o [1]
vTaskSwitchContext      0x0800334d    0x70  Code  Gb  tasks.o [1]
xDelayedTaskList1       0x20004058    0x14  Data  Lc  tasks.o [1]
xDelayedTaskList2       0x2000406c    0x14  Data  Lc  tasks.o [1]
xEnd                    0x200040d0     0x8  Data  Lc  heap_2.o [1]
xFreeBytesRemaining     0x20000154     0x4  Data  Lc  heap_2.o [1]
xIdleTaskHandle         0x20004164     0x4  Data  Lc  tasks.o [1]
xNextTaskUnblockTime    0x20004160     0x4  Data  Lc  tasks.o [1]
xNumOfOverflows         0x20004158     0x4  Data  Lc  tasks.o [1]
xPendingReadyList       0x20004080    0x14  Data  Lc  tasks.o [1]
xPortPendSVHandler      0x08006871          Code  Gb  portasm.o [1]
xPortStartScheduler     0x08004ca7    0x88  Code  Gb  port.o [1]
xPortSysTickHandler     0x08004d9b    0x28  Code  Gb  port.o [1]
xQueueGenericCreate     0x08005d6d    0x58  Code  Gb  queue.o [1]
xQueueGenericReceive    0x08005f85   0x1b4  Code  Gb  queue.o [1]
xQueueGenericReset      0x08005cd9    0x94  Code  Gb  queue.o [1]
xQueueGenericSend       0x08005dfb   0x18a  Code  Gb  queue.o [1]
xSchedulerRunning       0x2000414c     0x4  Data  Lc  tasks.o [1]
xStart                  0x200040c8     0x8  Data  Lc  heap_2.o [1]
xSuspendedTaskList      0x200040a8    0x14  Data  Lc  tasks.o [1]
xTaskCheckForTimeOut    0x080034b7    0x8a  Code  Gb  tasks.o [1]
xTaskCreate             0x08002d6d    0x7e  Code  Gb  tasks.o [1]
xTaskIncrementTick      0x08003221   0x12c  Code  Gb  tasks.o [1]
xTaskPriorityDisinherit
                        0x08003733    0xba  Code  Gb  tasks.o [1]
xTaskRemoveFromEventList
                        0x080033f5    0x86  Code  Gb  tasks.o [1]
xTaskResumeAll          0x0800311f   0x102  Code  Gb  tasks.o [1]
xTasksWaitingTermination
                        0x20004094    0x14  Data  Lc  tasks.o [1]
xTickCount              0x20004144     0x4  Data  Lc  tasks.o [1]
xYieldPending           0x20004154     0x4  Data  Lc  tasks.o [1]


[1] = C:\Users\jeanphil.rey\Documents\JP\Perso\F3000\F3000git\V2\FW\Project\IARARM\Debug\Obj
[2] = command line
[3] = dl7M_tlf.a
[4] = m7M_tl.a
[5] = rt7M_tl.a
[6] = shb_l.a

  31 960 bytes of readonly  code memory
   1 166 bytes of readonly  data memory
  18 305 bytes of readwrite data memory

Errors: none
Warnings: none
