###############################################################################
#                                                                             #
# IAR ELF Linker V6.50.6.4896/W32 for ARM               29/Dec/2016  17:08:05 #
# Copyright 2007-2013 IAR Systems AB.                                         #
#                                                                             #
#    Output file  =  C:\Users\jeanphil.rey\Documents\JP\Perso\F3000\F3000git\ #
#                    V2\FW\Project\IARARM\Debug\Exe\F3000CU.out               #
#    Map file     =  C:\Users\jeanphil.rey\Documents\JP\Perso\F3000\F3000git\ #
#                    V2\FW\Project\IARARM\Debug\List\F3000CU.map              #
#    Command line =  C:\Users\jeanphil.rey\Documents\JP\Perso\F3000\F3000git\ #
#                    V2\FW\Project\IARARM\Debug\Obj\ADC.o                     #
#                    C:\Users\jeanphil.rey\Documents\JP\Perso\F3000\F3000git\ #
#                    V2\FW\Project\IARARM\Debug\Obj\CLI.o                     #
#                    C:\Users\jeanphil.rey\Documents\JP\Perso\F3000\F3000git\ #
#                    V2\FW\Project\IARARM\Debug\Obj\CU.o                      #
#                    C:\Users\jeanphil.rey\Documents\JP\Perso\F3000\F3000git\ #
#                    V2\FW\Project\IARARM\Debug\Obj\I2C.o                     #
#                    C:\Users\jeanphil.rey\Documents\JP\Perso\F3000\F3000git\ #
#                    V2\FW\Project\IARARM\Debug\Obj\PCA9952.o                 #
#                    C:\Users\jeanphil.rey\Documents\JP\Perso\F3000\F3000git\ #
#                    V2\FW\Project\IARARM\Debug\Obj\UID.o                     #
#                    C:\Users\jeanphil.rey\Documents\JP\Perso\F3000\F3000git\ #
#                    V2\FW\Project\IARARM\Debug\Obj\console.o                 #
#                    C:\Users\jeanphil.rey\Documents\JP\Perso\F3000\F3000git\ #
#                    V2\FW\Project\IARARM\Debug\Obj\croutine.o                #
#                    C:\Users\jeanphil.rey\Documents\JP\Perso\F3000\F3000git\ #
#                    V2\FW\Project\IARARM\Debug\Obj\event_groups.o            #
#                    C:\Users\jeanphil.rey\Documents\JP\Perso\F3000\F3000git\ #
#                    V2\FW\Project\IARARM\Debug\Obj\heap_2.o                  #
#                    C:\Users\jeanphil.rey\Documents\JP\Perso\F3000\F3000git\ #
#                    V2\FW\Project\IARARM\Debug\Obj\internal_temp_sensor.o    #
#                    C:\Users\jeanphil.rey\Documents\JP\Perso\F3000\F3000git\ #
#                    V2\FW\Project\IARARM\Debug\Obj\list.o                    #
#                    C:\Users\jeanphil.rey\Documents\JP\Perso\F3000\F3000git\ #
#                    V2\FW\Project\IARARM\Debug\Obj\main.o                    #
#                    C:\Users\jeanphil.rey\Documents\JP\Perso\F3000\F3000git\ #
#                    V2\FW\Project\IARARM\Debug\Obj\misc.o                    #
#                    C:\Users\jeanphil.rey\Documents\JP\Perso\F3000\F3000git\ #
#                    V2\FW\Project\IARARM\Debug\Obj\port.o                    #
#                    C:\Users\jeanphil.rey\Documents\JP\Perso\F3000\F3000git\ #
#                    V2\FW\Project\IARARM\Debug\Obj\portasm.o                 #
#                    C:\Users\jeanphil.rey\Documents\JP\Perso\F3000\F3000git\ #
#                    V2\FW\Project\IARARM\Debug\Obj\queue.o                   #
#                    C:\Users\jeanphil.rey\Documents\JP\Perso\F3000\F3000git\ #
#                    V2\FW\Project\IARARM\Debug\Obj\serial.o                  #
#                    C:\Users\jeanphil.rey\Documents\JP\Perso\F3000\F3000git\ #
#                    V2\FW\Project\IARARM\Debug\Obj\startup_stm32f2xx.o       #
#                    C:\Users\jeanphil.rey\Documents\JP\Perso\F3000\F3000git\ #
#                    V2\FW\Project\IARARM\Debug\Obj\stm32f2xx_adc.o           #
#                    C:\Users\jeanphil.rey\Documents\JP\Perso\F3000\F3000git\ #
#                    V2\FW\Project\IARARM\Debug\Obj\stm32f2xx_dma.o           #
#                    C:\Users\jeanphil.rey\Documents\JP\Perso\F3000\F3000git\ #
#                    V2\FW\Project\IARARM\Debug\Obj\stm32f2xx_exti.o          #
#                    C:\Users\jeanphil.rey\Documents\JP\Perso\F3000\F3000git\ #
#                    V2\FW\Project\IARARM\Debug\Obj\stm32f2xx_gpio.o          #
#                    C:\Users\jeanphil.rey\Documents\JP\Perso\F3000\F3000git\ #
#                    V2\FW\Project\IARARM\Debug\Obj\stm32f2xx_i2c.o           #
#                    C:\Users\jeanphil.rey\Documents\JP\Perso\F3000\F3000git\ #
#                    V2\FW\Project\IARARM\Debug\Obj\stm32f2xx_it.o            #
#                    C:\Users\jeanphil.rey\Documents\JP\Perso\F3000\F3000git\ #
#                    V2\FW\Project\IARARM\Debug\Obj\stm32f2xx_pwr.o           #
#                    C:\Users\jeanphil.rey\Documents\JP\Perso\F3000\F3000git\ #
#                    V2\FW\Project\IARARM\Debug\Obj\stm32f2xx_rcc.o           #
#                    C:\Users\jeanphil.rey\Documents\JP\Perso\F3000\F3000git\ #
#                    V2\FW\Project\IARARM\Debug\Obj\stm32f2xx_spi.o           #
#                    C:\Users\jeanphil.rey\Documents\JP\Perso\F3000\F3000git\ #
#                    V2\FW\Project\IARARM\Debug\Obj\stm32f2xx_syscfg.o        #
#                    C:\Users\jeanphil.rey\Documents\JP\Perso\F3000\F3000git\ #
#                    V2\FW\Project\IARARM\Debug\Obj\stm32f2xx_tim.o           #
#                    C:\Users\jeanphil.rey\Documents\JP\Perso\F3000\F3000git\ #
#                    V2\FW\Project\IARARM\Debug\Obj\stm32f2xx_usart.o         #
#                    C:\Users\jeanphil.rey\Documents\JP\Perso\F3000\F3000git\ #
#                    V2\FW\Project\IARARM\Debug\Obj\strbuf.o                  #
#                    C:\Users\jeanphil.rey\Documents\JP\Perso\F3000\F3000git\ #
#                    V2\FW\Project\IARARM\Debug\Obj\system_stm32f2xx.o        #
#                    C:\Users\jeanphil.rey\Documents\JP\Perso\F3000\F3000git\ #
#                    V2\FW\Project\IARARM\Debug\Obj\tasks.o                   #
#                    C:\Users\jeanphil.rey\Documents\JP\Perso\F3000\F3000git\ #
#                    V2\FW\Project\IARARM\Debug\Obj\timer.o                   #
#                    C:\Users\jeanphil.rey\Documents\JP\Perso\F3000\F3000git\ #
#                    V2\FW\Project\IARARM\Debug\Obj\timers.o -o               #
#                    C:\Users\jeanphil.rey\Documents\JP\Perso\F3000\F3000git\ #
#                    V2\FW\Project\IARARM\Debug\Exe\F3000CU.out --redirect    #
#                    _Printf=_PrintfFull --redirect _Scanf=_ScanfFull --map   #
#                    C:\Users\jeanphil.rey\Documents\JP\Perso\F3000\F3000git\ #
#                    V2\FW\Project\IARARM\Debug\List\F3000CU.map --config     #
#                    C:\Users\jeanphil.rey\Documents\JP\Perso\F3000\F3000git\ #
#                    V2\FW\Project\IARARM\stm32f2xx_flash.icf --semihosting   #
#                    --entry __iar_program_start --vfe                        #
#                                                                             #
#                                                                             #
###############################################################################

*******************************************************************************
*** RUNTIME MODEL ATTRIBUTES
***

CppFlavor                     = *
__Heap_Handler                = Basic
__SystemLibrary               = DLib
__dlib_dynamic_initialization = normal


*******************************************************************************
*** PLACEMENT SUMMARY
***

"A1":  place at 0x08000000 { ro section .intvec };
"P1":  place in [from 0x08000000 to 0x080fffff] { ro };
"P2":  place in [from 0x20000000 to 0x20020000] { rw, block CSTACK, block HEAP };

  Section             Kind        Address    Size  Object
  -------             ----        -------    ----  ------
"A1":                                       0x184
  .intvec             ro code  0x08000000   0x184  startup_stm32f2xx.o [1]
                             - 0x08000184   0x184

"P1":                                      0x6b00
  .text               ro code  0x08000184  0x10c6  xprintffull.o [3]
  .text               ro code  0x0800124a    0x20  xmbtowc.o [3]
  .text               ro code  0x0800126a    0x22  zero_init3.o [5]
  .text               ro code  0x0800128c    0x16  strchr.o [5]
  .text               ro code  0x080012a2     0xa  xsprout.o [3]
  .text               ro code  0x080012ac    0x36  strlen.o [5]
  .rodata             const    0x080012e2     0x2  heap_2.o [1]
  .text               ro code  0x080012e4    0x58  memchr.o [5]
  .text               ro code  0x0800133c     0xa  xmbcurmax.o [3]
  .text               ro code  0x08001348    0xb0  xxmemxmalloc.o [3]
  .text               ro code  0x080013f8    0x1a  xwctomb.o [3]
  .text               ro code  0x08001414    0x76  ABImemcpy.o [5]
  .text               ro code  0x0800148c    0x80  xxmemxfree.o [3]
  .text               ro code  0x0800150c    0xee  I64DivMod.o [5]
  .text               ro code  0x080015fc   0x1a2  DblMul.o [4]
  .text               ro code  0x0800179e    0x42  xdnorm.o [4]
  .text               ro code  0x080017e0    0x2e  DblCmpLe.o [4]
  .text               ro code  0x08001810    0x2e  DblCmpGe.o [4]
  .text               ro code  0x08001840   0x10c  xdscale.o [4]
  .text               ro code  0x0800194c    0x58  DblToI32.o [4]
  .text               ro code  0x080019a4    0x30  I32ToDbl.o [4]
  .text               ro code  0x080019d4   0x180  DblSub.o [4]
  .text               ro code  0x08001b54   0x246  DblDiv.o [4]
  .text               ro code  0x08001d9c    0x6c  localeconv.o [3]
  .text               ro code  0x08001e08     0xe  div.o [3]
  .text               ro code  0x08001e18    0x14  setlocale.o [3]
  .text               ro code  0x08001e2c    0x60  xencoding_sb.o [3]
  .text               ro code  0x08001e8c    0x2c  xgetmemchunk.o [3]
  .text               ro code  0x08001eb8     0x2  I64DivZer.o [5]
  .text               ro code  0x08001ebc    0xe8  DblAdd.o [4]
  .text               ro code  0x08001fa4     0x2  xtls.o [3]
  .text               ro code  0x08001fa8   0xaa4  tasks.o [1]
  .text               ro code  0x08002a4c   0x14c  heap_2.o [1]
  .text               ro code  0x08002b98    0x16  tasks.o [1]
  .text               ro code  0x08002bae    0x9e  list.o [1]
  .text               ro code  0x08002c4c   0x1a4  port.o [1]
  .text               ro code  0x08002df0    0x66  ABImemset.o [5]
  CODE                ro code  0x08002e58    0x88  portasm.o [1]
  .text               ro code  0x08002ee0   0xa88  stm32f2xx_dma.o [1]
  .text               ro code  0x08003968    0xf4  main.o [1]
  .text               ro code  0x08003a5c   0x234  CU.o [1]
  .text               ro code  0x08003c90   0x190  system_stm32f2xx.o [1]
  .text               ro code  0x08003e20    0xe8  misc.o [1]
  .text               ro code  0x08003f08   0x116  UID.o [1]
  .text               ro code  0x08004020    0xbc  internal_temp_sensor.o [1]
  .text               ro code  0x080040dc   0x178  PCA9952.o [1]
  .text               ro code  0x08004254    0x1c  console.o [1]
  .text               ro code  0x08004270    0x34  sprintf.o [3]
  .text               ro code  0x080042a4   0x298  stm32f2xx_rcc.o [1]
  .text               ro code  0x0800453c   0x47c  stm32f2xx_gpio.o [1]
  .text               ro code  0x080049b8   0x6d4  stm32f2xx_i2c.o [1]
  .text               ro code  0x0800508c   0x20c  ADC.o [1]
  .text               ro code  0x08005298    0x1e  I32ToFlt.o [4]
  .text               ro code  0x080052b8    0xfc  FltDiv.o [4]
  .text               ro code  0x080053b4    0x4e  FltToDbl.o [4]
  .text               ro code  0x08005404    0x90  DblToFlt.o [4]
  .text               ro code  0x08005494   0x468  I2C.o [1]
  .text               ro code  0x080058fc   0x6a0  stm32f2xx_adc.o [1]
  .text               ro code  0x08005f9c   0x5d0  queue.o [1]
  .text               ro code  0x0800656c    0x16  queue.o [1]
  .text               ro code  0x08006582    0xb0  packbits_init.o [5]
  .text               ro code  0x08006632     0x6  abort.o [3]
  .text               ro code  0x08006638    0x14  exit.o [6]
  .rodata             const    0x0800664c    0x78  stm32f2xx_adc.o [1]
  .rodata             const    0x080066c4    0x78  stm32f2xx_dma.o [1]
  .rodata             const    0x0800673c    0x78  stm32f2xx_gpio.o [1]
  .rodata             const    0x080067b4    0x78  stm32f2xx_i2c.o [1]
  .rodata             const    0x0800682c    0x78  stm32f2xx_rcc.o [1]
  .rodata             const    0x080068a4    0x70  misc.o [1]
  .text               ro code  0x08006914    0x68  stm32f2xx_it.o [1]
  .text               ro code  0x0800697c    0x28  data_init.o [5]
  .iar.init_table     const    0x080069a4    0x2c  - Linker created -
  .rodata             const    0x080069d0    0x18  main.o [1]
  .text               ro code  0x080069e8    0x16  cmain.o [5]
  .text               ro code  0x080069fe     0x4  low_level_init.o [3]
  .text               ro code  0x08006a02     0x4  exit.o [3]
  .text               ro code  0x08006a08     0xa  cexit.o [5]
  .text               ro code  0x08006a14    0x10  startup_stm32f2xx.o [1]
  .rodata             const    0x08006a24     0xc  CU.o [1]
  .rodata             const    0x08006a30     0xc  CU.o [1]
  .rodata             const    0x08006a3c     0xc  CU.o [1]
  .rodata             const    0x08006a48     0xc  CU.o [1]
  .rodata             const    0x08006a54     0xc  CU.o [1]
  .rodata             const    0x08006a60     0xc  main.o [1]
  .text               ro code  0x08006a6c     0xc  cstartup_M.o [5]
  .rodata             const    0x08006a78     0x8  CU.o [1]
  .rodata             const    0x08006a80     0x8  CU.o [1]
  .rodata             const    0x08006a88     0x8  CU.o [1]
  .rodata             const    0x08006a90     0x8  main.o [1]
  .rodata             const    0x08006a98     0x8  tasks.o [1]
  .rodata             const    0x08006aa0     0x4  CU.o [1]
  .rodata             const    0x08006aa4     0x4  CU.o [1]
  .rodata             const    0x08006aa8     0x4  CU.o [1]
  .rodata             const    0x08006aac     0x4  CU.o [1]
  .text               ro code  0x08006ab0     0x4  startup_stm32f2xx.o [1]
  .text               ro code  0x08006ab4     0x4  startup_stm32f2xx.o [1]
  .text               ro code  0x08006ab8     0x4  startup_stm32f2xx.o [1]
  .text               ro code  0x08006abc     0x4  startup_stm32f2xx.o [1]
  .text               ro code  0x08006ac0     0x4  startup_stm32f2xx.o [1]
  .text               ro code  0x08006ac4     0x4  startup_stm32f2xx.o [1]
  .text               ro code  0x08006ac8     0x4  startup_stm32f2xx.o [1]
  .text               ro code  0x08006acc     0x4  startup_stm32f2xx.o [1]
  .text               ro code  0x08006ad0     0x4  startup_stm32f2xx.o [1]
  .text               ro code  0x08006ad4     0x4  startup_stm32f2xx.o [1]
  .text               ro code  0x08006ad8     0x4  startup_stm32f2xx.o [1]
  .text               ro code  0x08006adc     0x4  startup_stm32f2xx.o [1]
  .text               ro code  0x08006ae0     0x4  startup_stm32f2xx.o [1]
  .text               ro code  0x08006ae4     0x4  startup_stm32f2xx.o [1]
  .text               ro code  0x08006ae8     0x4  startup_stm32f2xx.o [1]
  .text               ro code  0x08006aec     0x4  startup_stm32f2xx.o [1]
  .text               ro code  0x08006af0     0x4  startup_stm32f2xx.o [1]
  .text               ro code  0x08006af4     0x4  startup_stm32f2xx.o [1]
  .text               ro code  0x08006af8     0x4  startup_stm32f2xx.o [1]
  .text               ro code  0x08006afc     0x4  startup_stm32f2xx.o [1]
  .text               ro code  0x08006b00     0x4  startup_stm32f2xx.o [1]
  .text               ro code  0x08006b04     0x4  startup_stm32f2xx.o [1]
  .text               ro code  0x08006b08     0x4  startup_stm32f2xx.o [1]
  .text               ro code  0x08006b0c     0x4  startup_stm32f2xx.o [1]
  .text               ro code  0x08006b10     0x4  startup_stm32f2xx.o [1]
  .text               ro code  0x08006b14     0x4  startup_stm32f2xx.o [1]
  .text               ro code  0x08006b18     0x4  startup_stm32f2xx.o [1]
  .text               ro code  0x08006b1c     0x4  startup_stm32f2xx.o [1]
  .text               ro code  0x08006b20     0x4  startup_stm32f2xx.o [1]
  .text               ro code  0x08006b24     0x4  startup_stm32f2xx.o [1]
  .text               ro code  0x08006b28     0x4  startup_stm32f2xx.o [1]
  .text               ro code  0x08006b2c     0x4  startup_stm32f2xx.o [1]
  .text               ro code  0x08006b30     0x4  startup_stm32f2xx.o [1]
  .text               ro code  0x08006b34     0x4  startup_stm32f2xx.o [1]
  .text               ro code  0x08006b38     0x4  startup_stm32f2xx.o [1]
  .text               ro code  0x08006b3c     0x4  startup_stm32f2xx.o [1]
  .text               ro code  0x08006b40     0x4  startup_stm32f2xx.o [1]
  .text               ro code  0x08006b44     0x4  startup_stm32f2xx.o [1]
  .text               ro code  0x08006b48     0x4  startup_stm32f2xx.o [1]
  .text               ro code  0x08006b4c     0x4  startup_stm32f2xx.o [1]
  .text               ro code  0x08006b50     0x4  startup_stm32f2xx.o [1]
  .text               ro code  0x08006b54     0x4  startup_stm32f2xx.o [1]
  .text               ro code  0x08006b58     0x4  startup_stm32f2xx.o [1]
  .text               ro code  0x08006b5c     0x4  startup_stm32f2xx.o [1]
  .text               ro code  0x08006b60     0x4  startup_stm32f2xx.o [1]
  .text               ro code  0x08006b64     0x4  startup_stm32f2xx.o [1]
  .text               ro code  0x08006b68     0x4  startup_stm32f2xx.o [1]
  .text               ro code  0x08006b6c     0x4  startup_stm32f2xx.o [1]
  .text               ro code  0x08006b70     0x4  startup_stm32f2xx.o [1]
  .text               ro code  0x08006b74     0x4  startup_stm32f2xx.o [1]
  .text               ro code  0x08006b78     0x4  startup_stm32f2xx.o [1]
  .text               ro code  0x08006b7c     0x4  startup_stm32f2xx.o [1]
  .text               ro code  0x08006b80     0x4  startup_stm32f2xx.o [1]
  .text               ro code  0x08006b84     0x4  startup_stm32f2xx.o [1]
  .text               ro code  0x08006b88     0x4  startup_stm32f2xx.o [1]
  .text               ro code  0x08006b8c     0x4  startup_stm32f2xx.o [1]
  .text               ro code  0x08006b90     0x4  startup_stm32f2xx.o [1]
  .text               ro code  0x08006b94     0x4  startup_stm32f2xx.o [1]
  .text               ro code  0x08006b98     0x4  startup_stm32f2xx.o [1]
  .text               ro code  0x08006b9c     0x4  startup_stm32f2xx.o [1]
  .text               ro code  0x08006ba0     0x4  startup_stm32f2xx.o [1]
  .text               ro code  0x08006ba4     0x4  startup_stm32f2xx.o [1]
  .text               ro code  0x08006ba8     0x4  startup_stm32f2xx.o [1]
  .text               ro code  0x08006bac     0x4  startup_stm32f2xx.o [1]
  .text               ro code  0x08006bb0     0x4  startup_stm32f2xx.o [1]
  .text               ro code  0x08006bb4     0x4  startup_stm32f2xx.o [1]
  .text               ro code  0x08006bb8     0x4  startup_stm32f2xx.o [1]
  .text               ro code  0x08006bbc     0x4  startup_stm32f2xx.o [1]
  .text               ro code  0x08006bc0     0x4  startup_stm32f2xx.o [1]
  .text               ro code  0x08006bc4     0x4  startup_stm32f2xx.o [1]
  .text               ro code  0x08006bc8     0x4  startup_stm32f2xx.o [1]
  .text               ro code  0x08006bcc     0x4  startup_stm32f2xx.o [1]
  .text               ro code  0x08006bd0     0x4  startup_stm32f2xx.o [1]
  .text               ro code  0x08006bd4     0x4  startup_stm32f2xx.o [1]
  .text               ro code  0x08006bd8     0x4  startup_stm32f2xx.o [1]
  .text               ro code  0x08006bdc     0x4  startup_stm32f2xx.o [1]
  .text               ro code  0x08006be0     0x4  startup_stm32f2xx.o [1]
  .text               ro code  0x08006be4     0x4  startup_stm32f2xx.o [1]
  .text               ro code  0x08006be8     0x4  startup_stm32f2xx.o [1]
  .text               ro code  0x08006bec     0x4  startup_stm32f2xx.o [1]
  .text               ro code  0x08006bf0     0x4  startup_stm32f2xx.o [1]
  .text               ro code  0x08006bf4     0x4  startup_stm32f2xx.o [1]
  .text               ro code  0x08006bf8     0x4  startup_stm32f2xx.o [1]
  .text               ro code  0x08006bfc     0x4  startup_stm32f2xx.o [1]
  .text               ro code  0x08006c00     0x4  startup_stm32f2xx.o [1]
  .text               ro code  0x08006c04     0x4  startup_stm32f2xx.o [1]
  .text               ro code  0x08006c08     0x4  startup_stm32f2xx.o [1]
  .text               ro code  0x08006c0c     0x4  startup_stm32f2xx.o [1]
  .text               ro code  0x08006c10     0x4  startup_stm32f2xx.o [1]
  .text               ro code  0x08006c14     0x4  startup_stm32f2xx.o [1]
  .rodata             const    0x08006c18     0x0  zero_init3.o [5]
  .rodata             const    0x08006c18     0x0  packbits_init.o [5]
  Initializer bytes   ro data  0x08006c18    0x6a  <for P2 s0>
                             - 0x08006c82  0x6afe

"P2", part 1 of 3:                          0x164
  P2 s0                        0x20000000   0x164  <Init block>
    __DLIB_PERTHREAD  inited   0x20000000    0x88  localeconv.o [3]
    __DLIB_PERTHREAD  inited   0x20000088    0x74  setlocale.o [3]
    .data             inited   0x200000fc    0x10  stm32f2xx_rcc.o [1]
    .data             inited   0x2000010c    0x10  system_stm32f2xx.o [1]
    .data             inited   0x2000011c     0xc  CU.o [1]
    .data             inited   0x20000128     0xc  CU.o [1]
    .data             inited   0x20000134     0xc  CU.o [1]
    .data             inited   0x20000140     0xc  CU.o [1]
    .data             inited   0x2000014c     0x8  UID.o [1]
    .data             inited   0x20000154     0x4  heap_2.o [1]
    .data             inited   0x20000158     0x4  internal_temp_sensor.o [1]
    .data             inited   0x2000015c     0x4  port.o [1]
    .data             inited   0x20000160     0x4  system_stm32f2xx.o [1]
                             - 0x20000164   0x164

"P2", part 2 of 3:                         0x3ffc
  .bss                zero     0x20000164  0x3c00  heap_2.o [1]
  .bss                zero     0x20003d64   0x12c  main.o [1]
  .bss                zero     0x20003e90   0x12c  tasks.o [1]
  .bss                zero     0x20003fbc    0x4c  ADC.o [1]
  .bss                zero     0x20004008    0x28  ADC.o [1]
  .bss                zero     0x20004030    0x14  ADC.o [1]
  .bss                zero     0x20004044    0x14  internal_temp_sensor.o [1]
  .bss                zero     0x20004058    0x14  tasks.o [1]
  .bss                zero     0x2000406c    0x14  tasks.o [1]
  .bss                zero     0x20004080    0x14  tasks.o [1]
  .bss                zero     0x20004094    0x14  tasks.o [1]
  .bss                zero     0x200040a8    0x14  tasks.o [1]
  .bss                zero     0x200040bc     0xc  main.o [1]
  .bss                zero     0x200040c8     0x8  heap_2.o [1]
  .bss                zero     0x200040d0     0x8  heap_2.o [1]
  .bss                zero     0x200040d8     0x8  main.o [1]
  .bss                zero     0x200040e0     0x8  main.o [1]
  .bss                zero     0x200040e8     0x8  xxmemxmalloc.o [3]
  .bss                zero     0x200040f0     0x4  ADC.o [1]
  .bss                zero     0x200040f4     0x4  I2C.o [1]
  .bss                zero     0x200040f8     0x4  I2C.o [1]
  .bss                zero     0x200040fc     0x4  UID.o [1]
  .bss                zero     0x20004100     0x4  console.o [1]
  .bss                zero     0x20004104     0x4  heap_2.o [1]
  .bss                zero     0x20004108     0x4  internal_temp_sensor.o [1]
  .bss                zero     0x2000410c     0x4  internal_temp_sensor.o [1]
  .bss                zero     0x20004110     0x4  port.o [1]
  .bss                zero     0x20004114     0x4  stm32f2xx_it.o [1]
  .bss                zero     0x20004118     0x4  stm32f2xx_it.o [1]
  .bss                zero     0x2000411c     0x4  tasks.o [1]
  .bss                zero     0x20004120     0x4  tasks.o [1]
  .bss                zero     0x20004124     0x4  tasks.o [1]
  .bss                zero     0x20004128     0x4  tasks.o [1]
  .bss                zero     0x2000412c     0x4  tasks.o [1]
  .bss                zero     0x20004130     0x4  tasks.o [1]
  .bss                zero     0x20004134     0x4  tasks.o [1]
  .bss                zero     0x20004138     0x4  tasks.o [1]
  .bss                zero     0x2000413c     0x4  tasks.o [1]
  .bss                zero     0x20004140     0x4  tasks.o [1]
  .bss                zero     0x20004144     0x4  tasks.o [1]
  .bss                zero     0x20004148     0x4  tasks.o [1]
  .bss                zero     0x2000414c     0x4  tasks.o [1]
  .bss                zero     0x20004150     0x4  tasks.o [1]
  .bss                zero     0x20004154     0x4  tasks.o [1]
  .bss                zero     0x20004158     0x4  xgetmemchunk.o [3]
  .bss                zero     0x2000415c     0x1  ADC.o [1]
  .bss                zero     0x2000415d     0x1  UID.o [1]
  .bss                zero     0x2000415e     0x1  internal_temp_sensor.o [1]
  .bss                zero     0x2000415f     0x1  port.o [1]
                             - 0x20004160  0x3ffc

"P2", part 3 of 3:                          0x600
  CSTACK                       0x20004160   0x400  <Block>
    CSTACK            uninit   0x20004160   0x400  <Block tail>
  HEAP                         0x20004560   0x200  <Block>
    HEAP              uninit   0x20004560   0x200  <Block tail>
                             - 0x20004760   0x600


*******************************************************************************
*** INIT TABLE
***

          Address     Size
          -------     ----
Zero (__iar_zero_init3)
    1 destination range, total size 0x3ffc:
          0x20000164  0x3ffc

Copy/packbits (__iar_packbits_init3)
    1 source range, total size 0x6a (29% of destination):
          0x08006c18    0x6a
    1 destination range, total size 0x164:
          0x20000000   0x164



*******************************************************************************
*** MODULE SUMMARY
***

    Module                  ro code  ro data  rw data
    ------                  -------  -------  -------
C:\Users\jeanphil.rey\Documents\JP\Perso\F3000\F3000git\V2\FW\Project\IARARM\Debug\Obj: [1]
    ADC.o                       524               141
    CU.o                        564      114       48
    I2C.o                     1 128                 8
    PCA9952.o                   376
    UID.o                       278        3       13
    console.o                    28                 4
    heap_2.o                    332        3   15 384
    internal_temp_sensor.o      188        1       33
    list.o                      158
    main.o                      244       44      328
    misc.o                      232      112
    port.o                      420        1        9
    portasm.o                   136
    queue.o                   1 510
    startup_stm32f2xx.o         764
    stm32f2xx_adc.o           1 696      120
    stm32f2xx_dma.o           2 696      120
    stm32f2xx_gpio.o          1 148      120
    stm32f2xx_i2c.o           1 748      120
    stm32f2xx_it.o              104                 8
    stm32f2xx_rcc.o             664      124       16
    system_stm32f2xx.o          400        7       20
    tasks.o                   2 746        8      460
    -------------------------------------------------
    Total:                   18 084      897   16 472

command line: [2]
    -------------------------------------------------
    Total:

dl7M_tlf.a: [3]
    abort.o                       6
    div.o                        14
    exit.o                        4
    localeconv.o                108       40      136
    low_level_init.o              4
    setlocale.o                  20       35      116
    sprintf.o                    52
    xencoding_sb.o               96
    xgetmemchunk.o               44                 4
    xmbcurmax.o                  10
    xmbtowc.o                    32
    xprintffull.o             4 294
    xsprout.o                    10
    xtls.o                        2
    xwctomb.o                    26
    xxmemxfree.o                128
    xxmemxmalloc.o              176                 8
    -------------------------------------------------
    Total:                    5 026       75      264

m7M_tl.a: [4]
    DblAdd.o                    232
    DblCmpGe.o                   46
    DblCmpLe.o                   46
    DblDiv.o                    582
    DblMul.o                    418
    DblSub.o                    384
    DblToFlt.o                  144
    DblToI32.o                   88
    FltDiv.o                    252
    FltToDbl.o                   78
    I32ToDbl.o                   48
    I32ToFlt.o                   30
    xdnorm.o                     66
    xdscale.o                   268
    -------------------------------------------------
    Total:                    2 682

rt7M_tl.a: [5]
    ABImemcpy.o                 118
    ABImemset.o                 102
    I64DivMod.o                 238
    I64DivZer.o                   2
    cexit.o                      10
    cmain.o                      22
    cstartup_M.o                 12
    data_init.o                  40
    memchr.o                     88
    packbits_init.o             176
    strchr.o                     22
    strlen.o                     54
    zero_init3.o                 34
    -------------------------------------------------
    Total:                      918

shb_l.a: [6]
    exit.o                       20
    -------------------------------------------------
    Total:                       20

    Gaps                         32
    Linker created                        44    1 536
-----------------------------------------------------
    Grand Total:             26 762    1 016   18 272


*******************************************************************************
*** ENTRY LIST
***

Entry                      Address    Size  Type      Object
-----                      -------    ----  ----      ------
?main                   0x080069e9          Code  Gb  cmain.o [5]
ADCChannelValueMapping  0x20004030    0x14  Data  Gb  ADC.o [1]
ADCConvertedValues      0x20004008    0x28  Data  Gb  ADC.o [1]
ADCInited               0x2000415c     0x1  Data  Gb  ADC.o [1]
ADC_CallbackHandler     0x080050cf    0x36  Code  Gb  ADC.o [1]
ADC_Cmd                 0x08005c0b    0x5c  Code  Gb  stm32f2xx_adc.o [1]
ADC_CommonInit          0x08005aa7   0x164  Code  Gb  stm32f2xx_adc.o [1]
ADC_DMACmd              0x08005ed7    0x52  Code  Gb  stm32f2xx_adc.o [1]
ADC_DMARequestAfterLastTransferCmd
                        0x08005f29    0x52  Code  Gb  stm32f2xx_adc.o [1]
ADC_IRQHandler          0x08006b1d          Code  Wk  startup_stm32f2xx.o [1]
ADC_Init                0x080058fd   0x1aa  Code  Gb  stm32f2xx_adc.o [1]
ADC_LowLevelInit        0x08005105   0x14e  Code  Gb  ADC.o [1]
ADC_RegisterCallback    0x0800508d    0x42  Code  Gb  ADC.o [1]
ADC_RegularChannelConfig
                        0x08005cad   0x200  Code  Gb  stm32f2xx_adc.o [1]
ADC_SoftwareStartConv   0x08005ead    0x2a  Code  Gb  stm32f2xx_adc.o [1]
ADC_TempSensorVrefintCmd
                        0x08005c67    0x46  Code  Gb  stm32f2xx_adc.o [1]
ADC_cb_table            0x20003fbc    0x4c  Data  Gb  ADC.o [1]
AHBPrescTable           0x2000010c    0x10  Data  Gb  system_stm32f2xx.o [1]
APBAHBPrescTable        0x200000fc    0x10  Data  Lc  stm32f2xx_rcc.o [1]
BusFault_Handler        0x0800691f     0x2  Code  Gb  stm32f2xx_it.o [1]
CAN1_RX0_IRQHandler     0x08006b25          Code  Wk  startup_stm32f2xx.o [1]
CAN1_RX1_IRQHandler     0x08006b29          Code  Wk  startup_stm32f2xx.o [1]
CAN1_SCE_IRQHandler     0x08006b2d          Code  Wk  startup_stm32f2xx.o [1]
CAN1_TX_IRQHandler      0x08006b21          Code  Wk  startup_stm32f2xx.o [1]
CAN2_RX0_IRQHandler     0x08006bd5          Code  Wk  startup_stm32f2xx.o [1]
CAN2_RX1_IRQHandler     0x08006bd9          Code  Wk  startup_stm32f2xx.o [1]
CAN2_SCE_IRQHandler     0x08006bdd          Code  Wk  startup_stm32f2xx.o [1]
CAN2_TX_IRQHandler      0x08006bd1          Code  Wk  startup_stm32f2xx.o [1]
CRYP_IRQHandler         0x08006c11          Code  Wk  startup_stm32f2xx.o [1]
CSTACK$$Base            0x20004160           --   Gb  - Linker created -
CSTACK$$Limit           0x20004560           --   Gb  - Linker created -
CU_LEDInit              0x08003a97    0x5a  Code  Gb  CU.o [1]
CU_LEDOff               0x08003b09    0x18  Code  Gb  CU.o [1]
CU_LEDOn                0x08003af1    0x18  Code  Gb  CU.o [1]
ConsoleOutput           0x20004100     0x4  Data  Gb  console.o [1]
DCMI_IRQHandler         0x08006c0d          Code  Wk  startup_stm32f2xx.o [1]
DMA1_Stream0_IRQHandler
                        0x08006b01          Code  Wk  startup_stm32f2xx.o [1]
DMA1_Stream1_IRQHandler
                        0x08006b05          Code  Wk  startup_stm32f2xx.o [1]
DMA1_Stream2_IRQHandler
                        0x08006b09          Code  Wk  startup_stm32f2xx.o [1]
DMA1_Stream3_IRQHandler
                        0x08006b0d          Code  Wk  startup_stm32f2xx.o [1]
DMA1_Stream4_IRQHandler
                        0x08006b11          Code  Wk  startup_stm32f2xx.o [1]
DMA1_Stream5_IRQHandler
                        0x08006b15          Code  Wk  startup_stm32f2xx.o [1]
DMA1_Stream6_IRQHandler
                        0x08006b19          Code  Wk  startup_stm32f2xx.o [1]
DMA1_Stream7_IRQHandler
                        0x08006b91          Code  Wk  startup_stm32f2xx.o [1]
DMA2_Stream0_IRQHandler
                        0x08006945    0x22  Code  Gb  stm32f2xx_it.o [1]
DMA2_Stream0_cb         0x08005253    0x22  Code  Gb  ADC.o [1]
DMA2_Stream1_IRQHandler
                        0x08006bb9          Code  Wk  startup_stm32f2xx.o [1]
DMA2_Stream2_IRQHandler
                        0x08006bbd          Code  Wk  startup_stm32f2xx.o [1]
DMA2_Stream3_IRQHandler
                        0x08006bc1          Code  Wk  startup_stm32f2xx.o [1]
DMA2_Stream4_IRQHandler
                        0x08006bc5          Code  Wk  startup_stm32f2xx.o [1]
DMA2_Stream5_IRQHandler
                        0x08006be5          Code  Wk  startup_stm32f2xx.o [1]
DMA2_Stream6_IRQHandler
                        0x08006be9          Code  Wk  startup_stm32f2xx.o [1]
DMA2_Stream7_IRQHandler
                        0x08006bed          Code  Wk  startup_stm32f2xx.o [1]
DMA_ClearITPendingBit   0x080037b7    0xb8  Code  Gb  stm32f2xx_dma.o [1]
DMA_Cmd                 0x08003381    0xc4  Code  Gb  stm32f2xx_dma.o [1]
DMA_DeInit              0x08002ee1   0x1ea  Code  Gb  stm32f2xx_dma.o [1]
DMA_GetITStatus         0x080035b9   0x1fe  Code  Gb  stm32f2xx_dma.o [1]
DMA_ITConfig            0x080034a9    0xf6  Code  Gb  stm32f2xx_dma.o [1]
DMA_Init                0x080030cb   0x2b6  Code  Gb  stm32f2xx_dma.o [1]
DebugMon_Handler        0x08006925     0x2  Code  Gb  stm32f2xx_it.o [1]
Delay_ms_tick           0x20004114     0x4  Data  Gb  stm32f2xx_it.o [1]
ETH_IRQHandler          0x08006bc9          Code  Wk  startup_stm32f2xx.o [1]
ETH_WKUP_IRQHandler     0x08006bcd          Code  Wk  startup_stm32f2xx.o [1]
EUI64_getNXSFormat      0x08003fe1    0x3e  Code  Gb  UID.o [1]
EXTI0_IRQHandler        0x08006aed          Code  Wk  startup_stm32f2xx.o [1]
EXTI15_10_IRQHandler    0x08006b75          Code  Wk  startup_stm32f2xx.o [1]
EXTI1_IRQHandler        0x08006af1          Code  Wk  startup_stm32f2xx.o [1]
EXTI2_IRQHandler        0x08006af5          Code  Wk  startup_stm32f2xx.o [1]
EXTI3_IRQHandler        0x08006af9          Code  Wk  startup_stm32f2xx.o [1]
EXTI4_IRQHandler        0x08006afd          Code  Wk  startup_stm32f2xx.o [1]
EXTI9_5_IRQHandler      0x08006b31          Code  Wk  startup_stm32f2xx.o [1]
FLASH_IRQHandler        0x08006ae5          Code  Wk  startup_stm32f2xx.o [1]
FSMC_IRQHandler         0x08006b95          Code  Wk  startup_stm32f2xx.o [1]
GPIO_CLK                0x08006a24     0xc  Data  Gb  CU.o [1]
GPIO_Init               0x0800453d   0x18a  Code  Gb  stm32f2xx_gpio.o [1]
GPIO_PIN                0x08006a78     0x8  Data  Gb  CU.o [1]
GPIO_PORT               0x2000011c     0xc  Data  Gb  CU.o [1]
GPIO_PinAFConfig        0x080047a5   0x1ec  Code  Gb  stm32f2xx_gpio.o [1]
GPIO_ResetBits          0x08004723    0x5c  Code  Gb  stm32f2xx_gpio.o [1]
GPIO_SetBits            0x080046c7    0x5c  Code  Gb  stm32f2xx_gpio.o [1]
HASH_RNG_IRQHandler     0x08006c15          Code  Wk  startup_stm32f2xx.o [1]
HEAP$$Base              0x20004560           --   Gb  - Linker created -
HEAP$$Limit             0x20004760           --   Gb  - Linker created -
HardFault_Handler       0x08006919     0x4  Code  Gb  stm32f2xx_it.o [1]
I2C1_ER_IRQHandler      0x08006b55          Code  Wk  startup_stm32f2xx.o [1]
I2C1_EV_IRQHandler      0x08006b51          Code  Wk  startup_stm32f2xx.o [1]
I2C2_ER_IRQHandler      0x08006b5d          Code  Wk  startup_stm32f2xx.o [1]
I2C2_EV_IRQHandler      0x08006b59          Code  Wk  startup_stm32f2xx.o [1]
I2C3_ER_IRQHandler      0x08006bf9          Code  Wk  startup_stm32f2xx.o [1]
I2C3_EV_IRQHandler      0x08006bf5          Code  Wk  startup_stm32f2xx.o [1]
I2C_AcknowledgeConfig   0x08004d51    0x5e  Code  Gb  stm32f2xx_i2c.o [1]
I2C_Bus_Init            0x08003b21   0x12e  Code  Gb  CU.o [1]
I2C_CLK                 0x08006a30     0xc  Data  Gb  CU.o [1]
I2C_CheckEvent          0x08004e19   0x104  Code  Gb  stm32f2xx_i2c.o [1]
I2C_Cmd                 0x08004bdd    0x5e  Code  Gb  stm32f2xx_i2c.o [1]
I2C_DeInit              0x080049b9    0x80  Code  Gb  stm32f2xx_i2c.o [1]
I2C_Driver_Init         0x08005495    0x62  Code  Gb  I2C.o [1]
I2C_GenerateSTART       0x08004c3b    0x5e  Code  Gb  stm32f2xx_i2c.o [1]
I2C_GenerateSTOP        0x08004c99    0x5e  Code  Gb  stm32f2xx_i2c.o [1]
I2C_GetFlagStatus       0x08004f1d    0xec  Code  Gb  stm32f2xx_i2c.o [1]
I2C_Init                0x08004a39   0x1a4  Code  Gb  stm32f2xx_i2c.o [1]
I2C_Inited_flag         0x200040f8     0x4  Data  Gb  I2C.o [1]
I2C_PERIPH              0x20000128     0xc  Data  Gb  CU.o [1]
I2C_ReceiveData         0x08004dd7    0x26  Code  Gb  stm32f2xx_i2c.o [1]
I2C_SCL_AF              0x08006aa4     0x4  Data  Gb  CU.o [1]
I2C_SCL_GPIO_CLK        0x08006a3c     0xc  Data  Gb  CU.o [1]
I2C_SCL_GPIO_PORT       0x20000134     0xc  Data  Gb  CU.o [1]
I2C_SCL_PIN             0x08006a80     0x8  Data  Gb  CU.o [1]
I2C_SCL_SOURCE          0x08006aa0     0x4  Data  Gb  CU.o [1]
I2C_SDA_AF              0x08006aac     0x4  Data  Gb  CU.o [1]
I2C_SDA_GPIO_CLK        0x08006a48     0xc  Data  Gb  CU.o [1]
I2C_SDA_GPIO_PORT       0x20000140     0xc  Data  Gb  CU.o [1]
I2C_SDA_PIN             0x08006a88     0x8  Data  Gb  CU.o [1]
I2C_SDA_SOURCE          0x08006aa8     0x4  Data  Gb  CU.o [1]
I2C_SPEED               0x08006a54     0xc  Data  Gb  CU.o [1]
I2C_Send7bitAddress     0x08004cf7    0x5a  Code  Gb  stm32f2xx_i2c.o [1]
I2C_SendData            0x08004daf    0x28  Code  Gb  stm32f2xx_i2c.o [1]
I2C_abort_transaction   0x080054f7    0xe6  Code  Gb  I2C.o [1]
I2C_read_reg            0x080055dd   0x1dc  Code  Gb  I2C.o [1]
I2C_sem                 0x200040f4     0x4  Data  Gb  I2C.o [1]
I2C_write_reg           0x080057b9   0x11a  Code  Gb  I2C.o [1]
ITS_ADCAccu             0x20004044    0x14  Data  Gb  internal_temp_sensor.o [1]
ITS_ADCAccuPtr          0x2000415e     0x1  Data  Gb  internal_temp_sensor.o [1]
ITS_Init                0x08004021    0x1e  Code  Gb  internal_temp_sensor.o [1]
ITS_Monitor_callback    0x08004041    0x78  Code  Gb  internal_temp_sensor.o [1]
ITS_OverTempThreshold   0x20000158     0x4  Data  Gb  internal_temp_sensor.o [1]
ITS_OverTemp_cb         0x20004108     0x4  Data  Gb  internal_temp_sensor.o [1]
ITS_currentValue        0x2000410c     0x4  Data  Gb  internal_temp_sensor.o [1]
InStream_Read           0x08006583    0x22  Code  Lc  packbits_init.o [5]
LEDs_Init               0x08003a5d    0x3a  Code  Gb  CU.o [1]
MemManage_Handler       0x0800691d     0x2  Code  Gb  stm32f2xx_it.o [1]
NMI_Handler             0x08006915     0x2  Code  Gb  stm32f2xx_it.o [1]
NVIC_Init               0x08003e55    0x9a  Code  Gb  misc.o [1]
NVIC_PriorityGroupConfig
                        0x08003e21    0x34  Code  Gb  misc.o [1]
NXS_EUI64               0x200040e0     0x8  Data  Gb  main.o [1]
NXS_UID                 0x200040bc     0xc  Data  Gb  main.o [1]
OTG_FS_IRQHandler       0x08006be1          Code  Wk  startup_stm32f2xx.o [1]
OTG_FS_WKUP_IRQHandler  0x08006b7d          Code  Wk  startup_stm32f2xx.o [1]
OTG_HS_EP1_IN_IRQHandler
                        0x08006c01          Code  Wk  startup_stm32f2xx.o [1]
OTG_HS_EP1_OUT_IRQHandler
                        0x08006bfd          Code  Wk  startup_stm32f2xx.o [1]
OTG_HS_IRQHandler       0x08006c09          Code  Wk  startup_stm32f2xx.o [1]
OTG_HS_WKUP_IRQHandler  0x08006c05          Code  Wk  startup_stm32f2xx.o [1]
PCA9952_Init            0x080040dd   0x12e  Code  Gb  PCA9952.o [1]
PCA9952_read_reg        0x0800422b    0x24  Code  Gb  PCA9952.o [1]
PCA9952_write_reg       0x0800420b    0x20  Code  Gb  PCA9952.o [1]
PVD_IRQHandler          0x08006ad9          Code  Wk  startup_stm32f2xx.o [1]
PendSV_Handler          0x08006927     0x2  Code  Gb  stm32f2xx_it.o [1]
RCC_AHB1PeriphClockCmd  0x080043a7    0x58  Code  Gb  stm32f2xx_rcc.o [1]
RCC_APB1PeriphClockCmd  0x080043ff    0x58  Code  Gb  stm32f2xx_rcc.o [1]
RCC_APB1PeriphResetCmd  0x080044b9    0x58  Code  Gb  stm32f2xx_rcc.o [1]
RCC_APB2PeriphClockCmd  0x08004457    0x58  Code  Gb  stm32f2xx_rcc.o [1]
RCC_GetClocksFreq       0x080042a5   0x102  Code  Gb  stm32f2xx_rcc.o [1]
RCC_IRQHandler          0x08006ae9          Code  Wk  startup_stm32f2xx.o [1]
RTC_Alarm_IRQHandler    0x08006b79          Code  Wk  startup_stm32f2xx.o [1]
RTC_WKUP_IRQHandler     0x08006ae1          Code  Wk  startup_stm32f2xx.o [1]
Region$$Table$$Base     0x080069a4           --   Gb  - Linker created -
Region$$Table$$Limit    0x080069d0           --   Gb  - Linker created -
Reset_Handler           0x08006a15          Code  Wk  startup_stm32f2xx.o [1]
SDIO_IRQHandler         0x08006b99          Code  Wk  startup_stm32f2xx.o [1]
SPI1_IRQHandler         0x08006b61          Code  Wk  startup_stm32f2xx.o [1]
SPI2_IRQHandler         0x08006b65          Code  Wk  startup_stm32f2xx.o [1]
SPI3_IRQHandler         0x08006ba1          Code  Wk  startup_stm32f2xx.o [1]
SVC_Handler             0x08006923     0x2  Code  Gb  stm32f2xx_it.o [1]
SetSysClock             0x08003d85    0x68  Code  Lc  system_stm32f2xx.o [1]
SysTick_Handler         0x08006929    0x1c  Code  Gb  stm32f2xx_it.o [1]
SystemCoreClock         0x20000160     0x4  Data  Gb  system_stm32f2xx.o [1]
SystemCoreClockUpdate   0x08003cd7    0xae  Code  Gb  system_stm32f2xx.o [1]
SystemInit              0x08003c91    0x46  Code  Gb  system_stm32f2xx.o [1]
TAMP_STAMP_IRQHandler   0x08006add          Code  Wk  startup_stm32f2xx.o [1]
TIM1_BRK_TIM9_IRQHandler
                        0x08006b35          Code  Wk  startup_stm32f2xx.o [1]
TIM1_CC_IRQHandler      0x08006b41          Code  Wk  startup_stm32f2xx.o [1]
TIM1_TRG_COM_TIM11_IRQHandler
                        0x08006b3d          Code  Wk  startup_stm32f2xx.o [1]
TIM1_UP_TIM10_IRQHandler
                        0x08006b39          Code  Wk  startup_stm32f2xx.o [1]
TIM2_IRQHandler         0x08006b45          Code  Wk  startup_stm32f2xx.o [1]
TIM3_IRQHandler         0x08006b49          Code  Wk  startup_stm32f2xx.o [1]
TIM4_IRQHandler         0x08006b4d          Code  Wk  startup_stm32f2xx.o [1]
TIM5_IRQHandler         0x08006b9d          Code  Wk  startup_stm32f2xx.o [1]
TIM6_DAC_IRQHandler     0x08006bad          Code  Wk  startup_stm32f2xx.o [1]
TIM7_IRQHandler         0x08006bb1          Code  Wk  startup_stm32f2xx.o [1]
TIM8_BRK_TIM12_IRQHandler
                        0x08006b81          Code  Wk  startup_stm32f2xx.o [1]
TIM8_CC_IRQHandler      0x08006b8d          Code  Wk  startup_stm32f2xx.o [1]
TIM8_TRG_COM_TIM14_IRQHandler
                        0x08006b89          Code  Wk  startup_stm32f2xx.o [1]
TIM8_UP_TIM13_IRQHandler
                        0x08006b85          Code  Wk  startup_stm32f2xx.o [1]
Tick_Delta_t_timer      0x20004118     0x4  Data  Gb  stm32f2xx_it.o [1]
ToggleLed1              0x08003969    0x42  Code  Gb  main.o [1]
UART4_IRQHandler        0x08006ba5          Code  Wk  startup_stm32f2xx.o [1]
UART5_IRQHandler        0x08006ba9          Code  Wk  startup_stm32f2xx.o [1]
UID                     0x200040d8     0x8  Data  Gb  main.o [1]
UID_Init                0x08003f09     0xa  Code  Gb  UID.o [1]
UID_base_address        0x200040fc     0x4  Data  Gb  UID.o [1]
UID_default             0x2000014c     0x8  Data  Gb  UID.o [1]
UID_getNXSFormat        0x08003f6f    0x66  Code  Gb  UID.o [1]
UID_getUID              0x08003f13    0x5c  Code  Gb  UID.o [1]
UID_length              0x2000415d     0x1  Data  Gb  UID.o [1]
USART1_IRQHandler       0x08006b69          Code  Wk  startup_stm32f2xx.o [1]
USART2_IRQHandler       0x08006b6d          Code  Wk  startup_stm32f2xx.o [1]
USART3_IRQHandler       0x08006b71          Code  Wk  startup_stm32f2xx.o [1]
USART6_IRQHandler       0x08006bf1          Code  Wk  startup_stm32f2xx.o [1]
UsageFault_Handler      0x08006921     0x2  Code  Gb  stm32f2xx_it.o [1]
WWDG_IRQHandler         0x08006ad5          Code  Wk  startup_stm32f2xx.o [1]
_EncodingSb_Mbtowc      0x08001e47    0x30  Code  Gb  xencoding_sb.o [3]
_EncodingSb_Wctomb      0x08001e2d    0x1a  Code  Gb  xencoding_sb.o [3]
_GenldFull              0x08000fb9   0x248  Code  Lc  xprintffull.o [3]
_IsdstStr               0x2000008c     0x4  Data  Gb  setlocale.o [3]
_LdtobFull              0x08000bf1   0x3c2  Code  Lc  xprintffull.o [3]
_LitobFull              0x08000a93   0x10c  Code  Lc  xprintffull.o [3]
_LocaleEncoding         0x08001e19     0xe  Code  Gb  setlocale.o [3]
_LocaleReturnString     0x200000ac    0x50  Data  Lc  setlocale.o [3]
_Locale_Profile         0x20000090    0x1c  Data  Gb  setlocale.o [3]
_Locale_aeabi_lconv     0x20000050    0x38  Data  Gb  localeconv.o [3]
_Locale_lconv           0x20000000    0x50  Data  Gb  localeconv.o [3]
_Mbtowc                 0x0800124b    0x20  Code  Gb  xmbtowc.o [3]
_PrintfFull             0x08000185   0x5b6  Code  Gb  xprintffull.o [3]
_PutcharsFull           0x08001201    0x2e  Code  Lc  xprintffull.o [3]
_PutstrFull             0x08000751   0x33c  Code  Lc  xprintffull.o [3]
_SProut                 0x080012a3     0xa  Code  Gb  xsprout.o [3]
_TzoneStr               0x20000088     0x4  Data  Gb  setlocale.o [3]
_Wctomb                 0x080013f9    0x1a  Code  Gb  xwctomb.o [3]
__aeabi_cdcmple         0x080017e1          Code  Gb  DblCmpLe.o [4]
__aeabi_cdrcmple        0x08001811          Code  Gb  DblCmpGe.o [4]
__aeabi_d2f             0x08005405          Code  Gb  DblToFlt.o [4]
__aeabi_d2iz            0x0800194d          Code  Gb  DblToI32.o [4]
__aeabi_d2uiz           0x08001979          Code  Gb  DblToI32.o [4]
__aeabi_dadd            0x08001ebd          Code  Gb  DblAdd.o [4]
__aeabi_ddiv            0x08001b55          Code  Gb  DblDiv.o [4]
__aeabi_dmul            0x080015fd          Code  Gb  DblMul.o [4]
__aeabi_dsub            0x080019d5          Code  Gb  DblSub.o [4]
__aeabi_f2d             0x080053b5          Code  Gb  FltToDbl.o [4]
__aeabi_fdiv            0x080052b9          Code  Gb  FltDiv.o [4]
__aeabi_i2d             0x080019a5          Code  Gb  I32ToDbl.o [4]
__aeabi_ldiv0           0x08001eb9          Code  Gb  I64DivZer.o [5]
__aeabi_memcpy          0x08001415          Code  Gb  ABImemcpy.o [5]
__aeabi_memcpy4         0x08001435          Code  Gb  ABImemcpy.o [5]
__aeabi_memcpy8         0x08001435          Code  Gb  ABImemcpy.o [5]
__aeabi_memset          0x08002df1          Code  Gb  ABImemset.o [5]
__aeabi_ui2d            0x080019b9          Code  Gb  I32ToDbl.o [4]
__aeabi_ui2f            0x08005299          Code  Gb  I32ToFlt.o [4]
__aeabi_uldivmod        0x0800150d          Code  Gb  I64DivMod.o [5]
__cmain                 0x080069e9          Code  Gb  cmain.o [5]
__data_Aldata           0x200040e8     0x8  Data  Gb  xxmemxmalloc.o [3]
__data_GetMemChunk      0x08001e8d    0x2c  Code  Gb  xgetmemchunk.o [3]
__exit                  0x08006639    0x14  Code  Gb  exit.o [6]
__iar_Dnorm             0x0800179f    0x42  Code  Gb  xdnorm.o [4]
__iar_Dscale            0x08001841   0x10c  Code  Gb  xdscale.o [4]
__iar_Locale_lconv_init
                        0x08001d9d    0x3a  Code  Gb  localeconv.o [3]
__iar_Mbcurmax          0x0800133d     0xa  Code  Gb  xmbcurmax.o [3]
__iar_Memchr            0x080012e5          Code  Gb  memchr.o [5]
__iar_Memset            0x08002df1          Code  Gb  ABImemset.o [5]
__iar_Memset_word       0x08002df9          Code  Gb  ABImemset.o [5]
__iar_Strchr            0x0800128d          Code  Gb  strchr.o [5]
__iar_d2uiz             0x08001985          Code  Gb  DblToI32.o [4]
__iar_dadd              0x08001ed1          Code  Gb  DblAdd.o [4]
__iar_data_init3        0x0800697d    0x28  Code  Gb  data_init.o [5]
__iar_dlib_perthread_access
                        0x08001fa5     0x2  Code  Gb  xtls.o [3]
__iar_dsub              0x080019e9          Code  Gb  DblSub.o [4]
__iar_dsubStart         0x080019fb          Code  Gb  DblSub.o [4]
__iar_packbits_init3    0x080065a5    0x8e  Code  Gb  packbits_init.o [5]
__iar_program_start     0x08006a6d          Code  Gb  cstartup_M.o [5]
__iar_ui2d              0x080019bd          Code  Gb  I32ToDbl.o [4]
__iar_ui2f              0x0800529d          Code  Gb  I32ToFlt.o [4]
__iar_zero_init3        0x0800126b    0x22  Code  Gb  zero_init3.o [5]
__low_level_init        0x080069ff     0x4  Code  Gb  low_level_init.o [3]
__vector_table          0x08000000          Data  Gb  startup_stm32f2xx.o [1]
_call_main              0x080069f5          Code  Gb  cmain.o [5]
_exit                   0x08006a09          Code  Gb  cexit.o [5]
_main                   0x080069fb          Code  Gb  cmain.o [5]
abort                   0x08006633     0x6  Code  Gb  abort.o [3]
assert_failed           0x08003a03    0x34  Code  Gb  main.o [1]
console_log             0x08004255    0x16  Code  Gb  console.o [1]
div                     0x08001e09     0xe  Code  Gb  div.o [3]
exit                    0x08006a03     0x4  Code  Gb  exit.o [3]
free                    0x0800148d    0x7a  Code  Gb  xxmemxfree.o [3]
heapSTRUCT_SIZE         0x080012e2     0x2  Data  Lc  heap_2.o [1]
localeconv              0x08001dd7    0x16  Code  Gb  localeconv.o [3]
main                    0x080039ab    0x58  Code  Gb  main.o [1]
malloc                  0x08001349    0xac  Code  Gb  xxmemxmalloc.o [3]
memchr                  0x080012e5          Code  Gb  memchr.o [5]
memcpy                  0x0800656d    0x16  Code  Gb  queue.o [1]
memset                  0x08002b99    0x16  Code  Gb  tasks.o [1]
prvAddCurrentTaskToDelayedList
                        0x08002995    0x7e  Code  Lc  tasks.o [1]
prvAddNewTaskToReadyList
                        0x080020fb    0xc0  Code  Lc  tasks.o [1]
prvCheckTasksWaitingTermination
                        0x08002745    0x6a  Code  Lc  tasks.o [1]
prvCopyDataFromQueue    0x0800648b    0x2c  Code  Lc  queue.o [1]
prvCopyDataToQueue      0x080063fd    0x8e  Code  Lc  queue.o [1]
prvDeleteTCB            0x080027af    0x12  Code  Lc  tasks.o [1]
prvHeapInit             0x08002b53    0x2e  Code  Lc  heap_2.o [1]
prvIdleTask             0x080026b5    0x26  Code  Lc  tasks.o [1]
prvInitialiseNewQueue   0x08006089    0x36  Code  Lc  queue.o [1]
prvInitialiseNewTask    0x08002027    0xd4  Code  Lc  tasks.o [1]
prvInitialiseTaskLists  0x080026e1    0x56  Code  Lc  tasks.o [1]
prvIsQueueEmpty         0x08006525    0x20  Code  Lc  queue.o [1]
prvIsQueueFull          0x08006545    0x22  Code  Lc  queue.o [1]
prvResetNextTaskUnblockTime
                        0x080027c1    0x2a  Code  Lc  tasks.o [1]
prvTaskExitError        0x08002c6d    0x2a  Code  Lc  port.o [1]
prvUnlockQueue          0x080064b7    0x6e  Code  Lc  queue.o [1]
pvPortMalloc            0x08002a4d    0xc2  Code  Gb  heap_2.o [1]
pvTaskIncrementMutexHeldCount
                        0x08002951    0x1e  Code  Gb  tasks.o [1]
pxCurrentTCB            0x2000411c     0x4  Data  Gb  tasks.o [1]
pxDelayedTaskList       0x20004120     0x4  Data  Lc  tasks.o [1]
pxOverflowDelayedTaskList
                        0x20004124     0x4  Data  Lc  tasks.o [1]
pxPortInitialiseStack   0x08002c4d    0x20  Code  Gb  port.o [1]
pxReadyTasksLists       0x20003e90   0x12c  Data  Lc  tasks.o [1]
scale                   0x08000ba5    0x46  Code  Lc  xprintffull.o [3]
sprintf                 0x08004271    0x34  Code  Gb  sprintf.o [3]
str                     0x20003d64   0x12c  Data  Gb  main.o [1]
strchr                  0x0800128d          Code  Gb  strchr.o [5]
strlen                  0x080012ad          Code  Gb  strlen.o [5]
ucHeap                  0x20000164  0x3c00  Data  Lc  heap_2.o [1]
ucMaxSysCallPriority    0x2000415f     0x1  Data  Lc  port.o [1]
ulMaxPRIGROUPValue      0x20004110     0x4  Data  Lc  port.o [1]
uxCriticalNesting       0x2000015c     0x4  Data  Lc  port.o [1]
uxCurrentNumberOfTasks  0x2000412c     0x4  Data  Lc  tasks.o [1]
uxDeletedTasksWaitingCleanUp
                        0x20004128     0x4  Data  Lc  tasks.o [1]
uxListRemove            0x08002c25    0x28  Code  Gb  list.o [1]
uxPendedTicks           0x2000413c     0x4  Data  Lc  tasks.o [1]
uxSchedulerSuspended    0x20004154     0x4  Data  Lc  tasks.o [1]
uxTaskNumber            0x20004148     0x4  Data  Lc  tasks.o [1]
uxTopReadyPriority      0x20004134     0x4  Data  Lc  tasks.o [1]
vListInitialise         0x08002baf    0x1e  Code  Gb  list.o [1]
vListInitialiseItem     0x08002bcd     0x6  Code  Gb  list.o [1]
vListInsert             0x08002beb    0x3a  Code  Gb  list.o [1]
vListInsertEnd          0x08002bd3    0x18  Code  Gb  list.o [1]
vPortEnterCritical      0x08002d1f    0x3a  Code  Gb  port.o [1]
vPortExitCritical       0x08002d59    0x32  Code  Gb  port.o [1]
vPortFree               0x08002b0f    0x44  Code  Gb  heap_2.o [1]
vPortSVCHandler         0x08002e9f          Code  Gb  portasm.o [1]
vPortSetupTimerInterrupt
                        0x08002db3    0x1a  Code  Wk  port.o [1]
vPortStartFirstTask     0x08002ebf          Code  Gb  portasm.o [1]
vTaskDelay              0x080021bb    0x4e  Code  Gb  tasks.o [1]
vTaskMissedYield        0x080026a5     0xa  Code  Gb  tasks.o [1]
vTaskPlaceOnEventList   0x0800251f    0x34  Code  Gb  tasks.o [1]
vTaskPriorityInherit    0x080027eb    0xac  Code  Gb  tasks.o [1]
vTaskSetTimeOutState    0x080025f5    0x26  Code  Gb  tasks.o [1]
vTaskStartScheduler     0x08002209    0x68  Code  Gb  tasks.o [1]
vTaskSuspendAll         0x08002271    0x10  Code  Gb  tasks.o [1]
vTaskSwitchContext      0x080024af    0x70  Code  Gb  tasks.o [1]
xDelayedTaskList1       0x20004058    0x14  Data  Lc  tasks.o [1]
xDelayedTaskList2       0x2000406c    0x14  Data  Lc  tasks.o [1]
xEnd                    0x200040d0     0x8  Data  Lc  heap_2.o [1]
xFreeBytesRemaining     0x20000154     0x4  Data  Lc  heap_2.o [1]
xIdleTaskHandle         0x20004150     0x4  Data  Lc  tasks.o [1]
xNextTaskUnblockTime    0x2000414c     0x4  Data  Lc  tasks.o [1]
xNumOfOverflows         0x20004144     0x4  Data  Lc  tasks.o [1]
xPendingReadyList       0x20004080    0x14  Data  Lc  tasks.o [1]
xPortPendSVHandler      0x08002e59          Code  Gb  portasm.o [1]
xPortStartScheduler     0x08002c97    0x88  Code  Gb  port.o [1]
xPortSysTickHandler     0x08002d8b    0x28  Code  Gb  port.o [1]
xQueueGenericCreate     0x08006031    0x58  Code  Gb  queue.o [1]
xQueueGenericReceive    0x08006249   0x1b4  Code  Gb  queue.o [1]
xQueueGenericReset      0x08005f9d    0x94  Code  Gb  queue.o [1]
xQueueGenericSend       0x080060bf   0x18a  Code  Gb  queue.o [1]
xSchedulerRunning       0x20004138     0x4  Data  Lc  tasks.o [1]
xStart                  0x200040c8     0x8  Data  Lc  heap_2.o [1]
xSuspendedTaskList      0x200040a8    0x14  Data  Lc  tasks.o [1]
xTaskCheckForTimeOut    0x0800261b    0x8a  Code  Gb  tasks.o [1]
xTaskCreate             0x08001fa9    0x7e  Code  Gb  tasks.o [1]
xTaskIncrementTick      0x08002383   0x12c  Code  Gb  tasks.o [1]
xTaskPriorityDisinherit
                        0x08002897    0xba  Code  Gb  tasks.o [1]
xTaskRemoveFromEventList
                        0x08002559    0x86  Code  Gb  tasks.o [1]
xTaskResumeAll          0x08002281   0x102  Code  Gb  tasks.o [1]
xTasksWaitingTermination
                        0x20004094    0x14  Data  Lc  tasks.o [1]
xTickCount              0x20004130     0x4  Data  Lc  tasks.o [1]
xYieldPending           0x20004140     0x4  Data  Lc  tasks.o [1]


[1] = C:\Users\jeanphil.rey\Documents\JP\Perso\F3000\F3000git\V2\FW\Project\IARARM\Debug\Obj
[2] = command line
[3] = dl7M_tlf.a
[4] = m7M_tl.a
[5] = rt7M_tl.a
[6] = shb_l.a

  26 762 bytes of readonly  code memory
   1 016 bytes of readonly  data memory
  18 272 bytes of readwrite data memory

Errors: none
Warnings: none
