###############################################################################
#                                                                             #
# IAR ELF Linker V6.50.6.4896/W32 for ARM               10/Jan/2017  18:37:26 #
# Copyright 2007-2013 IAR Systems AB.                                         #
#                                                                             #
#    Output file  =  C:\Users\jeanphil.rey\Documents\JP\Perso\F3000\F3000git\ #
#                    V2\FW\Project\IARARM\Debug\Exe\F3000CU.out               #
#    Map file     =  C:\Users\jeanphil.rey\Documents\JP\Perso\F3000\F3000git\ #
#                    V2\FW\Project\IARARM\Debug\List\F3000CU.map              #
#    Command line =  C:\Users\jeanphil.rey\Documents\JP\Perso\F3000\F3000git\ #
#                    V2\FW\Project\IARARM\Debug\Obj\ADC.o                     #
#                    C:\Users\jeanphil.rey\Documents\JP\Perso\F3000\F3000git\ #
#                    V2\FW\Project\IARARM\Debug\Obj\CLI.o                     #
#                    C:\Users\jeanphil.rey\Documents\JP\Perso\F3000\F3000git\ #
#                    V2\FW\Project\IARARM\Debug\Obj\CU.o                      #
#                    C:\Users\jeanphil.rey\Documents\JP\Perso\F3000\F3000git\ #
#                    V2\FW\Project\IARARM\Debug\Obj\I2C.o                     #
#                    C:\Users\jeanphil.rey\Documents\JP\Perso\F3000\F3000git\ #
#                    V2\FW\Project\IARARM\Debug\Obj\PCA9952.o                 #
#                    C:\Users\jeanphil.rey\Documents\JP\Perso\F3000\F3000git\ #
#                    V2\FW\Project\IARARM\Debug\Obj\SEG7.o                    #
#                    C:\Users\jeanphil.rey\Documents\JP\Perso\F3000\F3000git\ #
#                    V2\FW\Project\IARARM\Debug\Obj\STBT.o                    #
#                    C:\Users\jeanphil.rey\Documents\JP\Perso\F3000\F3000git\ #
#                    V2\FW\Project\IARARM\Debug\Obj\UID.o                     #
#                    C:\Users\jeanphil.rey\Documents\JP\Perso\F3000\F3000git\ #
#                    V2\FW\Project\IARARM\Debug\Obj\console.o                 #
#                    C:\Users\jeanphil.rey\Documents\JP\Perso\F3000\F3000git\ #
#                    V2\FW\Project\IARARM\Debug\Obj\croutine.o                #
#                    C:\Users\jeanphil.rey\Documents\JP\Perso\F3000\F3000git\ #
#                    V2\FW\Project\IARARM\Debug\Obj\event_groups.o            #
#                    C:\Users\jeanphil.rey\Documents\JP\Perso\F3000\F3000git\ #
#                    V2\FW\Project\IARARM\Debug\Obj\gear.o                    #
#                    C:\Users\jeanphil.rey\Documents\JP\Perso\F3000\F3000git\ #
#                    V2\FW\Project\IARARM\Debug\Obj\heap_2.o                  #
#                    C:\Users\jeanphil.rey\Documents\JP\Perso\F3000\F3000git\ #
#                    V2\FW\Project\IARARM\Debug\Obj\internal_temp_sensor.o    #
#                    C:\Users\jeanphil.rey\Documents\JP\Perso\F3000\F3000git\ #
#                    V2\FW\Project\IARARM\Debug\Obj\ledbuffer.o               #
#                    C:\Users\jeanphil.rey\Documents\JP\Perso\F3000\F3000git\ #
#                    V2\FW\Project\IARARM\Debug\Obj\list.o                    #
#                    C:\Users\jeanphil.rey\Documents\JP\Perso\F3000\F3000git\ #
#                    V2\FW\Project\IARARM\Debug\Obj\main.o                    #
#                    C:\Users\jeanphil.rey\Documents\JP\Perso\F3000\F3000git\ #
#                    V2\FW\Project\IARARM\Debug\Obj\misc.o                    #
#                    C:\Users\jeanphil.rey\Documents\JP\Perso\F3000\F3000git\ #
#                    V2\FW\Project\IARARM\Debug\Obj\port.o                    #
#                    C:\Users\jeanphil.rey\Documents\JP\Perso\F3000\F3000git\ #
#                    V2\FW\Project\IARARM\Debug\Obj\portasm.o                 #
#                    C:\Users\jeanphil.rey\Documents\JP\Perso\F3000\F3000git\ #
#                    V2\FW\Project\IARARM\Debug\Obj\queue.o                   #
#                    C:\Users\jeanphil.rey\Documents\JP\Perso\F3000\F3000git\ #
#                    V2\FW\Project\IARARM\Debug\Obj\serial.o                  #
#                    C:\Users\jeanphil.rey\Documents\JP\Perso\F3000\F3000git\ #
#                    V2\FW\Project\IARARM\Debug\Obj\startup_stm32f2xx.o       #
#                    C:\Users\jeanphil.rey\Documents\JP\Perso\F3000\F3000git\ #
#                    V2\FW\Project\IARARM\Debug\Obj\stm32f2xx_adc.o           #
#                    C:\Users\jeanphil.rey\Documents\JP\Perso\F3000\F3000git\ #
#                    V2\FW\Project\IARARM\Debug\Obj\stm32f2xx_dma.o           #
#                    C:\Users\jeanphil.rey\Documents\JP\Perso\F3000\F3000git\ #
#                    V2\FW\Project\IARARM\Debug\Obj\stm32f2xx_exti.o          #
#                    C:\Users\jeanphil.rey\Documents\JP\Perso\F3000\F3000git\ #
#                    V2\FW\Project\IARARM\Debug\Obj\stm32f2xx_gpio.o          #
#                    C:\Users\jeanphil.rey\Documents\JP\Perso\F3000\F3000git\ #
#                    V2\FW\Project\IARARM\Debug\Obj\stm32f2xx_i2c.o           #
#                    C:\Users\jeanphil.rey\Documents\JP\Perso\F3000\F3000git\ #
#                    V2\FW\Project\IARARM\Debug\Obj\stm32f2xx_it.o            #
#                    C:\Users\jeanphil.rey\Documents\JP\Perso\F3000\F3000git\ #
#                    V2\FW\Project\IARARM\Debug\Obj\stm32f2xx_pwr.o           #
#                    C:\Users\jeanphil.rey\Documents\JP\Perso\F3000\F3000git\ #
#                    V2\FW\Project\IARARM\Debug\Obj\stm32f2xx_rcc.o           #
#                    C:\Users\jeanphil.rey\Documents\JP\Perso\F3000\F3000git\ #
#                    V2\FW\Project\IARARM\Debug\Obj\stm32f2xx_spi.o           #
#                    C:\Users\jeanphil.rey\Documents\JP\Perso\F3000\F3000git\ #
#                    V2\FW\Project\IARARM\Debug\Obj\stm32f2xx_syscfg.o        #
#                    C:\Users\jeanphil.rey\Documents\JP\Perso\F3000\F3000git\ #
#                    V2\FW\Project\IARARM\Debug\Obj\stm32f2xx_tim.o           #
#                    C:\Users\jeanphil.rey\Documents\JP\Perso\F3000\F3000git\ #
#                    V2\FW\Project\IARARM\Debug\Obj\stm32f2xx_usart.o         #
#                    C:\Users\jeanphil.rey\Documents\JP\Perso\F3000\F3000git\ #
#                    V2\FW\Project\IARARM\Debug\Obj\strbuf.o                  #
#                    C:\Users\jeanphil.rey\Documents\JP\Perso\F3000\F3000git\ #
#                    V2\FW\Project\IARARM\Debug\Obj\system_stm32f2xx.o        #
#                    C:\Users\jeanphil.rey\Documents\JP\Perso\F3000\F3000git\ #
#                    V2\FW\Project\IARARM\Debug\Obj\tasks.o                   #
#                    C:\Users\jeanphil.rey\Documents\JP\Perso\F3000\F3000git\ #
#                    V2\FW\Project\IARARM\Debug\Obj\timer.o                   #
#                    C:\Users\jeanphil.rey\Documents\JP\Perso\F3000\F3000git\ #
#                    V2\FW\Project\IARARM\Debug\Obj\timers.o -o               #
#                    C:\Users\jeanphil.rey\Documents\JP\Perso\F3000\F3000git\ #
#                    V2\FW\Project\IARARM\Debug\Exe\F3000CU.out --redirect    #
#                    _Printf=_PrintfFull --redirect _Scanf=_ScanfFull --map   #
#                    C:\Users\jeanphil.rey\Documents\JP\Perso\F3000\F3000git\ #
#                    V2\FW\Project\IARARM\Debug\List\F3000CU.map --config     #
#                    C:\Users\jeanphil.rey\Documents\JP\Perso\F3000\F3000git\ #
#                    V2\FW\Project\IARARM\stm32f2xx_flash.icf --semihosting   #
#                    --entry __iar_program_start --vfe                        #
#                                                                             #
#                                                                             #
###############################################################################

*******************************************************************************
*** RUNTIME MODEL ATTRIBUTES
***

CppFlavor                     = *
__Heap_Handler                = Basic
__SystemLibrary               = DLib
__dlib_dynamic_initialization = normal


*******************************************************************************
*** PLACEMENT SUMMARY
***

"A1":  place at 0x08000000 { ro section .intvec };
"P1":  place in [from 0x08000000 to 0x080fffff] { ro };
"P2":  place in [from 0x20000000 to 0x20020000] { rw, block CSTACK, block HEAP };

  Section             Kind        Address    Size  Object
  -------             ----        -------    ----  ------
"A1":                                       0x184
  .intvec             ro code  0x08000000   0x184  startup_stm32f2xx.o [1]
                             - 0x08000184   0x184

"P1":                                      0xa4f8
  .text               ro code  0x08000184  0x10c6  xprintffull.o [3]
  .text               ro code  0x0800124a    0x20  xmbtowc.o [3]
  .text               ro code  0x0800126a    0x22  zero_init3.o [5]
  .text               ro code  0x0800128c    0x16  strchr.o [5]
  .text               ro code  0x080012a2     0xa  xsprout.o [3]
  .text               ro code  0x080012ac    0x36  strlen.o [5]
  .rodata             const    0x080012e2     0x2  CU.o [1]
  .text               ro code  0x080012e4    0x58  memchr.o [5]
  .text               ro code  0x0800133c     0xa  xmbcurmax.o [3]
  .rodata             const    0x08001346     0x2  CU.o [1]
  .text               ro code  0x08001348    0xb0  xxmemxmalloc.o [3]
  .text               ro code  0x080013f8    0x1a  xwctomb.o [3]
  .rodata             const    0x08001412     0x2  CU.o [1]
  .text               ro code  0x08001414    0x76  ABImemcpy.o [5]
  .rodata             const    0x0800148a     0x2  CU.o [1]
  .text               ro code  0x0800148c    0x80  xxmemxfree.o [3]
  .text               ro code  0x0800150c    0xee  I64DivMod.o [5]
  .rodata             const    0x080015fa     0x2  heap_2.o [1]
  .text               ro code  0x080015fc   0x1a2  DblMul.o [4]
  .text               ro code  0x0800179e    0x42  xdnorm.o [4]
  .text               ro code  0x080017e0    0x2e  DblCmpLe.o [4]
  .text               ro code  0x08001810    0x2e  DblCmpGe.o [4]
  .text               ro code  0x08001840   0x10c  xdscale.o [4]
  .text               ro code  0x0800194c    0x58  DblToI32.o [4]
  .text               ro code  0x080019a4    0x30  I32ToDbl.o [4]
  .text               ro code  0x080019d4   0x180  DblSub.o [4]
  .text               ro code  0x08001b54   0x246  DblDiv.o [4]
  .text               ro code  0x08001d9c    0x6c  localeconv.o [3]
  .text               ro code  0x08001e08     0xe  div.o [3]
  .text               ro code  0x08001e18    0x14  setlocale.o [3]
  .text               ro code  0x08001e2c    0x60  xencoding_sb.o [3]
  .text               ro code  0x08001e8c    0x2c  xgetmemchunk.o [3]
  .text               ro code  0x08001eb8     0x2  I64DivZer.o [5]
  .text               ro code  0x08001ebc    0xe8  DblAdd.o [4]
  .text               ro code  0x08001fa4     0x2  xtls.o [3]
  .text               ro code  0x08001fa8   0xd20  tasks.o [1]
  .text               ro code  0x08002cc8   0x14c  heap_2.o [1]
  .text               ro code  0x08002e14    0x16  tasks.o [1]
  .text               ro code  0x08002e2a    0x9e  list.o [1]
  .text               ro code  0x08002ec8   0x1fc  port.o [1]
  .text               ro code  0x080030c4   0x4a4  timers.o [1]
  .text               ro code  0x08003568    0x66  ABImemset.o [5]
  CODE                ro code  0x080035d0    0x88  portasm.o [1]
  .text               ro code  0x08003658   0x788  queue.o [1]
  .text               ro code  0x08003de0    0x16  queue.o [1]
  .text               ro code  0x08003df8   0xc1c  stm32f2xx_tim.o [1]
  .text               ro code  0x08004a14   0x31c  main.o [1]
  .text               ro code  0x08004d30   0x300  event_groups.o [1]
  .text               ro code  0x08005030   0x56c  stm32f2xx_gpio.o [1]
  .text               ro code  0x0800559c   0x168  ledbuffer.o [1]
  .text               ro code  0x08005704    0x9e  SEG7.o [1]
  .text               ro code  0x080057a2    0x10  main.o [1]
  .text               ro code  0x080057b4   0x18a  CLI.o [1]
  .text               ro code  0x08005940    0xbc  gear.o [1]
  .text               ro code  0x080059fc   0x190  system_stm32f2xx.o [1]
  .text               ro code  0x08005b8c    0xe8  misc.o [1]
  .text               ro code  0x08005c74   0x116  UID.o [1]
  .text               ro code  0x08005d8c   0x7cc  CU.o [1]
  .text               ro code  0x08006558    0xe8  timer.o [1]
  .text               ro code  0x08006640    0xbc  internal_temp_sensor.o [1]
  .text               ro code  0x080066fc   0x13c  PCA9952.o [1]
  .text               ro code  0x08006838   0x2ec  STBT.o [1]
  .text               ro code  0x08006b24    0x34  console.o [1]
  .text               ro code  0x08006b58    0x34  sprintf.o [3]
  .text               ro code  0x08006b8c    0x2c  strstr.o [3]
  .text               ro code  0x08006bb8    0x42  strcmp.o [5]
  .text               ro code  0x08006bfc   0x20a  stm32f2xx_it.o [1]
  .text               ro code  0x08006e08   0x298  stm32f2xx_rcc.o [1]
  .text               ro code  0x080070a0   0x69c  stm32f2xx_usart.o [1]
  .text               ro code  0x0800773c   0x6d4  stm32f2xx_i2c.o [1]
  .text               ro code  0x08007e10   0x100  stm32f2xx_syscfg.o [1]
  .text               ro code  0x08007f10   0x1d0  stm32f2xx_exti.o [1]
  .text               ro code  0x080080e0   0x20c  ADC.o [1]
  .text               ro code  0x080082ec    0x1e  I32ToFlt.o [4]
  .text               ro code  0x0800830c    0xfc  FltDiv.o [4]
  .text               ro code  0x08008408    0x4e  FltToDbl.o [4]
  .text               ro code  0x08008458    0x90  DblToFlt.o [4]
  .text               ro code  0x080084e8   0x5d0  I2C.o [1]
  .text               ro code  0x08008ab8   0xa88  stm32f2xx_dma.o [1]
  .text               ro code  0x08009540   0x6a0  stm32f2xx_adc.o [1]
  .text               ro code  0x08009be0    0xb0  packbits_init.o [5]
  .text               ro code  0x08009c90     0x6  abort.o [3]
  .text               ro code  0x08009c98    0x14  exit.o [6]
  .rodata             const    0x08009cac    0x7c  stm32f2xx_syscfg.o [1]
  .rodata             const    0x08009d28    0x7c  stm32f2xx_usart.o [1]
  .rodata             const    0x08009da4    0x78  stm32f2xx_adc.o [1]
  .rodata             const    0x08009e1c    0x78  stm32f2xx_dma.o [1]
  .rodata             const    0x08009e94    0x78  stm32f2xx_exti.o [1]
  .rodata             const    0x08009f0c    0x78  stm32f2xx_gpio.o [1]
  .rodata             const    0x08009f84    0x78  stm32f2xx_i2c.o [1]
  .rodata             const    0x08009ffc    0x78  stm32f2xx_rcc.o [1]
  .rodata             const    0x0800a074    0x78  stm32f2xx_tim.o [1]
  .rodata             const    0x0800a0ec    0x70  misc.o [1]
  .text               ro code  0x0800a15c    0x54  serial.o [1]
  .rodata             const    0x0800a1b0    0x3c  main.o [1]
  .text               ro code  0x0800a1ec    0x28  data_init.o [5]
  .iar.init_table     const    0x0800a214    0x2c  - Linker created -
  .rodata             const    0x0800a240    0x18  STBT.o [1]
  .rodata             const    0x0800a258    0x18  main.o [1]
  .rodata             const    0x0800a270    0x18  main.o [1]
  .rodata             const    0x0800a288    0x18  main.o [1]
  .text               ro code  0x0800a2a0    0x16  cmain.o [5]
  .text               ro code  0x0800a2b6     0x4  low_level_init.o [3]
  .text               ro code  0x0800a2ba     0x4  exit.o [3]
  .text               ro code  0x0800a2c0     0xa  cexit.o [5]
  .rodata             const    0x0800a2cc    0x14  STBT.o [1]
  .rodata             const    0x0800a2e0    0x14  STBT.o [1]
  .rodata             const    0x0800a2f4    0x14  main.o [1]
  .rodata             const    0x0800a308    0x10  STBT.o [1]
  .rodata             const    0x0800a318    0x10  STBT.o [1]
  .rodata             const    0x0800a328    0x10  main.o [1]
  .rodata             const    0x0800a338    0x10  main.o [1]
  .rodata             const    0x0800a348    0x10  main.o [1]
  .text               ro code  0x0800a358    0x10  startup_stm32f2xx.o [1]
  .rodata             const    0x0800a368     0xc  CU.o [1]
  .rodata             const    0x0800a374     0xc  CU.o [1]
  .rodata             const    0x0800a380     0xc  CU.o [1]
  .rodata             const    0x0800a38c     0xc  CU.o [1]
  .rodata             const    0x0800a398     0xc  CU.o [1]
  .rodata             const    0x0800a3a4     0xc  STBT.o [1]
  .rodata             const    0x0800a3b0     0xc  STBT.o [1]
  .rodata             const    0x0800a3bc     0xc  STBT.o [1]
  .rodata             const    0x0800a3c8     0xc  main.o [1]
  .rodata             const    0x0800a3d4     0xc  main.o [1]
  .rodata             const    0x0800a3e0     0xc  main.o [1]
  .rodata             const    0x0800a3ec     0xc  main.o [1]
  .rodata             const    0x0800a3f8     0xc  main.o [1]
  .text               ro code  0x0800a404     0xc  cstartup_M.o [5]
  .rodata             const    0x0800a410     0x8  CU.o [1]
  .rodata             const    0x0800a418     0x8  CU.o [1]
  .rodata             const    0x0800a420     0x8  CU.o [1]
  .rodata             const    0x0800a428     0x8  CU.o [1]
  .rodata             const    0x0800a430     0x8  CU.o [1]
  .rodata             const    0x0800a438     0x8  CU.o [1]
  .rodata             const    0x0800a440     0x8  main.o [1]
  .rodata             const    0x0800a448     0x8  main.o [1]
  .rodata             const    0x0800a450     0x8  main.o [1]
  .rodata             const    0x0800a458     0x8  tasks.o [1]
  .rodata             const    0x0800a460     0x8  timers.o [1]
  .rodata             const    0x0800a468     0x8  timers.o [1]
  .rodata             const    0x0800a470     0x4  CU.o [1]
  .rodata             const    0x0800a474     0x4  CU.o [1]
  .rodata             const    0x0800a478     0x4  CU.o [1]
  .rodata             const    0x0800a47c     0x4  CU.o [1]
  .rodata             const    0x0800a480     0x4  CU.o [1]
  .rodata             const    0x0800a484     0x4  CU.o [1]
  .rodata             const    0x0800a488     0x4  CU.o [1]
  .rodata             const    0x0800a48c     0x4  port.o [1]
  .text               ro code  0x0800a490     0x4  startup_stm32f2xx.o [1]
  .text               ro code  0x0800a494     0x4  startup_stm32f2xx.o [1]
  .text               ro code  0x0800a498     0x4  startup_stm32f2xx.o [1]
  .text               ro code  0x0800a49c     0x4  startup_stm32f2xx.o [1]
  .text               ro code  0x0800a4a0     0x4  startup_stm32f2xx.o [1]
  .text               ro code  0x0800a4a4     0x4  startup_stm32f2xx.o [1]
  .text               ro code  0x0800a4a8     0x4  startup_stm32f2xx.o [1]
  .text               ro code  0x0800a4ac     0x4  startup_stm32f2xx.o [1]
  .text               ro code  0x0800a4b0     0x4  startup_stm32f2xx.o [1]
  .text               ro code  0x0800a4b4     0x4  startup_stm32f2xx.o [1]
  .text               ro code  0x0800a4b8     0x4  startup_stm32f2xx.o [1]
  .text               ro code  0x0800a4bc     0x4  startup_stm32f2xx.o [1]
  .text               ro code  0x0800a4c0     0x4  startup_stm32f2xx.o [1]
  .text               ro code  0x0800a4c4     0x4  startup_stm32f2xx.o [1]
  .text               ro code  0x0800a4c8     0x4  startup_stm32f2xx.o [1]
  .text               ro code  0x0800a4cc     0x4  startup_stm32f2xx.o [1]
  .text               ro code  0x0800a4d0     0x4  startup_stm32f2xx.o [1]
  .text               ro code  0x0800a4d4     0x4  startup_stm32f2xx.o [1]
  .text               ro code  0x0800a4d8     0x4  startup_stm32f2xx.o [1]
  .text               ro code  0x0800a4dc     0x4  startup_stm32f2xx.o [1]
  .text               ro code  0x0800a4e0     0x4  startup_stm32f2xx.o [1]
  .text               ro code  0x0800a4e4     0x4  startup_stm32f2xx.o [1]
  .text               ro code  0x0800a4e8     0x4  startup_stm32f2xx.o [1]
  .text               ro code  0x0800a4ec     0x4  startup_stm32f2xx.o [1]
  .text               ro code  0x0800a4f0     0x4  startup_stm32f2xx.o [1]
  .text               ro code  0x0800a4f4     0x4  startup_stm32f2xx.o [1]
  .text               ro code  0x0800a4f8     0x4  startup_stm32f2xx.o [1]
  .text               ro code  0x0800a4fc     0x4  startup_stm32f2xx.o [1]
  .text               ro code  0x0800a500     0x4  startup_stm32f2xx.o [1]
  .text               ro code  0x0800a504     0x4  startup_stm32f2xx.o [1]
  .text               ro code  0x0800a508     0x4  startup_stm32f2xx.o [1]
  .text               ro code  0x0800a50c     0x4  startup_stm32f2xx.o [1]
  .text               ro code  0x0800a510     0x4  startup_stm32f2xx.o [1]
  .text               ro code  0x0800a514     0x4  startup_stm32f2xx.o [1]
  .text               ro code  0x0800a518     0x4  startup_stm32f2xx.o [1]
  .text               ro code  0x0800a51c     0x4  startup_stm32f2xx.o [1]
  .text               ro code  0x0800a520     0x4  startup_stm32f2xx.o [1]
  .text               ro code  0x0800a524     0x4  startup_stm32f2xx.o [1]
  .text               ro code  0x0800a528     0x4  startup_stm32f2xx.o [1]
  .text               ro code  0x0800a52c     0x4  startup_stm32f2xx.o [1]
  .text               ro code  0x0800a530     0x4  startup_stm32f2xx.o [1]
  .text               ro code  0x0800a534     0x4  startup_stm32f2xx.o [1]
  .text               ro code  0x0800a538     0x4  startup_stm32f2xx.o [1]
  .text               ro code  0x0800a53c     0x4  startup_stm32f2xx.o [1]
  .text               ro code  0x0800a540     0x4  startup_stm32f2xx.o [1]
  .text               ro code  0x0800a544     0x4  startup_stm32f2xx.o [1]
  .text               ro code  0x0800a548     0x4  startup_stm32f2xx.o [1]
  .text               ro code  0x0800a54c     0x4  startup_stm32f2xx.o [1]
  .text               ro code  0x0800a550     0x4  startup_stm32f2xx.o [1]
  .text               ro code  0x0800a554     0x4  startup_stm32f2xx.o [1]
  .text               ro code  0x0800a558     0x4  startup_stm32f2xx.o [1]
  .text               ro code  0x0800a55c     0x4  startup_stm32f2xx.o [1]
  .text               ro code  0x0800a560     0x4  startup_stm32f2xx.o [1]
  .text               ro code  0x0800a564     0x4  startup_stm32f2xx.o [1]
  .text               ro code  0x0800a568     0x4  startup_stm32f2xx.o [1]
  .text               ro code  0x0800a56c     0x4  startup_stm32f2xx.o [1]
  .text               ro code  0x0800a570     0x4  startup_stm32f2xx.o [1]
  .text               ro code  0x0800a574     0x4  startup_stm32f2xx.o [1]
  .text               ro code  0x0800a578     0x4  startup_stm32f2xx.o [1]
  .text               ro code  0x0800a57c     0x4  startup_stm32f2xx.o [1]
  .text               ro code  0x0800a580     0x4  startup_stm32f2xx.o [1]
  .text               ro code  0x0800a584     0x4  startup_stm32f2xx.o [1]
  .text               ro code  0x0800a588     0x4  startup_stm32f2xx.o [1]
  .text               ro code  0x0800a58c     0x4  startup_stm32f2xx.o [1]
  .text               ro code  0x0800a590     0x4  startup_stm32f2xx.o [1]
  .text               ro code  0x0800a594     0x4  startup_stm32f2xx.o [1]
  .text               ro code  0x0800a598     0x4  startup_stm32f2xx.o [1]
  .text               ro code  0x0800a59c     0x4  startup_stm32f2xx.o [1]
  .text               ro code  0x0800a5a0     0x4  startup_stm32f2xx.o [1]
  .text               ro code  0x0800a5a4     0x4  startup_stm32f2xx.o [1]
  .text               ro code  0x0800a5a8     0x4  startup_stm32f2xx.o [1]
  .text               ro code  0x0800a5ac     0x4  startup_stm32f2xx.o [1]
  .text               ro code  0x0800a5b0     0x4  startup_stm32f2xx.o [1]
  .text               ro code  0x0800a5b4     0x4  startup_stm32f2xx.o [1]
  .text               ro code  0x0800a5b8     0x4  startup_stm32f2xx.o [1]
  .text               ro code  0x0800a5bc     0x4  startup_stm32f2xx.o [1]
  .text               ro code  0x0800a5c0     0x4  startup_stm32f2xx.o [1]
  .text               ro code  0x0800a5c4     0x4  startup_stm32f2xx.o [1]
  .text               ro code  0x0800a5c8     0x4  startup_stm32f2xx.o [1]
  .text               ro code  0x0800a5cc     0x4  startup_stm32f2xx.o [1]
  .text               ro code  0x0800a5d0     0x4  startup_stm32f2xx.o [1]
  .text               ro code  0x0800a5d4     0x4  startup_stm32f2xx.o [1]
  .text               ro code  0x0800a5d8     0x4  startup_stm32f2xx.o [1]
  .text               ro code  0x0800a5dc     0x4  startup_stm32f2xx.o [1]
  .text               ro code  0x0800a5e0     0x4  startup_stm32f2xx.o [1]
  .text               ro code  0x0800a5e4     0x4  startup_stm32f2xx.o [1]
  .text               ro code  0x0800a5e8     0x4  startup_stm32f2xx.o [1]
  .text               ro code  0x0800a5ec     0x4  startup_stm32f2xx.o [1]
  .text               ro code  0x0800a5f0     0x4  startup_stm32f2xx.o [1]
  .text               ro code  0x0800a5f4     0x4  startup_stm32f2xx.o [1]
  .rodata             const    0x0800a5f8     0x0  zero_init3.o [5]
  .rodata             const    0x0800a5f8     0x0  packbits_init.o [5]
  Initializer bytes   ro data  0x0800a5f8    0x83  <for P2 s0>
                             - 0x0800a67b  0xa4f7

"P2", part 1 of 3:                          0x180
  P2 s0                        0x20000000   0x17d  <Init block>
    __DLIB_PERTHREAD  inited   0x20000000    0x88  localeconv.o [3]
    __DLIB_PERTHREAD  inited   0x20000088    0x74  setlocale.o [3]
    .data             inited   0x200000fc    0x10  stm32f2xx_rcc.o [1]
    .data             inited   0x2000010c    0x10  system_stm32f2xx.o [1]
    .data             inited   0x2000011c     0xc  CU.o [1]
    .data             inited   0x20000128     0xc  CU.o [1]
    .data             inited   0x20000134     0xc  CU.o [1]
    .data             inited   0x20000140     0xc  CU.o [1]
    .data             inited   0x2000014c     0x8  CU.o [1]
    .data             inited   0x20000154     0x8  CU.o [1]
    .data             inited   0x2000015c     0x8  CU.o [1]
    .data             inited   0x20000164     0x8  UID.o [1]
    .data             inited   0x2000016c     0x4  heap_2.o [1]
    .data             inited   0x20000170     0x4  internal_temp_sensor.o [1]
    .data             inited   0x20000174     0x4  port.o [1]
    .data             inited   0x20000178     0x4  system_stm32f2xx.o [1]
    .data             inited   0x2000017c     0x1  CLI.o [1]
                             - 0x2000017d   0x17d

"P2", part 2 of 3:                         0x43e0
  .bss                zero     0x20000180  0x3c00  heap_2.o [1]
  .bss                zero     0x20003d80   0x1e0  CLI.o [1]
  .bss                zero     0x20003f60   0x12c  main.o [1]
  .bss                zero     0x2000408c   0x12c  tasks.o [1]
  .bss                zero     0x200041b8   0x100  CLI.o [1]
  .bss                zero     0x200042b8    0x4c  ADC.o [1]
  .bss                zero     0x20004304    0x40  queue.o [1]
  .bss                zero     0x20004344    0x34  STBT.o [1]
  .bss                zero     0x20004378    0x28  ADC.o [1]
  .bss                zero     0x200043a0    0x14  ADC.o [1]
  .bss                zero     0x200043b4    0x14  internal_temp_sensor.o [1]
  .bss                zero     0x200043c8    0x14  tasks.o [1]
  .bss                zero     0x200043dc    0x14  tasks.o [1]
  .bss                zero     0x200043f0    0x14  tasks.o [1]
  .bss                zero     0x20004404    0x14  tasks.o [1]
  .bss                zero     0x20004418    0x14  tasks.o [1]
  .bss                zero     0x2000442c    0x14  timers.o [1]
  .bss                zero     0x20004440    0x14  timers.o [1]
  .bss                zero     0x20004454     0xc  main.o [1]
  .bss                zero     0x20004460     0x8  heap_2.o [1]
  .bss                zero     0x20004468     0x8  heap_2.o [1]
  .bss                zero     0x20004470     0x8  ledbuffer.o [1]
  .bss                zero     0x20004478     0x8  ledbuffer.o [1]
  .bss                zero     0x20004480     0x8  main.o [1]
  .bss                zero     0x20004488     0x8  main.o [1]
  .bss                zero     0x20004490     0x8  xxmemxmalloc.o [3]
  .bss                zero     0x20004498     0x4  ADC.o [1]
  .bss                zero     0x2000449c     0x4  CLI.o [1]
  .bss                zero     0x200044a0     0x4  CLI.o [1]
  .bss                zero     0x200044a4     0x4  I2C.o [1]
  .bss                zero     0x200044a8     0x4  I2C.o [1]
  .bss                zero     0x200044ac     0x4  STBT.o [1]
  .bss                zero     0x200044b0     0x4  STBT.o [1]
  .bss                zero     0x200044b4     0x4  STBT.o [1]
  .bss                zero     0x200044b8     0x4  UID.o [1]
  .bss                zero     0x200044bc     0x4  console.o [1]
  .bss                zero     0x200044c0     0x4  heap_2.o [1]
  .bss                zero     0x200044c4     0x4  internal_temp_sensor.o [1]
  .bss                zero     0x200044c8     0x4  internal_temp_sensor.o [1]
  .bss                zero     0x200044cc     0x4  main.o [1]
  .bss                zero     0x200044d0     0x4  main.o [1]
  .bss                zero     0x200044d4     0x4  main.o [1]
  .bss                zero     0x200044d8     0x4  main.o [1]
  .bss                zero     0x200044dc     0x4  main.o [1]
  .bss                zero     0x200044e0     0x4  port.o [1]
  .bss                zero     0x200044e4     0x4  serial.o [1]
  .bss                zero     0x200044e8     0x4  stm32f2xx_it.o [1]
  .bss                zero     0x200044ec     0x4  stm32f2xx_it.o [1]
  .bss                zero     0x200044f0     0x4  stm32f2xx_it.o [1]
  .bss                zero     0x200044f4     0x4  tasks.o [1]
  .bss                zero     0x200044f8     0x4  tasks.o [1]
  .bss                zero     0x200044fc     0x4  tasks.o [1]
  .bss                zero     0x20004500     0x4  tasks.o [1]
  .bss                zero     0x20004504     0x4  tasks.o [1]
  .bss                zero     0x20004508     0x4  tasks.o [1]
  .bss                zero     0x2000450c     0x4  tasks.o [1]
  .bss                zero     0x20004510     0x4  tasks.o [1]
  .bss                zero     0x20004514     0x4  tasks.o [1]
  .bss                zero     0x20004518     0x4  tasks.o [1]
  .bss                zero     0x2000451c     0x4  tasks.o [1]
  .bss                zero     0x20004520     0x4  tasks.o [1]
  .bss                zero     0x20004524     0x4  tasks.o [1]
  .bss                zero     0x20004528     0x4  tasks.o [1]
  .bss                zero     0x2000452c     0x4  tasks.o [1]
  .bss                zero     0x20004530     0x4  timer.o [1]
  .bss                zero     0x20004534     0x4  timer.o [1]
  .bss                zero     0x20004538     0x4  timer.o [1]
  .bss                zero     0x2000453c     0x4  timers.o [1]
  .bss                zero     0x20004540     0x4  timers.o [1]
  .bss                zero     0x20004544     0x4  timers.o [1]
  .bss                zero     0x20004548     0x4  timers.o [1]
  .bss                zero     0x2000454c     0x4  timers.o [1]
  .bss                zero     0x20004550     0x4  xgetmemchunk.o [3]
  .bss                zero     0x20004554     0x1  ADC.o [1]
  .bss                zero     0x20004555     0x1  CLI.o [1]
  .bss                zero     0x20004556     0x1  PCA9952.o [1]
  .bss                zero     0x20004557     0x1  STBT.o [1]
  .bss                zero     0x20004558     0x1  STBT.o [1]
  .bss                zero     0x20004559     0x1  UID.o [1]
  .bss                zero     0x2000455a     0x1  gear.o [1]
  .bss                zero     0x2000455b     0x1  internal_temp_sensor.o [1]
  .bss                zero     0x2000455c     0x1  port.o [1]
                             - 0x2000455d  0x43dd

"P2", part 3 of 3:                          0x600
  CSTACK                       0x20004560   0x400  <Block>
    CSTACK            uninit   0x20004560   0x400  <Block tail>
  HEAP                         0x20004960   0x200  <Block>
    HEAP              uninit   0x20004960   0x200  <Block tail>
                             - 0x20004b60   0x600


*******************************************************************************
*** INIT TABLE
***

          Address     Size
          -------     ----
Zero (__iar_zero_init3)
    1 destination range, total size 0x43dd:
          0x20000180  0x43dd

Copy/packbits (__iar_packbits_init3)
    1 source range, total size 0x83 (34% of destination):
          0x0800a5f8    0x83
    1 destination range, total size 0x17d:
          0x20000000   0x17d



*******************************************************************************
*** MODULE SUMMARY
***

    Module                  ro code  ro data  rw data
    ------                  -------  -------  -------
C:\Users\jeanphil.rey\Documents\JP\Perso\F3000\F3000git\V2\FW\Project\IARARM\Debug\Obj: [1]
    ADC.o                       524               141
    CLI.o                       394        1      746
    CU.o                      1 996      169       72
    I2C.o                     1 488                 8
    PCA9952.o                   316                 1
    SEG7.o                      158
    STBT.o                      748      132       66
    UID.o                       278        3       13
    console.o                    52                 4
    event_groups.o              768
    gear.o                      188                 1
    heap_2.o                    332        3   15 384
    internal_temp_sensor.o      188        1       33
    ledbuffer.o                 360                16
    list.o                      158
    main.o                      812      284      348
    misc.o                      232      112
    port.o                      508        6        9
    portasm.o                   136
    queue.o                   1 950                64
    serial.o                     84                 4
    startup_stm32f2xx.o         764
    stm32f2xx_adc.o           1 696      120
    stm32f2xx_dma.o           2 696      120
    stm32f2xx_exti.o            464      120
    stm32f2xx_gpio.o          1 388      120
    stm32f2xx_i2c.o           1 748      120
    stm32f2xx_it.o              522                12
    stm32f2xx_rcc.o             664      126       16
    stm32f2xx_syscfg.o          256      124
    stm32f2xx_tim.o           3 100      120
    stm32f2xx_usart.o         1 692      124
    system_stm32f2xx.o          400        6       20
    tasks.o                   3 382        8      460
    timer.o                     232                12
    timers.o                  1 188       16       60
    -------------------------------------------------
    Total:                   31 862    1 835   17 490

command line: [2]
    -------------------------------------------------
    Total:

dl7M_tlf.a: [3]
    abort.o                       6
    div.o                        14
    exit.o                        4
    localeconv.o                108       46      136
    low_level_init.o              4
    setlocale.o                  20       40      116
    sprintf.o                    52
    strstr.o                     44
    xencoding_sb.o               96
    xgetmemchunk.o               44                 4
    xmbcurmax.o                  10
    xmbtowc.o                    32
    xprintffull.o             4 294
    xsprout.o                    10
    xtls.o                        2
    xwctomb.o                    26
    xxmemxfree.o                128
    xxmemxmalloc.o              176                 8
    -------------------------------------------------
    Total:                    5 070       86      264

m7M_tl.a: [4]
    DblAdd.o                    232
    DblCmpGe.o                   46
    DblCmpLe.o                   46
    DblDiv.o                    582
    DblMul.o                    418
    DblSub.o                    384
    DblToFlt.o                  144
    DblToI32.o                   88
    FltDiv.o                    252
    FltToDbl.o                   78
    I32ToDbl.o                   48
    I32ToFlt.o                   30
    xdnorm.o                     66
    xdscale.o                   268
    -------------------------------------------------
    Total:                    2 682

rt7M_tl.a: [5]
    ABImemcpy.o                 118
    ABImemset.o                 102
    I64DivMod.o                 238
    I64DivZer.o                   2
    cexit.o                      10
    cmain.o                      22
    cstartup_M.o                 12
    data_init.o                  40
    memchr.o                     88
    packbits_init.o             176
    strchr.o                     22
    strcmp.o                     66
    strlen.o                     54
    zero_init3.o                 34
    -------------------------------------------------
    Total:                      984

shb_l.a: [6]
    exit.o                       20
    -------------------------------------------------
    Total:                       20

    Gaps                         34        2
    Linker created                        44    1 536
-----------------------------------------------------
    Grand Total:             40 652    1 967   19 290


*******************************************************************************
*** ENTRY LIST
***

Entry                      Address    Size  Type      Object
-----                      -------    ----  ----      ------
?main                   0x0800a2a1          Code  Gb  cmain.o [5]
ADCChannelValueMapping  0x200043a0    0x14  Data  Gb  ADC.o [1]
ADCConvertedValues      0x20004378    0x28  Data  Gb  ADC.o [1]
ADCInited               0x20004554     0x1  Data  Gb  ADC.o [1]
ADC_CallbackHandler     0x08008123    0x36  Code  Gb  ADC.o [1]
ADC_Cmd                 0x0800984f    0x5c  Code  Gb  stm32f2xx_adc.o [1]
ADC_CommonInit          0x080096eb   0x164  Code  Gb  stm32f2xx_adc.o [1]
ADC_DMACmd              0x08009b1b    0x52  Code  Gb  stm32f2xx_adc.o [1]
ADC_DMARequestAfterLastTransferCmd
                        0x08009b6d    0x52  Code  Gb  stm32f2xx_adc.o [1]
ADC_IRQHandler          0x0800a4fd          Code  Wk  startup_stm32f2xx.o [1]
ADC_Init                0x08009541   0x1aa  Code  Gb  stm32f2xx_adc.o [1]
ADC_LowLevelInit        0x08008159   0x14e  Code  Gb  ADC.o [1]
ADC_RegisterCallback    0x080080e1    0x42  Code  Gb  ADC.o [1]
ADC_RegularChannelConfig
                        0x080098f1   0x200  Code  Gb  stm32f2xx_adc.o [1]
ADC_SoftwareStartConv   0x08009af1    0x2a  Code  Gb  stm32f2xx_adc.o [1]
ADC_TempSensorVrefintCmd
                        0x080098ab    0x46  Code  Gb  stm32f2xx_adc.o [1]
ADC_cb_table            0x200042b8    0x4c  Data  Gb  ADC.o [1]
AHBPrescTable           0x2000010c    0x10  Data  Gb  system_stm32f2xx.o [1]
APBAHBPrescTable        0x200000fc    0x10  Data  Lc  stm32f2xx_rcc.o [1]
AppTaskHandle           0x200044cc     0x4  Data  Gb  main.o [1]
BTCOM                   0x20004557     0x1  Data  Gb  STBT.o [1]
BTRXedStr               0x20004344    0x34  Data  Gb  STBT.o [1]
BTRXedStrPtr            0x200044b4     0x4  Data  Gb  STBT.o [1]
BT_State                0x20004558     0x1  Data  Gb  STBT.o [1]
BT_UART_RX_Queue        0x200044b0     0x4  Data  Gb  STBT.o [1]
BT_UART_sem             0x200044ac     0x4  Data  Gb  STBT.o [1]
BusFault_Handler        0x08006c0f     0x2  Code  Gb  stm32f2xx_it.o [1]
CAN1_RX0_IRQHandler     0x0800a505          Code  Wk  startup_stm32f2xx.o [1]
CAN1_RX1_IRQHandler     0x0800a509          Code  Wk  startup_stm32f2xx.o [1]
CAN1_SCE_IRQHandler     0x0800a50d          Code  Wk  startup_stm32f2xx.o [1]
CAN1_TX_IRQHandler      0x0800a501          Code  Wk  startup_stm32f2xx.o [1]
CAN2_RX0_IRQHandler     0x0800a5b5          Code  Wk  startup_stm32f2xx.o [1]
CAN2_RX1_IRQHandler     0x0800a5b9          Code  Wk  startup_stm32f2xx.o [1]
CAN2_SCE_IRQHandler     0x0800a5bd          Code  Wk  startup_stm32f2xx.o [1]
CAN2_TX_IRQHandler      0x0800a5b1          Code  Wk  startup_stm32f2xx.o [1]
CLI_CmdList             0x20003d80   0x1e0  Data  Gb  CLI.o [1]
CLI_Error               0x0800592d    0x12  Code  Gb  CLI.o [1]
CLI_Init                0x080057b5    0x30  Code  Gb  CLI.o [1]
CLI_Input               0x080057e5    0x90  Code  Gb  CLI.o [1]
CLI_Interpreter         0x08005875    0x80  Code  Gb  CLI.o [1]
CLI_Out                 0x2000449c     0x4  Data  Gb  CLI.o [1]
CLI_Output              0x080058f5    0x1e  Code  Gb  CLI.o [1]
CLI_Output_Enable       0x2000017c     0x1  Data  Gb  CLI.o [1]
CLI_RxBuf               0x200041b8   0x100  Data  Gb  CLI.o [1]
CLI_RxPtr               0x20004555     0x1  Data  Gb  CLI.o [1]
CLI_UserInterpreter     0x200044a0     0x4  Data  Gb  CLI.o [1]
COM_IRQn                0x0800a478     0x4  Data  Gb  CU.o [1]
COM_RX_AF               0x0800148a     0x2  Data  Gb  CU.o [1]
COM_RX_PIN              0x0800a474     0x4  Data  Gb  CU.o [1]
COM_RX_PIN_SOURCE       0x08001346     0x2  Data  Gb  CU.o [1]
COM_RX_PORT             0x2000015c     0x8  Data  Gb  CU.o [1]
COM_RX_PORT_CLK         0x0800a428     0x8  Data  Gb  CU.o [1]
COM_TX_AF               0x08001412     0x2  Data  Gb  CU.o [1]
COM_TX_PIN              0x0800a470     0x4  Data  Gb  CU.o [1]
COM_TX_PIN_SOURCE       0x080012e2     0x2  Data  Gb  CU.o [1]
COM_TX_PORT             0x20000154     0x8  Data  Gb  CU.o [1]
COM_TX_PORT_CLK         0x0800a420     0x8  Data  Gb  CU.o [1]
COM_USART               0x2000014c     0x8  Data  Gb  CU.o [1]
COM_USART_CLK           0x0800a418     0x8  Data  Gb  CU.o [1]
CRYP_IRQHandler         0x0800a5f1          Code  Wk  startup_stm32f2xx.o [1]
CSTACK$$Base            0x20004560           --   Gb  - Linker created -
CSTACK$$Limit           0x20004960           --   Gb  - Linker created -
CU_COMInit              0x08005e51   0x14e  Code  Gb  CU.o [1]
CU_IOInit               0x080060f1   0x3e6  Code  Gb  CU.o [1]
CU_Inputs_EventGroup    0x200044dc     0x4  Data  Gb  main.o [1]
CU_LEDInit              0x08005dc7    0x5a  Code  Gb  CU.o [1]
CU_LEDOff               0x08005e39    0x18  Code  Gb  CU.o [1]
CU_LEDOn                0x08005e21    0x18  Code  Gb  CU.o [1]
ConfigTaskHandle        0x200044d0     0x4  Data  Gb  main.o [1]
ConsoleOutput           0x200044bc     0x4  Data  Gb  console.o [1]
DCMI_IRQHandler         0x0800a5ed          Code  Wk  startup_stm32f2xx.o [1]
DMA1_Stream0_IRQHandler
                        0x0800a4e1          Code  Wk  startup_stm32f2xx.o [1]
DMA1_Stream1_IRQHandler
                        0x0800a4e5          Code  Wk  startup_stm32f2xx.o [1]
DMA1_Stream2_IRQHandler
                        0x0800a4e9          Code  Wk  startup_stm32f2xx.o [1]
DMA1_Stream3_IRQHandler
                        0x0800a4ed          Code  Wk  startup_stm32f2xx.o [1]
DMA1_Stream4_IRQHandler
                        0x0800a4f1          Code  Wk  startup_stm32f2xx.o [1]
DMA1_Stream5_IRQHandler
                        0x0800a4f5          Code  Wk  startup_stm32f2xx.o [1]
DMA1_Stream6_IRQHandler
                        0x0800a4f9          Code  Wk  startup_stm32f2xx.o [1]
DMA1_Stream7_IRQHandler
                        0x0800a571          Code  Wk  startup_stm32f2xx.o [1]
DMA2_Stream0_IRQHandler
                        0x08006c59    0x22  Code  Gb  stm32f2xx_it.o [1]
DMA2_Stream0_cb         0x080082a7    0x22  Code  Gb  ADC.o [1]
DMA2_Stream1_IRQHandler
                        0x0800a599          Code  Wk  startup_stm32f2xx.o [1]
DMA2_Stream2_IRQHandler
                        0x0800a59d          Code  Wk  startup_stm32f2xx.o [1]
DMA2_Stream3_IRQHandler
                        0x0800a5a1          Code  Wk  startup_stm32f2xx.o [1]
DMA2_Stream4_IRQHandler
                        0x0800a5a5          Code  Wk  startup_stm32f2xx.o [1]
DMA2_Stream5_IRQHandler
                        0x0800a5c5          Code  Wk  startup_stm32f2xx.o [1]
DMA2_Stream6_IRQHandler
                        0x0800a5c9          Code  Wk  startup_stm32f2xx.o [1]
DMA2_Stream7_IRQHandler
                        0x0800a5cd          Code  Wk  startup_stm32f2xx.o [1]
DMA_ClearITPendingBit   0x0800938f    0xb8  Code  Gb  stm32f2xx_dma.o [1]
DMA_Cmd                 0x08008f59    0xc4  Code  Gb  stm32f2xx_dma.o [1]
DMA_DeInit              0x08008ab9   0x1ea  Code  Gb  stm32f2xx_dma.o [1]
DMA_GetITStatus         0x08009191   0x1fe  Code  Gb  stm32f2xx_dma.o [1]
DMA_ITConfig            0x08009081    0xf6  Code  Gb  stm32f2xx_dma.o [1]
DMA_Init                0x08008ca3   0x2b6  Code  Gb  stm32f2xx_dma.o [1]
DebugMon_Handler        0x08006c15     0x2  Code  Gb  stm32f2xx_it.o [1]
Delay_ms_tick           0x200044ec     0x4  Data  Gb  stm32f2xx_it.o [1]
DiagnosticTaskHandle    0x200044d8     0x4  Data  Gb  main.o [1]
ETH_IRQHandler          0x0800a5a9          Code  Wk  startup_stm32f2xx.o [1]
ETH_WKUP_IRQHandler     0x0800a5ad          Code  Wk  startup_stm32f2xx.o [1]
EUI64_getNXSFormat      0x08005d4d    0x3e  Code  Gb  UID.o [1]
EXTI0_IRQHandler        0x0800a4cd          Code  Wk  startup_stm32f2xx.o [1]
EXTI15_10_IRQHandler    0x08006d57    0x6e  Code  Gb  stm32f2xx_it.o [1]
EXTI1_IRQHandler        0x0800a4d1          Code  Wk  startup_stm32f2xx.o [1]
EXTI2_IRQHandler        0x0800a4d5          Code  Wk  startup_stm32f2xx.o [1]
EXTI3_IRQHandler        0x0800a4d9          Code  Wk  startup_stm32f2xx.o [1]
EXTI4_IRQHandler        0x0800a4dd          Code  Wk  startup_stm32f2xx.o [1]
EXTI9_5_IRQHandler      0x08006df1    0x16  Code  Gb  stm32f2xx_it.o [1]
EXTI_ClearITPendingBit  0x080080a7    0x20  Code  Gb  stm32f2xx_exti.o [1]
EXTI_GetITStatus        0x08007ff7    0xb0  Code  Gb  stm32f2xx_exti.o [1]
EXTI_Init               0x08007f11    0xe6  Code  Gb  stm32f2xx_exti.o [1]
F3000CLIInterpreter     0x08004af5    0xb6  Code  Gb  main.o [1]
F3000_App               0x08004a53    0xa2  Code  Gb  main.o [1]
F3000_Conf              0x08004a2f     0xc  Code  Gb  main.o [1]
F3000_Diag              0x08004a3b     0xc  Code  Gb  main.o [1]
F3000_Periodic          0x08004a47     0xc  Code  Gb  main.o [1]
FLASH_IRQHandler        0x0800a4c5          Code  Wk  startup_stm32f2xx.o [1]
FSMC_IRQHandler         0x0800a575          Code  Wk  startup_stm32f2xx.o [1]
GPIO_CLK                0x0800a368     0xc  Data  Gb  CU.o [1]
GPIO_Init               0x08005031   0x18a  Code  Gb  stm32f2xx_gpio.o [1]
GPIO_PIN                0x0800a410     0x8  Data  Gb  CU.o [1]
GPIO_PORT               0x2000011c     0xc  Data  Gb  CU.o [1]
GPIO_PinAFConfig        0x08005389   0x1ec  Code  Gb  stm32f2xx_gpio.o [1]
GPIO_ReadInputDataBit   0x080051bb    0xf0  Code  Gb  stm32f2xx_gpio.o [1]
GPIO_ResetBits          0x08005307    0x5c  Code  Gb  stm32f2xx_gpio.o [1]
GPIO_SetBits            0x080052ab    0x5c  Code  Gb  stm32f2xx_gpio.o [1]
HASH_RNG_IRQHandler     0x0800a5f5          Code  Wk  startup_stm32f2xx.o [1]
HEAP$$Base              0x20004960           --   Gb  - Linker created -
HEAP$$Limit             0x20004b60           --   Gb  - Linker created -
HardFault_Handler       0x08006c09     0x4  Code  Gb  stm32f2xx_it.o [1]
I2C1_ER_IRQHandler      0x0800a535          Code  Wk  startup_stm32f2xx.o [1]
I2C1_EV_IRQHandler      0x0800a531          Code  Wk  startup_stm32f2xx.o [1]
I2C2_ER_IRQHandler      0x0800a53d          Code  Wk  startup_stm32f2xx.o [1]
I2C2_EV_IRQHandler      0x0800a539          Code  Wk  startup_stm32f2xx.o [1]
I2C3_ER_IRQHandler      0x0800a5d9          Code  Wk  startup_stm32f2xx.o [1]
I2C3_EV_IRQHandler      0x0800a5d5          Code  Wk  startup_stm32f2xx.o [1]
I2CInUse                0x20004556     0x1  Data  Gb  PCA9952.o [1]
I2C_AcknowledgeConfig   0x08007ad5    0x5e  Code  Gb  stm32f2xx_i2c.o [1]
I2C_Bus_Init            0x08005f9f   0x152  Code  Gb  CU.o [1]
I2C_CLK                 0x0800a374     0xc  Data  Gb  CU.o [1]
I2C_CheckEvent          0x08007b9d   0x104  Code  Gb  stm32f2xx_i2c.o [1]
I2C_Cmd                 0x08007961    0x5e  Code  Gb  stm32f2xx_i2c.o [1]
I2C_DeInit              0x0800773d    0x80  Code  Gb  stm32f2xx_i2c.o [1]
I2C_Driver_Init         0x080084e9    0x62  Code  Gb  I2C.o [1]
I2C_GenerateSTART       0x080079bf    0x5e  Code  Gb  stm32f2xx_i2c.o [1]
I2C_GenerateSTOP        0x08007a1d    0x5e  Code  Gb  stm32f2xx_i2c.o [1]
I2C_GetFlagStatus       0x08007ca1    0xec  Code  Gb  stm32f2xx_i2c.o [1]
I2C_Init                0x080077bd   0x1a4  Code  Gb  stm32f2xx_i2c.o [1]
I2C_Inited_flag         0x200044a8     0x4  Data  Gb  I2C.o [1]
I2C_PERIPH              0x20000128     0xc  Data  Gb  CU.o [1]
I2C_ReceiveData         0x08007b5b    0x26  Code  Gb  stm32f2xx_i2c.o [1]
I2C_SCL_AF              0x0800a480     0x4  Data  Gb  CU.o [1]
I2C_SCL_GPIO_CLK        0x0800a380     0xc  Data  Gb  CU.o [1]
I2C_SCL_GPIO_PORT       0x20000134     0xc  Data  Gb  CU.o [1]
I2C_SCL_PIN             0x0800a430     0x8  Data  Gb  CU.o [1]
I2C_SCL_SOURCE          0x0800a47c     0x4  Data  Gb  CU.o [1]
I2C_SDA_AF              0x0800a488     0x4  Data  Gb  CU.o [1]
I2C_SDA_GPIO_CLK        0x0800a38c     0xc  Data  Gb  CU.o [1]
I2C_SDA_GPIO_PORT       0x20000140     0xc  Data  Gb  CU.o [1]
I2C_SDA_PIN             0x0800a438     0x8  Data  Gb  CU.o [1]
I2C_SDA_SOURCE          0x0800a484     0x4  Data  Gb  CU.o [1]
I2C_SPEED               0x0800a398     0xc  Data  Gb  CU.o [1]
I2C_Send7bitAddress     0x08007a7b    0x5a  Code  Gb  stm32f2xx_i2c.o [1]
I2C_SendData            0x08007b33    0x28  Code  Gb  stm32f2xx_i2c.o [1]
I2C_abort_transaction   0x0800854b    0xe6  Code  Gb  I2C.o [1]
I2C_read_reg            0x08008631   0x1e0  Code  Gb  I2C.o [1]
I2C_sem                 0x200044a4     0x4  Data  Gb  I2C.o [1]
I2C_write_burst         0x0800892b   0x164  Code  Gb  I2C.o [1]
I2C_write_reg           0x08008811   0x11a  Code  Gb  I2C.o [1]
ITS_ADCAccu             0x200043b4    0x14  Data  Gb  internal_temp_sensor.o [1]
ITS_ADCAccuPtr          0x2000455b     0x1  Data  Gb  internal_temp_sensor.o [1]
ITS_Init                0x08006641    0x1e  Code  Gb  internal_temp_sensor.o [1]
ITS_Monitor_callback    0x08006661    0x78  Code  Gb  internal_temp_sensor.o [1]
ITS_OverTempThreshold   0x20000170     0x4  Data  Gb  internal_temp_sensor.o [1]
ITS_OverTemp_cb         0x200044c4     0x4  Data  Gb  internal_temp_sensor.o [1]
ITS_currentValue        0x200044c8     0x4  Data  Gb  internal_temp_sensor.o [1]
InStream_Read           0x08009be1    0x22  Code  Lc  packbits_init.o [5]
LEDbuffer               0x20004470     0x8  Data  Gb  ledbuffer.o [1]
LEDbuffer_MaskReset     0x0800561b    0x34  Code  Gb  ledbuffer.o [1]
LEDbuffer_MaskSet       0x080055e9    0x32  Code  Gb  ledbuffer.o [1]
LEDbuffer_ResetBit      0x080056a5    0x56  Code  Gb  ledbuffer.o [1]
LEDbuffer_SetBit        0x0800564f    0x56  Code  Gb  ledbuffer.o [1]
LEDbuffer_last          0x20004478     0x8  Data  Gb  ledbuffer.o [1]
LEDbuffer_refresh       0x0800559d    0x4c  Code  Gb  ledbuffer.o [1]
LEDs_Init               0x08005d8d    0x3a  Code  Gb  CU.o [1]
MemManage_Handler       0x08006c0d     0x2  Code  Gb  stm32f2xx_it.o [1]
NMI_Handler             0x08006c07     0x2  Code  Gb  stm32f2xx_it.o [1]
NVIC_Init               0x08005bc1    0x9a  Code  Gb  misc.o [1]
NVIC_PriorityGroupConfig
                        0x08005b8d    0x34  Code  Gb  misc.o [1]
NVIC_SystemReset        0x08004a15    0x1a  Code  Lc  main.o [1]
NXS_EUI64               0x20004488     0x8  Data  Gb  main.o [1]
NXS_UID                 0x20004454     0xc  Data  Gb  main.o [1]
OTG_FS_IRQHandler       0x0800a5c1          Code  Wk  startup_stm32f2xx.o [1]
OTG_FS_WKUP_IRQHandler  0x0800a55d          Code  Wk  startup_stm32f2xx.o [1]
OTG_HS_EP1_IN_IRQHandler
                        0x0800a5e1          Code  Wk  startup_stm32f2xx.o [1]
OTG_HS_EP1_OUT_IRQHandler
                        0x0800a5dd          Code  Wk  startup_stm32f2xx.o [1]
OTG_HS_IRQHandler       0x0800a5e9          Code  Wk  startup_stm32f2xx.o [1]
OTG_HS_WKUP_IRQHandler  0x0800a5e5          Code  Wk  startup_stm32f2xx.o [1]
PCA9952_Init            0x080066fd    0x74  Code  Gb  PCA9952.o [1]
PCA9952_LED_Control     0x08006771    0x56  Code  Gb  PCA9952.o [1]
PCA9952_read_reg        0x0800680b    0x24  Code  Gb  PCA9952.o [1]
PCA9952_write_burst     0x080067e7    0x24  Code  Gb  PCA9952.o [1]
PCA9952_write_reg       0x080067c7    0x20  Code  Gb  PCA9952.o [1]
PVD_IRQHandler          0x0800a4b9          Code  Wk  startup_stm32f2xx.o [1]
PendSV_Handler          0x08006c17     0x2  Code  Gb  stm32f2xx_it.o [1]
PeriodicTaskHandle      0x200044d4     0x4  Data  Gb  main.o [1]
RCC_AHB1PeriphClockCmd  0x08006f0b    0x58  Code  Gb  stm32f2xx_rcc.o [1]
RCC_APB1PeriphClockCmd  0x08006f63    0x58  Code  Gb  stm32f2xx_rcc.o [1]
RCC_APB1PeriphResetCmd  0x0800701d    0x58  Code  Gb  stm32f2xx_rcc.o [1]
RCC_APB2PeriphClockCmd  0x08006fbb    0x58  Code  Gb  stm32f2xx_rcc.o [1]
RCC_GetClocksFreq       0x08006e09   0x102  Code  Gb  stm32f2xx_rcc.o [1]
RCC_IRQHandler          0x0800a4c9          Code  Wk  startup_stm32f2xx.o [1]
RTC_Alarm_IRQHandler    0x0800a559          Code  Wk  startup_stm32f2xx.o [1]
RTC_WKUP_IRQHandler     0x0800a4c1          Code  Wk  startup_stm32f2xx.o [1]
Region$$Table$$Base     0x0800a214           --   Gb  - Linker created -
Region$$Table$$Limit    0x0800a240           --   Gb  - Linker created -
Reset_Handler           0x0800a359          Code  Wk  startup_stm32f2xx.o [1]
SDIO_IRQHandler         0x0800a579          Code  Wk  startup_stm32f2xx.o [1]
SEG7_Set                0x08005705    0x9e  Code  Gb  SEG7.o [1]
SPI1_IRQHandler         0x0800a541          Code  Wk  startup_stm32f2xx.o [1]
SPI2_IRQHandler         0x0800a545          Code  Wk  startup_stm32f2xx.o [1]
SPI3_IRQHandler         0x0800a581          Code  Wk  startup_stm32f2xx.o [1]
STBT_ConsoleOutput      0x08006839     0xc  Code  Gb  STBT.o [1]
STBT_Init               0x08006845    0x8c  Code  Gb  STBT.o [1]
STBT_SPP_Send           0x08006919    0x20  Code  Gb  STBT.o [1]
STBT_Send               0x080068d1    0x48  Code  Gb  STBT.o [1]
STBT_Task               0x0800693d   0x196  Code  Gb  STBT.o [1]
STBT_USART_RX_Callback  0x08006ad3    0x12  Code  Gb  STBT.o [1]
SVC_Handler             0x08006c13     0x2  Code  Gb  stm32f2xx_it.o [1]
SYSCFG_EXTILineConfig   0x08007e11    0xf8  Code  Gb  stm32f2xx_syscfg.o [1]
SerialUART_sem          0x200044e4     0x4  Data  Gb  serial.o [1]
Serial_SendString       0x0800a15d    0x4a  Code  Gb  serial.o [1]
SetSysClock             0x08005af1    0x68  Code  Lc  system_stm32f2xx.o [1]
SysTick_Delay_cb        0x200044e8     0x4  Data  Gb  stm32f2xx_it.o [1]
SysTick_Delay_ms        0x200044f0     0x4  Data  Gb  stm32f2xx_it.o [1]
SysTick_Handler         0x08006c19    0x40  Code  Gb  stm32f2xx_it.o [1]
SystemCoreClock         0x20000178     0x4  Data  Gb  system_stm32f2xx.o [1]
SystemCoreClockUpdate   0x08005a43    0xae  Code  Gb  system_stm32f2xx.o [1]
SystemInit              0x080059fd    0x46  Code  Gb  system_stm32f2xx.o [1]
TAMP_STAMP_IRQHandler   0x0800a4bd          Code  Wk  startup_stm32f2xx.o [1]
TIM1_BRK_TIM9_IRQHandler
                        0x0800a515          Code  Wk  startup_stm32f2xx.o [1]
TIM1_CC_IRQHandler      0x0800a521          Code  Wk  startup_stm32f2xx.o [1]
TIM1_TRG_COM_TIM11_IRQHandler
                        0x0800a51d          Code  Wk  startup_stm32f2xx.o [1]
TIM1_UP_TIM10_IRQHandler
                        0x0800a519          Code  Wk  startup_stm32f2xx.o [1]
TIM2_IRQHandler         0x08006ca3    0xb4  Code  Gb  stm32f2xx_it.o [1]
TIM3_IRQHandler         0x0800a529          Code  Wk  startup_stm32f2xx.o [1]
TIM4_IRQHandler         0x0800a52d          Code  Wk  startup_stm32f2xx.o [1]
TIM5_IRQHandler         0x0800a57d          Code  Wk  startup_stm32f2xx.o [1]
TIM6_DAC_IRQHandler     0x0800a58d          Code  Wk  startup_stm32f2xx.o [1]
TIM7_IRQHandler         0x0800a591          Code  Wk  startup_stm32f2xx.o [1]
TIM8_BRK_TIM12_IRQHandler
                        0x0800a561          Code  Wk  startup_stm32f2xx.o [1]
TIM8_CC_IRQHandler      0x0800a56d          Code  Wk  startup_stm32f2xx.o [1]
TIM8_TRG_COM_TIM14_IRQHandler
                        0x0800a569          Code  Wk  startup_stm32f2xx.o [1]
TIM8_UP_TIM13_IRQHandler
                        0x0800a565          Code  Wk  startup_stm32f2xx.o [1]
TIM_ClearITPendingBit   0x0800495d    0x7e  Code  Gb  stm32f2xx_tim.o [1]
TIM_Cmd                 0x08003ffd    0xb4  Code  Gb  stm32f2xx_tim.o [1]
TIM_GetITStatus         0x08004871    0xec  Code  Gb  stm32f2xx_tim.o [1]
TIM_ITConfig            0x080047a1    0xc6  Code  Gb  stm32f2xx_tim.o [1]
TIM_OC1Init             0x080040b1   0x1c2  Code  Gb  stm32f2xx_tim.o [1]
TIM_OC1PreloadConfig    0x080045ed    0x96  Code  Gb  stm32f2xx_tim.o [1]
TIM_OC2Init             0x08004273   0x1ac  Code  Gb  stm32f2xx_tim.o [1]
TIM_OC2PreloadConfig    0x08004689    0x7c  Code  Gb  stm32f2xx_tim.o [1]
TIM_OC3Init             0x0800441f   0x19a  Code  Gb  stm32f2xx_tim.o [1]
TIM_OC3PreloadConfig    0x08004705    0x6a  Code  Gb  stm32f2xx_tim.o [1]
TIM_SetCounter          0x08003f41    0x84  Code  Gb  stm32f2xx_tim.o [1]
TIM_TimeBaseInit        0x08003df9   0x148  Code  Gb  stm32f2xx_tim.o [1]
Timer2_OC_Ch1_callback  0x20004530     0x4  Data  Gb  timer.o [1]
Timer2_OC_Ch2_callback  0x20004534     0x4  Data  Gb  timer.o [1]
Timer2_OC_Ch3_callback  0x20004538     0x4  Data  Gb  timer.o [1]
UART4_IRQHandler        0x0800a585          Code  Wk  startup_stm32f2xx.o [1]
UART5_IRQHandler        0x0800a589          Code  Wk  startup_stm32f2xx.o [1]
UID                     0x20004480     0x8  Data  Gb  main.o [1]
UID_Init                0x08005c75     0xa  Code  Gb  UID.o [1]
UID_base_address        0x200044b8     0x4  Data  Gb  UID.o [1]
UID_default             0x20000164     0x8  Data  Gb  UID.o [1]
UID_getNXSFormat        0x08005cdb    0x66  Code  Gb  UID.o [1]
UID_getUID              0x08005c7f    0x5c  Code  Gb  UID.o [1]
UID_length              0x20004559     0x1  Data  Gb  UID.o [1]
USART1_IRQHandler       0x0800a549          Code  Wk  startup_stm32f2xx.o [1]
USART2_IRQHandler       0x0800a54d          Code  Wk  startup_stm32f2xx.o [1]
USART3_IRQHandler       0x08006c7b    0x28  Code  Gb  stm32f2xx_it.o [1]
USART6_IRQHandler       0x0800a5d1          Code  Wk  startup_stm32f2xx.o [1]
USART_ClearITPendingBit
                        0x08007673    0xaa  Code  Gb  stm32f2xx_usart.o [1]
USART_Cmd               0x080072a1    0x76  Code  Gb  stm32f2xx_usart.o [1]
USART_GetITStatus       0x0800752f   0x144  Code  Gb  stm32f2xx_usart.o [1]
USART_ITConfig          0x080073e1   0x14e  Code  Gb  stm32f2xx_usart.o [1]
USART_Init              0x080070a1   0x200  Code  Gb  stm32f2xx_usart.o [1]
USART_ReceiveData       0x08007375    0x48  Code  Gb  stm32f2xx_usart.o [1]
USART_SendData          0x08007317    0x5e  Code  Gb  stm32f2xx_usart.o [1]
UsageFault_Handler      0x08006c11     0x2  Code  Gb  stm32f2xx_it.o [1]
WWDG_IRQHandler         0x0800a4b5          Code  Wk  startup_stm32f2xx.o [1]
_EncodingSb_Mbtowc      0x08001e47    0x30  Code  Gb  xencoding_sb.o [3]
_EncodingSb_Wctomb      0x08001e2d    0x1a  Code  Gb  xencoding_sb.o [3]
_GenldFull              0x08000fb9   0x248  Code  Lc  xprintffull.o [3]
_IsdstStr               0x2000008c     0x4  Data  Gb  setlocale.o [3]
_LdtobFull              0x08000bf1   0x3c2  Code  Lc  xprintffull.o [3]
_LitobFull              0x08000a93   0x10c  Code  Lc  xprintffull.o [3]
_LocaleEncoding         0x08001e19     0xe  Code  Gb  setlocale.o [3]
_LocaleReturnString     0x200000ac    0x50  Data  Lc  setlocale.o [3]
_Locale_Profile         0x20000090    0x1c  Data  Gb  setlocale.o [3]
_Locale_aeabi_lconv     0x20000050    0x38  Data  Gb  localeconv.o [3]
_Locale_lconv           0x20000000    0x50  Data  Gb  localeconv.o [3]
_Mbtowc                 0x0800124b    0x20  Code  Gb  xmbtowc.o [3]
_PrintfFull             0x08000185   0x5b6  Code  Gb  xprintffull.o [3]
_PutcharsFull           0x08001201    0x2e  Code  Lc  xprintffull.o [3]
_PutstrFull             0x08000751   0x33c  Code  Lc  xprintffull.o [3]
_SProut                 0x080012a3     0xa  Code  Gb  xsprout.o [3]
_TzoneStr               0x20000088     0x4  Data  Gb  setlocale.o [3]
_Wctomb                 0x080013f9    0x1a  Code  Gb  xwctomb.o [3]
__aeabi_cdcmple         0x080017e1          Code  Gb  DblCmpLe.o [4]
__aeabi_cdrcmple        0x08001811          Code  Gb  DblCmpGe.o [4]
__aeabi_d2f             0x08008459          Code  Gb  DblToFlt.o [4]
__aeabi_d2iz            0x0800194d          Code  Gb  DblToI32.o [4]
__aeabi_d2uiz           0x08001979          Code  Gb  DblToI32.o [4]
__aeabi_dadd            0x08001ebd          Code  Gb  DblAdd.o [4]
__aeabi_ddiv            0x08001b55          Code  Gb  DblDiv.o [4]
__aeabi_dmul            0x080015fd          Code  Gb  DblMul.o [4]
__aeabi_dsub            0x080019d5          Code  Gb  DblSub.o [4]
__aeabi_f2d             0x08008409          Code  Gb  FltToDbl.o [4]
__aeabi_fdiv            0x0800830d          Code  Gb  FltDiv.o [4]
__aeabi_i2d             0x080019a5          Code  Gb  I32ToDbl.o [4]
__aeabi_ldiv0           0x08001eb9          Code  Gb  I64DivZer.o [5]
__aeabi_memcpy          0x08001415          Code  Gb  ABImemcpy.o [5]
__aeabi_memcpy4         0x08001435          Code  Gb  ABImemcpy.o [5]
__aeabi_memcpy8         0x08001435          Code  Gb  ABImemcpy.o [5]
__aeabi_memset          0x08003569          Code  Gb  ABImemset.o [5]
__aeabi_ui2d            0x080019b9          Code  Gb  I32ToDbl.o [4]
__aeabi_ui2f            0x080082ed          Code  Gb  I32ToFlt.o [4]
__aeabi_uldivmod        0x0800150d          Code  Gb  I64DivMod.o [5]
__cmain                 0x0800a2a1          Code  Gb  cmain.o [5]
__data_Aldata           0x20004490     0x8  Data  Gb  xxmemxmalloc.o [3]
__data_GetMemChunk      0x08001e8d    0x2c  Code  Gb  xgetmemchunk.o [3]
__exit                  0x08009c99    0x14  Code  Gb  exit.o [6]
__iar_Dnorm             0x0800179f    0x42  Code  Gb  xdnorm.o [4]
__iar_Dscale            0x08001841   0x10c  Code  Gb  xdscale.o [4]
__iar_Locale_lconv_init
                        0x08001d9d    0x3a  Code  Gb  localeconv.o [3]
__iar_Mbcurmax          0x0800133d     0xa  Code  Gb  xmbcurmax.o [3]
__iar_Memchr            0x080012e5          Code  Gb  memchr.o [5]
__iar_Memset            0x08003569          Code  Gb  ABImemset.o [5]
__iar_Memset_word       0x08003571          Code  Gb  ABImemset.o [5]
__iar_Strchr            0x0800128d          Code  Gb  strchr.o [5]
__iar_Strstr            0x08006b8d    0x2c  Code  Gb  strstr.o [3]
__iar_d2uiz             0x08001985          Code  Gb  DblToI32.o [4]
__iar_dadd              0x08001ed1          Code  Gb  DblAdd.o [4]
__iar_data_init3        0x0800a1ed    0x28  Code  Gb  data_init.o [5]
__iar_dlib_perthread_access
                        0x08001fa5     0x2  Code  Gb  xtls.o [3]
__iar_dsub              0x080019e9          Code  Gb  DblSub.o [4]
__iar_dsubStart         0x080019fb          Code  Gb  DblSub.o [4]
__iar_packbits_init3    0x08009c03    0x8e  Code  Gb  packbits_init.o [5]
__iar_program_start     0x0800a405          Code  Gb  cstartup_M.o [5]
__iar_strcmp            0x08006bb9          Code  Gb  strcmp.o [5]
__iar_ui2d              0x080019bd          Code  Gb  I32ToDbl.o [4]
__iar_ui2f              0x080082f1          Code  Gb  I32ToFlt.o [4]
__iar_zero_init3        0x0800126b    0x22  Code  Gb  zero_init3.o [5]
__low_level_init        0x0800a2b7     0x4  Code  Gb  low_level_init.o [3]
__vector_table          0x08000000          Data  Gb  startup_stm32f2xx.o [1]
_call_main              0x0800a2ad          Code  Gb  cmain.o [5]
_exit                   0x0800a2c1          Code  Gb  cexit.o [5]
_main                   0x0800a2b3          Code  Gb  cmain.o [5]
abort                   0x08009c91     0x6  Code  Gb  abort.o [3]
assert_failed           0x08004c6b    0x34  Code  Gb  main.o [1]
console_Init            0x08006b25    0x14  Code  Gb  console.o [1]
console_log             0x08006b39    0x16  Code  Gb  console.o [1]
div                     0x08001e09     0xe  Code  Gb  div.o [3]
exit                    0x0800a2bb     0x4  Code  Gb  exit.o [3]
free                    0x0800148d    0x7a  Code  Gb  xxmemxfree.o [3]
gear_decrease           0x08005971    0x16  Code  Gb  gear.o [1]
gear_down               0x080059a5    0x1e  Code  Gb  gear.o [1]
gear_increase           0x08005941    0x30  Code  Gb  gear.o [1]
gear_isMoving           0x080059e3     0x6  Code  Gb  gear.o [1]
gear_moving             0x2000455a     0x1  Data  Gb  gear.o [1]
gear_stop               0x080059c5    0x1e  Code  Gb  gear.o [1]
gear_up                 0x08005987    0x1e  Code  Gb  gear.o [1]
heapSTRUCT_SIZE         0x080015fa     0x2  Data  Lc  heap_2.o [1]
localeconv              0x08001dd7    0x16  Code  Gb  localeconv.o [3]
main                    0x08004bab    0xc0  Code  Gb  main.o [1]
malloc                  0x08001349    0xac  Code  Gb  xxmemxmalloc.o [3]
memchr                  0x080012e5          Code  Gb  memchr.o [5]
memcpy                  0x08003de1    0x16  Code  Gb  queue.o [1]
memset                  0x08002e15    0x16  Code  Gb  tasks.o [1]
pcInterruptPriorityRegisters
                        0x0800a48c     0x4  Data  Lc  port.o [1]
prvAddCurrentTaskToDelayedList
                        0x08002c09    0x7e  Code  Lc  tasks.o [1]
prvAddNewTaskToReadyList
                        0x080020fb    0xc0  Code  Lc  tasks.o [1]
prvCheckForValidListAndQueue
                        0x080034c3    0x4c  Code  Lc  timers.o [1]
prvCheckTasksWaitingTermination
                        0x0800296f    0x6a  Code  Lc  tasks.o [1]
prvCopyDataFromQueue    0x08003c89    0x2c  Code  Lc  queue.o [1]
prvCopyDataToQueue      0x08003bfb    0x8e  Code  Lc  queue.o [1]
prvDeleteTCB            0x080029d9    0x12  Code  Lc  tasks.o [1]
prvGetNextExpireTime    0x08003283    0x32  Code  Lc  timers.o [1]
prvHeapInit             0x08002dcf    0x2e  Code  Lc  heap_2.o [1]
prvIdleTask             0x080028dd    0x26  Code  Lc  tasks.o [1]
prvInitialiseNewQueue   0x08003745    0x36  Code  Lc  queue.o [1]
prvInitialiseNewTask    0x08002027    0xd4  Code  Lc  tasks.o [1]
prvInitialiseTaskLists  0x08002915    0x5a  Code  Lc  tasks.o [1]
prvInsertTimerInActiveList
                        0x080032e1    0x50  Code  Lc  timers.o [1]
prvIsQueueEmpty         0x08003d23    0x20  Code  Lc  queue.o [1]
prvIsQueueFull          0x08003d43    0x22  Code  Lc  queue.o [1]
prvProcessExpiredTimer  0x08003195    0x5c  Code  Lc  timers.o [1]
prvProcessReceivedCommands
                        0x08003331   0x102  Code  Lc  timers.o [1]
prvProcessTimerOrBlockTask
                        0x0800320b    0x78  Code  Lc  timers.o [1]
prvResetNextTaskUnblockTime
                        0x080029eb    0x2a  Code  Lc  tasks.o [1]
prvSampleTimeNow        0x080032b5    0x2c  Code  Lc  timers.o [1]
prvSwitchTimerLists     0x08003433    0x90  Code  Lc  timers.o [1]
prvTaskExitError        0x08002ee9    0x2a  Code  Lc  port.o [1]
prvTestWaitCondition    0x08004fe7    0x24  Code  Lc  event_groups.o [1]
prvTimerTask            0x080031f1    0x1a  Code  Lc  timers.o [1]
prvUnlockQueue          0x08003cb5    0x6e  Code  Lc  queue.o [1]
pvPortMalloc            0x08002cc9    0xc2  Code  Gb  heap_2.o [1]
pvTaskIncrementMutexHeldCount
                        0x08002bc1    0x1e  Code  Gb  tasks.o [1]
pxCurrentTCB            0x200044f4     0x4  Data  Gb  tasks.o [1]
pxCurrentTimerList      0x2000453c     0x4  Data  Lc  timers.o [1]
pxDelayedTaskList       0x200044f8     0x4  Data  Lc  tasks.o [1]
pxOverflowDelayedTaskList
                        0x200044fc     0x4  Data  Lc  tasks.o [1]
pxOverflowTimerList     0x20004540     0x4  Data  Lc  timers.o [1]
pxPortInitialiseStack   0x08002ec9    0x20  Code  Gb  port.o [1]
pxReadyTasksLists       0x2000408c   0x12c  Data  Lc  tasks.o [1]
scale                   0x08000ba5    0x46  Code  Lc  xprintffull.o [3]
setSysTick_Delay_Timer  0x08006bfd     0xa  Code  Gb  stm32f2xx_it.o [1]
sprintf                 0x08006b59    0x34  Code  Gb  sprintf.o [3]
str                     0x20003f60   0x12c  Data  Gb  main.o [1]
strchr                  0x0800128d          Code  Gb  strchr.o [5]
strcmp                  0x08006bb9          Code  Gb  strcmp.o [5]
strlen                  0x080012ad          Code  Gb  strlen.o [5]
strstr                  0x080057a3    0x10  Code  Gb  main.o [1]
timer_init              0x08006559    0xde  Code  Gb  timer.o [1]
ucHeap                  0x20000180  0x3c00  Data  Lc  heap_2.o [1]
ucMaxSysCallPriority    0x2000455c     0x1  Data  Lc  port.o [1]
ulMaxPRIGROUPValue      0x200044e0     0x4  Data  Lc  port.o [1]
uxCriticalNesting       0x20000174     0x4  Data  Lc  port.o [1]
uxCurrentNumberOfTasks  0x20004504     0x4  Data  Lc  tasks.o [1]
uxDeletedTasksWaitingCleanUp
                        0x20004500     0x4  Data  Lc  tasks.o [1]
uxListRemove            0x08002ea1    0x28  Code  Gb  list.o [1]
uxPendedTicks           0x20004514     0x4  Data  Lc  tasks.o [1]
uxSchedulerSuspended    0x2000452c     0x4  Data  Lc  tasks.o [1]
uxTaskNumber            0x20004520     0x4  Data  Lc  tasks.o [1]
uxTaskResetEventItemValue
                        0x08002ba1    0x20  Code  Gb  tasks.o [1]
uxTopReadyPriority      0x2000450c     0x4  Data  Lc  tasks.o [1]
vEventGroupSetBitsCallback
                        0x08004fd5    0x10  Code  Gb  event_groups.o [1]
vListInitialise         0x08002e2b    0x1e  Code  Gb  list.o [1]
vListInitialiseItem     0x08002e49     0x6  Code  Gb  list.o [1]
vListInsert             0x08002e67    0x3a  Code  Gb  list.o [1]
vListInsertEnd          0x08002e4f    0x18  Code  Gb  list.o [1]
vPortEnterCritical      0x08002f9b    0x3a  Code  Gb  port.o [1]
vPortExitCritical       0x08002fd5    0x32  Code  Gb  port.o [1]
vPortFree               0x08002d8b    0x44  Code  Gb  heap_2.o [1]
vPortSVCHandler         0x08003617          Code  Gb  portasm.o [1]
vPortSetupTimerInterrupt
                        0x0800302f    0x1a  Code  Wk  port.o [1]
vPortStartFirstTask     0x08003637          Code  Gb  portasm.o [1]
vPortValidateInterruptPriority
                        0x08003049    0x4e  Code  Gb  port.o [1]
vQueueAddToRegistry     0x08003d65    0x28  Code  Gb  queue.o [1]
vQueueWaitForMessageRestricted
                        0x08003d95    0x4c  Code  Gb  queue.o [1]
vTaskDelay              0x080021bb    0x4e  Code  Gb  tasks.o [1]
vTaskMissedYield        0x080028d3     0xa  Code  Gb  tasks.o [1]
vTaskPlaceOnEventList   0x0800260d    0x34  Code  Gb  tasks.o [1]
vTaskPlaceOnEventListRestricted
                        0x0800269b    0x40  Code  Gb  tasks.o [1]
vTaskPlaceOnUnorderedEventList
                        0x08002641    0x5a  Code  Gb  tasks.o [1]
vTaskPriorityInherit    0x08002a3b    0xac  Code  Gb  tasks.o [1]
vTaskSetTimeOutState    0x0800281d    0x26  Code  Gb  tasks.o [1]
vTaskStartScheduler     0x080022e3    0x72  Code  Gb  tasks.o [1]
vTaskSuspend            0x08002209    0xda  Code  Gb  tasks.o [1]
vTaskSuspendAll         0x08002355    0x10  Code  Gb  tasks.o [1]
vTaskSwitchContext      0x0800259d    0x70  Code  Gb  tasks.o [1]
xActiveTimerList1       0x2000442c    0x14  Data  Lc  timers.o [1]
xActiveTimerList2       0x20004440    0x14  Data  Lc  timers.o [1]
xDelayedTaskList1       0x200043c8    0x14  Data  Lc  tasks.o [1]
xDelayedTaskList2       0x200043dc    0x14  Data  Lc  tasks.o [1]
xEnd                    0x20004468     0x8  Data  Lc  heap_2.o [1]
xEventGroupClearBits    0x08004e93    0x48  Code  Gb  event_groups.o [1]
xEventGroupCreate       0x08004d31    0x1c  Code  Gb  event_groups.o [1]
xEventGroupGetBitsFromISR
                        0x08004edb    0x20  Code  Gb  event_groups.o [1]
xEventGroupSetBits      0x08004efb    0xda  Code  Gb  event_groups.o [1]
xEventGroupSetBitsFromISR
                        0x0800500b    0x1a  Code  Gb  event_groups.o [1]
xEventGroupWaitBits     0x08004d4d   0x146  Code  Gb  event_groups.o [1]
xFreeBytesRemaining     0x2000016c     0x4  Data  Lc  heap_2.o [1]
xIdleTaskHandle         0x20004528     0x4  Data  Lc  tasks.o [1]
xNextTaskUnblockTime    0x20004524     0x4  Data  Lc  tasks.o [1]
xNumOfOverflows         0x2000451c     0x4  Data  Lc  tasks.o [1]
xPendingReadyList       0x200043f0    0x14  Data  Lc  tasks.o [1]
xPortPendSVHandler      0x080035d1          Code  Gb  portasm.o [1]
xPortStartScheduler     0x08002f13    0x88  Code  Gb  port.o [1]
xPortSysTickHandler     0x08003007    0x28  Code  Gb  port.o [1]
xQueueGenericCreate     0x080036ed    0x58  Code  Gb  queue.o [1]
xQueueGenericReceive    0x08003a1d   0x1de  Code  Gb  queue.o [1]
xQueueGenericReset      0x08003659    0x94  Code  Gb  queue.o [1]
xQueueGenericSend       0x0800377b   0x1b4  Code  Gb  queue.o [1]
xQueueGenericSendFromISR
                        0x0800392f    0xee  Code  Gb  queue.o [1]
xQueueRegistry          0x20004304    0x40  Data  Gb  queue.o [1]
xSchedulerRunning       0x20004510     0x4  Data  Lc  tasks.o [1]
xStart                  0x20004460     0x8  Data  Lc  heap_2.o [1]
xSuspendedTaskList      0x20004418    0x14  Data  Lc  tasks.o [1]
xTaskCheckForTimeOut    0x08002849    0x8a  Code  Gb  tasks.o [1]
xTaskCreate             0x08001fa9    0x7e  Code  Gb  tasks.o [1]
xTaskGetSchedulerState  0x08002a15    0x26  Code  Gb  tasks.o [1]
xTaskGetTickCount       0x08002467     0xa  Code  Gb  tasks.o [1]
xTaskIncrementTick      0x08002471   0x12c  Code  Gb  tasks.o [1]
xTaskPriorityDisinherit
                        0x08002ae7    0xba  Code  Gb  tasks.o [1]
xTaskRemoveFromEventList
                        0x080026f1    0x8c  Code  Gb  tasks.o [1]
xTaskRemoveFromUnorderedEventList
                        0x08002781    0x9a  Code  Gb  tasks.o [1]
xTaskResumeAll          0x08002365   0x102  Code  Gb  tasks.o [1]
xTasksWaitingTermination
                        0x20004404    0x14  Data  Lc  tasks.o [1]
xTickCount              0x20004508     0x4  Data  Lc  tasks.o [1]
xTimerCreateTimerTask   0x080030c5    0x48  Code  Gb  timers.o [1]
xTimerGenericCommand    0x0800310d    0x88  Code  Gb  timers.o [1]
xTimerPendFunctionCallFromISR
                        0x0800350f    0x30  Code  Gb  timers.o [1]
xTimerQueue             0x20004544     0x4  Data  Lc  timers.o [1]
xTimerTaskHandle        0x20004548     0x4  Data  Lc  timers.o [1]
xYieldPending           0x20004518     0x4  Data  Lc  tasks.o [1]


[1] = C:\Users\jeanphil.rey\Documents\JP\Perso\F3000\F3000git\V2\FW\Project\IARARM\Debug\Obj
[2] = command line
[3] = dl7M_tlf.a
[4] = m7M_tl.a
[5] = rt7M_tl.a
[6] = shb_l.a

  40 652 bytes of readonly  code memory
   1 967 bytes of readonly  data memory
  19 290 bytes of readwrite data memory

Errors: none
Warnings: none
